=== config ===
# BIOS v2_biodim0_seed42_600ep_2026-09-28 — PAAD
cancer_type:      PAAD
cluster_number:   2
head_type:        linear
bio_dim:          0
n_anchors:        40
bio_anchor_file:  /gpfs/research/fangroup/ug25b/BIOS/BIOS_v2/PAAD/anchors/bio_anchors_PAAD_gsva_H40.csv
epochs:           600
lambda_bio:       0.1
batch_size:       64
seed:             42
model_path:       /gpfs/research/fangroup/ug25b/BIOS/BIOS_v2/PAAD/results/subtyping_results/BIOS/v2_biodim0_seed42_600ep_2026-09-28/checkpoint
=== train: Mon Sep 28 01:01:55 EDT 2026 ===
[config] loaded /gpfs/research/fangroup/ug25b/BIOS/BIOS_v2/PAAD/configs/BIOS_v2_biodim0_seed42_600ep_2026-09-28.yaml
[config]   cancer_type: PAAD
[config]   cluster_number: 2
[config]   head_type: linear
[config]   bio_dim: 0
[config]   n_anchors: 40
[config]   bio_anchor_file: /gpfs/research/fangroup/ug25b/BIOS/BIOS_v2/PAAD/anchors/bio_anchors_PAAD_gsva_H40.csv
[config]   epochs: 600
[config]   lambda_bio: 0.1
[config]   batch_size: 64
[config]   seed: 42
[config]   model_path: /gpfs/research/fangroup/ug25b/BIOS/BIOS_v2/PAAD/results/subtyping_results/BIOS/v2_biodim0_seed42_600ep_2026-09-28/checkpoint
Head type    : linear
Cancer       : PAAD | bio_dim: 0 | lambda_bio: 0.1
Bio anchor   : /gpfs/research/fangroup/ug25b/BIOS/BIOS_v2/PAAD/anchors/bio_anchors_PAAD_gsva_H40.csv
Cluster num  : 2
Epochs       : 600
[dataloader] Loaded bio-anchors from /gpfs/research/fangroup/ug25b/BIOS/BIOS_v2/PAAD/anchors/bio_anchors_PAAD_gsva_H40.csv: torch.Size([176, 40])
Device       : cpu
Model params : 73,946,186
Epoch [0/600] Step [0/3] Loss: 6.0581 Bio: 1.1937 GateEnt: nan GateDiv: nan
Epoch [0/600] Total Loss: 17.8105
Epoch [1/600] Step [0/3] Loss: 6.0371 Bio: 1.0234 GateEnt: nan GateDiv: nan
Epoch [1/600] Total Loss: 17.8077
Epoch [2/600] Step [0/3] Loss: 6.0324 Bio: 0.9674 GateEnt: nan GateDiv: nan
Epoch [2/600] Total Loss: 17.8041
Epoch [3/600] Step [0/3] Loss: 6.0191 Bio: 0.9206 GateEnt: nan GateDiv: nan
Epoch [3/600] Total Loss: 17.7219
Epoch [4/600] Step [0/3] Loss: 5.8628 Bio: 0.8410 GateEnt: nan GateDiv: nan
Epoch [4/600] Total Loss: 17.6332
Epoch [5/600] Step [0/3] Loss: 6.0254 Bio: 0.9129 GateEnt: nan GateDiv: nan
Epoch [5/600] Total Loss: 17.8046
Epoch [6/600] Step [0/3] Loss: 6.0189 Bio: 0.8428 GateEnt: nan GateDiv: nan
Epoch [6/600] Total Loss: 17.8070
Epoch [7/600] Step [0/3] Loss: 6.0658 Bio: 1.3059 GateEnt: nan GateDiv: nan
Epoch [7/600] Total Loss: 17.7985
Epoch [8/600] Step [0/3] Loss: 6.0369 Bio: 1.0034 GateEnt: nan GateDiv: nan
Epoch [8/600] Total Loss: 17.8071
Epoch [9/600] Step [0/3] Loss: 6.0371 Bio: 1.0129 GateEnt: nan GateDiv: nan
Epoch [9/600] Total Loss: 17.8039
Epoch [10/600] Step [0/3] Loss: 6.0276 Bio: 0.9180 GateEnt: nan GateDiv: nan
Epoch [10/600] Total Loss: 17.8154
Epoch [11/600] Step [0/3] Loss: 6.0265 Bio: 0.8805 GateEnt: nan GateDiv: nan
Epoch [11/600] Total Loss: 17.8162
Epoch [12/600] Step [0/3] Loss: 6.0402 Bio: 1.0328 GateEnt: nan GateDiv: nan
Epoch [12/600] Total Loss: 17.8144
Epoch [13/600] Step [0/3] Loss: 6.0447 Bio: 1.1023 GateEnt: nan GateDiv: nan
Epoch [13/600] Total Loss: 17.8139
Epoch [14/600] Step [0/3] Loss: 6.0314 Bio: 0.9524 GateEnt: nan GateDiv: nan
Epoch [14/600] Total Loss: 17.8017
Epoch [15/600] Step [0/3] Loss: 6.0276 Bio: 0.9300 GateEnt: nan GateDiv: nan
Epoch [15/600] Total Loss: 17.8079
Epoch [16/600] Step [0/3] Loss: 6.0251 Bio: 0.9060 GateEnt: nan GateDiv: nan
Epoch [16/600] Total Loss: 17.8008
Epoch [17/600] Step [0/3] Loss: 6.0501 Bio: 1.1750 GateEnt: nan GateDiv: nan
Epoch [17/600] Total Loss: 17.7930
Epoch [18/600] Step [0/3] Loss: 6.0390 Bio: 1.0737 GateEnt: nan GateDiv: nan
Epoch [18/600] Total Loss: 17.7922
Epoch [19/600] Step [0/3] Loss: 6.0460 Bio: 1.1844 GateEnt: nan GateDiv: nan
Epoch [19/600] Total Loss: 17.7557
Epoch [20/600] Step [0/3] Loss: 5.9568 Bio: 0.7466 GateEnt: nan GateDiv: nan
Epoch [20/600] Total Loss: 17.4565
Epoch [21/600] Step [0/3] Loss: 5.7038 Bio: 0.9666 GateEnt: nan GateDiv: nan
Epoch [21/600] Total Loss: 16.4845
Epoch [22/600] Step [0/3] Loss: 5.6617 Bio: 0.8513 GateEnt: nan GateDiv: nan
Epoch [22/600] Total Loss: 16.3340
Epoch [23/600] Step [0/3] Loss: 5.3689 Bio: 1.0069 GateEnt: nan GateDiv: nan
Epoch [23/600] Total Loss: 15.5283
Epoch [24/600] Step [0/3] Loss: 5.2067 Bio: 1.0425 GateEnt: nan GateDiv: nan
Epoch [24/600] Total Loss: 15.3422
Epoch [25/600] Step [0/3] Loss: 5.1355 Bio: 0.9859 GateEnt: nan GateDiv: nan
Epoch [25/600] Total Loss: 15.8023
Epoch [26/600] Step [0/3] Loss: 5.2328 Bio: 0.9819 GateEnt: nan GateDiv: nan
Epoch [26/600] Total Loss: 15.5469
Epoch [27/600] Step [0/3] Loss: 5.2533 Bio: 0.9295 GateEnt: nan GateDiv: nan
Epoch [27/600] Total Loss: 15.5200
Epoch [28/600] Step [0/3] Loss: 5.2225 Bio: 0.8085 GateEnt: nan GateDiv: nan
Epoch [28/600] Total Loss: 15.1447
Epoch [29/600] Step [0/3] Loss: 5.2530 Bio: 1.0409 GateEnt: nan GateDiv: nan
Epoch [29/600] Total Loss: 15.4232
Epoch [30/600] Step [0/3] Loss: 5.0526 Bio: 1.0305 GateEnt: nan GateDiv: nan
Epoch [30/600] Total Loss: 15.0643
Epoch [31/600] Step [0/3] Loss: 5.0959 Bio: 1.1404 GateEnt: nan GateDiv: nan
Epoch [31/600] Total Loss: 15.0813
Epoch [32/600] Step [0/3] Loss: 5.1528 Bio: 1.0395 GateEnt: nan GateDiv: nan
Epoch [32/600] Total Loss: 15.4362
Epoch [33/600] Step [0/3] Loss: 5.2911 Bio: 0.7806 GateEnt: nan GateDiv: nan
Epoch [33/600] Total Loss: 15.2398
Epoch [34/600] Step [0/3] Loss: 5.3044 Bio: 1.0742 GateEnt: nan GateDiv: nan
Epoch [34/600] Total Loss: 15.3529
Epoch [35/600] Step [0/3] Loss: 5.0956 Bio: 1.1175 GateEnt: nan GateDiv: nan
Epoch [35/600] Total Loss: 15.4453
Epoch [36/600] Step [0/3] Loss: 5.4729 Bio: 1.2738 GateEnt: nan GateDiv: nan
Epoch [36/600] Total Loss: 15.3429
Epoch [37/600] Step [0/3] Loss: 5.0831 Bio: 1.2130 GateEnt: nan GateDiv: nan
Epoch [37/600] Total Loss: 14.6627
Epoch [38/600] Step [0/3] Loss: 5.2713 Bio: 0.8423 GateEnt: nan GateDiv: nan
Epoch [38/600] Total Loss: 15.4007
Epoch [39/600] Step [0/3] Loss: 5.1564 Bio: 0.7110 GateEnt: nan GateDiv: nan
Epoch [39/600] Total Loss: 14.9309
Epoch [40/600] Step [0/3] Loss: 5.0463 Bio: 0.7630 GateEnt: nan GateDiv: nan
Epoch [40/600] Total Loss: 14.7688
Epoch [41/600] Step [0/3] Loss: 5.1890 Bio: 0.7840 GateEnt: nan GateDiv: nan
Epoch [41/600] Total Loss: 14.7996
Epoch [42/600] Step [0/3] Loss: 4.9776 Bio: 0.9488 GateEnt: nan GateDiv: nan
Epoch [42/600] Total Loss: 15.1369
Epoch [43/600] Step [0/3] Loss: 5.0568 Bio: 1.0636 GateEnt: nan GateDiv: nan
Epoch [43/600] Total Loss: 14.8446
Epoch [44/600] Step [0/3] Loss: 4.9668 Bio: 0.9537 GateEnt: nan GateDiv: nan
Epoch [44/600] Total Loss: 14.7357
Epoch [45/600] Step [0/3] Loss: 5.0936 Bio: 1.0506 GateEnt: nan GateDiv: nan
Epoch [45/600] Total Loss: 14.8602
Epoch [46/600] Step [0/3] Loss: 4.9704 Bio: 1.0474 GateEnt: nan GateDiv: nan
Epoch [46/600] Total Loss: 14.7830
Epoch [47/600] Step [0/3] Loss: 5.0608 Bio: 1.0795 GateEnt: nan GateDiv: nan
Epoch [47/600] Total Loss: 14.8605
Epoch [48/600] Step [0/3] Loss: 5.1065 Bio: 1.1384 GateEnt: nan GateDiv: nan
Epoch [48/600] Total Loss: 14.7865
Epoch [49/600] Step [0/3] Loss: 5.0633 Bio: 0.7726 GateEnt: nan GateDiv: nan
Epoch [49/600] Total Loss: 14.8873
Epoch [50/600] Step [0/3] Loss: 5.1405 Bio: 1.2253 GateEnt: nan GateDiv: nan
Epoch [50/600] Total Loss: 15.2274
Epoch [51/600] Step [0/3] Loss: 4.8937 Bio: 1.0046 GateEnt: nan GateDiv: nan
Epoch [51/600] Total Loss: 14.6531
Epoch [52/600] Step [0/3] Loss: 5.4738 Bio: 0.9540 GateEnt: nan GateDiv: nan
Epoch [52/600] Total Loss: 15.4040
Epoch [53/600] Step [0/3] Loss: 5.0674 Bio: 0.8439 GateEnt: nan GateDiv: nan
Epoch [53/600] Total Loss: 14.8645
Epoch [54/600] Step [0/3] Loss: 4.9702 Bio: 0.9840 GateEnt: nan GateDiv: nan
Epoch [54/600] Total Loss: 14.7568
Epoch [55/600] Step [0/3] Loss: 5.1091 Bio: 1.2709 GateEnt: nan GateDiv: nan
Epoch [55/600] Total Loss: 14.7359
Epoch [56/600] Step [0/3] Loss: 5.0310 Bio: 1.3745 GateEnt: nan GateDiv: nan
Epoch [56/600] Total Loss: 14.6731
Epoch [57/600] Step [0/3] Loss: 5.1530 Bio: 1.2267 GateEnt: nan GateDiv: nan
Epoch [57/600] Total Loss: 14.7785
Epoch [58/600] Step [0/3] Loss: 4.9180 Bio: 0.8712 GateEnt: nan GateDiv: nan
Epoch [58/600] Total Loss: 14.6598
Epoch [59/600] Step [0/3] Loss: 4.8671 Bio: 1.2790 GateEnt: nan GateDiv: nan
Epoch [59/600] Total Loss: 14.5414
Epoch [60/600] Step [0/3] Loss: 5.0465 Bio: 0.9276 GateEnt: nan GateDiv: nan
Epoch [60/600] Total Loss: 14.6724
Epoch [61/600] Step [0/3] Loss: 4.8846 Bio: 1.2077 GateEnt: nan GateDiv: nan
Epoch [61/600] Total Loss: 14.5841
Epoch [62/600] Step [0/3] Loss: 5.0145 Bio: 0.9644 GateEnt: nan GateDiv: nan
Epoch [62/600] Total Loss: 14.5533
Epoch [63/600] Step [0/3] Loss: 5.0330 Bio: 1.0996 GateEnt: nan GateDiv: nan
Epoch [63/600] Total Loss: 14.6672
Epoch [64/600] Step [0/3] Loss: 5.1281 Bio: 1.1148 GateEnt: nan GateDiv: nan
Epoch [64/600] Total Loss: 14.9155
Epoch [65/600] Step [0/3] Loss: 4.9718 Bio: 1.0879 GateEnt: nan GateDiv: nan
Epoch [65/600] Total Loss: 14.8084
Epoch [66/600] Step [0/3] Loss: 4.8916 Bio: 1.0051 GateEnt: nan GateDiv: nan
Epoch [66/600] Total Loss: 14.4523
Epoch [67/600] Step [0/3] Loss: 4.7306 Bio: 1.2044 GateEnt: nan GateDiv: nan
Epoch [67/600] Total Loss: 14.4257
Epoch [68/600] Step [0/3] Loss: 5.1788 Bio: 0.9898 GateEnt: nan GateDiv: nan
Epoch [68/600] Total Loss: 14.7531
Epoch [69/600] Step [0/3] Loss: 4.8203 Bio: 1.0276 GateEnt: nan GateDiv: nan
Epoch [69/600] Total Loss: 14.2638
Epoch [70/600] Step [0/3] Loss: 4.8159 Bio: 1.0472 GateEnt: nan GateDiv: nan
Epoch [70/600] Total Loss: 14.6570
Epoch [71/600] Step [0/3] Loss: 4.9938 Bio: 0.8353 GateEnt: nan GateDiv: nan
Epoch [71/600] Total Loss: 14.5079
Epoch [72/600] Step [0/3] Loss: 4.7880 Bio: 0.9327 GateEnt: nan GateDiv: nan
Epoch [72/600] Total Loss: 14.1284
Epoch [73/600] Step [0/3] Loss: 4.9609 Bio: 0.8433 GateEnt: nan GateDiv: nan
Epoch [73/600] Total Loss: 14.6665
Epoch [74/600] Step [0/3] Loss: 4.8001 Bio: 0.8589 GateEnt: nan GateDiv: nan
Epoch [74/600] Total Loss: 14.2982
Epoch [75/600] Step [0/3] Loss: 4.8627 Bio: 1.0753 GateEnt: nan GateDiv: nan
Epoch [75/600] Total Loss: 14.4396
Epoch [76/600] Step [0/3] Loss: 5.0207 Bio: 1.0595 GateEnt: nan GateDiv: nan
Epoch [76/600] Total Loss: 14.6064
Epoch [77/600] Step [0/3] Loss: 5.0965 Bio: 0.9538 GateEnt: nan GateDiv: nan
Epoch [77/600] Total Loss: 14.5716
Epoch [78/600] Step [0/3] Loss: 4.9420 Bio: 0.8917 GateEnt: nan GateDiv: nan
Epoch [78/600] Total Loss: 14.3256
Epoch [79/600] Step [0/3] Loss: 4.9771 Bio: 0.7794 GateEnt: nan GateDiv: nan
Epoch [79/600] Total Loss: 14.5017
Epoch [80/600] Step [0/3] Loss: 4.9185 Bio: 1.0754 GateEnt: nan GateDiv: nan
Epoch [80/600] Total Loss: 14.4862
Epoch [81/600] Step [0/3] Loss: 4.9753 Bio: 1.0832 GateEnt: nan GateDiv: nan
Epoch [81/600] Total Loss: 14.5666
Epoch [82/600] Step [0/3] Loss: 4.9369 Bio: 1.2397 GateEnt: nan GateDiv: nan
Epoch [82/600] Total Loss: 14.4426
Epoch [83/600] Step [0/3] Loss: 4.9728 Bio: 0.8058 GateEnt: nan GateDiv: nan
Epoch [83/600] Total Loss: 14.5225
Epoch [84/600] Step [0/3] Loss: 4.9655 Bio: 1.0768 GateEnt: nan GateDiv: nan
Epoch [84/600] Total Loss: 14.6038
Epoch [85/600] Step [0/3] Loss: 4.8777 Bio: 0.8381 GateEnt: nan GateDiv: nan
Epoch [85/600] Total Loss: 14.5767
Epoch [86/600] Step [0/3] Loss: 4.8355 Bio: 0.8004 GateEnt: nan GateDiv: nan
Epoch [86/600] Total Loss: 14.3303
Epoch [87/600] Step [0/3] Loss: 5.0273 Bio: 1.1274 GateEnt: nan GateDiv: nan
Epoch [87/600] Total Loss: 14.6703
Epoch [88/600] Step [0/3] Loss: 4.8817 Bio: 0.9888 GateEnt: nan GateDiv: nan
Epoch [88/600] Total Loss: 14.4683
Epoch [89/600] Step [0/3] Loss: 4.8664 Bio: 0.7944 GateEnt: nan GateDiv: nan
Epoch [89/600] Total Loss: 14.4927
Epoch [90/600] Step [0/3] Loss: 4.7588 Bio: 0.9015 GateEnt: nan GateDiv: nan
Epoch [90/600] Total Loss: 14.3812
Epoch [91/600] Step [0/3] Loss: 4.8221 Bio: 0.8997 GateEnt: nan GateDiv: nan
Epoch [91/600] Total Loss: 14.5958
Epoch [92/600] Step [0/3] Loss: 4.8455 Bio: 1.1774 GateEnt: nan GateDiv: nan
Epoch [92/600] Total Loss: 14.3254
Epoch [93/600] Step [0/3] Loss: 4.9225 Bio: 0.9050 GateEnt: nan GateDiv: nan
Epoch [93/600] Total Loss: 14.2741
Epoch [94/600] Step [0/3] Loss: 4.9063 Bio: 0.9947 GateEnt: nan GateDiv: nan
Epoch [94/600] Total Loss: 14.2296
Epoch [95/600] Step [0/3] Loss: 4.7588 Bio: 1.0965 GateEnt: nan GateDiv: nan
Epoch [95/600] Total Loss: 14.0943
Epoch [96/600] Step [0/3] Loss: 4.8182 Bio: 0.8171 GateEnt: nan GateDiv: nan
Epoch [96/600] Total Loss: 14.4323
Epoch [97/600] Step [0/3] Loss: 5.0432 Bio: 0.7752 GateEnt: nan GateDiv: nan
Epoch [97/600] Total Loss: 14.7002
Epoch [98/600] Step [0/3] Loss: 4.9739 Bio: 1.1449 GateEnt: nan GateDiv: nan
Epoch [98/600] Total Loss: 14.3843
Epoch [99/600] Step [0/3] Loss: 4.7821 Bio: 1.2016 GateEnt: nan GateDiv: nan
Epoch [99/600] Total Loss: 14.6914
Epoch [100/600] Step [0/3] Loss: 4.9816 Bio: 1.0270 GateEnt: nan GateDiv: nan
Epoch [100/600] Total Loss: 14.3723
Epoch [101/600] Step [0/3] Loss: 4.9115 Bio: 1.0628 GateEnt: nan GateDiv: nan
Epoch [101/600] Total Loss: 14.4311
Epoch [102/600] Step [0/3] Loss: 4.8356 Bio: 0.9621 GateEnt: nan GateDiv: nan
Epoch [102/600] Total Loss: 14.3637
Epoch [103/600] Step [0/3] Loss: 4.8660 Bio: 0.8585 GateEnt: nan GateDiv: nan
Epoch [103/600] Total Loss: 14.4953
Epoch [104/600] Step [0/3] Loss: 5.0650 Bio: 0.9919 GateEnt: nan GateDiv: nan
Epoch [104/600] Total Loss: 14.6008
Epoch [105/600] Step [0/3] Loss: 4.7567 Bio: 0.7419 GateEnt: nan GateDiv: nan
Epoch [105/600] Total Loss: 14.2566
Epoch [106/600] Step [0/3] Loss: 4.7759 Bio: 0.8494 GateEnt: nan GateDiv: nan
Epoch [106/600] Total Loss: 14.6332
Epoch [107/600] Step [0/3] Loss: 4.8976 Bio: 0.8721 GateEnt: nan GateDiv: nan
Epoch [107/600] Total Loss: 14.4402
Epoch [108/600] Step [0/3] Loss: 4.8788 Bio: 0.9259 GateEnt: nan GateDiv: nan
Epoch [108/600] Total Loss: 14.4760
Epoch [109/600] Step [0/3] Loss: 4.8622 Bio: 0.9642 GateEnt: nan GateDiv: nan
Epoch [109/600] Total Loss: 14.0806
Epoch [110/600] Step [0/3] Loss: 4.8447 Bio: 1.1661 GateEnt: nan GateDiv: nan
Epoch [110/600] Total Loss: 14.4582
Epoch [111/600] Step [0/3] Loss: 5.1333 Bio: 0.8651 GateEnt: nan GateDiv: nan
Epoch [111/600] Total Loss: 14.5224
Epoch [112/600] Step [0/3] Loss: 4.7565 Bio: 0.8672 GateEnt: nan GateDiv: nan
Epoch [112/600] Total Loss: 14.3076
Epoch [113/600] Step [0/3] Loss: 4.8843 Bio: 0.8989 GateEnt: nan GateDiv: nan
Epoch [113/600] Total Loss: 14.3494
Epoch [114/600] Step [0/3] Loss: 4.8454 Bio: 0.8348 GateEnt: nan GateDiv: nan
Epoch [114/600] Total Loss: 14.2114
Epoch [115/600] Step [0/3] Loss: 4.8912 Bio: 0.9925 GateEnt: nan GateDiv: nan
Epoch [115/600] Total Loss: 14.3798
Epoch [116/600] Step [0/3] Loss: 4.9143 Bio: 0.9050 GateEnt: nan GateDiv: nan
Epoch [116/600] Total Loss: 14.3671
Epoch [117/600] Step [0/3] Loss: 4.8405 Bio: 0.8721 GateEnt: nan GateDiv: nan
Epoch [117/600] Total Loss: 14.4469
Epoch [118/600] Step [0/3] Loss: 5.0542 Bio: 0.9897 GateEnt: nan GateDiv: nan
Epoch [118/600] Total Loss: 14.7207
Epoch [119/600] Step [0/3] Loss: 4.8245 Bio: 1.0291 GateEnt: nan GateDiv: nan
Epoch [119/600] Total Loss: 14.4019
Epoch [120/600] Step [0/3] Loss: 4.8294 Bio: 0.9673 GateEnt: nan GateDiv: nan
Epoch [120/600] Total Loss: 14.1314
Epoch [121/600] Step [0/3] Loss: 4.8909 Bio: 0.9581 GateEnt: nan GateDiv: nan
Epoch [121/600] Total Loss: 14.3397
Epoch [122/600] Step [0/3] Loss: 4.7607 Bio: 0.9540 GateEnt: nan GateDiv: nan
Epoch [122/600] Total Loss: 14.0298
Epoch [123/600] Step [0/3] Loss: 4.7125 Bio: 0.8656 GateEnt: nan GateDiv: nan
Epoch [123/600] Total Loss: 14.3687
Epoch [124/600] Step [0/3] Loss: 4.9032 Bio: 1.1841 GateEnt: nan GateDiv: nan
Epoch [124/600] Total Loss: 14.2360
Epoch [125/600] Step [0/3] Loss: 4.8727 Bio: 0.8517 GateEnt: nan GateDiv: nan
Epoch [125/600] Total Loss: 14.2537
Epoch [126/600] Step [0/3] Loss: 4.9245 Bio: 1.0979 GateEnt: nan GateDiv: nan
Epoch [126/600] Total Loss: 14.3287
Epoch [127/600] Step [0/3] Loss: 4.7046 Bio: 0.8041 GateEnt: nan GateDiv: nan
Epoch [127/600] Total Loss: 14.1784
Epoch [128/600] Step [0/3] Loss: 5.0552 Bio: 0.8350 GateEnt: nan GateDiv: nan
Epoch [128/600] Total Loss: 14.4597
Epoch [129/600] Step [0/3] Loss: 4.9135 Bio: 0.9629 GateEnt: nan GateDiv: nan
Epoch [129/600] Total Loss: 14.6127
Epoch [130/600] Step [0/3] Loss: 4.9413 Bio: 0.9854 GateEnt: nan GateDiv: nan
Epoch [130/600] Total Loss: 14.3722
Epoch [131/600] Step [0/3] Loss: 4.7460 Bio: 1.0110 GateEnt: nan GateDiv: nan
Epoch [131/600] Total Loss: 14.2939
Epoch [132/600] Step [0/3] Loss: 4.8228 Bio: 0.7015 GateEnt: nan GateDiv: nan
Epoch [132/600] Total Loss: 14.4081
Epoch [133/600] Step [0/3] Loss: 4.7996 Bio: 0.8890 GateEnt: nan GateDiv: nan
Epoch [133/600] Total Loss: 14.4877
Epoch [134/600] Step [0/3] Loss: 4.8381 Bio: 0.7751 GateEnt: nan GateDiv: nan
Epoch [134/600] Total Loss: 14.2209
Epoch [135/600] Step [0/3] Loss: 4.9475 Bio: 0.9384 GateEnt: nan GateDiv: nan
Epoch [135/600] Total Loss: 14.3619
Epoch [136/600] Step [0/3] Loss: 5.0037 Bio: 1.1775 GateEnt: nan GateDiv: nan
Epoch [136/600] Total Loss: 14.4482
Epoch [137/600] Step [0/3] Loss: 4.8708 Bio: 1.2293 GateEnt: nan GateDiv: nan
Epoch [137/600] Total Loss: 14.3737
Epoch [138/600] Step [0/3] Loss: 4.7944 Bio: 1.0434 GateEnt: nan GateDiv: nan
Epoch [138/600] Total Loss: 14.4089
Epoch [139/600] Step [0/3] Loss: 4.8087 Bio: 0.7151 GateEnt: nan GateDiv: nan
Epoch [139/600] Total Loss: 14.3777
Epoch [140/600] Step [0/3] Loss: 4.7197 Bio: 0.9514 GateEnt: nan GateDiv: nan
Epoch [140/600] Total Loss: 14.1399
Epoch [141/600] Step [0/3] Loss: 4.9320 Bio: 1.2630 GateEnt: nan GateDiv: nan
Epoch [141/600] Total Loss: 14.4289
Epoch [142/600] Step [0/3] Loss: 4.9092 Bio: 0.9656 GateEnt: nan GateDiv: nan
Epoch [142/600] Total Loss: 14.6041
Epoch [143/600] Step [0/3] Loss: 4.9396 Bio: 1.0076 GateEnt: nan GateDiv: nan
Epoch [143/600] Total Loss: 14.8971
Epoch [144/600] Step [0/3] Loss: 5.0068 Bio: 0.7487 GateEnt: nan GateDiv: nan
Epoch [144/600] Total Loss: 14.4441
Epoch [145/600] Step [0/3] Loss: 4.9074 Bio: 0.8595 GateEnt: nan GateDiv: nan
Epoch [145/600] Total Loss: 14.2847
Epoch [146/600] Step [0/3] Loss: 4.6772 Bio: 0.9996 GateEnt: nan GateDiv: nan
Epoch [146/600] Total Loss: 13.8128
Epoch [147/600] Step [0/3] Loss: 4.8372 Bio: 0.9480 GateEnt: nan GateDiv: nan
Epoch [147/600] Total Loss: 14.3018
Epoch [148/600] Step [0/3] Loss: 4.6996 Bio: 1.0236 GateEnt: nan GateDiv: nan
Epoch [148/600] Total Loss: 14.1017
Epoch [149/600] Step [0/3] Loss: 4.9234 Bio: 0.8540 GateEnt: nan GateDiv: nan
Epoch [149/600] Total Loss: 14.3537
Epoch [150/600] Step [0/3] Loss: 4.8385 Bio: 1.1237 GateEnt: nan GateDiv: nan
Epoch [150/600] Total Loss: 14.1184
Epoch [151/600] Step [0/3] Loss: 4.7601 Bio: 0.7824 GateEnt: nan GateDiv: nan
Epoch [151/600] Total Loss: 14.1430
Epoch [152/600] Step [0/3] Loss: 4.8834 Bio: 1.1790 GateEnt: nan GateDiv: nan
Epoch [152/600] Total Loss: 14.1466
Epoch [153/600] Step [0/3] Loss: 4.7774 Bio: 0.9378 GateEnt: nan GateDiv: nan
Epoch [153/600] Total Loss: 14.3025
Epoch [154/600] Step [0/3] Loss: 4.8632 Bio: 0.9478 GateEnt: nan GateDiv: nan
Epoch [154/600] Total Loss: 14.3609
Epoch [155/600] Step [0/3] Loss: 4.6663 Bio: 0.8941 GateEnt: nan GateDiv: nan
Epoch [155/600] Total Loss: 13.8863
Epoch [156/600] Step [0/3] Loss: 4.9573 Bio: 0.9867 GateEnt: nan GateDiv: nan
Epoch [156/600] Total Loss: 14.2329
Epoch [157/600] Step [0/3] Loss: 4.8778 Bio: 1.2393 GateEnt: nan GateDiv: nan
Epoch [157/600] Total Loss: 14.1122
Epoch [158/600] Step [0/3] Loss: 4.9436 Bio: 1.1952 GateEnt: nan GateDiv: nan
Epoch [158/600] Total Loss: 14.1486
Epoch [159/600] Step [0/3] Loss: 4.8249 Bio: 1.1064 GateEnt: nan GateDiv: nan
Epoch [159/600] Total Loss: 14.0908
Epoch [160/600] Step [0/3] Loss: 4.9063 Bio: 1.1059 GateEnt: nan GateDiv: nan
Epoch [160/600] Total Loss: 14.2567
Epoch [161/600] Step [0/3] Loss: 4.7971 Bio: 1.1327 GateEnt: nan GateDiv: nan
Epoch [161/600] Total Loss: 14.3533
Epoch [162/600] Step [0/3] Loss: 4.7117 Bio: 0.9198 GateEnt: nan GateDiv: nan
Epoch [162/600] Total Loss: 14.1089
Epoch [163/600] Step [0/3] Loss: 4.7690 Bio: 0.8934 GateEnt: nan GateDiv: nan
Epoch [163/600] Total Loss: 13.8955
Epoch [164/600] Step [0/3] Loss: 4.8412 Bio: 0.8585 GateEnt: nan GateDiv: nan
Epoch [164/600] Total Loss: 14.0304
Epoch [165/600] Step [0/3] Loss: 4.8289 Bio: 1.0804 GateEnt: nan GateDiv: nan
Epoch [165/600] Total Loss: 14.4161
Epoch [166/600] Step [0/3] Loss: 4.8404 Bio: 0.8351 GateEnt: nan GateDiv: nan
Epoch [166/600] Total Loss: 14.1044
Epoch [167/600] Step [0/3] Loss: 4.8718 Bio: 0.9868 GateEnt: nan GateDiv: nan
Epoch [167/600] Total Loss: 14.1180
Epoch [168/600] Step [0/3] Loss: 4.7142 Bio: 1.1918 GateEnt: nan GateDiv: nan
Epoch [168/600] Total Loss: 13.9816
Epoch [169/600] Step [0/3] Loss: 4.7648 Bio: 1.2174 GateEnt: nan GateDiv: nan
Epoch [169/600] Total Loss: 14.2181
Epoch [170/600] Step [0/3] Loss: 4.6516 Bio: 1.1623 GateEnt: nan GateDiv: nan
Epoch [170/600] Total Loss: 14.0082
Epoch [171/600] Step [0/3] Loss: 4.8729 Bio: 1.0836 GateEnt: nan GateDiv: nan
Epoch [171/600] Total Loss: 13.9689
Epoch [172/600] Step [0/3] Loss: 4.7615 Bio: 1.3408 GateEnt: nan GateDiv: nan
Epoch [172/600] Total Loss: 14.4487
Epoch [173/600] Step [0/3] Loss: 5.0120 Bio: 1.1662 GateEnt: nan GateDiv: nan
Epoch [173/600] Total Loss: 14.2407
Epoch [174/600] Step [0/3] Loss: 4.6640 Bio: 0.9205 GateEnt: nan GateDiv: nan
Epoch [174/600] Total Loss: 14.0588
Epoch [175/600] Step [0/3] Loss: 4.7003 Bio: 1.0407 GateEnt: nan GateDiv: nan
Epoch [175/600] Total Loss: 14.0051
Epoch [176/600] Step [0/3] Loss: 4.6960 Bio: 0.9221 GateEnt: nan GateDiv: nan
Epoch [176/600] Total Loss: 13.8955
Epoch [177/600] Step [0/3] Loss: 4.7612 Bio: 0.9054 GateEnt: nan GateDiv: nan
Epoch [177/600] Total Loss: 14.5190
Epoch [178/600] Step [0/3] Loss: 4.9246 Bio: 0.9832 GateEnt: nan GateDiv: nan
Epoch [178/600] Total Loss: 14.1997
Epoch [179/600] Step [0/3] Loss: 4.8220 Bio: 1.1253 GateEnt: nan GateDiv: nan
Epoch [179/600] Total Loss: 14.1825
Epoch [180/600] Step [0/3] Loss: 4.8491 Bio: 1.1402 GateEnt: nan GateDiv: nan
Epoch [180/600] Total Loss: 14.2340
Epoch [181/600] Step [0/3] Loss: 4.8646 Bio: 1.0003 GateEnt: nan GateDiv: nan
Epoch [181/600] Total Loss: 14.2042
Epoch [182/600] Step [0/3] Loss: 4.8259 Bio: 0.9254 GateEnt: nan GateDiv: nan
Epoch [182/600] Total Loss: 14.1904
Epoch [183/600] Step [0/3] Loss: 4.7680 Bio: 0.8114 GateEnt: nan GateDiv: nan
Epoch [183/600] Total Loss: 14.2481
Epoch [184/600] Step [0/3] Loss: 4.8792 Bio: 0.9554 GateEnt: nan GateDiv: nan
Epoch [184/600] Total Loss: 14.3807
Epoch [185/600] Step [0/3] Loss: 4.9568 Bio: 0.8718 GateEnt: nan GateDiv: nan
Epoch [185/600] Total Loss: 14.2546
Epoch [186/600] Step [0/3] Loss: 4.8281 Bio: 0.9468 GateEnt: nan GateDiv: nan
Epoch [186/600] Total Loss: 14.2866
Epoch [187/600] Step [0/3] Loss: 4.7194 Bio: 0.9831 GateEnt: nan GateDiv: nan
Epoch [187/600] Total Loss: 14.2289
Epoch [188/600] Step [0/3] Loss: 4.8511 Bio: 1.1703 GateEnt: nan GateDiv: nan
Epoch [188/600] Total Loss: 14.1758
Epoch [189/600] Step [0/3] Loss: 4.8017 Bio: 0.7524 GateEnt: nan GateDiv: nan
Epoch [189/600] Total Loss: 14.1919
Epoch [190/600] Step [0/3] Loss: 4.6283 Bio: 0.8467 GateEnt: nan GateDiv: nan
Epoch [190/600] Total Loss: 14.0801
Epoch [191/600] Step [0/3] Loss: 4.8598 Bio: 0.9558 GateEnt: nan GateDiv: nan
Epoch [191/600] Total Loss: 14.0333
Epoch [192/600] Step [0/3] Loss: 4.7994 Bio: 1.1601 GateEnt: nan GateDiv: nan
Epoch [192/600] Total Loss: 14.0959
Epoch [193/600] Step [0/3] Loss: 4.7665 Bio: 0.9416 GateEnt: nan GateDiv: nan
Epoch [193/600] Total Loss: 14.0654
Epoch [194/600] Step [0/3] Loss: 4.7138 Bio: 0.8258 GateEnt: nan GateDiv: nan
Epoch [194/600] Total Loss: 14.2164
Epoch [195/600] Step [0/3] Loss: 4.6596 Bio: 0.5964 GateEnt: nan GateDiv: nan
Epoch [195/600] Total Loss: 14.0462
Epoch [196/600] Step [0/3] Loss: 4.6632 Bio: 1.1741 GateEnt: nan GateDiv: nan
Epoch [196/600] Total Loss: 14.0521
Epoch [197/600] Step [0/3] Loss: 4.6604 Bio: 1.1599 GateEnt: nan GateDiv: nan
Epoch [197/600] Total Loss: 14.1987
Epoch [198/600] Step [0/3] Loss: 4.8328 Bio: 0.8697 GateEnt: nan GateDiv: nan
Epoch [198/600] Total Loss: 14.2870
Epoch [199/600] Step [0/3] Loss: 5.0578 Bio: 0.8824 GateEnt: nan GateDiv: nan
Epoch [199/600] Total Loss: 14.4465
Epoch [200/600] Step [0/3] Loss: 4.7811 Bio: 1.0720 GateEnt: nan GateDiv: nan
Epoch [200/600] Total Loss: 14.0063
Epoch [201/600] Step [0/3] Loss: 4.7704 Bio: 1.1806 GateEnt: nan GateDiv: nan
Epoch [201/600] Total Loss: 14.0111
Epoch [202/600] Step [0/3] Loss: 4.8739 Bio: 0.9358 GateEnt: nan GateDiv: nan
Epoch [202/600] Total Loss: 14.4949
Epoch [203/600] Step [0/3] Loss: 4.9208 Bio: 1.2442 GateEnt: nan GateDiv: nan
Epoch [203/600] Total Loss: 14.5314
Epoch [204/600] Step [0/3] Loss: 4.8055 Bio: 1.0431 GateEnt: nan GateDiv: nan
Epoch [204/600] Total Loss: 14.2015
Epoch [205/600] Step [0/3] Loss: 4.7708 Bio: 0.9443 GateEnt: nan GateDiv: nan
Epoch [205/600] Total Loss: 14.0540
Epoch [206/600] Step [0/3] Loss: 4.6973 Bio: 1.0589 GateEnt: nan GateDiv: nan
Epoch [206/600] Total Loss: 14.0109
Epoch [207/600] Step [0/3] Loss: 4.7904 Bio: 1.0037 GateEnt: nan GateDiv: nan
Epoch [207/600] Total Loss: 14.2844
Epoch [208/600] Step [0/3] Loss: 4.7308 Bio: 1.1885 GateEnt: nan GateDiv: nan
Epoch [208/600] Total Loss: 14.0358
Epoch [209/600] Step [0/3] Loss: 4.7867 Bio: 0.8879 GateEnt: nan GateDiv: nan
Epoch [209/600] Total Loss: 14.3175
Epoch [210/600] Step [0/3] Loss: 4.8375 Bio: 0.9407 GateEnt: nan GateDiv: nan
Epoch [210/600] Total Loss: 14.3685
Epoch [211/600] Step [0/3] Loss: 4.8017 Bio: 0.9386 GateEnt: nan GateDiv: nan
Epoch [211/600] Total Loss: 14.3029
Epoch [212/600] Step [0/3] Loss: 4.6358 Bio: 1.0494 GateEnt: nan GateDiv: nan
Epoch [212/600] Total Loss: 13.9036
Epoch [213/600] Step [0/3] Loss: 4.7785 Bio: 0.8635 GateEnt: nan GateDiv: nan
Epoch [213/600] Total Loss: 13.9991
Epoch [214/600] Step [0/3] Loss: 4.7502 Bio: 1.1112 GateEnt: nan GateDiv: nan
Epoch [214/600] Total Loss: 13.9513
Epoch [215/600] Step [0/3] Loss: 4.9345 Bio: 0.9915 GateEnt: nan GateDiv: nan
Epoch [215/600] Total Loss: 14.1927
Epoch [216/600] Step [0/3] Loss: 4.7450 Bio: 1.0540 GateEnt: nan GateDiv: nan
Epoch [216/600] Total Loss: 13.8745
Epoch [217/600] Step [0/3] Loss: 4.6624 Bio: 0.7502 GateEnt: nan GateDiv: nan
Epoch [217/600] Total Loss: 14.0147
Epoch [218/600] Step [0/3] Loss: 4.7182 Bio: 0.8734 GateEnt: nan GateDiv: nan
Epoch [218/600] Total Loss: 14.3074
Epoch [219/600] Step [0/3] Loss: 4.8071 Bio: 0.9745 GateEnt: nan GateDiv: nan
Epoch [219/600] Total Loss: 14.2976
Epoch [220/600] Step [0/3] Loss: 4.7583 Bio: 1.0016 GateEnt: nan GateDiv: nan
Epoch [220/600] Total Loss: 14.1461
Epoch [221/600] Step [0/3] Loss: 4.8167 Bio: 0.8623 GateEnt: nan GateDiv: nan
Epoch [221/600] Total Loss: 14.1760
Epoch [222/600] Step [0/3] Loss: 4.7923 Bio: 0.9696 GateEnt: nan GateDiv: nan
Epoch [222/600] Total Loss: 14.0044
Epoch [223/600] Step [0/3] Loss: 4.8433 Bio: 1.2353 GateEnt: nan GateDiv: nan
Epoch [223/600] Total Loss: 14.3199
Epoch [224/600] Step [0/3] Loss: 4.6890 Bio: 1.0708 GateEnt: nan GateDiv: nan
Epoch [224/600] Total Loss: 13.8965
Epoch [225/600] Step [0/3] Loss: 4.9639 Bio: 0.6740 GateEnt: nan GateDiv: nan
Epoch [225/600] Total Loss: 14.1818
Epoch [226/600] Step [0/3] Loss: 4.7134 Bio: 1.1004 GateEnt: nan GateDiv: nan
Epoch [226/600] Total Loss: 13.9347
Epoch [227/600] Step [0/3] Loss: 4.9680 Bio: 0.8426 GateEnt: nan GateDiv: nan
Epoch [227/600] Total Loss: 14.1163
Epoch [228/600] Step [0/3] Loss: 4.9256 Bio: 1.1367 GateEnt: nan GateDiv: nan
Epoch [228/600] Total Loss: 14.5827
Epoch [229/600] Step [0/3] Loss: 4.6778 Bio: 0.7774 GateEnt: nan GateDiv: nan
Epoch [229/600] Total Loss: 13.9945
Epoch [230/600] Step [0/3] Loss: 4.7767 Bio: 0.9634 GateEnt: nan GateDiv: nan
Epoch [230/600] Total Loss: 13.9070
Epoch [231/600] Step [0/3] Loss: 4.7311 Bio: 0.8356 GateEnt: nan GateDiv: nan
Epoch [231/600] Total Loss: 14.0360
Epoch [232/600] Step [0/3] Loss: 4.7474 Bio: 1.1501 GateEnt: nan GateDiv: nan
Epoch [232/600] Total Loss: 13.9070
Epoch [233/600] Step [0/3] Loss: 4.7061 Bio: 1.0843 GateEnt: nan GateDiv: nan
Epoch [233/600] Total Loss: 14.0337
Epoch [234/600] Step [0/3] Loss: 4.8233 Bio: 1.1603 GateEnt: nan GateDiv: nan
Epoch [234/600] Total Loss: 14.0863
Epoch [235/600] Step [0/3] Loss: 4.9230 Bio: 1.4053 GateEnt: nan GateDiv: nan
Epoch [235/600] Total Loss: 14.1925
Epoch [236/600] Step [0/3] Loss: 4.8440 Bio: 0.9313 GateEnt: nan GateDiv: nan
Epoch [236/600] Total Loss: 14.0987
Epoch [237/600] Step [0/3] Loss: 4.6625 Bio: 0.8635 GateEnt: nan GateDiv: nan
Epoch [237/600] Total Loss: 14.0812
Epoch [238/600] Step [0/3] Loss: 4.8564 Bio: 0.8434 GateEnt: nan GateDiv: nan
Epoch [238/600] Total Loss: 13.9201
Epoch [239/600] Step [0/3] Loss: 4.8109 Bio: 1.0728 GateEnt: nan GateDiv: nan
Epoch [239/600] Total Loss: 14.1903
Epoch [240/600] Step [0/3] Loss: 4.6438 Bio: 0.8771 GateEnt: nan GateDiv: nan
Epoch [240/600] Total Loss: 14.0030
Epoch [241/600] Step [0/3] Loss: 4.8203 Bio: 1.0821 GateEnt: nan GateDiv: nan
Epoch [241/600] Total Loss: 14.0773
Epoch [242/600] Step [0/3] Loss: 4.7517 Bio: 0.7996 GateEnt: nan GateDiv: nan
Epoch [242/600] Total Loss: 13.9489
Epoch [243/600] Step [0/3] Loss: 4.7092 Bio: 1.1954 GateEnt: nan GateDiv: nan
Epoch [243/600] Total Loss: 13.9371
Epoch [244/600] Step [0/3] Loss: 4.7721 Bio: 1.0479 GateEnt: nan GateDiv: nan
Epoch [244/600] Total Loss: 13.9666
Epoch [245/600] Step [0/3] Loss: 4.8057 Bio: 1.1674 GateEnt: nan GateDiv: nan
Epoch [245/600] Total Loss: 14.3863
Epoch [246/600] Step [0/3] Loss: 4.6747 Bio: 0.9469 GateEnt: nan GateDiv: nan
Epoch [246/600] Total Loss: 13.8978
Epoch [247/600] Step [0/3] Loss: 4.8176 Bio: 1.0919 GateEnt: nan GateDiv: nan
Epoch [247/600] Total Loss: 13.9854
Epoch [248/600] Step [0/3] Loss: 4.7323 Bio: 1.0015 GateEnt: nan GateDiv: nan
Epoch [248/600] Total Loss: 13.9342
Epoch [249/600] Step [0/3] Loss: 4.7433 Bio: 1.0454 GateEnt: nan GateDiv: nan
Epoch [249/600] Total Loss: 13.9212
Epoch [250/600] Step [0/3] Loss: 4.8943 Bio: 0.9377 GateEnt: nan GateDiv: nan
Epoch [250/600] Total Loss: 14.1198
Epoch [251/600] Step [0/3] Loss: 4.7716 Bio: 0.9271 GateEnt: nan GateDiv: nan
Epoch [251/600] Total Loss: 14.1340
Epoch [252/600] Step [0/3] Loss: 4.6140 Bio: 0.8432 GateEnt: nan GateDiv: nan
Epoch [252/600] Total Loss: 13.6786
Epoch [253/600] Step [0/3] Loss: 4.9481 Bio: 1.1138 GateEnt: nan GateDiv: nan
Epoch [253/600] Total Loss: 14.1380
Epoch [254/600] Step [0/3] Loss: 4.7962 Bio: 1.0596 GateEnt: nan GateDiv: nan
Epoch [254/600] Total Loss: 14.4246
Epoch [255/600] Step [0/3] Loss: 4.8006 Bio: 1.3253 GateEnt: nan GateDiv: nan
Epoch [255/600] Total Loss: 14.1862
Epoch [256/600] Step [0/3] Loss: 4.6986 Bio: 1.1010 GateEnt: nan GateDiv: nan
Epoch [256/600] Total Loss: 14.1795
Epoch [257/600] Step [0/3] Loss: 4.6980 Bio: 1.0082 GateEnt: nan GateDiv: nan
Epoch [257/600] Total Loss: 13.8288
Epoch [258/600] Step [0/3] Loss: 4.8871 Bio: 0.7970 GateEnt: nan GateDiv: nan
Epoch [258/600] Total Loss: 14.1009
Epoch [259/600] Step [0/3] Loss: 4.7315 Bio: 1.1972 GateEnt: nan GateDiv: nan
Epoch [259/600] Total Loss: 14.0378
Epoch [260/600] Step [0/3] Loss: 4.9238 Bio: 1.1131 GateEnt: nan GateDiv: nan
Epoch [260/600] Total Loss: 14.1788
Epoch [261/600] Step [0/3] Loss: 4.5891 Bio: 0.9441 GateEnt: nan GateDiv: nan
Epoch [261/600] Total Loss: 13.8315
Epoch [262/600] Step [0/3] Loss: 4.6729 Bio: 1.3041 GateEnt: nan GateDiv: nan
Epoch [262/600] Total Loss: 13.8281
Epoch [263/600] Step [0/3] Loss: 4.9851 Bio: 1.2504 GateEnt: nan GateDiv: nan
Epoch [263/600] Total Loss: 14.1216
Epoch [264/600] Step [0/3] Loss: 4.8518 Bio: 1.0401 GateEnt: nan GateDiv: nan
Epoch [264/600] Total Loss: 14.1364
Epoch [265/600] Step [0/3] Loss: 4.9143 Bio: 0.7236 GateEnt: nan GateDiv: nan
Epoch [265/600] Total Loss: 14.1033
Epoch [266/600] Step [0/3] Loss: 4.8566 Bio: 1.1250 GateEnt: nan GateDiv: nan
Epoch [266/600] Total Loss: 14.0180
Epoch [267/600] Step [0/3] Loss: 4.8690 Bio: 1.1218 GateEnt: nan GateDiv: nan
Epoch [267/600] Total Loss: 13.8698
Epoch [268/600] Step [0/3] Loss: 4.7390 Bio: 1.0805 GateEnt: nan GateDiv: nan
Epoch [268/600] Total Loss: 13.8004
Epoch [269/600] Step [0/3] Loss: 4.7121 Bio: 1.1231 GateEnt: nan GateDiv: nan
Epoch [269/600] Total Loss: 14.0967
Epoch [270/600] Step [0/3] Loss: 5.0428 Bio: 0.7985 GateEnt: nan GateDiv: nan
Epoch [270/600] Total Loss: 14.0656
Epoch [271/600] Step [0/3] Loss: 4.6868 Bio: 1.0946 GateEnt: nan GateDiv: nan
Epoch [271/600] Total Loss: 13.5954
Epoch [272/600] Step [0/3] Loss: 4.8427 Bio: 1.1542 GateEnt: nan GateDiv: nan
Epoch [272/600] Total Loss: 14.1296
Epoch [273/600] Step [0/3] Loss: 4.8990 Bio: 0.8259 GateEnt: nan GateDiv: nan
Epoch [273/600] Total Loss: 13.8799
Epoch [274/600] Step [0/3] Loss: 4.8773 Bio: 1.0224 GateEnt: nan GateDiv: nan
Epoch [274/600] Total Loss: 13.9042
Epoch [275/600] Step [0/3] Loss: 4.6677 Bio: 0.9734 GateEnt: nan GateDiv: nan
Epoch [275/600] Total Loss: 13.6625
Epoch [276/600] Step [0/3] Loss: 4.6228 Bio: 1.0019 GateEnt: nan GateDiv: nan
Epoch [276/600] Total Loss: 13.7920
Epoch [277/600] Step [0/3] Loss: 4.7775 Bio: 1.1008 GateEnt: nan GateDiv: nan
Epoch [277/600] Total Loss: 14.1382
Epoch [278/600] Step [0/3] Loss: 4.6688 Bio: 0.9818 GateEnt: nan GateDiv: nan
Epoch [278/600] Total Loss: 13.8369
Epoch [279/600] Step [0/3] Loss: 4.8177 Bio: 0.8221 GateEnt: nan GateDiv: nan
Epoch [279/600] Total Loss: 13.9518
Epoch [280/600] Step [0/3] Loss: 4.6935 Bio: 1.2018 GateEnt: nan GateDiv: nan
Epoch [280/600] Total Loss: 13.8441
Epoch [281/600] Step [0/3] Loss: 4.9445 Bio: 0.9468 GateEnt: nan GateDiv: nan
Epoch [281/600] Total Loss: 14.1560
Epoch [282/600] Step [0/3] Loss: 4.7837 Bio: 1.0179 GateEnt: nan GateDiv: nan
Epoch [282/600] Total Loss: 14.0097
Epoch [283/600] Step [0/3] Loss: 4.7128 Bio: 1.0660 GateEnt: nan GateDiv: nan
Epoch [283/600] Total Loss: 13.7233
Epoch [284/600] Step [0/3] Loss: 4.7130 Bio: 0.9709 GateEnt: nan GateDiv: nan
Epoch [284/600] Total Loss: 14.0370
Epoch [285/600] Step [0/3] Loss: 4.7009 Bio: 1.0227 GateEnt: nan GateDiv: nan
Epoch [285/600] Total Loss: 13.7071
Epoch [286/600] Step [0/3] Loss: 4.6700 Bio: 0.9542 GateEnt: nan GateDiv: nan
Epoch [286/600] Total Loss: 13.6284
Epoch [287/600] Step [0/3] Loss: 4.6599 Bio: 1.3164 GateEnt: nan GateDiv: nan
Epoch [287/600] Total Loss: 14.1422
Epoch [288/600] Step [0/3] Loss: 4.6794 Bio: 0.8086 GateEnt: nan GateDiv: nan
Epoch [288/600] Total Loss: 14.0956
Epoch [289/600] Step [0/3] Loss: 4.7939 Bio: 1.1476 GateEnt: nan GateDiv: nan
Epoch [289/600] Total Loss: 14.2380
Epoch [290/600] Step [0/3] Loss: 4.7726 Bio: 1.0994 GateEnt: nan GateDiv: nan
Epoch [290/600] Total Loss: 13.9080
Epoch [291/600] Step [0/3] Loss: 5.0556 Bio: 1.2012 GateEnt: nan GateDiv: nan
Epoch [291/600] Total Loss: 14.0066
Epoch [292/600] Step [0/3] Loss: 4.7574 Bio: 0.8288 GateEnt: nan GateDiv: nan
Epoch [292/600] Total Loss: 13.9985
Epoch [293/600] Step [0/3] Loss: 4.7459 Bio: 0.7406 GateEnt: nan GateDiv: nan
Epoch [293/600] Total Loss: 14.0630
Epoch [294/600] Step [0/3] Loss: 4.8022 Bio: 0.8435 GateEnt: nan GateDiv: nan
Epoch [294/600] Total Loss: 13.8724
Epoch [295/600] Step [0/3] Loss: 4.7032 Bio: 0.8758 GateEnt: nan GateDiv: nan
Epoch [295/600] Total Loss: 14.0787
Epoch [296/600] Step [0/3] Loss: 4.8907 Bio: 0.8917 GateEnt: nan GateDiv: nan
Epoch [296/600] Total Loss: 14.3687
Epoch [297/600] Step [0/3] Loss: 4.9350 Bio: 1.0377 GateEnt: nan GateDiv: nan
Epoch [297/600] Total Loss: 14.0824
Epoch [298/600] Step [0/3] Loss: 4.8196 Bio: 1.0385 GateEnt: nan GateDiv: nan
Epoch [298/600] Total Loss: 14.0470
Epoch [299/600] Step [0/3] Loss: 4.8509 Bio: 1.1510 GateEnt: nan GateDiv: nan
Epoch [299/600] Total Loss: 14.1437
Epoch [300/600] Step [0/3] Loss: 4.8828 Bio: 0.9691 GateEnt: nan GateDiv: nan
Epoch [300/600] Total Loss: 14.0974
Epoch [301/600] Step [0/3] Loss: 4.8358 Bio: 0.8720 GateEnt: nan GateDiv: nan
Epoch [301/600] Total Loss: 14.2097
Epoch [302/600] Step [0/3] Loss: 4.7125 Bio: 0.8115 GateEnt: nan GateDiv: nan
Epoch [302/600] Total Loss: 14.0442
Epoch [303/600] Step [0/3] Loss: 4.9470 Bio: 0.8316 GateEnt: nan GateDiv: nan
Epoch [303/600] Total Loss: 13.9663
Epoch [304/600] Step [0/3] Loss: 4.7610 Bio: 1.0675 GateEnt: nan GateDiv: nan
Epoch [304/600] Total Loss: 13.7614
Epoch [305/600] Step [0/3] Loss: 4.7436 Bio: 0.9080 GateEnt: nan GateDiv: nan
Epoch [305/600] Total Loss: 13.9112
Epoch [306/600] Step [0/3] Loss: 4.7001 Bio: 0.8154 GateEnt: nan GateDiv: nan
Epoch [306/600] Total Loss: 13.8590
Epoch [307/600] Step [0/3] Loss: 4.6244 Bio: 0.8728 GateEnt: nan GateDiv: nan
Epoch [307/600] Total Loss: 13.8190
Epoch [308/600] Step [0/3] Loss: 4.6376 Bio: 0.9943 GateEnt: nan GateDiv: nan
Epoch [308/600] Total Loss: 13.8383
Epoch [309/600] Step [0/3] Loss: 4.6708 Bio: 1.0894 GateEnt: nan GateDiv: nan
Epoch [309/600] Total Loss: 13.7775
Epoch [310/600] Step [0/3] Loss: 4.7969 Bio: 0.9270 GateEnt: nan GateDiv: nan
Epoch [310/600] Total Loss: 13.8286
Epoch [311/600] Step [0/3] Loss: 4.9062 Bio: 0.9579 GateEnt: nan GateDiv: nan
Epoch [311/600] Total Loss: 13.9368
Epoch [312/600] Step [0/3] Loss: 4.6330 Bio: 0.9560 GateEnt: nan GateDiv: nan
Epoch [312/600] Total Loss: 13.9870
Epoch [313/600] Step [0/3] Loss: 4.9022 Bio: 0.6305 GateEnt: nan GateDiv: nan
Epoch [313/600] Total Loss: 14.0902
Epoch [314/600] Step [0/3] Loss: 4.6353 Bio: 1.1941 GateEnt: nan GateDiv: nan
Epoch [314/600] Total Loss: 13.7128
Epoch [315/600] Step [0/3] Loss: 4.7845 Bio: 1.0216 GateEnt: nan GateDiv: nan
Epoch [315/600] Total Loss: 14.1237
Epoch [316/600] Step [0/3] Loss: 4.6721 Bio: 1.1674 GateEnt: nan GateDiv: nan
Epoch [316/600] Total Loss: 13.8312
Epoch [317/600] Step [0/3] Loss: 4.7024 Bio: 1.0677 GateEnt: nan GateDiv: nan
Epoch [317/600] Total Loss: 13.8650
Epoch [318/600] Step [0/3] Loss: 5.0374 Bio: 0.9906 GateEnt: nan GateDiv: nan
Epoch [318/600] Total Loss: 14.0397
Epoch [319/600] Step [0/3] Loss: 4.5698 Bio: 1.0768 GateEnt: nan GateDiv: nan
Epoch [319/600] Total Loss: 13.3887
Epoch [320/600] Step [0/3] Loss: 4.7307 Bio: 1.2147 GateEnt: nan GateDiv: nan
Epoch [320/600] Total Loss: 13.5290
Epoch [321/600] Step [0/3] Loss: 4.6712 Bio: 0.8288 GateEnt: nan GateDiv: nan
Epoch [321/600] Total Loss: 13.8183
Epoch [322/600] Step [0/3] Loss: 4.7348 Bio: 0.8810 GateEnt: nan GateDiv: nan
Epoch [322/600] Total Loss: 13.7345
Epoch [323/600] Step [0/3] Loss: 4.6455 Bio: 0.8077 GateEnt: nan GateDiv: nan
Epoch [323/600] Total Loss: 13.7656
Epoch [324/600] Step [0/3] Loss: 4.6397 Bio: 0.8990 GateEnt: nan GateDiv: nan
Epoch [324/600] Total Loss: 13.7453
Epoch [325/600] Step [0/3] Loss: 4.6047 Bio: 0.7923 GateEnt: nan GateDiv: nan
Epoch [325/600] Total Loss: 13.5333
Epoch [326/600] Step [0/3] Loss: 4.7671 Bio: 0.9730 GateEnt: nan GateDiv: nan
Epoch [326/600] Total Loss: 13.8439
Epoch [327/600] Step [0/3] Loss: 4.8494 Bio: 1.1571 GateEnt: nan GateDiv: nan
Epoch [327/600] Total Loss: 14.1962
Epoch [328/600] Step [0/3] Loss: 4.7880 Bio: 1.0848 GateEnt: nan GateDiv: nan
Epoch [328/600] Total Loss: 14.1300
Epoch [329/600] Step [0/3] Loss: 4.7260 Bio: 0.9376 GateEnt: nan GateDiv: nan
Epoch [329/600] Total Loss: 13.7713
Epoch [330/600] Step [0/3] Loss: 4.6458 Bio: 0.9684 GateEnt: nan GateDiv: nan
Epoch [330/600] Total Loss: 13.4931
Epoch [331/600] Step [0/3] Loss: 4.7352 Bio: 0.8657 GateEnt: nan GateDiv: nan
Epoch [331/600] Total Loss: 13.8626
Epoch [332/600] Step [0/3] Loss: 4.7487 Bio: 1.0741 GateEnt: nan GateDiv: nan
Epoch [332/600] Total Loss: 14.2021
Epoch [333/600] Step [0/3] Loss: 4.8622 Bio: 0.6603 GateEnt: nan GateDiv: nan
Epoch [333/600] Total Loss: 13.8357
Epoch [334/600] Step [0/3] Loss: 4.6486 Bio: 0.9563 GateEnt: nan GateDiv: nan
Epoch [334/600] Total Loss: 13.6572
Epoch [335/600] Step [0/3] Loss: 4.7565 Bio: 0.8025 GateEnt: nan GateDiv: nan
Epoch [335/600] Total Loss: 13.7122
Epoch [336/600] Step [0/3] Loss: 4.5515 Bio: 1.1502 GateEnt: nan GateDiv: nan
Epoch [336/600] Total Loss: 13.6411
Epoch [337/600] Step [0/3] Loss: 4.6036 Bio: 1.0401 GateEnt: nan GateDiv: nan
Epoch [337/600] Total Loss: 13.8387
Epoch [338/600] Step [0/3] Loss: 4.6883 Bio: 1.0042 GateEnt: nan GateDiv: nan
Epoch [338/600] Total Loss: 13.6548
Epoch [339/600] Step [0/3] Loss: 4.8125 Bio: 1.1046 GateEnt: nan GateDiv: nan
Epoch [339/600] Total Loss: 13.7443
Epoch [340/600] Step [0/3] Loss: 4.6170 Bio: 0.9596 GateEnt: nan GateDiv: nan
Epoch [340/600] Total Loss: 13.6741
Epoch [341/600] Step [0/3] Loss: 4.6888 Bio: 1.0550 GateEnt: nan GateDiv: nan
Epoch [341/600] Total Loss: 13.6073
Epoch [342/600] Step [0/3] Loss: 4.6299 Bio: 0.7958 GateEnt: nan GateDiv: nan
Epoch [342/600] Total Loss: 13.6612
Epoch [343/600] Step [0/3] Loss: 4.5354 Bio: 1.1089 GateEnt: nan GateDiv: nan
Epoch [343/600] Total Loss: 13.5873
Epoch [344/600] Step [0/3] Loss: 4.7658 Bio: 0.8964 GateEnt: nan GateDiv: nan
Epoch [344/600] Total Loss: 13.5888
Epoch [345/600] Step [0/3] Loss: 4.6878 Bio: 0.9589 GateEnt: nan GateDiv: nan
Epoch [345/600] Total Loss: 13.7597
Epoch [346/600] Step [0/3] Loss: 4.5885 Bio: 0.8685 GateEnt: nan GateDiv: nan
Epoch [346/600] Total Loss: 13.6550
Epoch [347/600] Step [0/3] Loss: 4.5711 Bio: 0.8508 GateEnt: nan GateDiv: nan
Epoch [347/600] Total Loss: 13.4810
Epoch [348/600] Step [0/3] Loss: 4.5753 Bio: 1.0342 GateEnt: nan GateDiv: nan
Epoch [348/600] Total Loss: 13.6333
Epoch [349/600] Step [0/3] Loss: 4.7560 Bio: 1.2031 GateEnt: nan GateDiv: nan
Epoch [349/600] Total Loss: 13.5868
Epoch [350/600] Step [0/3] Loss: 4.7007 Bio: 1.0049 GateEnt: nan GateDiv: nan
Epoch [350/600] Total Loss: 14.1098
Epoch [351/600] Step [0/3] Loss: 4.6560 Bio: 1.0309 GateEnt: nan GateDiv: nan
Epoch [351/600] Total Loss: 13.7552
Epoch [352/600] Step [0/3] Loss: 4.5359 Bio: 1.0612 GateEnt: nan GateDiv: nan
Epoch [352/600] Total Loss: 13.6315
Epoch [353/600] Step [0/3] Loss: 4.5267 Bio: 0.9406 GateEnt: nan GateDiv: nan
Epoch [353/600] Total Loss: 13.5004
Epoch [354/600] Step [0/3] Loss: 4.5991 Bio: 1.1102 GateEnt: nan GateDiv: nan
Epoch [354/600] Total Loss: 13.6000
Epoch [355/600] Step [0/3] Loss: 4.6741 Bio: 1.0131 GateEnt: nan GateDiv: nan
Epoch [355/600] Total Loss: 13.4424
Epoch [356/600] Step [0/3] Loss: 4.5333 Bio: 0.9145 GateEnt: nan GateDiv: nan
Epoch [356/600] Total Loss: 13.6108
Epoch [357/600] Step [0/3] Loss: 4.6263 Bio: 1.0938 GateEnt: nan GateDiv: nan
Epoch [357/600] Total Loss: 13.6302
Epoch [358/600] Step [0/3] Loss: 4.5535 Bio: 1.1574 GateEnt: nan GateDiv: nan
Epoch [358/600] Total Loss: 13.4411
Epoch [359/600] Step [0/3] Loss: 4.7340 Bio: 0.9640 GateEnt: nan GateDiv: nan
Epoch [359/600] Total Loss: 13.6985
Epoch [360/600] Step [0/3] Loss: 4.8279 Bio: 0.9002 GateEnt: nan GateDiv: nan
Epoch [360/600] Total Loss: 13.8611
Epoch [361/600] Step [0/3] Loss: 4.7724 Bio: 0.7434 GateEnt: nan GateDiv: nan
Epoch [361/600] Total Loss: 13.7039
Epoch [362/600] Step [0/3] Loss: 4.6298 Bio: 1.3027 GateEnt: nan GateDiv: nan
Epoch [362/600] Total Loss: 13.8219
Epoch [363/600] Step [0/3] Loss: 4.7564 Bio: 0.7008 GateEnt: nan GateDiv: nan
Epoch [363/600] Total Loss: 13.8404
Epoch [364/600] Step [0/3] Loss: 4.5094 Bio: 1.0504 GateEnt: nan GateDiv: nan
Epoch [364/600] Total Loss: 13.5419
Epoch [365/600] Step [0/3] Loss: 4.7386 Bio: 1.0308 GateEnt: nan GateDiv: nan
Epoch [365/600] Total Loss: 13.8973
Epoch [366/600] Step [0/3] Loss: 4.5406 Bio: 0.9807 GateEnt: nan GateDiv: nan
Epoch [366/600] Total Loss: 13.6511
Epoch [367/600] Step [0/3] Loss: 4.7492 Bio: 0.8457 GateEnt: nan GateDiv: nan
Epoch [367/600] Total Loss: 13.8750
Epoch [368/600] Step [0/3] Loss: 4.5425 Bio: 0.8975 GateEnt: nan GateDiv: nan
Epoch [368/600] Total Loss: 13.4413
Epoch [369/600] Step [0/3] Loss: 4.4784 Bio: 1.2272 GateEnt: nan GateDiv: nan
Epoch [369/600] Total Loss: 13.5258
Epoch [370/600] Step [0/3] Loss: 4.6709 Bio: 1.1270 GateEnt: nan GateDiv: nan
Epoch [370/600] Total Loss: 14.1731
Epoch [371/600] Step [0/3] Loss: 4.8060 Bio: 1.0133 GateEnt: nan GateDiv: nan
Epoch [371/600] Total Loss: 14.1849
Epoch [372/600] Step [0/3] Loss: 4.7383 Bio: 1.1186 GateEnt: nan GateDiv: nan
Epoch [372/600] Total Loss: 13.8456
Epoch [373/600] Step [0/3] Loss: 4.7939 Bio: 0.8448 GateEnt: nan GateDiv: nan
Epoch [373/600] Total Loss: 14.3493
Epoch [374/600] Step [0/3] Loss: 4.6351 Bio: 0.8554 GateEnt: nan GateDiv: nan
Epoch [374/600] Total Loss: 13.7449
Epoch [375/600] Step [0/3] Loss: 4.6244 Bio: 1.0840 GateEnt: nan GateDiv: nan
Epoch [375/600] Total Loss: 13.7692
Epoch [376/600] Step [0/3] Loss: 4.6641 Bio: 1.1364 GateEnt: nan GateDiv: nan
Epoch [376/600] Total Loss: 13.8796
Epoch [377/600] Step [0/3] Loss: 4.6360 Bio: 1.0799 GateEnt: nan GateDiv: nan
Epoch [377/600] Total Loss: 13.7100
Epoch [378/600] Step [0/3] Loss: 4.6713 Bio: 0.8301 GateEnt: nan GateDiv: nan
Epoch [378/600] Total Loss: 13.9749
Epoch [379/600] Step [0/3] Loss: 4.6485 Bio: 0.8706 GateEnt: nan GateDiv: nan
Epoch [379/600] Total Loss: 13.8230
Epoch [380/600] Step [0/3] Loss: 4.6305 Bio: 1.1130 GateEnt: nan GateDiv: nan
Epoch [380/600] Total Loss: 13.6505
Epoch [381/600] Step [0/3] Loss: 4.5390 Bio: 1.1190 GateEnt: nan GateDiv: nan
Epoch [381/600] Total Loss: 13.5974
Epoch [382/600] Step [0/3] Loss: 4.6068 Bio: 0.8114 GateEnt: nan GateDiv: nan
Epoch [382/600] Total Loss: 13.3454
Epoch [383/600] Step [0/3] Loss: 4.6555 Bio: 0.9998 GateEnt: nan GateDiv: nan
Epoch [383/600] Total Loss: 13.5192
Epoch [384/600] Step [0/3] Loss: 4.7176 Bio: 0.7990 GateEnt: nan GateDiv: nan
Epoch [384/600] Total Loss: 13.8023
Epoch [385/600] Step [0/3] Loss: 4.5583 Bio: 1.2652 GateEnt: nan GateDiv: nan
Epoch [385/600] Total Loss: 13.6132
Epoch [386/600] Step [0/3] Loss: 4.7774 Bio: 0.9612 GateEnt: nan GateDiv: nan
Epoch [386/600] Total Loss: 13.6912
Epoch [387/600] Step [0/3] Loss: 4.7025 Bio: 0.7491 GateEnt: nan GateDiv: nan
Epoch [387/600] Total Loss: 13.7148
Epoch [388/600] Step [0/3] Loss: 4.6566 Bio: 1.0521 GateEnt: nan GateDiv: nan
Epoch [388/600] Total Loss: 13.4477
Epoch [389/600] Step [0/3] Loss: 4.7935 Bio: 0.8083 GateEnt: nan GateDiv: nan
Epoch [389/600] Total Loss: 13.7484
Epoch [390/600] Step [0/3] Loss: 4.5446 Bio: 0.9525 GateEnt: nan GateDiv: nan
Epoch [390/600] Total Loss: 13.4746
Epoch [391/600] Step [0/3] Loss: 4.6611 Bio: 0.9876 GateEnt: nan GateDiv: nan
Epoch [391/600] Total Loss: 13.7492
Epoch [392/600] Step [0/3] Loss: 4.6883 Bio: 0.8709 GateEnt: nan GateDiv: nan
Epoch [392/600] Total Loss: 13.7231
Epoch [393/600] Step [0/3] Loss: 4.6992 Bio: 1.1727 GateEnt: nan GateDiv: nan
Epoch [393/600] Total Loss: 13.7226
Epoch [394/600] Step [0/3] Loss: 4.6004 Bio: 1.0338 GateEnt: nan GateDiv: nan
Epoch [394/600] Total Loss: 13.6872
Epoch [395/600] Step [0/3] Loss: 4.7862 Bio: 0.8602 GateEnt: nan GateDiv: nan
Epoch [395/600] Total Loss: 13.7121
Epoch [396/600] Step [0/3] Loss: 4.5104 Bio: 1.0128 GateEnt: nan GateDiv: nan
Epoch [396/600] Total Loss: 13.6466
Epoch [397/600] Step [0/3] Loss: 4.5821 Bio: 1.2500 GateEnt: nan GateDiv: nan
Epoch [397/600] Total Loss: 13.7416
Epoch [398/600] Step [0/3] Loss: 4.7395 Bio: 1.0672 GateEnt: nan GateDiv: nan
Epoch [398/600] Total Loss: 13.7921
Epoch [399/600] Step [0/3] Loss: 4.6524 Bio: 1.0163 GateEnt: nan GateDiv: nan
Epoch [399/600] Total Loss: 13.7437
Epoch [400/600] Step [0/3] Loss: 4.6837 Bio: 1.0372 GateEnt: nan GateDiv: nan
Epoch [400/600] Total Loss: 13.5166
Epoch [401/600] Step [0/3] Loss: 4.5606 Bio: 0.8185 GateEnt: nan GateDiv: nan
Epoch [401/600] Total Loss: 13.5696
Epoch [402/600] Step [0/3] Loss: 4.6998 Bio: 0.9914 GateEnt: nan GateDiv: nan
Epoch [402/600] Total Loss: 13.8047
Epoch [403/600] Step [0/3] Loss: 4.5606 Bio: 0.8570 GateEnt: nan GateDiv: nan
Epoch [403/600] Total Loss: 13.4002
Epoch [404/600] Step [0/3] Loss: 4.5958 Bio: 0.9061 GateEnt: nan GateDiv: nan
Epoch [404/600] Total Loss: 13.6414
Epoch [405/600] Step [0/3] Loss: 4.6695 Bio: 1.1229 GateEnt: nan GateDiv: nan
Epoch [405/600] Total Loss: 13.8686
Epoch [406/600] Step [0/3] Loss: 4.6961 Bio: 1.0276 GateEnt: nan GateDiv: nan
Epoch [406/600] Total Loss: 13.8130
Epoch [407/600] Step [0/3] Loss: 4.8994 Bio: 0.7100 GateEnt: nan GateDiv: nan
Epoch [407/600] Total Loss: 13.9035
Epoch [408/600] Step [0/3] Loss: 4.6408 Bio: 0.9071 GateEnt: nan GateDiv: nan
Epoch [408/600] Total Loss: 13.5873
Epoch [409/600] Step [0/3] Loss: 4.5158 Bio: 1.1000 GateEnt: nan GateDiv: nan
Epoch [409/600] Total Loss: 13.5127
Epoch [410/600] Step [0/3] Loss: 4.7068 Bio: 0.7169 GateEnt: nan GateDiv: nan
Epoch [410/600] Total Loss: 13.6146
Epoch [411/600] Step [0/3] Loss: 4.6702 Bio: 1.0766 GateEnt: nan GateDiv: nan
Epoch [411/600] Total Loss: 13.6925
Epoch [412/600] Step [0/3] Loss: 4.4364 Bio: 1.1146 GateEnt: nan GateDiv: nan
Epoch [412/600] Total Loss: 13.4789
Epoch [413/600] Step [0/3] Loss: 4.8258 Bio: 0.7398 GateEnt: nan GateDiv: nan
Epoch [413/600] Total Loss: 13.9054
Epoch [414/600] Step [0/3] Loss: 4.5200 Bio: 1.0482 GateEnt: nan GateDiv: nan
Epoch [414/600] Total Loss: 13.5769
Epoch [415/600] Step [0/3] Loss: 4.4954 Bio: 1.2168 GateEnt: nan GateDiv: nan
Epoch [415/600] Total Loss: 13.2774
Epoch [416/600] Step [0/3] Loss: 4.6401 Bio: 0.8534 GateEnt: nan GateDiv: nan
Epoch [416/600] Total Loss: 13.5149
Epoch [417/600] Step [0/3] Loss: 4.5877 Bio: 1.0824 GateEnt: nan GateDiv: nan
Epoch [417/600] Total Loss: 13.4164
Epoch [418/600] Step [0/3] Loss: 4.7523 Bio: 0.9380 GateEnt: nan GateDiv: nan
Epoch [418/600] Total Loss: 13.7510
Epoch [419/600] Step [0/3] Loss: 4.5088 Bio: 1.2215 GateEnt: nan GateDiv: nan
Epoch [419/600] Total Loss: 13.5928
Epoch [420/600] Step [0/3] Loss: 4.6047 Bio: 1.1417 GateEnt: nan GateDiv: nan
Epoch [420/600] Total Loss: 13.7974
Epoch [421/600] Step [0/3] Loss: 4.6657 Bio: 0.9072 GateEnt: nan GateDiv: nan
Epoch [421/600] Total Loss: 13.5606
Epoch [422/600] Step [0/3] Loss: 4.7385 Bio: 0.6710 GateEnt: nan GateDiv: nan
Epoch [422/600] Total Loss: 13.5157
Epoch [423/600] Step [0/3] Loss: 4.7035 Bio: 0.8662 GateEnt: nan GateDiv: nan
Epoch [423/600] Total Loss: 13.5006
Epoch [424/600] Step [0/3] Loss: 4.5257 Bio: 1.1924 GateEnt: nan GateDiv: nan
Epoch [424/600] Total Loss: 13.6776
Epoch [425/600] Step [0/3] Loss: 4.7081 Bio: 0.8472 GateEnt: nan GateDiv: nan
Epoch [425/600] Total Loss: 13.6572
Epoch [426/600] Step [0/3] Loss: 4.5943 Bio: 1.2012 GateEnt: nan GateDiv: nan
Epoch [426/600] Total Loss: 13.5114
Epoch [427/600] Step [0/3] Loss: 4.5650 Bio: 1.0348 GateEnt: nan GateDiv: nan
Epoch [427/600] Total Loss: 13.6036
Epoch [428/600] Step [0/3] Loss: 4.7066 Bio: 0.7997 GateEnt: nan GateDiv: nan
Epoch [428/600] Total Loss: 13.6441
Epoch [429/600] Step [0/3] Loss: 4.5195 Bio: 1.0590 GateEnt: nan GateDiv: nan
Epoch [429/600] Total Loss: 13.3122
Epoch [430/600] Step [0/3] Loss: 4.7055 Bio: 0.9551 GateEnt: nan GateDiv: nan
Epoch [430/600] Total Loss: 13.4650
Epoch [431/600] Step [0/3] Loss: 4.6411 Bio: 1.0427 GateEnt: nan GateDiv: nan
Epoch [431/600] Total Loss: 13.4966
Epoch [432/600] Step [0/3] Loss: 4.5280 Bio: 0.9124 GateEnt: nan GateDiv: nan
Epoch [432/600] Total Loss: 13.4220
Epoch [433/600] Step [0/3] Loss: 4.6376 Bio: 0.7819 GateEnt: nan GateDiv: nan
Epoch [433/600] Total Loss: 13.4195
Epoch [434/600] Step [0/3] Loss: 4.7295 Bio: 1.0241 GateEnt: nan GateDiv: nan
Epoch [434/600] Total Loss: 13.6025
Epoch [435/600] Step [0/3] Loss: 4.5628 Bio: 0.9241 GateEnt: nan GateDiv: nan
Epoch [435/600] Total Loss: 13.4362
Epoch [436/600] Step [0/3] Loss: 4.5970 Bio: 0.6807 GateEnt: nan GateDiv: nan
Epoch [436/600] Total Loss: 13.8061
Epoch [437/600] Step [0/3] Loss: 4.7398 Bio: 0.7574 GateEnt: nan GateDiv: nan
Epoch [437/600] Total Loss: 13.5517
Epoch [438/600] Step [0/3] Loss: 4.5285 Bio: 0.6988 GateEnt: nan GateDiv: nan
Epoch [438/600] Total Loss: 13.4311
Epoch [439/600] Step [0/3] Loss: 4.7404 Bio: 0.8324 GateEnt: nan GateDiv: nan
Epoch [439/600] Total Loss: 13.6875
Epoch [440/600] Step [0/3] Loss: 4.6419 Bio: 0.9023 GateEnt: nan GateDiv: nan
Epoch [440/600] Total Loss: 13.4843
Epoch [441/600] Step [0/3] Loss: 4.4979 Bio: 0.9007 GateEnt: nan GateDiv: nan
Epoch [441/600] Total Loss: 13.4487
Epoch [442/600] Step [0/3] Loss: 4.4618 Bio: 0.9451 GateEnt: nan GateDiv: nan
Epoch [442/600] Total Loss: 13.2460
Epoch [443/600] Step [0/3] Loss: 4.5482 Bio: 0.9895 GateEnt: nan GateDiv: nan
Epoch [443/600] Total Loss: 13.3638
Epoch [444/600] Step [0/3] Loss: 4.7176 Bio: 1.0196 GateEnt: nan GateDiv: nan
Epoch [444/600] Total Loss: 13.4682
Epoch [445/600] Step [0/3] Loss: 4.5647 Bio: 0.7290 GateEnt: nan GateDiv: nan
Epoch [445/600] Total Loss: 13.4649
Epoch [446/600] Step [0/3] Loss: 4.6482 Bio: 1.1464 GateEnt: nan GateDiv: nan
Epoch [446/600] Total Loss: 13.4402
Epoch [447/600] Step [0/3] Loss: 4.6550 Bio: 1.0981 GateEnt: nan GateDiv: nan
Epoch [447/600] Total Loss: 13.5342
Epoch [448/600] Step [0/3] Loss: 4.5623 Bio: 1.0206 GateEnt: nan GateDiv: nan
Epoch [448/600] Total Loss: 13.3611
Epoch [449/600] Step [0/3] Loss: 4.5440 Bio: 0.8362 GateEnt: nan GateDiv: nan
Epoch [449/600] Total Loss: 13.3590
Epoch [450/600] Step [0/3] Loss: 4.6275 Bio: 1.0680 GateEnt: nan GateDiv: nan
Epoch [450/600] Total Loss: 13.4969
Epoch [451/600] Step [0/3] Loss: 4.6429 Bio: 1.2054 GateEnt: nan GateDiv: nan
Epoch [451/600] Total Loss: 13.7315
Epoch [452/600] Step [0/3] Loss: 4.5550 Bio: 0.8814 GateEnt: nan GateDiv: nan
Epoch [452/600] Total Loss: 13.6057
Epoch [453/600] Step [0/3] Loss: 4.6318 Bio: 1.0904 GateEnt: nan GateDiv: nan
Epoch [453/600] Total Loss: 13.9114
Epoch [454/600] Step [0/3] Loss: 4.5651 Bio: 1.0804 GateEnt: nan GateDiv: nan
Epoch [454/600] Total Loss: 13.7248
Epoch [455/600] Step [0/3] Loss: 4.6439 Bio: 1.0095 GateEnt: nan GateDiv: nan
Epoch [455/600] Total Loss: 13.6101
Epoch [456/600] Step [0/3] Loss: 4.4378 Bio: 1.0569 GateEnt: nan GateDiv: nan
Epoch [456/600] Total Loss: 13.4174
Epoch [457/600] Step [0/3] Loss: 4.4448 Bio: 1.0641 GateEnt: nan GateDiv: nan
Epoch [457/600] Total Loss: 13.4341
Epoch [458/600] Step [0/3] Loss: 4.7737 Bio: 0.8975 GateEnt: nan GateDiv: nan
Epoch [458/600] Total Loss: 13.6438
Epoch [459/600] Step [0/3] Loss: 4.5704 Bio: 0.7968 GateEnt: nan GateDiv: nan
Epoch [459/600] Total Loss: 13.7037
Epoch [460/600] Step [0/3] Loss: 4.6666 Bio: 0.9345 GateEnt: nan GateDiv: nan
Epoch [460/600] Total Loss: 13.6074
Epoch [461/600] Step [0/3] Loss: 4.4865 Bio: 1.1589 GateEnt: nan GateDiv: nan
Epoch [461/600] Total Loss: 13.4625
Epoch [462/600] Step [0/3] Loss: 4.6486 Bio: 1.2433 GateEnt: nan GateDiv: nan
Epoch [462/600] Total Loss: 13.6937
Epoch [463/600] Step [0/3] Loss: 4.6595 Bio: 0.9638 GateEnt: nan GateDiv: nan
Epoch [463/600] Total Loss: 13.5466
Epoch [464/600] Step [0/3] Loss: 4.6590 Bio: 1.1406 GateEnt: nan GateDiv: nan
Epoch [464/600] Total Loss: 13.4218
Epoch [465/600] Step [0/3] Loss: 4.5209 Bio: 0.9866 GateEnt: nan GateDiv: nan
Epoch [465/600] Total Loss: 13.4532
Epoch [466/600] Step [0/3] Loss: 4.5808 Bio: 0.9437 GateEnt: nan GateDiv: nan
Epoch [466/600] Total Loss: 13.3166
Epoch [467/600] Step [0/3] Loss: 4.6011 Bio: 0.9235 GateEnt: nan GateDiv: nan
Epoch [467/600] Total Loss: 13.4705
Epoch [468/600] Step [0/3] Loss: 4.5638 Bio: 0.9185 GateEnt: nan GateDiv: nan
Epoch [468/600] Total Loss: 13.2716
Epoch [469/600] Step [0/3] Loss: 4.7436 Bio: 1.0959 GateEnt: nan GateDiv: nan
Epoch [469/600] Total Loss: 13.7397
Epoch [470/600] Step [0/3] Loss: 4.4727 Bio: 0.9280 GateEnt: nan GateDiv: nan
Epoch [470/600] Total Loss: 13.2589
Epoch [471/600] Step [0/3] Loss: 4.5414 Bio: 0.9483 GateEnt: nan GateDiv: nan
Epoch [471/600] Total Loss: 13.3419
Epoch [472/600] Step [0/3] Loss: 4.6068 Bio: 0.9684 GateEnt: nan GateDiv: nan
Epoch [472/600] Total Loss: 13.4831
Epoch [473/600] Step [0/3] Loss: 4.6034 Bio: 0.7333 GateEnt: nan GateDiv: nan
Epoch [473/600] Total Loss: 13.5252
Epoch [474/600] Step [0/3] Loss: 4.6102 Bio: 0.7810 GateEnt: nan GateDiv: nan
Epoch [474/600] Total Loss: 13.3723
Epoch [475/600] Step [0/3] Loss: 4.6357 Bio: 0.8587 GateEnt: nan GateDiv: nan
Epoch [475/600] Total Loss: 13.5284
Epoch [476/600] Step [0/3] Loss: 4.5881 Bio: 0.9469 GateEnt: nan GateDiv: nan
Epoch [476/600] Total Loss: 13.3273
Epoch [477/600] Step [0/3] Loss: 4.5673 Bio: 0.7795 GateEnt: nan GateDiv: nan
Epoch [477/600] Total Loss: 13.2244
Epoch [478/600] Step [0/3] Loss: 4.5613 Bio: 0.9260 GateEnt: nan GateDiv: nan
Epoch [478/600] Total Loss: 13.4338
Epoch [479/600] Step [0/3] Loss: 4.5296 Bio: 1.1978 GateEnt: nan GateDiv: nan
Epoch [479/600] Total Loss: 13.5043
Epoch [480/600] Step [0/3] Loss: 4.7066 Bio: 0.9314 GateEnt: nan GateDiv: nan
Epoch [480/600] Total Loss: 13.5780
Epoch [481/600] Step [0/3] Loss: 4.7137 Bio: 1.1047 GateEnt: nan GateDiv: nan
Epoch [481/600] Total Loss: 13.5256
Epoch [482/600] Step [0/3] Loss: 4.5787 Bio: 1.0362 GateEnt: nan GateDiv: nan
Epoch [482/600] Total Loss: 13.4894
Epoch [483/600] Step [0/3] Loss: 4.5534 Bio: 0.9191 GateEnt: nan GateDiv: nan
Epoch [483/600] Total Loss: 13.3461
Epoch [484/600] Step [0/3] Loss: 4.5699 Bio: 0.9007 GateEnt: nan GateDiv: nan
Epoch [484/600] Total Loss: 13.5622
Epoch [485/600] Step [0/3] Loss: 4.6406 Bio: 0.8672 GateEnt: nan GateDiv: nan
Epoch [485/600] Total Loss: 13.4958
Epoch [486/600] Step [0/3] Loss: 4.6035 Bio: 0.9189 GateEnt: nan GateDiv: nan
Epoch [486/600] Total Loss: 13.4364
Epoch [487/600] Step [0/3] Loss: 4.5669 Bio: 1.0392 GateEnt: nan GateDiv: nan
Epoch [487/600] Total Loss: 13.3064
Epoch [488/600] Step [0/3] Loss: 4.6528 Bio: 0.9796 GateEnt: nan GateDiv: nan
Epoch [488/600] Total Loss: 13.6816
Epoch [489/600] Step [0/3] Loss: 4.4770 Bio: 0.8253 GateEnt: nan GateDiv: nan
Epoch [489/600] Total Loss: 13.2058
Epoch [490/600] Step [0/3] Loss: 4.5243 Bio: 0.9759 GateEnt: nan GateDiv: nan
Epoch [490/600] Total Loss: 13.1470
Epoch [491/600] Step [0/3] Loss: 4.4007 Bio: 0.8644 GateEnt: nan GateDiv: nan
Epoch [491/600] Total Loss: 13.3533
Epoch [492/600] Step [0/3] Loss: 4.7801 Bio: 0.8583 GateEnt: nan GateDiv: nan
Epoch [492/600] Total Loss: 13.3681
Epoch [493/600] Step [0/3] Loss: 4.6095 Bio: 0.9664 GateEnt: nan GateDiv: nan
Epoch [493/600] Total Loss: 13.4627
Epoch [494/600] Step [0/3] Loss: 4.4103 Bio: 1.0970 GateEnt: nan GateDiv: nan
Epoch [494/600] Total Loss: 13.1563
Epoch [495/600] Step [0/3] Loss: 4.6035 Bio: 0.9798 GateEnt: nan GateDiv: nan
Epoch [495/600] Total Loss: 13.8483
Epoch [496/600] Step [0/3] Loss: 4.5586 Bio: 1.4012 GateEnt: nan GateDiv: nan
Epoch [496/600] Total Loss: 13.4235
Epoch [497/600] Step [0/3] Loss: 4.5492 Bio: 1.0979 GateEnt: nan GateDiv: nan
Epoch [497/600] Total Loss: 13.7415
Epoch [498/600] Step [0/3] Loss: 4.7378 Bio: 0.9432 GateEnt: nan GateDiv: nan
Epoch [498/600] Total Loss: 13.6944
Epoch [499/600] Step [0/3] Loss: 4.6338 Bio: 0.9434 GateEnt: nan GateDiv: nan
Epoch [499/600] Total Loss: 13.4682
Epoch [500/600] Step [0/3] Loss: 4.5196 Bio: 0.8239 GateEnt: nan GateDiv: nan
Epoch [500/600] Total Loss: 13.2664
Epoch [501/600] Step [0/3] Loss: 4.7786 Bio: 0.6347 GateEnt: nan GateDiv: nan
Epoch [501/600] Total Loss: 13.8016
Epoch [502/600] Step [0/3] Loss: 4.6505 Bio: 0.8973 GateEnt: nan GateDiv: nan
Epoch [502/600] Total Loss: 13.4715
Epoch [503/600] Step [0/3] Loss: 4.6404 Bio: 0.8607 GateEnt: nan GateDiv: nan
Epoch [503/600] Total Loss: 13.6657
Epoch [504/600] Step [0/3] Loss: 4.6782 Bio: 0.8177 GateEnt: nan GateDiv: nan
Epoch [504/600] Total Loss: 13.5105
Epoch [505/600] Step [0/3] Loss: 4.6735 Bio: 0.9889 GateEnt: nan GateDiv: nan
Epoch [505/600] Total Loss: 13.8038
Epoch [506/600] Step [0/3] Loss: 4.5411 Bio: 1.0480 GateEnt: nan GateDiv: nan
Epoch [506/600] Total Loss: 13.6947
Epoch [507/600] Step [0/3] Loss: 4.4764 Bio: 0.8379 GateEnt: nan GateDiv: nan
Epoch [507/600] Total Loss: 13.4191
Epoch [508/600] Step [0/3] Loss: 4.5291 Bio: 1.2774 GateEnt: nan GateDiv: nan
Epoch [508/600] Total Loss: 13.4210
Epoch [509/600] Step [0/3] Loss: 4.6037 Bio: 1.0878 GateEnt: nan GateDiv: nan
Epoch [509/600] Total Loss: 13.4683
Epoch [510/600] Step [0/3] Loss: 4.4905 Bio: 1.2374 GateEnt: nan GateDiv: nan
Epoch [510/600] Total Loss: 13.4192
Epoch [511/600] Step [0/3] Loss: 4.6738 Bio: 0.8185 GateEnt: nan GateDiv: nan
Epoch [511/600] Total Loss: 13.5306
Epoch [512/600] Step [0/3] Loss: 4.6433 Bio: 0.7373 GateEnt: nan GateDiv: nan
Epoch [512/600] Total Loss: 13.2808
Epoch [513/600] Step [0/3] Loss: 4.4740 Bio: 0.8633 GateEnt: nan GateDiv: nan
Epoch [513/600] Total Loss: 13.2614
Epoch [514/600] Step [0/3] Loss: 4.5531 Bio: 0.9474 GateEnt: nan GateDiv: nan
Epoch [514/600] Total Loss: 13.3629
Epoch [515/600] Step [0/3] Loss: 4.4386 Bio: 1.0337 GateEnt: nan GateDiv: nan
Epoch [515/600] Total Loss: 13.3861
Epoch [516/600] Step [0/3] Loss: 4.6049 Bio: 0.8369 GateEnt: nan GateDiv: nan
Epoch [516/600] Total Loss: 13.3991
Epoch [517/600] Step [0/3] Loss: 4.6266 Bio: 0.9594 GateEnt: nan GateDiv: nan
Epoch [517/600] Total Loss: 13.4015
Epoch [518/600] Step [0/3] Loss: 4.3903 Bio: 0.9401 GateEnt: nan GateDiv: nan
Epoch [518/600] Total Loss: 13.1522
Epoch [519/600] Step [0/3] Loss: 4.6346 Bio: 0.7648 GateEnt: nan GateDiv: nan
Epoch [519/600] Total Loss: 13.5775
Epoch [520/600] Step [0/3] Loss: 4.5618 Bio: 0.8881 GateEnt: nan GateDiv: nan
Epoch [520/600] Total Loss: 13.2773
Epoch [521/600] Step [0/3] Loss: 4.6081 Bio: 0.7994 GateEnt: nan GateDiv: nan
Epoch [521/600] Total Loss: 13.4317
Epoch [522/600] Step [0/3] Loss: 4.6402 Bio: 1.0535 GateEnt: nan GateDiv: nan
Epoch [522/600] Total Loss: 13.5950
Epoch [523/600] Step [0/3] Loss: 4.5338 Bio: 0.9033 GateEnt: nan GateDiv: nan
Epoch [523/600] Total Loss: 13.2868
Epoch [524/600] Step [0/3] Loss: 4.6261 Bio: 1.1806 GateEnt: nan GateDiv: nan
Epoch [524/600] Total Loss: 13.2752
Epoch [525/600] Step [0/3] Loss: 4.5383 Bio: 0.9705 GateEnt: nan GateDiv: nan
Epoch [525/600] Total Loss: 13.2851
Epoch [526/600] Step [0/3] Loss: 4.6020 Bio: 0.9725 GateEnt: nan GateDiv: nan
Epoch [526/600] Total Loss: 13.3245
Epoch [527/600] Step [0/3] Loss: 4.6043 Bio: 0.9839 GateEnt: nan GateDiv: nan
Epoch [527/600] Total Loss: 13.4444
Epoch [528/600] Step [0/3] Loss: 4.8128 Bio: 0.7259 GateEnt: nan GateDiv: nan
Epoch [528/600] Total Loss: 13.5133
Epoch [529/600] Step [0/3] Loss: 4.5832 Bio: 0.9651 GateEnt: nan GateDiv: nan
Epoch [529/600] Total Loss: 13.5254
Epoch [530/600] Step [0/3] Loss: 4.4984 Bio: 1.1497 GateEnt: nan GateDiv: nan
Epoch [530/600] Total Loss: 13.1986
Epoch [531/600] Step [0/3] Loss: 4.5388 Bio: 0.9875 GateEnt: nan GateDiv: nan
Epoch [531/600] Total Loss: 13.2129
Epoch [532/600] Step [0/3] Loss: 4.6247 Bio: 0.9957 GateEnt: nan GateDiv: nan
Epoch [532/600] Total Loss: 13.3911
Epoch [533/600] Step [0/3] Loss: 4.4692 Bio: 1.0342 GateEnt: nan GateDiv: nan
Epoch [533/600] Total Loss: 13.4364
Epoch [534/600] Step [0/3] Loss: 4.4698 Bio: 1.0362 GateEnt: nan GateDiv: nan
Epoch [534/600] Total Loss: 13.3344
Epoch [535/600] Step [0/3] Loss: 4.4646 Bio: 0.9074 GateEnt: nan GateDiv: nan
Epoch [535/600] Total Loss: 13.4249
Epoch [536/600] Step [0/3] Loss: 4.5988 Bio: 0.8503 GateEnt: nan GateDiv: nan
Epoch [536/600] Total Loss: 13.3718
Epoch [537/600] Step [0/3] Loss: 4.6411 Bio: 0.8745 GateEnt: nan GateDiv: nan
Epoch [537/600] Total Loss: 13.2914
Epoch [538/600] Step [0/3] Loss: 4.4083 Bio: 1.1979 GateEnt: nan GateDiv: nan
Epoch [538/600] Total Loss: 13.2576
Epoch [539/600] Step [0/3] Loss: 4.4181 Bio: 0.9844 GateEnt: nan GateDiv: nan
Epoch [539/600] Total Loss: 13.1829
Epoch [540/600] Step [0/3] Loss: 4.4744 Bio: 0.8857 GateEnt: nan GateDiv: nan
Epoch [540/600] Total Loss: 13.3594
Epoch [541/600] Step [0/3] Loss: 4.5579 Bio: 1.1085 GateEnt: nan GateDiv: nan
Epoch [541/600] Total Loss: 13.1802
Epoch [542/600] Step [0/3] Loss: 4.6391 Bio: 0.8106 GateEnt: nan GateDiv: nan
Epoch [542/600] Total Loss: 13.2069
Epoch [543/600] Step [0/3] Loss: 4.6095 Bio: 0.8191 GateEnt: nan GateDiv: nan
Epoch [543/600] Total Loss: 13.4155
Epoch [544/600] Step [0/3] Loss: 4.5151 Bio: 1.1090 GateEnt: nan GateDiv: nan
Epoch [544/600] Total Loss: 13.6271
Epoch [545/600] Step [0/3] Loss: 4.7024 Bio: 0.9297 GateEnt: nan GateDiv: nan
Epoch [545/600] Total Loss: 13.3690
Epoch [546/600] Step [0/3] Loss: 4.5946 Bio: 0.9461 GateEnt: nan GateDiv: nan
Epoch [546/600] Total Loss: 13.3955
Epoch [547/600] Step [0/3] Loss: 4.4394 Bio: 0.9130 GateEnt: nan GateDiv: nan
Epoch [547/600] Total Loss: 13.2062
Epoch [548/600] Step [0/3] Loss: 4.4382 Bio: 1.0903 GateEnt: nan GateDiv: nan
Epoch [548/600] Total Loss: 13.3383
Epoch [549/600] Step [0/3] Loss: 4.5808 Bio: 1.0708 GateEnt: nan GateDiv: nan
Epoch [549/600] Total Loss: 13.3510
Epoch [550/600] Step [0/3] Loss: 4.4429 Bio: 1.0665 GateEnt: nan GateDiv: nan
Epoch [550/600] Total Loss: 13.3137
Epoch [551/600] Step [0/3] Loss: 4.6056 Bio: 1.0885 GateEnt: nan GateDiv: nan
Epoch [551/600] Total Loss: 13.4493
Epoch [552/600] Step [0/3] Loss: 4.5824 Bio: 0.7161 GateEnt: nan GateDiv: nan
Epoch [552/600] Total Loss: 13.5241
Epoch [553/600] Step [0/3] Loss: 4.5308 Bio: 0.7911 GateEnt: nan GateDiv: nan
Epoch [553/600] Total Loss: 13.0463
Epoch [554/600] Step [0/3] Loss: 4.5439 Bio: 0.9086 GateEnt: nan GateDiv: nan
Epoch [554/600] Total Loss: 13.1666
Epoch [555/600] Step [0/3] Loss: 4.5195 Bio: 0.9113 GateEnt: nan GateDiv: nan
Epoch [555/600] Total Loss: 13.4442
Epoch [556/600] Step [0/3] Loss: 4.4299 Bio: 1.0868 GateEnt: nan GateDiv: nan
Epoch [556/600] Total Loss: 13.3450
Epoch [557/600] Step [0/3] Loss: 4.6225 Bio: 0.9026 GateEnt: nan GateDiv: nan
Epoch [557/600] Total Loss: 13.2654
Epoch [558/600] Step [0/3] Loss: 4.6167 Bio: 1.1898 GateEnt: nan GateDiv: nan
Epoch [558/600] Total Loss: 13.2502
Epoch [559/600] Step [0/3] Loss: 4.5368 Bio: 1.0231 GateEnt: nan GateDiv: nan
Epoch [559/600] Total Loss: 13.4670
Epoch [560/600] Step [0/3] Loss: 4.5177 Bio: 1.0918 GateEnt: nan GateDiv: nan
Epoch [560/600] Total Loss: 13.2372
Epoch [561/600] Step [0/3] Loss: 4.5678 Bio: 1.0377 GateEnt: nan GateDiv: nan
Epoch [561/600] Total Loss: 13.5682
Epoch [562/600] Step [0/3] Loss: 4.5302 Bio: 1.0477 GateEnt: nan GateDiv: nan
Epoch [562/600] Total Loss: 13.4333
Epoch [563/600] Step [0/3] Loss: 4.5564 Bio: 0.9281 GateEnt: nan GateDiv: nan
Epoch [563/600] Total Loss: 13.4221
Epoch [564/600] Step [0/3] Loss: 4.7312 Bio: 0.8296 GateEnt: nan GateDiv: nan
Epoch [564/600] Total Loss: 13.5300
Epoch [565/600] Step [0/3] Loss: 4.4418 Bio: 1.2459 GateEnt: nan GateDiv: nan
Epoch [565/600] Total Loss: 13.1740
Epoch [566/600] Step [0/3] Loss: 4.4631 Bio: 1.1507 GateEnt: nan GateDiv: nan
Epoch [566/600] Total Loss: 13.2491
Epoch [567/600] Step [0/3] Loss: 4.5919 Bio: 0.8634 GateEnt: nan GateDiv: nan
Epoch [567/600] Total Loss: 13.5119
Epoch [568/600] Step [0/3] Loss: 4.4747 Bio: 1.3776 GateEnt: nan GateDiv: nan
Epoch [568/600] Total Loss: 13.3708
Epoch [569/600] Step [0/3] Loss: 4.5858 Bio: 1.1064 GateEnt: nan GateDiv: nan
Epoch [569/600] Total Loss: 13.1626
Epoch [570/600] Step [0/3] Loss: 4.4698 Bio: 1.3493 GateEnt: nan GateDiv: nan
Epoch [570/600] Total Loss: 13.3660
Epoch [571/600] Step [0/3] Loss: 4.4398 Bio: 0.8923 GateEnt: nan GateDiv: nan
Epoch [571/600] Total Loss: 13.2289
Epoch [572/600] Step [0/3] Loss: 4.5254 Bio: 1.1011 GateEnt: nan GateDiv: nan
Epoch [572/600] Total Loss: 13.2830
Epoch [573/600] Step [0/3] Loss: 4.4764 Bio: 1.1001 GateEnt: nan GateDiv: nan
Epoch [573/600] Total Loss: 13.7311
Epoch [574/600] Step [0/3] Loss: 4.5703 Bio: 0.7063 GateEnt: nan GateDiv: nan
Epoch [574/600] Total Loss: 13.1968
Epoch [575/600] Step [0/3] Loss: 4.4635 Bio: 0.7927 GateEnt: nan GateDiv: nan
Epoch [575/600] Total Loss: 13.4130
Epoch [576/600] Step [0/3] Loss: 4.4843 Bio: 0.7592 GateEnt: nan GateDiv: nan
Epoch [576/600] Total Loss: 12.9543
Epoch [577/600] Step [0/3] Loss: 4.5050 Bio: 1.3096 GateEnt: nan GateDiv: nan
Epoch [577/600] Total Loss: 13.3152
Epoch [578/600] Step [0/3] Loss: 4.4750 Bio: 1.1017 GateEnt: nan GateDiv: nan
Epoch [578/600] Total Loss: 13.1403
Epoch [579/600] Step [0/3] Loss: 4.6194 Bio: 1.0320 GateEnt: nan GateDiv: nan
Epoch [579/600] Total Loss: 13.4716
Epoch [580/600] Step [0/3] Loss: 4.3505 Bio: 1.1976 GateEnt: nan GateDiv: nan
Epoch [580/600] Total Loss: 12.9986
Epoch [581/600] Step [0/3] Loss: 4.4985 Bio: 1.1123 GateEnt: nan GateDiv: nan
Epoch [581/600] Total Loss: 13.4480
Epoch [582/600] Step [0/3] Loss: 4.5197 Bio: 0.8104 GateEnt: nan GateDiv: nan
Epoch [582/600] Total Loss: 13.0401
Epoch [583/600] Step [0/3] Loss: 4.6350 Bio: 1.0676 GateEnt: nan GateDiv: nan
Epoch [583/600] Total Loss: 13.2691
Epoch [584/600] Step [0/3] Loss: 4.4448 Bio: 1.0673 GateEnt: nan GateDiv: nan
Epoch [584/600] Total Loss: 13.2156
Epoch [585/600] Step [0/3] Loss: 4.3715 Bio: 1.1486 GateEnt: nan GateDiv: nan
Epoch [585/600] Total Loss: 13.0971
Epoch [586/600] Step [0/3] Loss: 4.5591 Bio: 0.8016 GateEnt: nan GateDiv: nan
Epoch [586/600] Total Loss: 13.3253
Epoch [587/600] Step [0/3] Loss: 4.4668 Bio: 1.0436 GateEnt: nan GateDiv: nan
Epoch [587/600] Total Loss: 13.2233
Epoch [588/600] Step [0/3] Loss: 4.5519 Bio: 0.8729 GateEnt: nan GateDiv: nan
Epoch [588/600] Total Loss: 13.0755
Epoch [589/600] Step [0/3] Loss: 4.5790 Bio: 0.8431 GateEnt: nan GateDiv: nan
Epoch [589/600] Total Loss: 13.2705
Epoch [590/600] Step [0/3] Loss: 4.4950 Bio: 0.9035 GateEnt: nan GateDiv: nan
Epoch [590/600] Total Loss: 13.2105
Epoch [591/600] Step [0/3] Loss: 4.5617 Bio: 0.8252 GateEnt: nan GateDiv: nan
Epoch [591/600] Total Loss: 13.2460
Epoch [592/600] Step [0/3] Loss: 4.4674 Bio: 0.8089 GateEnt: nan GateDiv: nan
Epoch [592/600] Total Loss: 13.2520
Epoch [593/600] Step [0/3] Loss: 4.5654 Bio: 1.0233 GateEnt: nan GateDiv: nan
Epoch [593/600] Total Loss: 13.2694
Epoch [594/600] Step [0/3] Loss: 4.5305 Bio: 0.9902 GateEnt: nan GateDiv: nan
Epoch [594/600] Total Loss: 13.2485
Epoch [595/600] Step [0/3] Loss: 4.4843 Bio: 0.7530 GateEnt: nan GateDiv: nan
Epoch [595/600] Total Loss: 13.1501
Epoch [596/600] Step [0/3] Loss: 4.5222 Bio: 1.1319 GateEnt: nan GateDiv: nan
Epoch [596/600] Total Loss: 13.2897
Epoch [597/600] Step [0/3] Loss: 4.6093 Bio: 1.0240 GateEnt: nan GateDiv: nan
Epoch [597/600] Total Loss: 13.4096
Epoch [598/600] Step [0/3] Loss: 4.5202 Bio: 0.9296 GateEnt: nan GateDiv: nan
Epoch [598/600] Total Loss: 13.2229
Epoch [599/600] Step [0/3] Loss: 4.6193 Bio: 0.8186 GateEnt: nan GateDiv: nan
Epoch [599/600] Total Loss: 13.4330

=== Loss Summary ===
  Epoch   1: 17.8105
  Epoch 151: 14.1184
  Epoch 301: 14.0974
  Epoch 451: 13.4969
  Epoch 600: 13.4330
  Delta (last 25% = 150 ep): -0.0639
  If delta > -1.0, model has converged
linear training complete.
=== extract clusters: Mon Sep 28 01:50:56 EDT 2026 ===
[dataloader] Loaded bio-anchors from /gpfs/research/fangroup/ug25b/BIOS/BIOS_v2/PAAD/anchors/bio_anchors_PAAD_gsva_H40.csv: torch.Size([176, 40])
saved /gpfs/research/fangroup/ug25b/BIOS/BIOS_v2/PAAD/results/subtyping_results/BIOS/v2_biodim0_seed42_600ep_2026-09-28/clusters.csv  (176 patients, 2 clusters, sizes {0: 68, 1: 108})
=== DONE Mon Sep 28 01:51:01 EDT 2026 ===
