=== config ===
# BIOS v2_biodim0_seed42_600ep_2026-09-28 — BRCA
cancer_type:      BRCA
cluster_number:   5
head_type:        linear
bio_dim:          0
n_anchors:        40
bio_anchor_file:  /gpfs/research/fangroup/ug25b/BIOS/BIOS_v2/BRCA/anchors/bio_anchors_BRCA_gsva_H40.csv
epochs:           600
lambda_bio:       0.1
batch_size:       64
seed:             42
model_path:       /gpfs/research/fangroup/ug25b/BIOS/BIOS_v2/BRCA/results/subtyping_results/BIOS/v2_biodim0_seed42_600ep_2026-09-28/checkpoint
=== train: Mon Sep 28 01:01:55 EDT 2026 ===
[config] loaded /gpfs/research/fangroup/ug25b/BIOS/BIOS_v2/BRCA/configs/BIOS_v2_biodim0_seed42_600ep_2026-09-28.yaml
[config]   cancer_type: BRCA
[config]   cluster_number: 5
[config]   head_type: linear
[config]   bio_dim: 0
[config]   n_anchors: 40
[config]   bio_anchor_file: /gpfs/research/fangroup/ug25b/BIOS/BIOS_v2/BRCA/anchors/bio_anchors_BRCA_gsva_H40.csv
[config]   epochs: 600
[config]   lambda_bio: 0.1
[config]   batch_size: 64
[config]   seed: 42
[config]   model_path: /gpfs/research/fangroup/ug25b/BIOS/BIOS_v2/BRCA/results/subtyping_results/BIOS/v2_biodim0_seed42_600ep_2026-09-28/checkpoint
Head type    : linear
Cancer       : BRCA | bio_dim: 0 | lambda_bio: 0.1
Bio anchor   : /gpfs/research/fangroup/ug25b/BIOS/BIOS_v2/BRCA/anchors/bio_anchors_BRCA_gsva_H40.csv
Cluster num  : 5
Epochs       : 600
[dataloader] Loaded bio-anchors from /gpfs/research/fangroup/ug25b/BIOS/BIOS_v2/BRCA/anchors/bio_anchors_BRCA_gsva_H40.csv: torch.Size([1031, 40])
Device       : cpu
Model params : 73,946,957
Epoch [0/600] Step [0/17] Loss: 7.1198 Bio: 0.8436 GateEnt: nan GateDiv: nan
Epoch [0/600] Total Loss: 118.8002
Epoch [1/600] Step [0/17] Loss: 7.1227 Bio: 0.9127 GateEnt: nan GateDiv: nan
Epoch [1/600] Total Loss: 118.2109
Epoch [2/600] Step [0/17] Loss: 7.0390 Bio: 0.9107 GateEnt: nan GateDiv: nan
Epoch [2/600] Total Loss: 118.6210
Epoch [3/600] Step [0/17] Loss: 7.1311 Bio: 0.9554 GateEnt: nan GateDiv: nan
Epoch [3/600] Total Loss: 118.8135
Epoch [4/600] Step [0/17] Loss: 7.1258 Bio: 0.9153 GateEnt: nan GateDiv: nan
Epoch [4/600] Total Loss: 118.7705
Epoch [5/600] Step [0/17] Loss: 7.1115 Bio: 0.7795 GateEnt: nan GateDiv: nan
Epoch [5/600] Total Loss: 118.8273
Epoch [6/600] Step [0/17] Loss: 7.1228 Bio: 0.8931 GateEnt: nan GateDiv: nan
Epoch [6/600] Total Loss: 118.7881
Epoch [7/600] Step [0/17] Loss: 7.1469 Bio: 1.1355 GateEnt: nan GateDiv: nan
Epoch [7/600] Total Loss: 118.7698
Epoch [8/600] Step [0/17] Loss: 7.1360 Bio: 1.0390 GateEnt: nan GateDiv: nan
Epoch [8/600] Total Loss: 118.8265
Epoch [9/600] Step [0/17] Loss: 7.1202 Bio: 0.8450 GateEnt: nan GateDiv: nan
Epoch [9/600] Total Loss: 118.6585
Epoch [10/600] Step [0/17] Loss: 7.1950 Bio: 0.9405 GateEnt: nan GateDiv: nan
Epoch [10/600] Total Loss: 116.6927
Epoch [11/600] Step [0/17] Loss: 6.6211 Bio: 1.0229 GateEnt: nan GateDiv: nan
Epoch [11/600] Total Loss: 114.1898
Epoch [12/600] Step [0/17] Loss: 7.0833 Bio: 0.8431 GateEnt: nan GateDiv: nan
Epoch [12/600] Total Loss: 113.0687
Epoch [13/600] Step [0/17] Loss: 6.7421 Bio: 0.8660 GateEnt: nan GateDiv: nan
Epoch [13/600] Total Loss: 112.5092
Epoch [14/600] Step [0/17] Loss: 6.8725 Bio: 1.0243 GateEnt: nan GateDiv: nan
Epoch [14/600] Total Loss: 110.9457
Epoch [15/600] Step [0/17] Loss: 6.5899 Bio: 0.9430 GateEnt: nan GateDiv: nan
Epoch [15/600] Total Loss: 111.6568
Epoch [16/600] Step [0/17] Loss: 6.6257 Bio: 0.8219 GateEnt: nan GateDiv: nan
Epoch [16/600] Total Loss: 109.7677
Epoch [17/600] Step [0/17] Loss: 6.8173 Bio: 1.1418 GateEnt: nan GateDiv: nan
Epoch [17/600] Total Loss: 109.3195
Epoch [18/600] Step [0/17] Loss: 6.8804 Bio: 0.8894 GateEnt: nan GateDiv: nan
Epoch [18/600] Total Loss: 108.6434
Epoch [19/600] Step [0/17] Loss: 6.6896 Bio: 0.8804 GateEnt: nan GateDiv: nan
Epoch [19/600] Total Loss: 108.5609
Epoch [20/600] Step [0/17] Loss: 6.4450 Bio: 0.9450 GateEnt: nan GateDiv: nan
Epoch [20/600] Total Loss: 109.8333
Epoch [21/600] Step [0/17] Loss: 6.4648 Bio: 0.9324 GateEnt: nan GateDiv: nan
Epoch [21/600] Total Loss: 107.8390
Epoch [22/600] Step [0/17] Loss: 6.2855 Bio: 0.9415 GateEnt: nan GateDiv: nan
Epoch [22/600] Total Loss: 107.5378
Epoch [23/600] Step [0/17] Loss: 6.5981 Bio: 0.8683 GateEnt: nan GateDiv: nan
Epoch [23/600] Total Loss: 106.3129
Epoch [24/600] Step [0/17] Loss: 6.4209 Bio: 0.8913 GateEnt: nan GateDiv: nan
Epoch [24/600] Total Loss: 107.1753
Epoch [25/600] Step [0/17] Loss: 6.5266 Bio: 0.8966 GateEnt: nan GateDiv: nan
Epoch [25/600] Total Loss: 106.7856
Epoch [26/600] Step [0/17] Loss: 6.4952 Bio: 1.0248 GateEnt: nan GateDiv: nan
Epoch [26/600] Total Loss: 106.7045
Epoch [27/600] Step [0/17] Loss: 6.2918 Bio: 0.9126 GateEnt: nan GateDiv: nan
Epoch [27/600] Total Loss: 105.7652
Epoch [28/600] Step [0/17] Loss: 6.3551 Bio: 0.9290 GateEnt: nan GateDiv: nan
Epoch [28/600] Total Loss: 105.5536
Epoch [29/600] Step [0/17] Loss: 6.2139 Bio: 0.9131 GateEnt: nan GateDiv: nan
Epoch [29/600] Total Loss: 106.1576
Epoch [30/600] Step [0/17] Loss: 6.2532 Bio: 0.8297 GateEnt: nan GateDiv: nan
Epoch [30/600] Total Loss: 105.7686
Epoch [31/600] Step [0/17] Loss: 6.0971 Bio: 0.9180 GateEnt: nan GateDiv: nan
Epoch [31/600] Total Loss: 106.4538
Epoch [32/600] Step [0/17] Loss: 6.5939 Bio: 0.9289 GateEnt: nan GateDiv: nan
Epoch [32/600] Total Loss: 105.4406
Epoch [33/600] Step [0/17] Loss: 6.5034 Bio: 0.9067 GateEnt: nan GateDiv: nan
Epoch [33/600] Total Loss: 106.1146
Epoch [34/600] Step [0/17] Loss: 6.0236 Bio: 1.0929 GateEnt: nan GateDiv: nan
Epoch [34/600] Total Loss: 106.4820
Epoch [35/600] Step [0/17] Loss: 6.4921 Bio: 0.9767 GateEnt: nan GateDiv: nan
Epoch [35/600] Total Loss: 105.0374
Epoch [36/600] Step [0/17] Loss: 6.2987 Bio: 0.8569 GateEnt: nan GateDiv: nan
Epoch [36/600] Total Loss: 105.7648
Epoch [37/600] Step [0/17] Loss: 6.4646 Bio: 0.9202 GateEnt: nan GateDiv: nan
Epoch [37/600] Total Loss: 105.3977
Epoch [38/600] Step [0/17] Loss: 6.5270 Bio: 0.7825 GateEnt: nan GateDiv: nan
Epoch [38/600] Total Loss: 105.5807
Epoch [39/600] Step [0/17] Loss: 6.5613 Bio: 0.8601 GateEnt: nan GateDiv: nan
Epoch [39/600] Total Loss: 104.1751
Epoch [40/600] Step [0/17] Loss: 6.2890 Bio: 0.8700 GateEnt: nan GateDiv: nan
Epoch [40/600] Total Loss: 104.0371
Epoch [41/600] Step [0/17] Loss: 6.0073 Bio: 0.9816 GateEnt: nan GateDiv: nan
Epoch [41/600] Total Loss: 105.2004
Epoch [42/600] Step [0/17] Loss: 6.3407 Bio: 1.0494 GateEnt: nan GateDiv: nan
Epoch [42/600] Total Loss: 104.3527
Epoch [43/600] Step [0/17] Loss: 6.0914 Bio: 1.0022 GateEnt: nan GateDiv: nan
Epoch [43/600] Total Loss: 104.1701
Epoch [44/600] Step [0/17] Loss: 6.0786 Bio: 0.9253 GateEnt: nan GateDiv: nan
Epoch [44/600] Total Loss: 103.2619
Epoch [45/600] Step [0/17] Loss: 6.2864 Bio: 0.9445 GateEnt: nan GateDiv: nan
Epoch [45/600] Total Loss: 103.7226
Epoch [46/600] Step [0/17] Loss: 6.4843 Bio: 0.9291 GateEnt: nan GateDiv: nan
Epoch [46/600] Total Loss: 104.3183
Epoch [47/600] Step [0/17] Loss: 6.1007 Bio: 0.9396 GateEnt: nan GateDiv: nan
Epoch [47/600] Total Loss: 104.3211
Epoch [48/600] Step [0/17] Loss: 6.1587 Bio: 0.9069 GateEnt: nan GateDiv: nan
Epoch [48/600] Total Loss: 103.7458
Epoch [49/600] Step [0/17] Loss: 6.2645 Bio: 0.9592 GateEnt: nan GateDiv: nan
Epoch [49/600] Total Loss: 102.9594
Epoch [50/600] Step [0/17] Loss: 6.1342 Bio: 0.8961 GateEnt: nan GateDiv: nan
Epoch [50/600] Total Loss: 102.6934
Epoch [51/600] Step [0/17] Loss: 6.2823 Bio: 0.9331 GateEnt: nan GateDiv: nan
Epoch [51/600] Total Loss: 103.6281
Epoch [52/600] Step [0/17] Loss: 6.2511 Bio: 0.9630 GateEnt: nan GateDiv: nan
Epoch [52/600] Total Loss: 103.9741
Epoch [53/600] Step [0/17] Loss: 6.2710 Bio: 1.0020 GateEnt: nan GateDiv: nan
Epoch [53/600] Total Loss: 101.9948
Epoch [54/600] Step [0/17] Loss: 6.3030 Bio: 0.9316 GateEnt: nan GateDiv: nan
Epoch [54/600] Total Loss: 103.3109
Epoch [55/600] Step [0/17] Loss: 6.1652 Bio: 0.9429 GateEnt: nan GateDiv: nan
Epoch [55/600] Total Loss: 103.3839
Epoch [56/600] Step [0/17] Loss: 6.1866 Bio: 0.9910 GateEnt: nan GateDiv: nan
Epoch [56/600] Total Loss: 104.1555
Epoch [57/600] Step [0/17] Loss: 6.1524 Bio: 0.8520 GateEnt: nan GateDiv: nan
Epoch [57/600] Total Loss: 102.5777
Epoch [58/600] Step [0/17] Loss: 5.9952 Bio: 0.9541 GateEnt: nan GateDiv: nan
Epoch [58/600] Total Loss: 101.7792
Epoch [59/600] Step [0/17] Loss: 6.0172 Bio: 0.9303 GateEnt: nan GateDiv: nan
Epoch [59/600] Total Loss: 101.1654
Epoch [60/600] Step [0/17] Loss: 6.1184 Bio: 0.9951 GateEnt: nan GateDiv: nan
Epoch [60/600] Total Loss: 102.0499
Epoch [61/600] Step [0/17] Loss: 6.1627 Bio: 1.0343 GateEnt: nan GateDiv: nan
Epoch [61/600] Total Loss: 101.9550
Epoch [62/600] Step [0/17] Loss: 6.0322 Bio: 0.9744 GateEnt: nan GateDiv: nan
Epoch [62/600] Total Loss: 103.2109
Epoch [63/600] Step [0/17] Loss: 6.3320 Bio: 1.0279 GateEnt: nan GateDiv: nan
Epoch [63/600] Total Loss: 102.0962
Epoch [64/600] Step [0/17] Loss: 6.2844 Bio: 0.8811 GateEnt: nan GateDiv: nan
Epoch [64/600] Total Loss: 102.0986
Epoch [65/600] Step [0/17] Loss: 6.0146 Bio: 0.9606 GateEnt: nan GateDiv: nan
Epoch [65/600] Total Loss: 101.7956
Epoch [66/600] Step [0/17] Loss: 6.0841 Bio: 0.7892 GateEnt: nan GateDiv: nan
Epoch [66/600] Total Loss: 101.8659
Epoch [67/600] Step [0/17] Loss: 5.9157 Bio: 0.9222 GateEnt: nan GateDiv: nan
Epoch [67/600] Total Loss: 102.1572
Epoch [68/600] Step [0/17] Loss: 6.0071 Bio: 0.8041 GateEnt: nan GateDiv: nan
Epoch [68/600] Total Loss: 101.0445
Epoch [69/600] Step [0/17] Loss: 6.1020 Bio: 0.9106 GateEnt: nan GateDiv: nan
Epoch [69/600] Total Loss: 102.2514
Epoch [70/600] Step [0/17] Loss: 6.1720 Bio: 0.8785 GateEnt: nan GateDiv: nan
Epoch [70/600] Total Loss: 102.1943
Epoch [71/600] Step [0/17] Loss: 6.3763 Bio: 0.8935 GateEnt: nan GateDiv: nan
Epoch [71/600] Total Loss: 102.0660
Epoch [72/600] Step [0/17] Loss: 6.3520 Bio: 0.9157 GateEnt: nan GateDiv: nan
Epoch [72/600] Total Loss: 101.4717
Epoch [73/600] Step [0/17] Loss: 6.1146 Bio: 0.9713 GateEnt: nan GateDiv: nan
Epoch [73/600] Total Loss: 102.2122
Epoch [74/600] Step [0/17] Loss: 6.0246 Bio: 0.8637 GateEnt: nan GateDiv: nan
Epoch [74/600] Total Loss: 100.9015
Epoch [75/600] Step [0/17] Loss: 5.9705 Bio: 0.9332 GateEnt: nan GateDiv: nan
Epoch [75/600] Total Loss: 101.9805
Epoch [76/600] Step [0/17] Loss: 6.1948 Bio: 0.8669 GateEnt: nan GateDiv: nan
Epoch [76/600] Total Loss: 100.4933
Epoch [77/600] Step [0/17] Loss: 5.9857 Bio: 0.8670 GateEnt: nan GateDiv: nan
Epoch [77/600] Total Loss: 99.8992
Epoch [78/600] Step [0/17] Loss: 6.1499 Bio: 0.8477 GateEnt: nan GateDiv: nan
Epoch [78/600] Total Loss: 99.6972
Epoch [79/600] Step [0/17] Loss: 5.9138 Bio: 0.9380 GateEnt: nan GateDiv: nan
Epoch [79/600] Total Loss: 99.2002
Epoch [80/600] Step [0/17] Loss: 5.8039 Bio: 1.0433 GateEnt: nan GateDiv: nan
Epoch [80/600] Total Loss: 101.1246
Epoch [81/600] Step [0/17] Loss: 6.1310 Bio: 1.0138 GateEnt: nan GateDiv: nan
Epoch [81/600] Total Loss: 101.1417
Epoch [82/600] Step [0/17] Loss: 6.3852 Bio: 0.7573 GateEnt: nan GateDiv: nan
Epoch [82/600] Total Loss: 102.2203
Epoch [83/600] Step [0/17] Loss: 5.9006 Bio: 0.9430 GateEnt: nan GateDiv: nan
Epoch [83/600] Total Loss: 101.3830
Epoch [84/600] Step [0/17] Loss: 6.0948 Bio: 0.8861 GateEnt: nan GateDiv: nan
Epoch [84/600] Total Loss: 99.2842
Epoch [85/600] Step [0/17] Loss: 5.8822 Bio: 0.9909 GateEnt: nan GateDiv: nan
Epoch [85/600] Total Loss: 101.1447
Epoch [86/600] Step [0/17] Loss: 6.3072 Bio: 0.9035 GateEnt: nan GateDiv: nan
Epoch [86/600] Total Loss: 99.1713
Epoch [87/600] Step [0/17] Loss: 6.1472 Bio: 0.9564 GateEnt: nan GateDiv: nan
Epoch [87/600] Total Loss: 100.7679
Epoch [88/600] Step [0/17] Loss: 6.0832 Bio: 0.9199 GateEnt: nan GateDiv: nan
Epoch [88/600] Total Loss: 100.2032
Epoch [89/600] Step [0/17] Loss: 5.9401 Bio: 0.8647 GateEnt: nan GateDiv: nan
Epoch [89/600] Total Loss: 100.5518
Epoch [90/600] Step [0/17] Loss: 6.1314 Bio: 0.8788 GateEnt: nan GateDiv: nan
Epoch [90/600] Total Loss: 98.9491
Epoch [91/600] Step [0/17] Loss: 5.8721 Bio: 0.9594 GateEnt: nan GateDiv: nan
Epoch [91/600] Total Loss: 99.9398
Epoch [92/600] Step [0/17] Loss: 6.0997 Bio: 0.9238 GateEnt: nan GateDiv: nan
Epoch [92/600] Total Loss: 99.1251
Epoch [93/600] Step [0/17] Loss: 6.0533 Bio: 0.9092 GateEnt: nan GateDiv: nan
Epoch [93/600] Total Loss: 99.8865
Epoch [94/600] Step [0/17] Loss: 6.1779 Bio: 0.9095 GateEnt: nan GateDiv: nan
Epoch [94/600] Total Loss: 99.8084
Epoch [95/600] Step [0/17] Loss: 6.1097 Bio: 1.0251 GateEnt: nan GateDiv: nan
Epoch [95/600] Total Loss: 100.0637
Epoch [96/600] Step [0/17] Loss: 5.8988 Bio: 1.0451 GateEnt: nan GateDiv: nan
Epoch [96/600] Total Loss: 101.8813
Epoch [97/600] Step [0/17] Loss: 5.9508 Bio: 0.9131 GateEnt: nan GateDiv: nan
Epoch [97/600] Total Loss: 99.4294
Epoch [98/600] Step [0/17] Loss: 5.9262 Bio: 0.9146 GateEnt: nan GateDiv: nan
Epoch [98/600] Total Loss: 99.1923
Epoch [99/600] Step [0/17] Loss: 5.8819 Bio: 1.0714 GateEnt: nan GateDiv: nan
Epoch [99/600] Total Loss: 100.3026
Epoch [100/600] Step [0/17] Loss: 5.9838 Bio: 0.8949 GateEnt: nan GateDiv: nan
Epoch [100/600] Total Loss: 99.6191
Epoch [101/600] Step [0/17] Loss: 5.9127 Bio: 0.9720 GateEnt: nan GateDiv: nan
Epoch [101/600] Total Loss: 101.3463
Epoch [102/600] Step [0/17] Loss: 5.9444 Bio: 0.9524 GateEnt: nan GateDiv: nan
Epoch [102/600] Total Loss: 98.3609
Epoch [103/600] Step [0/17] Loss: 5.8628 Bio: 0.9444 GateEnt: nan GateDiv: nan
Epoch [103/600] Total Loss: 98.8334
Epoch [104/600] Step [0/17] Loss: 5.8963 Bio: 0.8695 GateEnt: nan GateDiv: nan
Epoch [104/600] Total Loss: 98.8683
Epoch [105/600] Step [0/17] Loss: 5.8400 Bio: 0.8903 GateEnt: nan GateDiv: nan
Epoch [105/600] Total Loss: 98.6930
Epoch [106/600] Step [0/17] Loss: 5.8699 Bio: 0.8384 GateEnt: nan GateDiv: nan
Epoch [106/600] Total Loss: 97.3020
Epoch [107/600] Step [0/17] Loss: 5.7950 Bio: 0.9190 GateEnt: nan GateDiv: nan
Epoch [107/600] Total Loss: 97.7056
Epoch [108/600] Step [0/17] Loss: 5.8834 Bio: 0.8477 GateEnt: nan GateDiv: nan
Epoch [108/600] Total Loss: 98.5764
Epoch [109/600] Step [0/17] Loss: 5.9387 Bio: 0.9524 GateEnt: nan GateDiv: nan
Epoch [109/600] Total Loss: 99.1034
Epoch [110/600] Step [0/17] Loss: 5.7996 Bio: 0.8603 GateEnt: nan GateDiv: nan
Epoch [110/600] Total Loss: 98.6269
Epoch [111/600] Step [0/17] Loss: 5.8075 Bio: 1.0687 GateEnt: nan GateDiv: nan
Epoch [111/600] Total Loss: 99.9735
Epoch [112/600] Step [0/17] Loss: 5.9435 Bio: 0.8295 GateEnt: nan GateDiv: nan
Epoch [112/600] Total Loss: 97.9348
Epoch [113/600] Step [0/17] Loss: 6.0169 Bio: 0.9454 GateEnt: nan GateDiv: nan
Epoch [113/600] Total Loss: 98.5256
Epoch [114/600] Step [0/17] Loss: 5.9103 Bio: 0.9527 GateEnt: nan GateDiv: nan
Epoch [114/600] Total Loss: 97.6717
Epoch [115/600] Step [0/17] Loss: 5.8617 Bio: 0.8095 GateEnt: nan GateDiv: nan
Epoch [115/600] Total Loss: 97.7714
Epoch [116/600] Step [0/17] Loss: 5.8952 Bio: 0.9626 GateEnt: nan GateDiv: nan
Epoch [116/600] Total Loss: 97.5445
Epoch [117/600] Step [0/17] Loss: 5.8519 Bio: 0.8906 GateEnt: nan GateDiv: nan
Epoch [117/600] Total Loss: 98.6320
Epoch [118/600] Step [0/17] Loss: 5.9988 Bio: 0.9542 GateEnt: nan GateDiv: nan
Epoch [118/600] Total Loss: 98.8156
Epoch [119/600] Step [0/17] Loss: 5.9036 Bio: 0.8864 GateEnt: nan GateDiv: nan
Epoch [119/600] Total Loss: 98.7841
Epoch [120/600] Step [0/17] Loss: 5.8149 Bio: 0.9527 GateEnt: nan GateDiv: nan
Epoch [120/600] Total Loss: 98.6692
Epoch [121/600] Step [0/17] Loss: 5.8505 Bio: 0.9549 GateEnt: nan GateDiv: nan
Epoch [121/600] Total Loss: 97.7011
Epoch [122/600] Step [0/17] Loss: 6.0619 Bio: 0.9944 GateEnt: nan GateDiv: nan
Epoch [122/600] Total Loss: 98.4745
Epoch [123/600] Step [0/17] Loss: 5.8841 Bio: 0.8577 GateEnt: nan GateDiv: nan
Epoch [123/600] Total Loss: 98.2763
Epoch [124/600] Step [0/17] Loss: 5.8322 Bio: 0.8602 GateEnt: nan GateDiv: nan
Epoch [124/600] Total Loss: 98.1275
Epoch [125/600] Step [0/17] Loss: 5.5925 Bio: 0.9389 GateEnt: nan GateDiv: nan
Epoch [125/600] Total Loss: 97.4157
Epoch [126/600] Step [0/17] Loss: 5.9574 Bio: 0.9494 GateEnt: nan GateDiv: nan
Epoch [126/600] Total Loss: 97.0234
Epoch [127/600] Step [0/17] Loss: 5.8442 Bio: 0.8870 GateEnt: nan GateDiv: nan
Epoch [127/600] Total Loss: 98.8458
Epoch [128/600] Step [0/17] Loss: 5.6055 Bio: 1.0168 GateEnt: nan GateDiv: nan
Epoch [128/600] Total Loss: 96.5773
Epoch [129/600] Step [0/17] Loss: 5.7793 Bio: 1.0235 GateEnt: nan GateDiv: nan
Epoch [129/600] Total Loss: 96.6994
Epoch [130/600] Step [0/17] Loss: 5.9005 Bio: 0.7756 GateEnt: nan GateDiv: nan
Epoch [130/600] Total Loss: 97.2287
Epoch [131/600] Step [0/17] Loss: 5.8241 Bio: 0.8780 GateEnt: nan GateDiv: nan
Epoch [131/600] Total Loss: 97.3205
Epoch [132/600] Step [0/17] Loss: 5.8181 Bio: 0.9815 GateEnt: nan GateDiv: nan
Epoch [132/600] Total Loss: 98.2584
Epoch [133/600] Step [0/17] Loss: 5.9703 Bio: 0.9208 GateEnt: nan GateDiv: nan
Epoch [133/600] Total Loss: 100.0167
Epoch [134/600] Step [0/17] Loss: 5.9459 Bio: 0.9403 GateEnt: nan GateDiv: nan
Epoch [134/600] Total Loss: 97.6956
Epoch [135/600] Step [0/17] Loss: 6.0336 Bio: 0.8619 GateEnt: nan GateDiv: nan
Epoch [135/600] Total Loss: 96.7193
Epoch [136/600] Step [0/17] Loss: 5.6783 Bio: 1.0100 GateEnt: nan GateDiv: nan
Epoch [136/600] Total Loss: 98.0478
Epoch [137/600] Step [0/17] Loss: 5.7373 Bio: 0.9800 GateEnt: nan GateDiv: nan
Epoch [137/600] Total Loss: 97.4751
Epoch [138/600] Step [0/17] Loss: 5.7634 Bio: 1.1077 GateEnt: nan GateDiv: nan
Epoch [138/600] Total Loss: 97.8877
Epoch [139/600] Step [0/17] Loss: 5.8049 Bio: 0.8276 GateEnt: nan GateDiv: nan
Epoch [139/600] Total Loss: 97.1340
Epoch [140/600] Step [0/17] Loss: 5.8742 Bio: 0.8561 GateEnt: nan GateDiv: nan
Epoch [140/600] Total Loss: 96.3602
Epoch [141/600] Step [0/17] Loss: 5.7823 Bio: 0.8628 GateEnt: nan GateDiv: nan
Epoch [141/600] Total Loss: 96.7251
Epoch [142/600] Step [0/17] Loss: 5.6393 Bio: 0.9280 GateEnt: nan GateDiv: nan
Epoch [142/600] Total Loss: 97.2978
Epoch [143/600] Step [0/17] Loss: 5.9996 Bio: 1.0010 GateEnt: nan GateDiv: nan
Epoch [143/600] Total Loss: 96.9978
Epoch [144/600] Step [0/17] Loss: 5.8588 Bio: 0.8995 GateEnt: nan GateDiv: nan
Epoch [144/600] Total Loss: 96.0155
Epoch [145/600] Step [0/17] Loss: 5.7089 Bio: 0.9609 GateEnt: nan GateDiv: nan
Epoch [145/600] Total Loss: 96.2693
Epoch [146/600] Step [0/17] Loss: 5.8235 Bio: 0.8134 GateEnt: nan GateDiv: nan
Epoch [146/600] Total Loss: 97.6621
Epoch [147/600] Step [0/17] Loss: 5.8244 Bio: 0.9544 GateEnt: nan GateDiv: nan
Epoch [147/600] Total Loss: 98.7960
Epoch [148/600] Step [0/17] Loss: 5.8233 Bio: 0.9301 GateEnt: nan GateDiv: nan
Epoch [148/600] Total Loss: 96.6359
Epoch [149/600] Step [0/17] Loss: 5.9935 Bio: 0.8217 GateEnt: nan GateDiv: nan
Epoch [149/600] Total Loss: 97.3502
Epoch [150/600] Step [0/17] Loss: 6.0319 Bio: 0.8803 GateEnt: nan GateDiv: nan
Epoch [150/600] Total Loss: 96.8721
Epoch [151/600] Step [0/17] Loss: 5.8120 Bio: 1.0520 GateEnt: nan GateDiv: nan
Epoch [151/600] Total Loss: 96.7263
Epoch [152/600] Step [0/17] Loss: 5.9318 Bio: 0.9452 GateEnt: nan GateDiv: nan
Epoch [152/600] Total Loss: 96.5774
Epoch [153/600] Step [0/17] Loss: 6.0055 Bio: 0.9163 GateEnt: nan GateDiv: nan
Epoch [153/600] Total Loss: 96.6616
Epoch [154/600] Step [0/17] Loss: 5.8170 Bio: 0.9331 GateEnt: nan GateDiv: nan
Epoch [154/600] Total Loss: 95.6832
Epoch [155/600] Step [0/17] Loss: 5.6200 Bio: 0.9364 GateEnt: nan GateDiv: nan
Epoch [155/600] Total Loss: 97.4621
Epoch [156/600] Step [0/17] Loss: 5.8048 Bio: 0.9888 GateEnt: nan GateDiv: nan
Epoch [156/600] Total Loss: 98.0256
Epoch [157/600] Step [0/17] Loss: 5.9519 Bio: 0.9830 GateEnt: nan GateDiv: nan
Epoch [157/600] Total Loss: 98.1574
Epoch [158/600] Step [0/17] Loss: 5.7211 Bio: 0.9044 GateEnt: nan GateDiv: nan
Epoch [158/600] Total Loss: 96.4263
Epoch [159/600] Step [0/17] Loss: 5.9396 Bio: 0.8818 GateEnt: nan GateDiv: nan
Epoch [159/600] Total Loss: 95.8248
Epoch [160/600] Step [0/17] Loss: 5.7522 Bio: 1.0131 GateEnt: nan GateDiv: nan
Epoch [160/600] Total Loss: 97.0069
Epoch [161/600] Step [0/17] Loss: 5.6937 Bio: 0.8526 GateEnt: nan GateDiv: nan
Epoch [161/600] Total Loss: 97.2044
Epoch [162/600] Step [0/17] Loss: 5.5520 Bio: 0.8457 GateEnt: nan GateDiv: nan
Epoch [162/600] Total Loss: 96.6830
Epoch [163/600] Step [0/17] Loss: 5.9631 Bio: 0.7461 GateEnt: nan GateDiv: nan
Epoch [163/600] Total Loss: 96.9148
Epoch [164/600] Step [0/17] Loss: 5.7483 Bio: 1.0519 GateEnt: nan GateDiv: nan
Epoch [164/600] Total Loss: 97.1596
Epoch [165/600] Step [0/17] Loss: 5.6416 Bio: 1.0103 GateEnt: nan GateDiv: nan
Epoch [165/600] Total Loss: 97.4025
Epoch [166/600] Step [0/17] Loss: 5.7982 Bio: 0.9981 GateEnt: nan GateDiv: nan
Epoch [166/600] Total Loss: 95.5063
Epoch [167/600] Step [0/17] Loss: 5.7983 Bio: 0.9042 GateEnt: nan GateDiv: nan
Epoch [167/600] Total Loss: 97.1114
Epoch [168/600] Step [0/17] Loss: 5.7682 Bio: 0.8994 GateEnt: nan GateDiv: nan
Epoch [168/600] Total Loss: 96.2624
Epoch [169/600] Step [0/17] Loss: 5.8731 Bio: 0.8998 GateEnt: nan GateDiv: nan
Epoch [169/600] Total Loss: 96.3787
Epoch [170/600] Step [0/17] Loss: 5.8366 Bio: 0.8506 GateEnt: nan GateDiv: nan
Epoch [170/600] Total Loss: 96.3953
Epoch [171/600] Step [0/17] Loss: 5.5448 Bio: 0.9278 GateEnt: nan GateDiv: nan
Epoch [171/600] Total Loss: 95.9992
Epoch [172/600] Step [0/17] Loss: 5.6699 Bio: 1.0491 GateEnt: nan GateDiv: nan
Epoch [172/600] Total Loss: 95.2618
Epoch [173/600] Step [0/17] Loss: 5.6782 Bio: 0.8825 GateEnt: nan GateDiv: nan
Epoch [173/600] Total Loss: 95.4555
Epoch [174/600] Step [0/17] Loss: 5.7762 Bio: 0.9801 GateEnt: nan GateDiv: nan
Epoch [174/600] Total Loss: 96.2025
Epoch [175/600] Step [0/17] Loss: 5.9477 Bio: 0.8330 GateEnt: nan GateDiv: nan
Epoch [175/600] Total Loss: 97.1110
Epoch [176/600] Step [0/17] Loss: 5.5622 Bio: 0.8695 GateEnt: nan GateDiv: nan
Epoch [176/600] Total Loss: 95.8081
Epoch [177/600] Step [0/17] Loss: 5.8296 Bio: 1.0202 GateEnt: nan GateDiv: nan
Epoch [177/600] Total Loss: 95.8256
Epoch [178/600] Step [0/17] Loss: 5.7771 Bio: 0.9240 GateEnt: nan GateDiv: nan
Epoch [178/600] Total Loss: 97.1831
Epoch [179/600] Step [0/17] Loss: 5.7347 Bio: 0.9519 GateEnt: nan GateDiv: nan
Epoch [179/600] Total Loss: 95.8621
Epoch [180/600] Step [0/17] Loss: 5.6340 Bio: 0.9769 GateEnt: nan GateDiv: nan
Epoch [180/600] Total Loss: 96.4912
Epoch [181/600] Step [0/17] Loss: 5.9195 Bio: 0.9553 GateEnt: nan GateDiv: nan
Epoch [181/600] Total Loss: 95.8645
Epoch [182/600] Step [0/17] Loss: 5.9198 Bio: 0.8881 GateEnt: nan GateDiv: nan
Epoch [182/600] Total Loss: 96.9278
Epoch [183/600] Step [0/17] Loss: 6.0711 Bio: 0.8606 GateEnt: nan GateDiv: nan
Epoch [183/600] Total Loss: 95.5663
Epoch [184/600] Step [0/17] Loss: 5.8649 Bio: 0.8611 GateEnt: nan GateDiv: nan
Epoch [184/600] Total Loss: 95.6206
Epoch [185/600] Step [0/17] Loss: 5.7272 Bio: 0.8915 GateEnt: nan GateDiv: nan
Epoch [185/600] Total Loss: 96.7702
Epoch [186/600] Step [0/17] Loss: 5.7030 Bio: 0.8489 GateEnt: nan GateDiv: nan
Epoch [186/600] Total Loss: 96.3778
Epoch [187/600] Step [0/17] Loss: 5.8966 Bio: 0.8482 GateEnt: nan GateDiv: nan
Epoch [187/600] Total Loss: 96.2578
Epoch [188/600] Step [0/17] Loss: 5.6395 Bio: 0.8726 GateEnt: nan GateDiv: nan
Epoch [188/600] Total Loss: 96.0926
Epoch [189/600] Step [0/17] Loss: 6.0480 Bio: 0.8239 GateEnt: nan GateDiv: nan
Epoch [189/600] Total Loss: 96.5879
Epoch [190/600] Step [0/17] Loss: 5.6669 Bio: 0.9560 GateEnt: nan GateDiv: nan
Epoch [190/600] Total Loss: 95.8262
Epoch [191/600] Step [0/17] Loss: 5.7695 Bio: 0.9588 GateEnt: nan GateDiv: nan
Epoch [191/600] Total Loss: 95.8034
Epoch [192/600] Step [0/17] Loss: 5.7266 Bio: 0.8960 GateEnt: nan GateDiv: nan
Epoch [192/600] Total Loss: 96.0937
Epoch [193/600] Step [0/17] Loss: 5.6567 Bio: 0.8333 GateEnt: nan GateDiv: nan
Epoch [193/600] Total Loss: 94.2190
Epoch [194/600] Step [0/17] Loss: 5.7744 Bio: 0.9008 GateEnt: nan GateDiv: nan
Epoch [194/600] Total Loss: 97.0559
Epoch [195/600] Step [0/17] Loss: 5.6439 Bio: 0.9986 GateEnt: nan GateDiv: nan
Epoch [195/600] Total Loss: 95.3040
Epoch [196/600] Step [0/17] Loss: 6.1906 Bio: 0.7985 GateEnt: nan GateDiv: nan
Epoch [196/600] Total Loss: 96.7942
Epoch [197/600] Step [0/17] Loss: 5.7975 Bio: 0.8795 GateEnt: nan GateDiv: nan
Epoch [197/600] Total Loss: 97.0468
Epoch [198/600] Step [0/17] Loss: 5.5835 Bio: 0.8982 GateEnt: nan GateDiv: nan
Epoch [198/600] Total Loss: 95.3916
Epoch [199/600] Step [0/17] Loss: 5.6064 Bio: 0.9914 GateEnt: nan GateDiv: nan
Epoch [199/600] Total Loss: 96.5144
Epoch [200/600] Step [0/17] Loss: 5.9096 Bio: 0.8478 GateEnt: nan GateDiv: nan
Epoch [200/600] Total Loss: 96.1403
Epoch [201/600] Step [0/17] Loss: 5.7409 Bio: 0.8279 GateEnt: nan GateDiv: nan
Epoch [201/600] Total Loss: 95.5240
Epoch [202/600] Step [0/17] Loss: 5.6093 Bio: 0.9925 GateEnt: nan GateDiv: nan
Epoch [202/600] Total Loss: 95.9714
Epoch [203/600] Step [0/17] Loss: 5.8064 Bio: 1.0124 GateEnt: nan GateDiv: nan
Epoch [203/600] Total Loss: 95.3959
Epoch [204/600] Step [0/17] Loss: 5.4821 Bio: 0.9642 GateEnt: nan GateDiv: nan
Epoch [204/600] Total Loss: 96.7341
Epoch [205/600] Step [0/17] Loss: 5.6585 Bio: 0.9579 GateEnt: nan GateDiv: nan
Epoch [205/600] Total Loss: 95.3958
Epoch [206/600] Step [0/17] Loss: 5.7291 Bio: 1.1101 GateEnt: nan GateDiv: nan
Epoch [206/600] Total Loss: 95.9710
Epoch [207/600] Step [0/17] Loss: 5.7927 Bio: 0.9620 GateEnt: nan GateDiv: nan
Epoch [207/600] Total Loss: 96.1560
Epoch [208/600] Step [0/17] Loss: 5.8867 Bio: 0.8562 GateEnt: nan GateDiv: nan
Epoch [208/600] Total Loss: 97.2332
Epoch [209/600] Step [0/17] Loss: 5.7916 Bio: 0.8219 GateEnt: nan GateDiv: nan
Epoch [209/600] Total Loss: 95.9465
Epoch [210/600] Step [0/17] Loss: 5.6700 Bio: 0.8834 GateEnt: nan GateDiv: nan
Epoch [210/600] Total Loss: 95.6553
Epoch [211/600] Step [0/17] Loss: 5.8824 Bio: 1.0223 GateEnt: nan GateDiv: nan
Epoch [211/600] Total Loss: 95.1823
Epoch [212/600] Step [0/17] Loss: 5.7471 Bio: 0.9297 GateEnt: nan GateDiv: nan
Epoch [212/600] Total Loss: 95.3716
Epoch [213/600] Step [0/17] Loss: 5.6085 Bio: 0.8704 GateEnt: nan GateDiv: nan
Epoch [213/600] Total Loss: 95.1668
Epoch [214/600] Step [0/17] Loss: 5.6094 Bio: 1.0020 GateEnt: nan GateDiv: nan
Epoch [214/600] Total Loss: 96.1671
Epoch [215/600] Step [0/17] Loss: 5.5779 Bio: 1.0073 GateEnt: nan GateDiv: nan
Epoch [215/600] Total Loss: 94.8669
Epoch [216/600] Step [0/17] Loss: 5.7127 Bio: 0.9046 GateEnt: nan GateDiv: nan
Epoch [216/600] Total Loss: 95.7733
Epoch [217/600] Step [0/17] Loss: 5.9459 Bio: 0.9028 GateEnt: nan GateDiv: nan
Epoch [217/600] Total Loss: 96.3683
Epoch [218/600] Step [0/17] Loss: 5.8068 Bio: 1.0831 GateEnt: nan GateDiv: nan
Epoch [218/600] Total Loss: 94.6276
Epoch [219/600] Step [0/17] Loss: 5.6127 Bio: 0.9556 GateEnt: nan GateDiv: nan
Epoch [219/600] Total Loss: 95.5546
Epoch [220/600] Step [0/17] Loss: 5.5554 Bio: 0.9392 GateEnt: nan GateDiv: nan
Epoch [220/600] Total Loss: 96.0877
Epoch [221/600] Step [0/17] Loss: 5.7188 Bio: 0.8889 GateEnt: nan GateDiv: nan
Epoch [221/600] Total Loss: 96.7640
Epoch [222/600] Step [0/17] Loss: 5.9073 Bio: 1.0441 GateEnt: nan GateDiv: nan
Epoch [222/600] Total Loss: 96.7910
Epoch [223/600] Step [0/17] Loss: 5.6952 Bio: 0.8775 GateEnt: nan GateDiv: nan
Epoch [223/600] Total Loss: 95.4221
Epoch [224/600] Step [0/17] Loss: 5.7128 Bio: 0.8525 GateEnt: nan GateDiv: nan
Epoch [224/600] Total Loss: 97.0549
Epoch [225/600] Step [0/17] Loss: 5.7419 Bio: 0.8958 GateEnt: nan GateDiv: nan
Epoch [225/600] Total Loss: 96.2087
Epoch [226/600] Step [0/17] Loss: 5.7012 Bio: 0.9323 GateEnt: nan GateDiv: nan
Epoch [226/600] Total Loss: 96.4595
Epoch [227/600] Step [0/17] Loss: 5.6942 Bio: 0.9632 GateEnt: nan GateDiv: nan
Epoch [227/600] Total Loss: 96.7357
Epoch [228/600] Step [0/17] Loss: 5.5973 Bio: 0.9295 GateEnt: nan GateDiv: nan
Epoch [228/600] Total Loss: 94.9757
Epoch [229/600] Step [0/17] Loss: 5.6543 Bio: 0.9362 GateEnt: nan GateDiv: nan
Epoch [229/600] Total Loss: 95.4219
Epoch [230/600] Step [0/17] Loss: 5.5496 Bio: 0.9756 GateEnt: nan GateDiv: nan
Epoch [230/600] Total Loss: 95.0050
Epoch [231/600] Step [0/17] Loss: 5.9487 Bio: 0.8642 GateEnt: nan GateDiv: nan
Epoch [231/600] Total Loss: 96.1727
Epoch [232/600] Step [0/17] Loss: 5.6581 Bio: 0.9029 GateEnt: nan GateDiv: nan
Epoch [232/600] Total Loss: 94.6655
Epoch [233/600] Step [0/17] Loss: 5.9503 Bio: 0.9285 GateEnt: nan GateDiv: nan
Epoch [233/600] Total Loss: 95.5197
Epoch [234/600] Step [0/17] Loss: 5.5490 Bio: 0.8933 GateEnt: nan GateDiv: nan
Epoch [234/600] Total Loss: 95.2399
Epoch [235/600] Step [0/17] Loss: 5.6713 Bio: 0.9448 GateEnt: nan GateDiv: nan
Epoch [235/600] Total Loss: 95.6106
Epoch [236/600] Step [0/17] Loss: 5.8171 Bio: 0.9439 GateEnt: nan GateDiv: nan
Epoch [236/600] Total Loss: 95.7204
Epoch [237/600] Step [0/17] Loss: 5.6530 Bio: 0.9731 GateEnt: nan GateDiv: nan
Epoch [237/600] Total Loss: 95.3549
Epoch [238/600] Step [0/17] Loss: 5.9253 Bio: 0.9494 GateEnt: nan GateDiv: nan
Epoch [238/600] Total Loss: 95.9479
Epoch [239/600] Step [0/17] Loss: 5.9118 Bio: 0.8345 GateEnt: nan GateDiv: nan
Epoch [239/600] Total Loss: 96.1194
Epoch [240/600] Step [0/17] Loss: 5.7984 Bio: 0.9810 GateEnt: nan GateDiv: nan
Epoch [240/600] Total Loss: 94.4964
Epoch [241/600] Step [0/17] Loss: 5.7739 Bio: 0.8246 GateEnt: nan GateDiv: nan
Epoch [241/600] Total Loss: 95.3251
Epoch [242/600] Step [0/17] Loss: 5.8463 Bio: 0.9353 GateEnt: nan GateDiv: nan
Epoch [242/600] Total Loss: 95.2934
Epoch [243/600] Step [0/17] Loss: 5.7235 Bio: 0.9426 GateEnt: nan GateDiv: nan
Epoch [243/600] Total Loss: 95.5294
Epoch [244/600] Step [0/17] Loss: 5.7150 Bio: 0.9616 GateEnt: nan GateDiv: nan
Epoch [244/600] Total Loss: 94.2242
Epoch [245/600] Step [0/17] Loss: 6.0691 Bio: 0.8338 GateEnt: nan GateDiv: nan
Epoch [245/600] Total Loss: 95.8782
Epoch [246/600] Step [0/17] Loss: 5.6569 Bio: 0.8926 GateEnt: nan GateDiv: nan
Epoch [246/600] Total Loss: 97.0916
Epoch [247/600] Step [0/17] Loss: 5.6733 Bio: 0.9448 GateEnt: nan GateDiv: nan
Epoch [247/600] Total Loss: 94.9753
Epoch [248/600] Step [0/17] Loss: 5.7412 Bio: 0.9667 GateEnt: nan GateDiv: nan
Epoch [248/600] Total Loss: 94.8781
Epoch [249/600] Step [0/17] Loss: 5.7671 Bio: 0.9229 GateEnt: nan GateDiv: nan
Epoch [249/600] Total Loss: 95.3229
Epoch [250/600] Step [0/17] Loss: 5.6365 Bio: 0.9356 GateEnt: nan GateDiv: nan
Epoch [250/600] Total Loss: 94.4616
Epoch [251/600] Step [0/17] Loss: 5.8243 Bio: 0.8804 GateEnt: nan GateDiv: nan
Epoch [251/600] Total Loss: 94.6241
Epoch [252/600] Step [0/17] Loss: 5.6248 Bio: 0.9990 GateEnt: nan GateDiv: nan
Epoch [252/600] Total Loss: 95.6009
Epoch [253/600] Step [0/17] Loss: 5.7363 Bio: 0.9225 GateEnt: nan GateDiv: nan
Epoch [253/600] Total Loss: 94.6961
Epoch [254/600] Step [0/17] Loss: 5.7433 Bio: 0.9897 GateEnt: nan GateDiv: nan
Epoch [254/600] Total Loss: 95.3587
Epoch [255/600] Step [0/17] Loss: 5.7631 Bio: 0.9516 GateEnt: nan GateDiv: nan
Epoch [255/600] Total Loss: 95.3501
Epoch [256/600] Step [0/17] Loss: 5.8581 Bio: 0.9189 GateEnt: nan GateDiv: nan
Epoch [256/600] Total Loss: 94.4682
Epoch [257/600] Step [0/17] Loss: 5.9369 Bio: 0.9578 GateEnt: nan GateDiv: nan
Epoch [257/600] Total Loss: 95.7914
Epoch [258/600] Step [0/17] Loss: 5.6522 Bio: 0.9109 GateEnt: nan GateDiv: nan
Epoch [258/600] Total Loss: 96.9569
Epoch [259/600] Step [0/17] Loss: 5.5227 Bio: 0.9733 GateEnt: nan GateDiv: nan
Epoch [259/600] Total Loss: 96.6849
Epoch [260/600] Step [0/17] Loss: 5.5547 Bio: 0.8360 GateEnt: nan GateDiv: nan
Epoch [260/600] Total Loss: 96.1382
Epoch [261/600] Step [0/17] Loss: 5.7547 Bio: 0.7996 GateEnt: nan GateDiv: nan
Epoch [261/600] Total Loss: 95.4913
Epoch [262/600] Step [0/17] Loss: 5.6595 Bio: 0.8765 GateEnt: nan GateDiv: nan
Epoch [262/600] Total Loss: 95.6331
Epoch [263/600] Step [0/17] Loss: 5.6331 Bio: 0.9419 GateEnt: nan GateDiv: nan
Epoch [263/600] Total Loss: 94.3547
Epoch [264/600] Step [0/17] Loss: 5.6165 Bio: 0.8976 GateEnt: nan GateDiv: nan
Epoch [264/600] Total Loss: 94.6585
Epoch [265/600] Step [0/17] Loss: 5.7952 Bio: 0.9187 GateEnt: nan GateDiv: nan
Epoch [265/600] Total Loss: 95.4137
Epoch [266/600] Step [0/17] Loss: 5.5967 Bio: 0.9322 GateEnt: nan GateDiv: nan
Epoch [266/600] Total Loss: 95.8201
Epoch [267/600] Step [0/17] Loss: 5.7260 Bio: 0.9748 GateEnt: nan GateDiv: nan
Epoch [267/600] Total Loss: 94.8775
Epoch [268/600] Step [0/17] Loss: 5.9522 Bio: 0.8132 GateEnt: nan GateDiv: nan
Epoch [268/600] Total Loss: 94.6811
Epoch [269/600] Step [0/17] Loss: 5.7022 Bio: 0.9549 GateEnt: nan GateDiv: nan
Epoch [269/600] Total Loss: 95.5408
Epoch [270/600] Step [0/17] Loss: 5.5668 Bio: 0.8578 GateEnt: nan GateDiv: nan
Epoch [270/600] Total Loss: 94.6688
Epoch [271/600] Step [0/17] Loss: 5.8642 Bio: 0.8975 GateEnt: nan GateDiv: nan
Epoch [271/600] Total Loss: 95.7729
Epoch [272/600] Step [0/17] Loss: 5.6689 Bio: 0.9069 GateEnt: nan GateDiv: nan
Epoch [272/600] Total Loss: 95.3185
Epoch [273/600] Step [0/17] Loss: 5.6064 Bio: 0.8103 GateEnt: nan GateDiv: nan
Epoch [273/600] Total Loss: 95.0365
Epoch [274/600] Step [0/17] Loss: 5.6649 Bio: 1.0037 GateEnt: nan GateDiv: nan
Epoch [274/600] Total Loss: 95.6700
Epoch [275/600] Step [0/17] Loss: 5.5361 Bio: 1.0013 GateEnt: nan GateDiv: nan
Epoch [275/600] Total Loss: 93.5110
Epoch [276/600] Step [0/17] Loss: 5.7804 Bio: 0.9263 GateEnt: nan GateDiv: nan
Epoch [276/600] Total Loss: 94.4699
Epoch [277/600] Step [0/17] Loss: 5.5307 Bio: 1.0023 GateEnt: nan GateDiv: nan
Epoch [277/600] Total Loss: 93.6303
Epoch [278/600] Step [0/17] Loss: 6.2215 Bio: 0.8489 GateEnt: nan GateDiv: nan
Epoch [278/600] Total Loss: 96.3857
Epoch [279/600] Step [0/17] Loss: 5.4914 Bio: 0.9849 GateEnt: nan GateDiv: nan
Epoch [279/600] Total Loss: 95.5387
Epoch [280/600] Step [0/17] Loss: 5.6879 Bio: 0.7403 GateEnt: nan GateDiv: nan
Epoch [280/600] Total Loss: 94.0078
Epoch [281/600] Step [0/17] Loss: 5.5302 Bio: 0.9319 GateEnt: nan GateDiv: nan
Epoch [281/600] Total Loss: 94.2428
Epoch [282/600] Step [0/17] Loss: 5.5558 Bio: 0.9357 GateEnt: nan GateDiv: nan
Epoch [282/600] Total Loss: 94.1198
Epoch [283/600] Step [0/17] Loss: 5.7751 Bio: 0.8322 GateEnt: nan GateDiv: nan
Epoch [283/600] Total Loss: 94.4789
Epoch [284/600] Step [0/17] Loss: 5.7063 Bio: 0.8886 GateEnt: nan GateDiv: nan
Epoch [284/600] Total Loss: 95.3403
Epoch [285/600] Step [0/17] Loss: 5.8230 Bio: 0.8572 GateEnt: nan GateDiv: nan
Epoch [285/600] Total Loss: 94.2969
Epoch [286/600] Step [0/17] Loss: 5.3754 Bio: 0.8903 GateEnt: nan GateDiv: nan
Epoch [286/600] Total Loss: 94.0914
Epoch [287/600] Step [0/17] Loss: 5.6794 Bio: 0.9023 GateEnt: nan GateDiv: nan
Epoch [287/600] Total Loss: 94.3757
Epoch [288/600] Step [0/17] Loss: 5.7216 Bio: 0.7511 GateEnt: nan GateDiv: nan
Epoch [288/600] Total Loss: 95.6037
Epoch [289/600] Step [0/17] Loss: 5.5852 Bio: 0.9458 GateEnt: nan GateDiv: nan
Epoch [289/600] Total Loss: 94.6266
Epoch [290/600] Step [0/17] Loss: 5.6288 Bio: 0.9535 GateEnt: nan GateDiv: nan
Epoch [290/600] Total Loss: 96.2562
Epoch [291/600] Step [0/17] Loss: 5.7217 Bio: 0.9091 GateEnt: nan GateDiv: nan
Epoch [291/600] Total Loss: 94.8536
Epoch [292/600] Step [0/17] Loss: 5.7247 Bio: 0.9319 GateEnt: nan GateDiv: nan
Epoch [292/600] Total Loss: 94.0118
Epoch [293/600] Step [0/17] Loss: 5.5392 Bio: 0.8752 GateEnt: nan GateDiv: nan
Epoch [293/600] Total Loss: 95.5104
Epoch [294/600] Step [0/17] Loss: 5.6143 Bio: 0.8821 GateEnt: nan GateDiv: nan
Epoch [294/600] Total Loss: 93.4707
Epoch [295/600] Step [0/17] Loss: 5.8571 Bio: 0.8167 GateEnt: nan GateDiv: nan
Epoch [295/600] Total Loss: 94.4151
Epoch [296/600] Step [0/17] Loss: 5.7397 Bio: 0.8293 GateEnt: nan GateDiv: nan
Epoch [296/600] Total Loss: 93.6886
Epoch [297/600] Step [0/17] Loss: 5.9612 Bio: 0.8993 GateEnt: nan GateDiv: nan
Epoch [297/600] Total Loss: 94.9868
Epoch [298/600] Step [0/17] Loss: 5.6005 Bio: 0.9029 GateEnt: nan GateDiv: nan
Epoch [298/600] Total Loss: 94.3189
Epoch [299/600] Step [0/17] Loss: 5.7518 Bio: 0.9128 GateEnt: nan GateDiv: nan
Epoch [299/600] Total Loss: 94.7825
Epoch [300/600] Step [0/17] Loss: 5.5748 Bio: 0.9045 GateEnt: nan GateDiv: nan
Epoch [300/600] Total Loss: 94.7177
Epoch [301/600] Step [0/17] Loss: 5.6123 Bio: 0.8999 GateEnt: nan GateDiv: nan
Epoch [301/600] Total Loss: 93.7988
Epoch [302/600] Step [0/17] Loss: 5.6959 Bio: 0.9808 GateEnt: nan GateDiv: nan
Epoch [302/600] Total Loss: 94.4102
Epoch [303/600] Step [0/17] Loss: 5.9008 Bio: 0.8981 GateEnt: nan GateDiv: nan
Epoch [303/600] Total Loss: 95.4642
Epoch [304/600] Step [0/17] Loss: 5.6906 Bio: 0.9878 GateEnt: nan GateDiv: nan
Epoch [304/600] Total Loss: 95.4545
Epoch [305/600] Step [0/17] Loss: 5.5810 Bio: 0.9239 GateEnt: nan GateDiv: nan
Epoch [305/600] Total Loss: 93.8601
Epoch [306/600] Step [0/17] Loss: 5.5932 Bio: 0.9140 GateEnt: nan GateDiv: nan
Epoch [306/600] Total Loss: 93.7264
Epoch [307/600] Step [0/17] Loss: 5.5299 Bio: 0.9681 GateEnt: nan GateDiv: nan
Epoch [307/600] Total Loss: 95.0168
Epoch [308/600] Step [0/17] Loss: 5.4631 Bio: 0.9266 GateEnt: nan GateDiv: nan
Epoch [308/600] Total Loss: 95.0066
Epoch [309/600] Step [0/17] Loss: 5.7405 Bio: 0.8686 GateEnt: nan GateDiv: nan
Epoch [309/600] Total Loss: 94.2405
Epoch [310/600] Step [0/17] Loss: 5.5327 Bio: 1.0071 GateEnt: nan GateDiv: nan
Epoch [310/600] Total Loss: 94.6184
Epoch [311/600] Step [0/17] Loss: 5.7334 Bio: 0.9748 GateEnt: nan GateDiv: nan
Epoch [311/600] Total Loss: 94.6992
Epoch [312/600] Step [0/17] Loss: 5.6885 Bio: 0.7649 GateEnt: nan GateDiv: nan
Epoch [312/600] Total Loss: 94.1730
Epoch [313/600] Step [0/17] Loss: 5.5999 Bio: 0.9234 GateEnt: nan GateDiv: nan
Epoch [313/600] Total Loss: 94.5682
Epoch [314/600] Step [0/17] Loss: 5.8716 Bio: 0.8756 GateEnt: nan GateDiv: nan
Epoch [314/600] Total Loss: 94.2739
Epoch [315/600] Step [0/17] Loss: 5.7729 Bio: 0.9115 GateEnt: nan GateDiv: nan
Epoch [315/600] Total Loss: 95.1236
Epoch [316/600] Step [0/17] Loss: 5.5779 Bio: 0.9148 GateEnt: nan GateDiv: nan
Epoch [316/600] Total Loss: 93.2954
Epoch [317/600] Step [0/17] Loss: 5.6897 Bio: 0.8920 GateEnt: nan GateDiv: nan
Epoch [317/600] Total Loss: 93.9830
Epoch [318/600] Step [0/17] Loss: 5.5613 Bio: 0.8931 GateEnt: nan GateDiv: nan
Epoch [318/600] Total Loss: 95.5621
Epoch [319/600] Step [0/17] Loss: 5.7792 Bio: 0.9365 GateEnt: nan GateDiv: nan
Epoch [319/600] Total Loss: 95.1962
Epoch [320/600] Step [0/17] Loss: 5.9239 Bio: 0.7649 GateEnt: nan GateDiv: nan
Epoch [320/600] Total Loss: 94.0112
Epoch [321/600] Step [0/17] Loss: 5.8654 Bio: 0.9250 GateEnt: nan GateDiv: nan
Epoch [321/600] Total Loss: 94.6490
Epoch [322/600] Step [0/17] Loss: 5.5987 Bio: 0.8925 GateEnt: nan GateDiv: nan
Epoch [322/600] Total Loss: 94.4423
Epoch [323/600] Step [0/17] Loss: 5.6231 Bio: 0.8690 GateEnt: nan GateDiv: nan
Epoch [323/600] Total Loss: 94.8524
Epoch [324/600] Step [0/17] Loss: 5.5272 Bio: 0.9243 GateEnt: nan GateDiv: nan
Epoch [324/600] Total Loss: 94.3931
Epoch [325/600] Step [0/17] Loss: 5.6940 Bio: 0.8678 GateEnt: nan GateDiv: nan
Epoch [325/600] Total Loss: 94.1894
Epoch [326/600] Step [0/17] Loss: 5.5501 Bio: 0.8607 GateEnt: nan GateDiv: nan
Epoch [326/600] Total Loss: 94.8555
Epoch [327/600] Step [0/17] Loss: 5.6560 Bio: 0.9158 GateEnt: nan GateDiv: nan
Epoch [327/600] Total Loss: 95.8753
Epoch [328/600] Step [0/17] Loss: 5.4067 Bio: 1.0058 GateEnt: nan GateDiv: nan
Epoch [328/600] Total Loss: 94.8436
Epoch [329/600] Step [0/17] Loss: 5.7460 Bio: 0.9468 GateEnt: nan GateDiv: nan
Epoch [329/600] Total Loss: 93.7159
Epoch [330/600] Step [0/17] Loss: 5.6779 Bio: 0.8782 GateEnt: nan GateDiv: nan
Epoch [330/600] Total Loss: 94.8579
Epoch [331/600] Step [0/17] Loss: 5.7722 Bio: 1.0256 GateEnt: nan GateDiv: nan
Epoch [331/600] Total Loss: 95.8209
Epoch [332/600] Step [0/17] Loss: 5.7170 Bio: 0.9271 GateEnt: nan GateDiv: nan
Epoch [332/600] Total Loss: 94.4351
Epoch [333/600] Step [0/17] Loss: 5.9195 Bio: 0.9003 GateEnt: nan GateDiv: nan
Epoch [333/600] Total Loss: 95.0970
Epoch [334/600] Step [0/17] Loss: 5.5383 Bio: 0.9592 GateEnt: nan GateDiv: nan
Epoch [334/600] Total Loss: 94.9254
Epoch [335/600] Step [0/17] Loss: 5.6749 Bio: 0.8883 GateEnt: nan GateDiv: nan
Epoch [335/600] Total Loss: 94.2504
Epoch [336/600] Step [0/17] Loss: 5.8516 Bio: 1.1127 GateEnt: nan GateDiv: nan
Epoch [336/600] Total Loss: 95.5167
Epoch [337/600] Step [0/17] Loss: 5.5924 Bio: 0.9398 GateEnt: nan GateDiv: nan
Epoch [337/600] Total Loss: 95.0829
Epoch [338/600] Step [0/17] Loss: 5.4448 Bio: 1.1157 GateEnt: nan GateDiv: nan
Epoch [338/600] Total Loss: 92.8299
Epoch [339/600] Step [0/17] Loss: 5.6646 Bio: 0.9933 GateEnt: nan GateDiv: nan
Epoch [339/600] Total Loss: 94.5398
Epoch [340/600] Step [0/17] Loss: 5.6039 Bio: 0.9268 GateEnt: nan GateDiv: nan
Epoch [340/600] Total Loss: 94.3451
Epoch [341/600] Step [0/17] Loss: 5.7811 Bio: 0.8199 GateEnt: nan GateDiv: nan
Epoch [341/600] Total Loss: 93.7007
Epoch [342/600] Step [0/17] Loss: 5.6197 Bio: 0.9366 GateEnt: nan GateDiv: nan
Epoch [342/600] Total Loss: 93.8259
Epoch [343/600] Step [0/17] Loss: 5.6059 Bio: 0.9641 GateEnt: nan GateDiv: nan
Epoch [343/600] Total Loss: 95.0857
Epoch [344/600] Step [0/17] Loss: 5.5137 Bio: 1.0618 GateEnt: nan GateDiv: nan
Epoch [344/600] Total Loss: 95.1581
Epoch [345/600] Step [0/17] Loss: 5.6561 Bio: 0.9786 GateEnt: nan GateDiv: nan
Epoch [345/600] Total Loss: 94.6296
Epoch [346/600] Step [0/17] Loss: 5.6463 Bio: 1.0295 GateEnt: nan GateDiv: nan
Epoch [346/600] Total Loss: 93.9844
Epoch [347/600] Step [0/17] Loss: 5.7170 Bio: 0.9512 GateEnt: nan GateDiv: nan
Epoch [347/600] Total Loss: 95.0160
Epoch [348/600] Step [0/17] Loss: 5.5550 Bio: 1.0017 GateEnt: nan GateDiv: nan
Epoch [348/600] Total Loss: 94.1571
Epoch [349/600] Step [0/17] Loss: 5.7376 Bio: 0.9724 GateEnt: nan GateDiv: nan
Epoch [349/600] Total Loss: 95.4743
Epoch [350/600] Step [0/17] Loss: 5.5716 Bio: 0.9686 GateEnt: nan GateDiv: nan
Epoch [350/600] Total Loss: 94.8071
Epoch [351/600] Step [0/17] Loss: 5.6250 Bio: 0.9930 GateEnt: nan GateDiv: nan
Epoch [351/600] Total Loss: 94.0990
Epoch [352/600] Step [0/17] Loss: 5.6629 Bio: 0.9001 GateEnt: nan GateDiv: nan
Epoch [352/600] Total Loss: 95.3103
Epoch [353/600] Step [0/17] Loss: 5.7054 Bio: 0.9098 GateEnt: nan GateDiv: nan
Epoch [353/600] Total Loss: 94.3207
Epoch [354/600] Step [0/17] Loss: 5.6487 Bio: 0.8969 GateEnt: nan GateDiv: nan
Epoch [354/600] Total Loss: 94.2763
Epoch [355/600] Step [0/17] Loss: 5.5046 Bio: 1.0406 GateEnt: nan GateDiv: nan
Epoch [355/600] Total Loss: 94.9825
Epoch [356/600] Step [0/17] Loss: 5.6872 Bio: 0.8400 GateEnt: nan GateDiv: nan
Epoch [356/600] Total Loss: 94.7411
Epoch [357/600] Step [0/17] Loss: 5.6163 Bio: 0.9054 GateEnt: nan GateDiv: nan
Epoch [357/600] Total Loss: 93.5794
Epoch [358/600] Step [0/17] Loss: 5.5271 Bio: 0.8931 GateEnt: nan GateDiv: nan
Epoch [358/600] Total Loss: 94.7089
Epoch [359/600] Step [0/17] Loss: 5.5053 Bio: 0.9060 GateEnt: nan GateDiv: nan
Epoch [359/600] Total Loss: 94.9000
Epoch [360/600] Step [0/17] Loss: 5.6099 Bio: 0.9866 GateEnt: nan GateDiv: nan
Epoch [360/600] Total Loss: 95.0113
Epoch [361/600] Step [0/17] Loss: 5.6413 Bio: 0.8892 GateEnt: nan GateDiv: nan
Epoch [361/600] Total Loss: 93.0778
Epoch [362/600] Step [0/17] Loss: 5.7359 Bio: 0.8798 GateEnt: nan GateDiv: nan
Epoch [362/600] Total Loss: 95.5898
Epoch [363/600] Step [0/17] Loss: 5.3391 Bio: 1.0612 GateEnt: nan GateDiv: nan
Epoch [363/600] Total Loss: 93.4511
Epoch [364/600] Step [0/17] Loss: 5.5655 Bio: 0.9943 GateEnt: nan GateDiv: nan
Epoch [364/600] Total Loss: 95.3003
Epoch [365/600] Step [0/17] Loss: 5.5625 Bio: 0.8790 GateEnt: nan GateDiv: nan
Epoch [365/600] Total Loss: 94.2958
Epoch [366/600] Step [0/17] Loss: 5.7665 Bio: 0.9143 GateEnt: nan GateDiv: nan
Epoch [366/600] Total Loss: 94.6367
Epoch [367/600] Step [0/17] Loss: 5.7596 Bio: 0.9086 GateEnt: nan GateDiv: nan
Epoch [367/600] Total Loss: 94.3828
Epoch [368/600] Step [0/17] Loss: 5.7608 Bio: 0.9054 GateEnt: nan GateDiv: nan
Epoch [368/600] Total Loss: 93.1798
Epoch [369/600] Step [0/17] Loss: 5.7394 Bio: 0.9162 GateEnt: nan GateDiv: nan
Epoch [369/600] Total Loss: 94.2153
Epoch [370/600] Step [0/17] Loss: 5.4185 Bio: 1.0001 GateEnt: nan GateDiv: nan
Epoch [370/600] Total Loss: 93.7400
Epoch [371/600] Step [0/17] Loss: 5.5530 Bio: 0.9117 GateEnt: nan GateDiv: nan
Epoch [371/600] Total Loss: 94.5456
Epoch [372/600] Step [0/17] Loss: 5.7066 Bio: 0.8518 GateEnt: nan GateDiv: nan
Epoch [372/600] Total Loss: 95.1076
Epoch [373/600] Step [0/17] Loss: 5.7651 Bio: 0.8416 GateEnt: nan GateDiv: nan
Epoch [373/600] Total Loss: 93.5732
Epoch [374/600] Step [0/17] Loss: 5.8902 Bio: 0.8457 GateEnt: nan GateDiv: nan
Epoch [374/600] Total Loss: 93.9623
Epoch [375/600] Step [0/17] Loss: 5.7365 Bio: 0.9235 GateEnt: nan GateDiv: nan
Epoch [375/600] Total Loss: 94.2653
Epoch [376/600] Step [0/17] Loss: 5.4783 Bio: 0.8721 GateEnt: nan GateDiv: nan
Epoch [376/600] Total Loss: 94.6597
Epoch [377/600] Step [0/17] Loss: 5.7005 Bio: 0.9962 GateEnt: nan GateDiv: nan
Epoch [377/600] Total Loss: 94.1238
Epoch [378/600] Step [0/17] Loss: 5.7371 Bio: 0.8664 GateEnt: nan GateDiv: nan
Epoch [378/600] Total Loss: 93.5752
Epoch [379/600] Step [0/17] Loss: 5.9528 Bio: 0.8374 GateEnt: nan GateDiv: nan
Epoch [379/600] Total Loss: 94.2560
Epoch [380/600] Step [0/17] Loss: 5.5512 Bio: 0.8912 GateEnt: nan GateDiv: nan
Epoch [380/600] Total Loss: 94.4827
Epoch [381/600] Step [0/17] Loss: 5.9152 Bio: 0.8727 GateEnt: nan GateDiv: nan
Epoch [381/600] Total Loss: 94.5202
Epoch [382/600] Step [0/17] Loss: 5.6978 Bio: 0.9339 GateEnt: nan GateDiv: nan
Epoch [382/600] Total Loss: 95.9085
Epoch [383/600] Step [0/17] Loss: 5.6636 Bio: 0.8640 GateEnt: nan GateDiv: nan
Epoch [383/600] Total Loss: 94.8083
Epoch [384/600] Step [0/17] Loss: 5.7948 Bio: 0.8554 GateEnt: nan GateDiv: nan
Epoch [384/600] Total Loss: 93.3181
Epoch [385/600] Step [0/17] Loss: 5.5539 Bio: 0.7964 GateEnt: nan GateDiv: nan
Epoch [385/600] Total Loss: 94.5778
Epoch [386/600] Step [0/17] Loss: 5.9122 Bio: 0.8018 GateEnt: nan GateDiv: nan
Epoch [386/600] Total Loss: 94.9597
Epoch [387/600] Step [0/17] Loss: 5.5917 Bio: 0.9483 GateEnt: nan GateDiv: nan
Epoch [387/600] Total Loss: 94.3927
Epoch [388/600] Step [0/17] Loss: 5.6254 Bio: 0.8778 GateEnt: nan GateDiv: nan
Epoch [388/600] Total Loss: 94.7131
Epoch [389/600] Step [0/17] Loss: 5.9130 Bio: 0.9027 GateEnt: nan GateDiv: nan
Epoch [389/600] Total Loss: 93.8941
Epoch [390/600] Step [0/17] Loss: 5.6433 Bio: 0.9161 GateEnt: nan GateDiv: nan
Epoch [390/600] Total Loss: 94.4629
Epoch [391/600] Step [0/17] Loss: 5.7390 Bio: 0.8765 GateEnt: nan GateDiv: nan
Epoch [391/600] Total Loss: 93.9882
Epoch [392/600] Step [0/17] Loss: 5.3757 Bio: 0.8941 GateEnt: nan GateDiv: nan
Epoch [392/600] Total Loss: 94.9352
Epoch [393/600] Step [0/17] Loss: 5.7900 Bio: 0.9300 GateEnt: nan GateDiv: nan
Epoch [393/600] Total Loss: 94.6676
Epoch [394/600] Step [0/17] Loss: 5.6574 Bio: 0.9454 GateEnt: nan GateDiv: nan
Epoch [394/600] Total Loss: 94.2907
Epoch [395/600] Step [0/17] Loss: 5.8694 Bio: 0.8365 GateEnt: nan GateDiv: nan
Epoch [395/600] Total Loss: 93.9202
Epoch [396/600] Step [0/17] Loss: 5.5581 Bio: 0.8477 GateEnt: nan GateDiv: nan
Epoch [396/600] Total Loss: 94.3964
Epoch [397/600] Step [0/17] Loss: 5.6973 Bio: 0.8853 GateEnt: nan GateDiv: nan
Epoch [397/600] Total Loss: 94.0796
Epoch [398/600] Step [0/17] Loss: 5.7047 Bio: 0.8445 GateEnt: nan GateDiv: nan
Epoch [398/600] Total Loss: 94.2016
Epoch [399/600] Step [0/17] Loss: 5.5738 Bio: 1.0125 GateEnt: nan GateDiv: nan
Epoch [399/600] Total Loss: 92.9733
Epoch [400/600] Step [0/17] Loss: 5.5334 Bio: 0.8993 GateEnt: nan GateDiv: nan
Epoch [400/600] Total Loss: 93.2949
Epoch [401/600] Step [0/17] Loss: 5.6247 Bio: 0.7886 GateEnt: nan GateDiv: nan
Epoch [401/600] Total Loss: 93.2873
Epoch [402/600] Step [0/17] Loss: 5.6601 Bio: 0.8669 GateEnt: nan GateDiv: nan
Epoch [402/600] Total Loss: 94.4847
Epoch [403/600] Step [0/17] Loss: 5.7070 Bio: 0.7935 GateEnt: nan GateDiv: nan
Epoch [403/600] Total Loss: 94.4809
Epoch [404/600] Step [0/17] Loss: 5.6168 Bio: 1.0249 GateEnt: nan GateDiv: nan
Epoch [404/600] Total Loss: 93.7062
Epoch [405/600] Step [0/17] Loss: 5.7152 Bio: 0.9881 GateEnt: nan GateDiv: nan
Epoch [405/600] Total Loss: 94.6678
Epoch [406/600] Step [0/17] Loss: 5.6244 Bio: 0.9353 GateEnt: nan GateDiv: nan
Epoch [406/600] Total Loss: 93.3057
Epoch [407/600] Step [0/17] Loss: 5.7918 Bio: 0.7990 GateEnt: nan GateDiv: nan
Epoch [407/600] Total Loss: 94.0424
Epoch [408/600] Step [0/17] Loss: 5.6943 Bio: 0.8873 GateEnt: nan GateDiv: nan
Epoch [408/600] Total Loss: 94.7374
Epoch [409/600] Step [0/17] Loss: 5.5183 Bio: 0.9408 GateEnt: nan GateDiv: nan
Epoch [409/600] Total Loss: 93.9918
Epoch [410/600] Step [0/17] Loss: 5.7177 Bio: 0.8479 GateEnt: nan GateDiv: nan
Epoch [410/600] Total Loss: 93.1582
Epoch [411/600] Step [0/17] Loss: 5.7617 Bio: 0.7578 GateEnt: nan GateDiv: nan
Epoch [411/600] Total Loss: 95.6567
Epoch [412/600] Step [0/17] Loss: 5.6144 Bio: 1.0038 GateEnt: nan GateDiv: nan
Epoch [412/600] Total Loss: 92.7037
Epoch [413/600] Step [0/17] Loss: 5.4904 Bio: 1.0076 GateEnt: nan GateDiv: nan
Epoch [413/600] Total Loss: 93.5471
Epoch [414/600] Step [0/17] Loss: 5.4430 Bio: 1.0407 GateEnt: nan GateDiv: nan
Epoch [414/600] Total Loss: 94.3157
Epoch [415/600] Step [0/17] Loss: 5.7627 Bio: 0.9587 GateEnt: nan GateDiv: nan
Epoch [415/600] Total Loss: 94.2555
Epoch [416/600] Step [0/17] Loss: 5.5831 Bio: 1.0493 GateEnt: nan GateDiv: nan
Epoch [416/600] Total Loss: 94.3136
Epoch [417/600] Step [0/17] Loss: 5.6478 Bio: 0.9400 GateEnt: nan GateDiv: nan
Epoch [417/600] Total Loss: 94.0894
Epoch [418/600] Step [0/17] Loss: 5.5825 Bio: 0.9085 GateEnt: nan GateDiv: nan
Epoch [418/600] Total Loss: 95.2013
Epoch [419/600] Step [0/17] Loss: 5.6937 Bio: 0.8421 GateEnt: nan GateDiv: nan
Epoch [419/600] Total Loss: 94.2719
Epoch [420/600] Step [0/17] Loss: 5.5804 Bio: 0.8957 GateEnt: nan GateDiv: nan
Epoch [420/600] Total Loss: 93.0070
Epoch [421/600] Step [0/17] Loss: 5.4830 Bio: 0.9241 GateEnt: nan GateDiv: nan
Epoch [421/600] Total Loss: 94.1099
Epoch [422/600] Step [0/17] Loss: 5.6063 Bio: 0.8739 GateEnt: nan GateDiv: nan
Epoch [422/600] Total Loss: 93.9888
Epoch [423/600] Step [0/17] Loss: 5.6614 Bio: 0.9054 GateEnt: nan GateDiv: nan
Epoch [423/600] Total Loss: 93.2462
Epoch [424/600] Step [0/17] Loss: 5.6579 Bio: 0.8145 GateEnt: nan GateDiv: nan
Epoch [424/600] Total Loss: 93.0584
Epoch [425/600] Step [0/17] Loss: 5.6371 Bio: 1.0164 GateEnt: nan GateDiv: nan
Epoch [425/600] Total Loss: 92.9654
Epoch [426/600] Step [0/17] Loss: 5.5684 Bio: 0.9082 GateEnt: nan GateDiv: nan
Epoch [426/600] Total Loss: 93.5075
Epoch [427/600] Step [0/17] Loss: 5.4249 Bio: 1.0658 GateEnt: nan GateDiv: nan
Epoch [427/600] Total Loss: 93.4851
Epoch [428/600] Step [0/17] Loss: 5.5655 Bio: 0.8942 GateEnt: nan GateDiv: nan
Epoch [428/600] Total Loss: 94.0281
Epoch [429/600] Step [0/17] Loss: 5.8838 Bio: 0.9120 GateEnt: nan GateDiv: nan
Epoch [429/600] Total Loss: 93.4639
Epoch [430/600] Step [0/17] Loss: 5.7034 Bio: 0.7935 GateEnt: nan GateDiv: nan
Epoch [430/600] Total Loss: 93.5831
Epoch [431/600] Step [0/17] Loss: 5.5291 Bio: 1.0677 GateEnt: nan GateDiv: nan
Epoch [431/600] Total Loss: 92.5885
Epoch [432/600] Step [0/17] Loss: 5.6362 Bio: 0.9252 GateEnt: nan GateDiv: nan
Epoch [432/600] Total Loss: 92.4029
Epoch [433/600] Step [0/17] Loss: 5.7030 Bio: 0.8853 GateEnt: nan GateDiv: nan
Epoch [433/600] Total Loss: 94.5463
Epoch [434/600] Step [0/17] Loss: 5.5908 Bio: 0.9373 GateEnt: nan GateDiv: nan
Epoch [434/600] Total Loss: 92.8460
Epoch [435/600] Step [0/17] Loss: 5.6783 Bio: 0.9351 GateEnt: nan GateDiv: nan
Epoch [435/600] Total Loss: 93.5643
Epoch [436/600] Step [0/17] Loss: 5.6203 Bio: 0.9642 GateEnt: nan GateDiv: nan
Epoch [436/600] Total Loss: 93.3851
Epoch [437/600] Step [0/17] Loss: 5.6329 Bio: 0.9434 GateEnt: nan GateDiv: nan
Epoch [437/600] Total Loss: 92.3830
Epoch [438/600] Step [0/17] Loss: 5.5437 Bio: 0.8636 GateEnt: nan GateDiv: nan
Epoch [438/600] Total Loss: 94.4164
Epoch [439/600] Step [0/17] Loss: 5.7826 Bio: 0.8441 GateEnt: nan GateDiv: nan
Epoch [439/600] Total Loss: 93.8362
Epoch [440/600] Step [0/17] Loss: 5.9110 Bio: 0.7988 GateEnt: nan GateDiv: nan
Epoch [440/600] Total Loss: 93.5063
Epoch [441/600] Step [0/17] Loss: 5.5475 Bio: 1.0321 GateEnt: nan GateDiv: nan
Epoch [441/600] Total Loss: 93.9062
Epoch [442/600] Step [0/17] Loss: 5.8729 Bio: 0.8959 GateEnt: nan GateDiv: nan
Epoch [442/600] Total Loss: 94.0081
Epoch [443/600] Step [0/17] Loss: 5.7277 Bio: 0.8478 GateEnt: nan GateDiv: nan
Epoch [443/600] Total Loss: 93.6628
Epoch [444/600] Step [0/17] Loss: 5.8504 Bio: 0.8676 GateEnt: nan GateDiv: nan
Epoch [444/600] Total Loss: 94.0231
Epoch [445/600] Step [0/17] Loss: 5.8275 Bio: 0.9062 GateEnt: nan GateDiv: nan
Epoch [445/600] Total Loss: 94.5422
Epoch [446/600] Step [0/17] Loss: 5.7391 Bio: 0.8799 GateEnt: nan GateDiv: nan
Epoch [446/600] Total Loss: 94.4523
Epoch [447/600] Step [0/17] Loss: 5.6153 Bio: 0.8960 GateEnt: nan GateDiv: nan
Epoch [447/600] Total Loss: 95.5287
Epoch [448/600] Step [0/17] Loss: 5.4717 Bio: 0.8354 GateEnt: nan GateDiv: nan
Epoch [448/600] Total Loss: 94.4217
Epoch [449/600] Step [0/17] Loss: 5.6740 Bio: 0.9232 GateEnt: nan GateDiv: nan
Epoch [449/600] Total Loss: 93.9505
Epoch [450/600] Step [0/17] Loss: 5.6248 Bio: 0.9775 GateEnt: nan GateDiv: nan
Epoch [450/600] Total Loss: 94.5354
Epoch [451/600] Step [0/17] Loss: 5.7586 Bio: 0.8631 GateEnt: nan GateDiv: nan
Epoch [451/600] Total Loss: 94.8900
Epoch [452/600] Step [0/17] Loss: 5.5857 Bio: 0.8741 GateEnt: nan GateDiv: nan
Epoch [452/600] Total Loss: 93.2917
Epoch [453/600] Step [0/17] Loss: 5.6375 Bio: 0.8913 GateEnt: nan GateDiv: nan
Epoch [453/600] Total Loss: 95.0904
Epoch [454/600] Step [0/17] Loss: 5.7412 Bio: 0.8124 GateEnt: nan GateDiv: nan
Epoch [454/600] Total Loss: 93.5113
Epoch [455/600] Step [0/17] Loss: 5.5352 Bio: 0.9214 GateEnt: nan GateDiv: nan
Epoch [455/600] Total Loss: 92.9601
Epoch [456/600] Step [0/17] Loss: 5.4316 Bio: 0.8703 GateEnt: nan GateDiv: nan
Epoch [456/600] Total Loss: 93.6993
Epoch [457/600] Step [0/17] Loss: 5.8250 Bio: 0.9561 GateEnt: nan GateDiv: nan
Epoch [457/600] Total Loss: 92.2831
Epoch [458/600] Step [0/17] Loss: 5.6575 Bio: 1.0351 GateEnt: nan GateDiv: nan
Epoch [458/600] Total Loss: 93.9023
Epoch [459/600] Step [0/17] Loss: 5.5542 Bio: 1.0113 GateEnt: nan GateDiv: nan
Epoch [459/600] Total Loss: 93.5216
Epoch [460/600] Step [0/17] Loss: 5.6033 Bio: 0.8475 GateEnt: nan GateDiv: nan
Epoch [460/600] Total Loss: 93.1343
Epoch [461/600] Step [0/17] Loss: 5.5955 Bio: 0.9699 GateEnt: nan GateDiv: nan
Epoch [461/600] Total Loss: 93.2954
Epoch [462/600] Step [0/17] Loss: 5.6269 Bio: 0.9125 GateEnt: nan GateDiv: nan
Epoch [462/600] Total Loss: 94.8794
Epoch [463/600] Step [0/17] Loss: 5.6586 Bio: 0.9612 GateEnt: nan GateDiv: nan
Epoch [463/600] Total Loss: 93.0919
Epoch [464/600] Step [0/17] Loss: 5.7557 Bio: 0.8953 GateEnt: nan GateDiv: nan
Epoch [464/600] Total Loss: 93.5268
Epoch [465/600] Step [0/17] Loss: 5.5748 Bio: 0.9543 GateEnt: nan GateDiv: nan
Epoch [465/600] Total Loss: 92.8760
Epoch [466/600] Step [0/17] Loss: 5.6479 Bio: 0.8471 GateEnt: nan GateDiv: nan
Epoch [466/600] Total Loss: 93.4990
Epoch [467/600] Step [0/17] Loss: 5.5179 Bio: 0.9777 GateEnt: nan GateDiv: nan
Epoch [467/600] Total Loss: 92.9598
Epoch [468/600] Step [0/17] Loss: 5.5782 Bio: 0.9700 GateEnt: nan GateDiv: nan
Epoch [468/600] Total Loss: 92.2738
Epoch [469/600] Step [0/17] Loss: 5.5310 Bio: 0.8965 GateEnt: nan GateDiv: nan
Epoch [469/600] Total Loss: 95.0014
Epoch [470/600] Step [0/17] Loss: 5.5320 Bio: 0.9770 GateEnt: nan GateDiv: nan
Epoch [470/600] Total Loss: 93.0425
Epoch [471/600] Step [0/17] Loss: 5.6620 Bio: 0.9342 GateEnt: nan GateDiv: nan
Epoch [471/600] Total Loss: 92.5579
Epoch [472/600] Step [0/17] Loss: 5.6905 Bio: 0.8051 GateEnt: nan GateDiv: nan
Epoch [472/600] Total Loss: 93.6647
Epoch [473/600] Step [0/17] Loss: 5.8366 Bio: 0.8709 GateEnt: nan GateDiv: nan
Epoch [473/600] Total Loss: 92.1319
Epoch [474/600] Step [0/17] Loss: 5.7978 Bio: 0.9403 GateEnt: nan GateDiv: nan
Epoch [474/600] Total Loss: 92.8708
Epoch [475/600] Step [0/17] Loss: 5.6478 Bio: 0.8626 GateEnt: nan GateDiv: nan
Epoch [475/600] Total Loss: 93.0860
Epoch [476/600] Step [0/17] Loss: 5.6444 Bio: 0.9401 GateEnt: nan GateDiv: nan
Epoch [476/600] Total Loss: 92.3368
Epoch [477/600] Step [0/17] Loss: 5.4880 Bio: 0.8897 GateEnt: nan GateDiv: nan
Epoch [477/600] Total Loss: 93.7180
Epoch [478/600] Step [0/17] Loss: 5.6760 Bio: 0.8348 GateEnt: nan GateDiv: nan
Epoch [478/600] Total Loss: 95.4717
Epoch [479/600] Step [0/17] Loss: 5.4869 Bio: 0.9686 GateEnt: nan GateDiv: nan
Epoch [479/600] Total Loss: 93.5549
Epoch [480/600] Step [0/17] Loss: 5.4576 Bio: 0.9023 GateEnt: nan GateDiv: nan
Epoch [480/600] Total Loss: 94.1970
Epoch [481/600] Step [0/17] Loss: 5.5126 Bio: 0.8542 GateEnt: nan GateDiv: nan
Epoch [481/600] Total Loss: 92.4228
Epoch [482/600] Step [0/17] Loss: 5.6277 Bio: 0.8559 GateEnt: nan GateDiv: nan
Epoch [482/600] Total Loss: 92.9122
Epoch [483/600] Step [0/17] Loss: 5.5351 Bio: 1.0330 GateEnt: nan GateDiv: nan
Epoch [483/600] Total Loss: 92.7579
Epoch [484/600] Step [0/17] Loss: 5.6767 Bio: 0.8102 GateEnt: nan GateDiv: nan
Epoch [484/600] Total Loss: 94.1904
Epoch [485/600] Step [0/17] Loss: 5.5166 Bio: 1.0012 GateEnt: nan GateDiv: nan
Epoch [485/600] Total Loss: 92.0013
Epoch [486/600] Step [0/17] Loss: 5.7421 Bio: 0.9157 GateEnt: nan GateDiv: nan
Epoch [486/600] Total Loss: 92.7062
Epoch [487/600] Step [0/17] Loss: 5.6521 Bio: 1.0234 GateEnt: nan GateDiv: nan
Epoch [487/600] Total Loss: 93.9273
Epoch [488/600] Step [0/17] Loss: 5.6440 Bio: 0.9038 GateEnt: nan GateDiv: nan
Epoch [488/600] Total Loss: 91.7607
Epoch [489/600] Step [0/17] Loss: 5.6746 Bio: 0.8150 GateEnt: nan GateDiv: nan
Epoch [489/600] Total Loss: 94.0341
Epoch [490/600] Step [0/17] Loss: 5.3929 Bio: 0.9582 GateEnt: nan GateDiv: nan
Epoch [490/600] Total Loss: 92.8670
Epoch [491/600] Step [0/17] Loss: 5.6647 Bio: 0.9192 GateEnt: nan GateDiv: nan
Epoch [491/600] Total Loss: 93.8797
Epoch [492/600] Step [0/17] Loss: 5.4976 Bio: 0.9757 GateEnt: nan GateDiv: nan
Epoch [492/600] Total Loss: 92.2730
Epoch [493/600] Step [0/17] Loss: 5.4788 Bio: 0.9018 GateEnt: nan GateDiv: nan
Epoch [493/600] Total Loss: 93.3145
Epoch [494/600] Step [0/17] Loss: 5.6550 Bio: 0.8720 GateEnt: nan GateDiv: nan
Epoch [494/600] Total Loss: 93.7382
Epoch [495/600] Step [0/17] Loss: 5.7830 Bio: 1.0002 GateEnt: nan GateDiv: nan
Epoch [495/600] Total Loss: 94.2013
Epoch [496/600] Step [0/17] Loss: 5.6724 Bio: 0.8571 GateEnt: nan GateDiv: nan
Epoch [496/600] Total Loss: 93.0771
Epoch [497/600] Step [0/17] Loss: 5.6938 Bio: 0.8836 GateEnt: nan GateDiv: nan
Epoch [497/600] Total Loss: 93.6165
Epoch [498/600] Step [0/17] Loss: 5.6075 Bio: 0.8744 GateEnt: nan GateDiv: nan
Epoch [498/600] Total Loss: 94.2938
Epoch [499/600] Step [0/17] Loss: 5.6486 Bio: 0.8810 GateEnt: nan GateDiv: nan
Epoch [499/600] Total Loss: 93.1466
Epoch [500/600] Step [0/17] Loss: 5.6665 Bio: 0.9536 GateEnt: nan GateDiv: nan
Epoch [500/600] Total Loss: 93.3537
Epoch [501/600] Step [0/17] Loss: 5.5617 Bio: 0.8409 GateEnt: nan GateDiv: nan
Epoch [501/600] Total Loss: 92.2095
Epoch [502/600] Step [0/17] Loss: 5.5208 Bio: 0.9296 GateEnt: nan GateDiv: nan
Epoch [502/600] Total Loss: 92.0181
Epoch [503/600] Step [0/17] Loss: 5.7543 Bio: 0.8192 GateEnt: nan GateDiv: nan
Epoch [503/600] Total Loss: 93.0884
Epoch [504/600] Step [0/17] Loss: 5.8303 Bio: 0.8960 GateEnt: nan GateDiv: nan
Epoch [504/600] Total Loss: 92.5222
Epoch [505/600] Step [0/17] Loss: 5.7126 Bio: 0.8246 GateEnt: nan GateDiv: nan
Epoch [505/600] Total Loss: 91.9153
Epoch [506/600] Step [0/17] Loss: 5.4962 Bio: 0.9097 GateEnt: nan GateDiv: nan
Epoch [506/600] Total Loss: 92.4313
Epoch [507/600] Step [0/17] Loss: 5.5391 Bio: 0.9155 GateEnt: nan GateDiv: nan
Epoch [507/600] Total Loss: 92.5312
Epoch [508/600] Step [0/17] Loss: 5.6943 Bio: 0.8877 GateEnt: nan GateDiv: nan
Epoch [508/600] Total Loss: 93.0316
Epoch [509/600] Step [0/17] Loss: 5.4833 Bio: 0.8418 GateEnt: nan GateDiv: nan
Epoch [509/600] Total Loss: 93.1871
Epoch [510/600] Step [0/17] Loss: 5.5346 Bio: 0.8709 GateEnt: nan GateDiv: nan
Epoch [510/600] Total Loss: 92.9104
Epoch [511/600] Step [0/17] Loss: 5.6310 Bio: 0.9138 GateEnt: nan GateDiv: nan
Epoch [511/600] Total Loss: 92.0238
Epoch [512/600] Step [0/17] Loss: 5.6167 Bio: 0.8352 GateEnt: nan GateDiv: nan
Epoch [512/600] Total Loss: 94.0103
Epoch [513/600] Step [0/17] Loss: 5.4009 Bio: 0.8529 GateEnt: nan GateDiv: nan
Epoch [513/600] Total Loss: 92.0876
Epoch [514/600] Step [0/17] Loss: 5.6721 Bio: 1.0312 GateEnt: nan GateDiv: nan
Epoch [514/600] Total Loss: 92.2345
Epoch [515/600] Step [0/17] Loss: 5.5504 Bio: 0.8975 GateEnt: nan GateDiv: nan
Epoch [515/600] Total Loss: 92.4238
Epoch [516/600] Step [0/17] Loss: 5.7211 Bio: 0.7725 GateEnt: nan GateDiv: nan
Epoch [516/600] Total Loss: 93.3548
Epoch [517/600] Step [0/17] Loss: 5.7069 Bio: 0.8659 GateEnt: nan GateDiv: nan
Epoch [517/600] Total Loss: 92.3148
Epoch [518/600] Step [0/17] Loss: 5.6266 Bio: 0.8759 GateEnt: nan GateDiv: nan
Epoch [518/600] Total Loss: 93.4935
Epoch [519/600] Step [0/17] Loss: 5.7418 Bio: 0.9341 GateEnt: nan GateDiv: nan
Epoch [519/600] Total Loss: 93.3557
Epoch [520/600] Step [0/17] Loss: 5.5218 Bio: 0.8120 GateEnt: nan GateDiv: nan
Epoch [520/600] Total Loss: 94.3235
Epoch [521/600] Step [0/17] Loss: 5.5671 Bio: 0.9411 GateEnt: nan GateDiv: nan
Epoch [521/600] Total Loss: 93.3823
Epoch [522/600] Step [0/17] Loss: 5.5005 Bio: 1.0410 GateEnt: nan GateDiv: nan
Epoch [522/600] Total Loss: 92.7331
Epoch [523/600] Step [0/17] Loss: 5.6863 Bio: 0.8720 GateEnt: nan GateDiv: nan
Epoch [523/600] Total Loss: 92.9834
Epoch [524/600] Step [0/17] Loss: 5.7011 Bio: 0.8696 GateEnt: nan GateDiv: nan
Epoch [524/600] Total Loss: 93.6987
Epoch [525/600] Step [0/17] Loss: 5.7956 Bio: 0.8590 GateEnt: nan GateDiv: nan
Epoch [525/600] Total Loss: 94.8442
Epoch [526/600] Step [0/17] Loss: 5.4578 Bio: 0.8585 GateEnt: nan GateDiv: nan
Epoch [526/600] Total Loss: 92.5071
Epoch [527/600] Step [0/17] Loss: 5.7087 Bio: 0.9133 GateEnt: nan GateDiv: nan
Epoch [527/600] Total Loss: 92.6074
Epoch [528/600] Step [0/17] Loss: 5.4661 Bio: 0.8543 GateEnt: nan GateDiv: nan
Epoch [528/600] Total Loss: 93.7153
Epoch [529/600] Step [0/17] Loss: 5.4634 Bio: 0.9516 GateEnt: nan GateDiv: nan
Epoch [529/600] Total Loss: 92.7641
Epoch [530/600] Step [0/17] Loss: 5.6432 Bio: 0.8807 GateEnt: nan GateDiv: nan
Epoch [530/600] Total Loss: 93.8191
Epoch [531/600] Step [0/17] Loss: 5.5963 Bio: 1.0326 GateEnt: nan GateDiv: nan
Epoch [531/600] Total Loss: 93.3564
Epoch [532/600] Step [0/17] Loss: 5.6009 Bio: 0.8443 GateEnt: nan GateDiv: nan
Epoch [532/600] Total Loss: 91.5220
Epoch [533/600] Step [0/17] Loss: 5.7292 Bio: 0.8669 GateEnt: nan GateDiv: nan
Epoch [533/600] Total Loss: 91.6166
Epoch [534/600] Step [0/17] Loss: 5.5641 Bio: 1.0113 GateEnt: nan GateDiv: nan
Epoch [534/600] Total Loss: 92.5113
Epoch [535/600] Step [0/17] Loss: 5.6192 Bio: 0.8876 GateEnt: nan GateDiv: nan
Epoch [535/600] Total Loss: 92.9754
Epoch [536/600] Step [0/17] Loss: 5.6798 Bio: 0.9064 GateEnt: nan GateDiv: nan
Epoch [536/600] Total Loss: 92.9699
Epoch [537/600] Step [0/17] Loss: 5.5437 Bio: 1.0092 GateEnt: nan GateDiv: nan
Epoch [537/600] Total Loss: 93.7024
Epoch [538/600] Step [0/17] Loss: 5.5153 Bio: 0.8913 GateEnt: nan GateDiv: nan
Epoch [538/600] Total Loss: 92.6627
Epoch [539/600] Step [0/17] Loss: 5.4013 Bio: 0.9948 GateEnt: nan GateDiv: nan
Epoch [539/600] Total Loss: 93.0895
Epoch [540/600] Step [0/17] Loss: 5.6387 Bio: 0.8643 GateEnt: nan GateDiv: nan
Epoch [540/600] Total Loss: 93.0817
Epoch [541/600] Step [0/17] Loss: 5.6931 Bio: 0.9009 GateEnt: nan GateDiv: nan
Epoch [541/600] Total Loss: 92.3459
Epoch [542/600] Step [0/17] Loss: 5.5453 Bio: 1.0230 GateEnt: nan GateDiv: nan
Epoch [542/600] Total Loss: 94.5898
Epoch [543/600] Step [0/17] Loss: 5.4913 Bio: 0.9656 GateEnt: nan GateDiv: nan
Epoch [543/600] Total Loss: 92.7990
Epoch [544/600] Step [0/17] Loss: 5.5313 Bio: 0.8748 GateEnt: nan GateDiv: nan
Epoch [544/600] Total Loss: 92.7939
Epoch [545/600] Step [0/17] Loss: 5.6472 Bio: 0.9358 GateEnt: nan GateDiv: nan
Epoch [545/600] Total Loss: 92.7954
Epoch [546/600] Step [0/17] Loss: 5.4680 Bio: 0.9809 GateEnt: nan GateDiv: nan
Epoch [546/600] Total Loss: 91.8937
Epoch [547/600] Step [0/17] Loss: 5.6018 Bio: 0.7825 GateEnt: nan GateDiv: nan
Epoch [547/600] Total Loss: 93.1139
Epoch [548/600] Step [0/17] Loss: 5.4863 Bio: 0.8811 GateEnt: nan GateDiv: nan
Epoch [548/600] Total Loss: 92.0928
Epoch [549/600] Step [0/17] Loss: 5.5411 Bio: 0.9203 GateEnt: nan GateDiv: nan
Epoch [549/600] Total Loss: 94.0773
Epoch [550/600] Step [0/17] Loss: 5.4843 Bio: 0.8955 GateEnt: nan GateDiv: nan
Epoch [550/600] Total Loss: 91.7294
Epoch [551/600] Step [0/17] Loss: 5.5319 Bio: 1.0278 GateEnt: nan GateDiv: nan
Epoch [551/600] Total Loss: 94.1718
Epoch [552/600] Step [0/17] Loss: 5.6353 Bio: 0.8396 GateEnt: nan GateDiv: nan
Epoch [552/600] Total Loss: 92.5279
Epoch [553/600] Step [0/17] Loss: 5.4344 Bio: 0.9165 GateEnt: nan GateDiv: nan
Epoch [553/600] Total Loss: 92.0615
Epoch [554/600] Step [0/17] Loss: 5.5504 Bio: 1.0156 GateEnt: nan GateDiv: nan
Epoch [554/600] Total Loss: 93.2658
Epoch [555/600] Step [0/17] Loss: 5.5652 Bio: 0.8708 GateEnt: nan GateDiv: nan
Epoch [555/600] Total Loss: 92.8343
Epoch [556/600] Step [0/17] Loss: 5.5486 Bio: 0.9705 GateEnt: nan GateDiv: nan
Epoch [556/600] Total Loss: 92.5538
Epoch [557/600] Step [0/17] Loss: 5.5601 Bio: 1.0663 GateEnt: nan GateDiv: nan
Epoch [557/600] Total Loss: 92.7780
Epoch [558/600] Step [0/17] Loss: 5.6290 Bio: 0.9721 GateEnt: nan GateDiv: nan
Epoch [558/600] Total Loss: 92.5516
Epoch [559/600] Step [0/17] Loss: 5.4541 Bio: 1.0302 GateEnt: nan GateDiv: nan
Epoch [559/600] Total Loss: 93.1959
Epoch [560/600] Step [0/17] Loss: 5.7658 Bio: 0.8820 GateEnt: nan GateDiv: nan
Epoch [560/600] Total Loss: 93.4873
Epoch [561/600] Step [0/17] Loss: 5.3255 Bio: 0.9767 GateEnt: nan GateDiv: nan
Epoch [561/600] Total Loss: 91.4916
Epoch [562/600] Step [0/17] Loss: 5.6112 Bio: 0.9371 GateEnt: nan GateDiv: nan
Epoch [562/600] Total Loss: 91.8615
Epoch [563/600] Step [0/17] Loss: 5.5175 Bio: 0.8881 GateEnt: nan GateDiv: nan
Epoch [563/600] Total Loss: 93.1380
Epoch [564/600] Step [0/17] Loss: 5.6856 Bio: 0.7999 GateEnt: nan GateDiv: nan
Epoch [564/600] Total Loss: 92.5380
Epoch [565/600] Step [0/17] Loss: 5.5784 Bio: 0.8550 GateEnt: nan GateDiv: nan
Epoch [565/600] Total Loss: 91.2300
Epoch [566/600] Step [0/17] Loss: 5.5527 Bio: 0.9017 GateEnt: nan GateDiv: nan
Epoch [566/600] Total Loss: 92.6777
Epoch [567/600] Step [0/17] Loss: 5.4522 Bio: 1.0200 GateEnt: nan GateDiv: nan
Epoch [567/600] Total Loss: 91.4591
Epoch [568/600] Step [0/17] Loss: 5.5854 Bio: 0.8284 GateEnt: nan GateDiv: nan
Epoch [568/600] Total Loss: 92.3387
Epoch [569/600] Step [0/17] Loss: 5.6472 Bio: 0.8583 GateEnt: nan GateDiv: nan
Epoch [569/600] Total Loss: 92.4852
Epoch [570/600] Step [0/17] Loss: 5.6127 Bio: 0.8809 GateEnt: nan GateDiv: nan
Epoch [570/600] Total Loss: 92.0758
Epoch [571/600] Step [0/17] Loss: 5.4930 Bio: 0.9673 GateEnt: nan GateDiv: nan
Epoch [571/600] Total Loss: 92.9994
Epoch [572/600] Step [0/17] Loss: 5.4936 Bio: 0.8901 GateEnt: nan GateDiv: nan
Epoch [572/600] Total Loss: 92.3642
Epoch [573/600] Step [0/17] Loss: 5.7820 Bio: 0.9404 GateEnt: nan GateDiv: nan
Epoch [573/600] Total Loss: 92.4033
Epoch [574/600] Step [0/17] Loss: 5.6680 Bio: 0.9314 GateEnt: nan GateDiv: nan
Epoch [574/600] Total Loss: 93.9951
Epoch [575/600] Step [0/17] Loss: 5.4361 Bio: 0.8862 GateEnt: nan GateDiv: nan
Epoch [575/600] Total Loss: 91.9026
Epoch [576/600] Step [0/17] Loss: 5.5345 Bio: 0.9703 GateEnt: nan GateDiv: nan
Epoch [576/600] Total Loss: 92.6975
Epoch [577/600] Step [0/17] Loss: 5.6259 Bio: 0.8108 GateEnt: nan GateDiv: nan
Epoch [577/600] Total Loss: 91.5150
Epoch [578/600] Step [0/17] Loss: 5.4967 Bio: 0.8856 GateEnt: nan GateDiv: nan
Epoch [578/600] Total Loss: 92.1294
Epoch [579/600] Step [0/17] Loss: 5.7021 Bio: 0.8847 GateEnt: nan GateDiv: nan
Epoch [579/600] Total Loss: 92.8343
Epoch [580/600] Step [0/17] Loss: 5.6169 Bio: 1.0070 GateEnt: nan GateDiv: nan
Epoch [580/600] Total Loss: 91.7647
Epoch [581/600] Step [0/17] Loss: 5.5272 Bio: 0.9638 GateEnt: nan GateDiv: nan
Epoch [581/600] Total Loss: 92.3391
Epoch [582/600] Step [0/17] Loss: 5.6589 Bio: 0.8437 GateEnt: nan GateDiv: nan
Epoch [582/600] Total Loss: 92.0526
Epoch [583/600] Step [0/17] Loss: 5.5467 Bio: 0.9032 GateEnt: nan GateDiv: nan
Epoch [583/600] Total Loss: 92.0622
Epoch [584/600] Step [0/17] Loss: 5.6181 Bio: 0.8996 GateEnt: nan GateDiv: nan
Epoch [584/600] Total Loss: 92.7616
Epoch [585/600] Step [0/17] Loss: 5.4274 Bio: 0.9667 GateEnt: nan GateDiv: nan
Epoch [585/600] Total Loss: 93.5027
Epoch [586/600] Step [0/17] Loss: 5.5328 Bio: 0.9324 GateEnt: nan GateDiv: nan
Epoch [586/600] Total Loss: 92.4469
Epoch [587/600] Step [0/17] Loss: 5.5592 Bio: 0.8902 GateEnt: nan GateDiv: nan
Epoch [587/600] Total Loss: 93.2195
Epoch [588/600] Step [0/17] Loss: 5.6596 Bio: 0.8273 GateEnt: nan GateDiv: nan
Epoch [588/600] Total Loss: 92.1651
Epoch [589/600] Step [0/17] Loss: 5.6558 Bio: 0.9385 GateEnt: nan GateDiv: nan
Epoch [589/600] Total Loss: 92.3464
Epoch [590/600] Step [0/17] Loss: 5.3951 Bio: 0.8853 GateEnt: nan GateDiv: nan
Epoch [590/600] Total Loss: 91.7892
Epoch [591/600] Step [0/17] Loss: 5.6914 Bio: 0.8895 GateEnt: nan GateDiv: nan
Epoch [591/600] Total Loss: 93.6468
Epoch [592/600] Step [0/17] Loss: 5.7307 Bio: 0.9300 GateEnt: nan GateDiv: nan
Epoch [592/600] Total Loss: 91.7052
Epoch [593/600] Step [0/17] Loss: 5.5124 Bio: 0.8920 GateEnt: nan GateDiv: nan
Epoch [593/600] Total Loss: 92.7091
Epoch [594/600] Step [0/17] Loss: 5.5518 Bio: 0.8378 GateEnt: nan GateDiv: nan
Epoch [594/600] Total Loss: 91.7821
Epoch [595/600] Step [0/17] Loss: 5.4786 Bio: 1.0081 GateEnt: nan GateDiv: nan
Epoch [595/600] Total Loss: 93.1449
Epoch [596/600] Step [0/17] Loss: 5.5593 Bio: 0.8801 GateEnt: nan GateDiv: nan
Epoch [596/600] Total Loss: 92.1353
Epoch [597/600] Step [0/17] Loss: 5.4490 Bio: 0.9537 GateEnt: nan GateDiv: nan
Epoch [597/600] Total Loss: 92.3021
Epoch [598/600] Step [0/17] Loss: 5.6952 Bio: 0.8999 GateEnt: nan GateDiv: nan
Epoch [598/600] Total Loss: 89.7584
Epoch [599/600] Step [0/17] Loss: 5.5758 Bio: 0.9203 GateEnt: nan GateDiv: nan
Epoch [599/600] Total Loss: 90.8645

=== Loss Summary ===
  Epoch   1: 118.8002
  Epoch 151: 96.8721
  Epoch 301: 94.7177
  Epoch 451: 94.5354
  Epoch 600: 90.8645
  Delta (last 25% = 150 ep): -3.6709
  If delta > -1.0, model has converged
linear training complete.
=== extract clusters: Mon Sep 28 06:02:23 EDT 2026 ===
[dataloader] Loaded bio-anchors from /gpfs/research/fangroup/ug25b/BIOS/BIOS_v2/BRCA/anchors/bio_anchors_BRCA_gsva_H40.csv: torch.Size([1031, 40])
saved /gpfs/research/fangroup/ug25b/BIOS/BIOS_v2/BRCA/results/subtyping_results/BIOS/v2_biodim0_seed42_600ep_2026-09-28/clusters.csv  (1031 patients, 5 clusters, sizes {0: 180, 1: 267, 2: 205, 3: 200, 4: 179})
=== DONE Mon Sep 28 06:02:33 EDT 2026 ===
