=== STEP 1: GSVA on full symbol-mapped UCEC transcriptome ===
[INFO] Loading mRNA from: data/raw/UCEC_HiSeqV2_symbols.tsv.gz
[INFO] Loaded shape: (36820, 585)
[INFO] Sample gene names (index): ['TSPAN6', 'TNMD', 'DPM1', 'SCYL3', 'C1orf112']
[INFO] Sample patient IDs (columns): ['TCGA-FI-A3PX-01A', 'TCGA-BG-A221-01A', 'TCGA-EY-A1GK-01A']
[GSVA] 4 anchors | 585 samples x 36820 genes
[GSVA] Anchors: ['HALLMARK_E2F_TARGETS', 'HALLMARK_EPITHELIAL_MESENCHYMAL_TRANSITION', 'HALLMARK_INFLAMMATORY_RESPONSE', 'HALLMARK_MYC_TARGETS_V1']
  [OK] HALLMARK_E2F_TARGETS: 126/129 genes (98%)
  [OK] HALLMARK_EPITHELIAL_MESENCHYMAL_TRANSITION: 148/151 genes (98%)
  [OK] HALLMARK_INFLAMMATORY_RESPONSE: 206/210 genes (98%)
  [OK] HALLMARK_MYC_TARGETS_V1: 148/163 genes (91%)
[GSVA] Running ssGSEA... (~3-5 min on full TCGA-BRCA)
[GSVA] Scores shape: (585, 4) | range [0.629, 1.629]
[GSVA] Z-score normalized.
[GSVA] Saved to gsva_cache_UCEC_decorr_M4.pkl

[INFO] Anchor matrix: (585, 4)
[INFO] Saved: data/bio_anchors/bio_anchors_UCEC_gsva_decorr_M4.csv  shape=(0, 5)
[INFO] Columns: ['patient_id', 'HALLMARK_E2F_TARGETS', 'HALLMARK_EPITHELIAL_MESENCHYMAL_TRANSITION', 'HALLMARK_INFLAMMATORY_RESPONSE', 'HALLMARK_MYC_TARGETS_V1']

First 3 rows:
Empty DataFrame
Columns: [patient_id, HALLMARK_E2F_TARGETS, HALLMARK_EPITHELIAL_MESENCHYMAL_TRANSITION, HALLMARK_INFLAMMATORY_RESPONSE, HALLMARK_MYC_TARGETS_V1]
Index: []

[VERIFY] Reading data/bio_anchors/bio_anchors_UCEC_gsva_decorr_M4.csv
  Shape      : (0, 5)
  Columns    : ['patient_id', 'HALLMARK_E2F_TARGETS', 'HALLMARK_EPITHELIAL_MESENCHYMAL_TRANSITION', 'HALLMARK_INFLAMMATORY_RESPONSE', 'HALLMARK_MYC_TARGETS_V1']
  patient_id sample: []
GSVA failed
