=== config ===
# BIOS v2_benchmark_600ep_2026-09-10 — BLCA
cancer_type:      BLCA
cluster_number:   5
head_type:        linear
bio_dim:          16
n_anchors:        40
bio_anchor_file:  /gpfs/research/fangroup/ug25b/BIOS/BIOS_v2/BLCA/anchors/bio_anchors_BLCA_gsva_H40.csv
epochs:           600
lambda_bio:       0.1
batch_size:       64
seed:             42
model_path:       /gpfs/research/fangroup/ug25b/BIOS/BIOS_v2/BLCA/results/subtyping_results/BIOS/v2_benchmark_600ep_2026-09-10/checkpoint
=== train: Fri Sep 11 15:36:31 EDT 2026 ===
[config] loaded /gpfs/research/fangroup/ug25b/BIOS/BIOS_v2/BLCA/configs/BIOS_v2_benchmark_600ep_2026-09-10.yaml
[config]   cancer_type: BLCA
[config]   cluster_number: 5
[config]   head_type: linear
[config]   bio_dim: 16
[config]   n_anchors: 40
[config]   bio_anchor_file: /gpfs/research/fangroup/ug25b/BIOS/BIOS_v2/BLCA/anchors/bio_anchors_BLCA_gsva_H40.csv
[config]   epochs: 600
[config]   lambda_bio: 0.1
[config]   batch_size: 64
[config]   seed: 42
[config]   model_path: /gpfs/research/fangroup/ug25b/BIOS/BIOS_v2/BLCA/results/subtyping_results/BIOS/v2_benchmark_600ep_2026-09-10/checkpoint
Head type    : linear
Cancer       : BLCA | bio_dim: 16 | lambda_bio: 0.1
Bio anchor   : /gpfs/research/fangroup/ug25b/BIOS/BIOS_v2/BLCA/anchors/bio_anchors_BLCA_gsva_H40.csv
Cluster num  : 5
Epochs       : 600
[dataloader] Loaded bio-anchors from /gpfs/research/fangroup/ug25b/BIOS/BIOS_v2/BLCA/anchors/bio_anchors_BLCA_gsva_H40.csv: torch.Size([398, 40])
Device       : cpu
Model params : 73,947,597
Epoch [0/600] Step [0/7] Loss: 7.1395 Bio: 1.0527 GateEnt: nan GateDiv: nan
Epoch [0/600] Total Loss: 48.3289
Epoch [1/600] Step [0/7] Loss: 7.1298 Bio: 0.9573 GateEnt: nan GateDiv: nan
Epoch [1/600] Total Loss: 48.3314
Epoch [2/600] Step [0/7] Loss: 7.1241 Bio: 0.9109 GateEnt: nan GateDiv: nan
Epoch [2/600] Total Loss: 48.3190
Epoch [3/600] Step [0/7] Loss: 7.1060 Bio: 0.8490 GateEnt: nan GateDiv: nan
Epoch [3/600] Total Loss: 47.9447
Epoch [4/600] Step [0/7] Loss: 7.1282 Bio: 0.9339 GateEnt: nan GateDiv: nan
Epoch [4/600] Total Loss: 48.3751
Epoch [5/600] Step [0/7] Loss: 7.1342 Bio: 0.9994 GateEnt: nan GateDiv: nan
Epoch [5/600] Total Loss: 48.3487
Epoch [6/600] Step [0/7] Loss: 7.1316 Bio: 0.9801 GateEnt: nan GateDiv: nan
Epoch [6/600] Total Loss: 48.3527
Epoch [7/600] Step [0/7] Loss: 7.1267 Bio: 0.9213 GateEnt: nan GateDiv: nan
Epoch [7/600] Total Loss: 48.3317
Epoch [8/600] Step [0/7] Loss: 7.1292 Bio: 0.9554 GateEnt: nan GateDiv: nan
Epoch [8/600] Total Loss: 48.3341
Epoch [9/600] Step [0/7] Loss: 7.1411 Bio: 1.0760 GateEnt: nan GateDiv: nan
Epoch [9/600] Total Loss: 48.3688
Epoch [10/600] Step [0/7] Loss: 7.1324 Bio: 0.9884 GateEnt: nan GateDiv: nan
Epoch [10/600] Total Loss: 48.3471
Epoch [11/600] Step [0/7] Loss: 7.1305 Bio: 0.9720 GateEnt: nan GateDiv: nan
Epoch [11/600] Total Loss: 48.3433
Epoch [12/600] Step [0/7] Loss: 7.1262 Bio: 0.9338 GateEnt: nan GateDiv: nan
Epoch [12/600] Total Loss: 48.3199
Epoch [13/600] Step [0/7] Loss: 7.1342 Bio: 1.0184 GateEnt: nan GateDiv: nan
Epoch [13/600] Total Loss: 48.3131
Epoch [14/600] Step [0/7] Loss: 7.1202 Bio: 0.9491 GateEnt: nan GateDiv: nan
Epoch [14/600] Total Loss: 47.8417
Epoch [15/600] Step [0/7] Loss: 7.1339 Bio: 0.9547 GateEnt: nan GateDiv: nan
Epoch [15/600] Total Loss: 48.3707
Epoch [16/600] Step [0/7] Loss: 7.1050 Bio: 1.0276 GateEnt: nan GateDiv: nan
Epoch [16/600] Total Loss: 47.5475
Epoch [17/600] Step [0/7] Loss: 6.9512 Bio: 0.8945 GateEnt: nan GateDiv: nan
Epoch [17/600] Total Loss: 46.8481
Epoch [18/600] Step [0/7] Loss: 6.8452 Bio: 0.9972 GateEnt: nan GateDiv: nan
Epoch [18/600] Total Loss: 46.0807
Epoch [19/600] Step [0/7] Loss: 6.4989 Bio: 0.8992 GateEnt: nan GateDiv: nan
Epoch [19/600] Total Loss: 45.0218
Epoch [20/600] Step [0/7] Loss: 6.5062 Bio: 0.9798 GateEnt: nan GateDiv: nan
Epoch [20/600] Total Loss: 45.0350
Epoch [21/600] Step [0/7] Loss: 6.5100 Bio: 1.0244 GateEnt: nan GateDiv: nan
Epoch [21/600] Total Loss: 45.0142
Epoch [22/600] Step [0/7] Loss: 6.9619 Bio: 1.0214 GateEnt: nan GateDiv: nan
Epoch [22/600] Total Loss: 45.8507
Epoch [23/600] Step [0/7] Loss: 6.4245 Bio: 0.9758 GateEnt: nan GateDiv: nan
Epoch [23/600] Total Loss: 45.0231
Epoch [24/600] Step [0/7] Loss: 6.6425 Bio: 0.8911 GateEnt: nan GateDiv: nan
Epoch [24/600] Total Loss: 44.1001
Epoch [25/600] Step [0/7] Loss: 6.5040 Bio: 1.0636 GateEnt: nan GateDiv: nan
Epoch [25/600] Total Loss: 44.0372
Epoch [26/600] Step [0/7] Loss: 6.3862 Bio: 0.9758 GateEnt: nan GateDiv: nan
Epoch [26/600] Total Loss: 44.0185
Epoch [27/600] Step [0/7] Loss: 6.6254 Bio: 0.9653 GateEnt: nan GateDiv: nan
Epoch [27/600] Total Loss: 43.5649
Epoch [28/600] Step [0/7] Loss: 6.3770 Bio: 0.8811 GateEnt: nan GateDiv: nan
Epoch [28/600] Total Loss: 43.3976
Epoch [29/600] Step [0/7] Loss: 6.4786 Bio: 0.8743 GateEnt: nan GateDiv: nan
Epoch [29/600] Total Loss: 43.6365
Epoch [30/600] Step [0/7] Loss: 6.5323 Bio: 0.9811 GateEnt: nan GateDiv: nan
Epoch [30/600] Total Loss: 43.3585
Epoch [31/600] Step [0/7] Loss: 6.2918 Bio: 0.9688 GateEnt: nan GateDiv: nan
Epoch [31/600] Total Loss: 43.3330
Epoch [32/600] Step [0/7] Loss: 6.4998 Bio: 0.9734 GateEnt: nan GateDiv: nan
Epoch [32/600] Total Loss: 42.3414
Epoch [33/600] Step [0/7] Loss: 6.4151 Bio: 0.9022 GateEnt: nan GateDiv: nan
Epoch [33/600] Total Loss: 43.0893
Epoch [34/600] Step [0/7] Loss: 6.5675 Bio: 0.8628 GateEnt: nan GateDiv: nan
Epoch [34/600] Total Loss: 43.3984
Epoch [35/600] Step [0/7] Loss: 6.2877 Bio: 0.9324 GateEnt: nan GateDiv: nan
Epoch [35/600] Total Loss: 43.9049
Epoch [36/600] Step [0/7] Loss: 6.3336 Bio: 0.9812 GateEnt: nan GateDiv: nan
Epoch [36/600] Total Loss: 42.5363
Epoch [37/600] Step [0/7] Loss: 6.3103 Bio: 0.9504 GateEnt: nan GateDiv: nan
Epoch [37/600] Total Loss: 42.6839
Epoch [38/600] Step [0/7] Loss: 6.2112 Bio: 1.0514 GateEnt: nan GateDiv: nan
Epoch [38/600] Total Loss: 43.4345
Epoch [39/600] Step [0/7] Loss: 6.2930 Bio: 0.9895 GateEnt: nan GateDiv: nan
Epoch [39/600] Total Loss: 42.7861
Epoch [40/600] Step [0/7] Loss: 6.1572 Bio: 0.9675 GateEnt: nan GateDiv: nan
Epoch [40/600] Total Loss: 43.4375
Epoch [41/600] Step [0/7] Loss: 6.4624 Bio: 1.0184 GateEnt: nan GateDiv: nan
Epoch [41/600] Total Loss: 43.2151
Epoch [42/600] Step [0/7] Loss: 6.2108 Bio: 1.0223 GateEnt: nan GateDiv: nan
Epoch [42/600] Total Loss: 42.1843
Epoch [43/600] Step [0/7] Loss: 6.3665 Bio: 0.9502 GateEnt: nan GateDiv: nan
Epoch [43/600] Total Loss: 43.4343
Epoch [44/600] Step [0/7] Loss: 6.4952 Bio: 0.9208 GateEnt: nan GateDiv: nan
Epoch [44/600] Total Loss: 42.9225
Epoch [45/600] Step [0/7] Loss: 6.4066 Bio: 0.8800 GateEnt: nan GateDiv: nan
Epoch [45/600] Total Loss: 43.8480
Epoch [46/600] Step [0/7] Loss: 6.2904 Bio: 0.8886 GateEnt: nan GateDiv: nan
Epoch [46/600] Total Loss: 42.4711
Epoch [47/600] Step [0/7] Loss: 6.3193 Bio: 0.9712 GateEnt: nan GateDiv: nan
Epoch [47/600] Total Loss: 42.5885
Epoch [48/600] Step [0/7] Loss: 6.2028 Bio: 0.9764 GateEnt: nan GateDiv: nan
Epoch [48/600] Total Loss: 42.4884
Epoch [49/600] Step [0/7] Loss: 6.1799 Bio: 0.9887 GateEnt: nan GateDiv: nan
Epoch [49/600] Total Loss: 42.2254
Epoch [50/600] Step [0/7] Loss: 6.3039 Bio: 1.0485 GateEnt: nan GateDiv: nan
Epoch [50/600] Total Loss: 42.2211
Epoch [51/600] Step [0/7] Loss: 6.1457 Bio: 1.0508 GateEnt: nan GateDiv: nan
Epoch [51/600] Total Loss: 41.9337
Epoch [52/600] Step [0/7] Loss: 6.3186 Bio: 1.0390 GateEnt: nan GateDiv: nan
Epoch [52/600] Total Loss: 42.0054
Epoch [53/600] Step [0/7] Loss: 6.4155 Bio: 0.8548 GateEnt: nan GateDiv: nan
Epoch [53/600] Total Loss: 41.8294
Epoch [54/600] Step [0/7] Loss: 6.1726 Bio: 0.8690 GateEnt: nan GateDiv: nan
Epoch [54/600] Total Loss: 41.5232
Epoch [55/600] Step [0/7] Loss: 6.5632 Bio: 0.9148 GateEnt: nan GateDiv: nan
Epoch [55/600] Total Loss: 42.3268
Epoch [56/600] Step [0/7] Loss: 6.3507 Bio: 0.8832 GateEnt: nan GateDiv: nan
Epoch [56/600] Total Loss: 41.8872
Epoch [57/600] Step [0/7] Loss: 6.4416 Bio: 0.9297 GateEnt: nan GateDiv: nan
Epoch [57/600] Total Loss: 42.6850
Epoch [58/600] Step [0/7] Loss: 6.0964 Bio: 0.8733 GateEnt: nan GateDiv: nan
Epoch [58/600] Total Loss: 42.4532
Epoch [59/600] Step [0/7] Loss: 6.1219 Bio: 0.8029 GateEnt: nan GateDiv: nan
Epoch [59/600] Total Loss: 41.9626
Epoch [60/600] Step [0/7] Loss: 6.2574 Bio: 0.9477 GateEnt: nan GateDiv: nan
Epoch [60/600] Total Loss: 42.0281
Epoch [61/600] Step [0/7] Loss: 6.0814 Bio: 0.8577 GateEnt: nan GateDiv: nan
Epoch [61/600] Total Loss: 41.4209
Epoch [62/600] Step [0/7] Loss: 6.0168 Bio: 0.9170 GateEnt: nan GateDiv: nan
Epoch [62/600] Total Loss: 41.0400
Epoch [63/600] Step [0/7] Loss: 6.0364 Bio: 0.9310 GateEnt: nan GateDiv: nan
Epoch [63/600] Total Loss: 42.1807
Epoch [64/600] Step [0/7] Loss: 6.1428 Bio: 1.0093 GateEnt: nan GateDiv: nan
Epoch [64/600] Total Loss: 41.5316
Epoch [65/600] Step [0/7] Loss: 6.1995 Bio: 0.9325 GateEnt: nan GateDiv: nan
Epoch [65/600] Total Loss: 42.4939
Epoch [66/600] Step [0/7] Loss: 6.1823 Bio: 0.8481 GateEnt: nan GateDiv: nan
Epoch [66/600] Total Loss: 41.7303
Epoch [67/600] Step [0/7] Loss: 5.9118 Bio: 0.9268 GateEnt: nan GateDiv: nan
Epoch [67/600] Total Loss: 41.5355
Epoch [68/600] Step [0/7] Loss: 6.0991 Bio: 0.8931 GateEnt: nan GateDiv: nan
Epoch [68/600] Total Loss: 41.4989
Epoch [69/600] Step [0/7] Loss: 6.0832 Bio: 0.9523 GateEnt: nan GateDiv: nan
Epoch [69/600] Total Loss: 41.8031
Epoch [70/600] Step [0/7] Loss: 6.2331 Bio: 0.8871 GateEnt: nan GateDiv: nan
Epoch [70/600] Total Loss: 42.2411
Epoch [71/600] Step [0/7] Loss: 6.1015 Bio: 0.7456 GateEnt: nan GateDiv: nan
Epoch [71/600] Total Loss: 41.0079
Epoch [72/600] Step [0/7] Loss: 6.3968 Bio: 0.8100 GateEnt: nan GateDiv: nan
Epoch [72/600] Total Loss: 42.4918
Epoch [73/600] Step [0/7] Loss: 6.2046 Bio: 0.9443 GateEnt: nan GateDiv: nan
Epoch [73/600] Total Loss: 41.8529
Epoch [74/600] Step [0/7] Loss: 6.1000 Bio: 0.9102 GateEnt: nan GateDiv: nan
Epoch [74/600] Total Loss: 42.0232
Epoch [75/600] Step [0/7] Loss: 6.2494 Bio: 1.0345 GateEnt: nan GateDiv: nan
Epoch [75/600] Total Loss: 42.0157
Epoch [76/600] Step [0/7] Loss: 6.2147 Bio: 0.8643 GateEnt: nan GateDiv: nan
Epoch [76/600] Total Loss: 41.1030
Epoch [77/600] Step [0/7] Loss: 6.2138 Bio: 0.8237 GateEnt: nan GateDiv: nan
Epoch [77/600] Total Loss: 40.8538
Epoch [78/600] Step [0/7] Loss: 6.3199 Bio: 0.9967 GateEnt: nan GateDiv: nan
Epoch [78/600] Total Loss: 41.8234
Epoch [79/600] Step [0/7] Loss: 6.3368 Bio: 0.8511 GateEnt: nan GateDiv: nan
Epoch [79/600] Total Loss: 41.9701
Epoch [80/600] Step [0/7] Loss: 5.9016 Bio: 0.8952 GateEnt: nan GateDiv: nan
Epoch [80/600] Total Loss: 42.0388
Epoch [81/600] Step [0/7] Loss: 6.0282 Bio: 0.8174 GateEnt: nan GateDiv: nan
Epoch [81/600] Total Loss: 41.3532
Epoch [82/600] Step [0/7] Loss: 6.2559 Bio: 0.8436 GateEnt: nan GateDiv: nan
Epoch [82/600] Total Loss: 41.5438
Epoch [83/600] Step [0/7] Loss: 6.3219 Bio: 0.8337 GateEnt: nan GateDiv: nan
Epoch [83/600] Total Loss: 41.1231
Epoch [84/600] Step [0/7] Loss: 6.0619 Bio: 0.7662 GateEnt: nan GateDiv: nan
Epoch [84/600] Total Loss: 40.8187
Epoch [85/600] Step [0/7] Loss: 6.0801 Bio: 0.8195 GateEnt: nan GateDiv: nan
Epoch [85/600] Total Loss: 40.7950
Epoch [86/600] Step [0/7] Loss: 5.8730 Bio: 0.8195 GateEnt: nan GateDiv: nan
Epoch [86/600] Total Loss: 41.2888
Epoch [87/600] Step [0/7] Loss: 6.0188 Bio: 0.7956 GateEnt: nan GateDiv: nan
Epoch [87/600] Total Loss: 40.3987
Epoch [88/600] Step [0/7] Loss: 5.9562 Bio: 0.9923 GateEnt: nan GateDiv: nan
Epoch [88/600] Total Loss: 41.8108
Epoch [89/600] Step [0/7] Loss: 5.9803 Bio: 0.8432 GateEnt: nan GateDiv: nan
Epoch [89/600] Total Loss: 40.4794
Epoch [90/600] Step [0/7] Loss: 6.0089 Bio: 0.8204 GateEnt: nan GateDiv: nan
Epoch [90/600] Total Loss: 41.6140
Epoch [91/600] Step [0/7] Loss: 6.0672 Bio: 0.8441 GateEnt: nan GateDiv: nan
Epoch [91/600] Total Loss: 40.7169
Epoch [92/600] Step [0/7] Loss: 6.0852 Bio: 0.7987 GateEnt: nan GateDiv: nan
Epoch [92/600] Total Loss: 40.6384
Epoch [93/600] Step [0/7] Loss: 6.1716 Bio: 0.9614 GateEnt: nan GateDiv: nan
Epoch [93/600] Total Loss: 41.3573
Epoch [94/600] Step [0/7] Loss: 5.9060 Bio: 0.7819 GateEnt: nan GateDiv: nan
Epoch [94/600] Total Loss: 40.8078
Epoch [95/600] Step [0/7] Loss: 6.1791 Bio: 0.8265 GateEnt: nan GateDiv: nan
Epoch [95/600] Total Loss: 40.5211
Epoch [96/600] Step [0/7] Loss: 6.2761 Bio: 0.8357 GateEnt: nan GateDiv: nan
Epoch [96/600] Total Loss: 42.0816
Epoch [97/600] Step [0/7] Loss: 6.1582 Bio: 0.8200 GateEnt: nan GateDiv: nan
Epoch [97/600] Total Loss: 40.8487
Epoch [98/600] Step [0/7] Loss: 6.1140 Bio: 0.7931 GateEnt: nan GateDiv: nan
Epoch [98/600] Total Loss: 41.4028
Epoch [99/600] Step [0/7] Loss: 5.9927 Bio: 0.7824 GateEnt: nan GateDiv: nan
Epoch [99/600] Total Loss: 41.0376
Epoch [100/600] Step [0/7] Loss: 6.0875 Bio: 0.8189 GateEnt: nan GateDiv: nan
Epoch [100/600] Total Loss: 41.5593
Epoch [101/600] Step [0/7] Loss: 5.9430 Bio: 0.8253 GateEnt: nan GateDiv: nan
Epoch [101/600] Total Loss: 42.1557
Epoch [102/600] Step [0/7] Loss: 5.7889 Bio: 0.8289 GateEnt: nan GateDiv: nan
Epoch [102/600] Total Loss: 40.8780
Epoch [103/600] Step [0/7] Loss: 6.2043 Bio: 0.8285 GateEnt: nan GateDiv: nan
Epoch [103/600] Total Loss: 40.5152
Epoch [104/600] Step [0/7] Loss: 6.0611 Bio: 0.8297 GateEnt: nan GateDiv: nan
Epoch [104/600] Total Loss: 41.0685
Epoch [105/600] Step [0/7] Loss: 5.7930 Bio: 0.7784 GateEnt: nan GateDiv: nan
Epoch [105/600] Total Loss: 40.4597
Epoch [106/600] Step [0/7] Loss: 5.9537 Bio: 0.8663 GateEnt: nan GateDiv: nan
Epoch [106/600] Total Loss: 40.9346
Epoch [107/600] Step [0/7] Loss: 5.8497 Bio: 0.7405 GateEnt: nan GateDiv: nan
Epoch [107/600] Total Loss: 40.7873
Epoch [108/600] Step [0/7] Loss: 5.8342 Bio: 0.7353 GateEnt: nan GateDiv: nan
Epoch [108/600] Total Loss: 41.0251
Epoch [109/600] Step [0/7] Loss: 6.1411 Bio: 0.8153 GateEnt: nan GateDiv: nan
Epoch [109/600] Total Loss: 41.1885
Epoch [110/600] Step [0/7] Loss: 6.1270 Bio: 0.8103 GateEnt: nan GateDiv: nan
Epoch [110/600] Total Loss: 40.8383
Epoch [111/600] Step [0/7] Loss: 6.0282 Bio: 0.7770 GateEnt: nan GateDiv: nan
Epoch [111/600] Total Loss: 40.8902
Epoch [112/600] Step [0/7] Loss: 5.9566 Bio: 0.7739 GateEnt: nan GateDiv: nan
Epoch [112/600] Total Loss: 40.3474
Epoch [113/600] Step [0/7] Loss: 5.8424 Bio: 0.8083 GateEnt: nan GateDiv: nan
Epoch [113/600] Total Loss: 40.3827
Epoch [114/600] Step [0/7] Loss: 5.9397 Bio: 0.9662 GateEnt: nan GateDiv: nan
Epoch [114/600] Total Loss: 40.5861
Epoch [115/600] Step [0/7] Loss: 5.9566 Bio: 0.7875 GateEnt: nan GateDiv: nan
Epoch [115/600] Total Loss: 41.3977
Epoch [116/600] Step [0/7] Loss: 6.0483 Bio: 0.7345 GateEnt: nan GateDiv: nan
Epoch [116/600] Total Loss: 41.3355
Epoch [117/600] Step [0/7] Loss: 6.0918 Bio: 0.8072 GateEnt: nan GateDiv: nan
Epoch [117/600] Total Loss: 41.1544
Epoch [118/600] Step [0/7] Loss: 5.8962 Bio: 0.8273 GateEnt: nan GateDiv: nan
Epoch [118/600] Total Loss: 41.1635
Epoch [119/600] Step [0/7] Loss: 6.1696 Bio: 0.7831 GateEnt: nan GateDiv: nan
Epoch [119/600] Total Loss: 40.9079
Epoch [120/600] Step [0/7] Loss: 5.8913 Bio: 0.9122 GateEnt: nan GateDiv: nan
Epoch [120/600] Total Loss: 41.1311
Epoch [121/600] Step [0/7] Loss: 6.2436 Bio: 0.8242 GateEnt: nan GateDiv: nan
Epoch [121/600] Total Loss: 40.7856
Epoch [122/600] Step [0/7] Loss: 5.9361 Bio: 0.7383 GateEnt: nan GateDiv: nan
Epoch [122/600] Total Loss: 41.0536
Epoch [123/600] Step [0/7] Loss: 5.8142 Bio: 0.8444 GateEnt: nan GateDiv: nan
Epoch [123/600] Total Loss: 40.5782
Epoch [124/600] Step [0/7] Loss: 6.1580 Bio: 0.9386 GateEnt: nan GateDiv: nan
Epoch [124/600] Total Loss: 41.4039
Epoch [125/600] Step [0/7] Loss: 6.0335 Bio: 0.7051 GateEnt: nan GateDiv: nan
Epoch [125/600] Total Loss: 41.3480
Epoch [126/600] Step [0/7] Loss: 6.0639 Bio: 0.8228 GateEnt: nan GateDiv: nan
Epoch [126/600] Total Loss: 40.4603
Epoch [127/600] Step [0/7] Loss: 6.0335 Bio: 0.7549 GateEnt: nan GateDiv: nan
Epoch [127/600] Total Loss: 40.6094
Epoch [128/600] Step [0/7] Loss: 6.0963 Bio: 0.9256 GateEnt: nan GateDiv: nan
Epoch [128/600] Total Loss: 40.1461
Epoch [129/600] Step [0/7] Loss: 6.0774 Bio: 0.8914 GateEnt: nan GateDiv: nan
Epoch [129/600] Total Loss: 40.3530
Epoch [130/600] Step [0/7] Loss: 6.1511 Bio: 0.7241 GateEnt: nan GateDiv: nan
Epoch [130/600] Total Loss: 40.9261
Epoch [131/600] Step [0/7] Loss: 5.7998 Bio: 0.7507 GateEnt: nan GateDiv: nan
Epoch [131/600] Total Loss: 41.2227
Epoch [132/600] Step [0/7] Loss: 6.0340 Bio: 0.8352 GateEnt: nan GateDiv: nan
Epoch [132/600] Total Loss: 40.5868
Epoch [133/600] Step [0/7] Loss: 5.9341 Bio: 0.7815 GateEnt: nan GateDiv: nan
Epoch [133/600] Total Loss: 40.9706
Epoch [134/600] Step [0/7] Loss: 5.9258 Bio: 0.7283 GateEnt: nan GateDiv: nan
Epoch [134/600] Total Loss: 40.6610
Epoch [135/600] Step [0/7] Loss: 5.8767 Bio: 0.7275 GateEnt: nan GateDiv: nan
Epoch [135/600] Total Loss: 40.4958
Epoch [136/600] Step [0/7] Loss: 5.9462 Bio: 0.8190 GateEnt: nan GateDiv: nan
Epoch [136/600] Total Loss: 40.5951
Epoch [137/600] Step [0/7] Loss: 5.9549 Bio: 0.8266 GateEnt: nan GateDiv: nan
Epoch [137/600] Total Loss: 40.5016
Epoch [138/600] Step [0/7] Loss: 5.8888 Bio: 0.8521 GateEnt: nan GateDiv: nan
Epoch [138/600] Total Loss: 40.4639
Epoch [139/600] Step [0/7] Loss: 5.9375 Bio: 0.8877 GateEnt: nan GateDiv: nan
Epoch [139/600] Total Loss: 40.5208
Epoch [140/600] Step [0/7] Loss: 6.1412 Bio: 0.8777 GateEnt: nan GateDiv: nan
Epoch [140/600] Total Loss: 40.0681
Epoch [141/600] Step [0/7] Loss: 6.0786 Bio: 0.8613 GateEnt: nan GateDiv: nan
Epoch [141/600] Total Loss: 40.4291
Epoch [142/600] Step [0/7] Loss: 6.2511 Bio: 0.8748 GateEnt: nan GateDiv: nan
Epoch [142/600] Total Loss: 41.2275
Epoch [143/600] Step [0/7] Loss: 6.0292 Bio: 0.8181 GateEnt: nan GateDiv: nan
Epoch [143/600] Total Loss: 40.4643
Epoch [144/600] Step [0/7] Loss: 5.9143 Bio: 0.7531 GateEnt: nan GateDiv: nan
Epoch [144/600] Total Loss: 40.3100
Epoch [145/600] Step [0/7] Loss: 5.8990 Bio: 0.7756 GateEnt: nan GateDiv: nan
Epoch [145/600] Total Loss: 39.8851
Epoch [146/600] Step [0/7] Loss: 5.9464 Bio: 0.9036 GateEnt: nan GateDiv: nan
Epoch [146/600] Total Loss: 40.1506
Epoch [147/600] Step [0/7] Loss: 6.1570 Bio: 0.7927 GateEnt: nan GateDiv: nan
Epoch [147/600] Total Loss: 41.1051
Epoch [148/600] Step [0/7] Loss: 5.9574 Bio: 0.7445 GateEnt: nan GateDiv: nan
Epoch [148/600] Total Loss: 41.1114
Epoch [149/600] Step [0/7] Loss: 6.1549 Bio: 0.7985 GateEnt: nan GateDiv: nan
Epoch [149/600] Total Loss: 40.7977
Epoch [150/600] Step [0/7] Loss: 5.8313 Bio: 0.8443 GateEnt: nan GateDiv: nan
Epoch [150/600] Total Loss: 40.0486
Epoch [151/600] Step [0/7] Loss: 6.2960 Bio: 0.8669 GateEnt: nan GateDiv: nan
Epoch [151/600] Total Loss: 40.6047
Epoch [152/600] Step [0/7] Loss: 6.1294 Bio: 0.8791 GateEnt: nan GateDiv: nan
Epoch [152/600] Total Loss: 40.8295
Epoch [153/600] Step [0/7] Loss: 6.0356 Bio: 0.7281 GateEnt: nan GateDiv: nan
Epoch [153/600] Total Loss: 40.0191
Epoch [154/600] Step [0/7] Loss: 5.9401 Bio: 0.9021 GateEnt: nan GateDiv: nan
Epoch [154/600] Total Loss: 40.5679
Epoch [155/600] Step [0/7] Loss: 6.0547 Bio: 0.9258 GateEnt: nan GateDiv: nan
Epoch [155/600] Total Loss: 40.5028
Epoch [156/600] Step [0/7] Loss: 6.0078 Bio: 0.7259 GateEnt: nan GateDiv: nan
Epoch [156/600] Total Loss: 40.5825
Epoch [157/600] Step [0/7] Loss: 5.9654 Bio: 0.8174 GateEnt: nan GateDiv: nan
Epoch [157/600] Total Loss: 40.0135
Epoch [158/600] Step [0/7] Loss: 5.9933 Bio: 0.7780 GateEnt: nan GateDiv: nan
Epoch [158/600] Total Loss: 41.4545
Epoch [159/600] Step [0/7] Loss: 5.8784 Bio: 0.8404 GateEnt: nan GateDiv: nan
Epoch [159/600] Total Loss: 40.5975
Epoch [160/600] Step [0/7] Loss: 5.9799 Bio: 0.8035 GateEnt: nan GateDiv: nan
Epoch [160/600] Total Loss: 40.1726
Epoch [161/600] Step [0/7] Loss: 5.9879 Bio: 0.9197 GateEnt: nan GateDiv: nan
Epoch [161/600] Total Loss: 39.8565
Epoch [162/600] Step [0/7] Loss: 5.9032 Bio: 0.8436 GateEnt: nan GateDiv: nan
Epoch [162/600] Total Loss: 40.9937
Epoch [163/600] Step [0/7] Loss: 5.9238 Bio: 0.7275 GateEnt: nan GateDiv: nan
Epoch [163/600] Total Loss: 40.4156
Epoch [164/600] Step [0/7] Loss: 5.9562 Bio: 0.8701 GateEnt: nan GateDiv: nan
Epoch [164/600] Total Loss: 40.0664
Epoch [165/600] Step [0/7] Loss: 6.1414 Bio: 0.8128 GateEnt: nan GateDiv: nan
Epoch [165/600] Total Loss: 39.9912
Epoch [166/600] Step [0/7] Loss: 5.9295 Bio: 0.8396 GateEnt: nan GateDiv: nan
Epoch [166/600] Total Loss: 40.0547
Epoch [167/600] Step [0/7] Loss: 5.7699 Bio: 0.7982 GateEnt: nan GateDiv: nan
Epoch [167/600] Total Loss: 39.7177
Epoch [168/600] Step [0/7] Loss: 6.2063 Bio: 0.8465 GateEnt: nan GateDiv: nan
Epoch [168/600] Total Loss: 40.3316
Epoch [169/600] Step [0/7] Loss: 5.8481 Bio: 0.8224 GateEnt: nan GateDiv: nan
Epoch [169/600] Total Loss: 40.6989
Epoch [170/600] Step [0/7] Loss: 6.0087 Bio: 0.7280 GateEnt: nan GateDiv: nan
Epoch [170/600] Total Loss: 39.6160
Epoch [171/600] Step [0/7] Loss: 6.1973 Bio: 0.7393 GateEnt: nan GateDiv: nan
Epoch [171/600] Total Loss: 39.6798
Epoch [172/600] Step [0/7] Loss: 5.9747 Bio: 0.8657 GateEnt: nan GateDiv: nan
Epoch [172/600] Total Loss: 40.3712
Epoch [173/600] Step [0/7] Loss: 5.9578 Bio: 0.7863 GateEnt: nan GateDiv: nan
Epoch [173/600] Total Loss: 40.9673
Epoch [174/600] Step [0/7] Loss: 5.9088 Bio: 0.8086 GateEnt: nan GateDiv: nan
Epoch [174/600] Total Loss: 39.7864
Epoch [175/600] Step [0/7] Loss: 6.1041 Bio: 0.7686 GateEnt: nan GateDiv: nan
Epoch [175/600] Total Loss: 39.6842
Epoch [176/600] Step [0/7] Loss: 5.8401 Bio: 0.8326 GateEnt: nan GateDiv: nan
Epoch [176/600] Total Loss: 40.3519
Epoch [177/600] Step [0/7] Loss: 5.9150 Bio: 0.8013 GateEnt: nan GateDiv: nan
Epoch [177/600] Total Loss: 40.6575
Epoch [178/600] Step [0/7] Loss: 5.9462 Bio: 0.8017 GateEnt: nan GateDiv: nan
Epoch [178/600] Total Loss: 39.8809
Epoch [179/600] Step [0/7] Loss: 5.9053 Bio: 0.7603 GateEnt: nan GateDiv: nan
Epoch [179/600] Total Loss: 39.9751
Epoch [180/600] Step [0/7] Loss: 6.1107 Bio: 0.8768 GateEnt: nan GateDiv: nan
Epoch [180/600] Total Loss: 40.7424
Epoch [181/600] Step [0/7] Loss: 5.8838 Bio: 0.9111 GateEnt: nan GateDiv: nan
Epoch [181/600] Total Loss: 39.9768
Epoch [182/600] Step [0/7] Loss: 5.9595 Bio: 0.8023 GateEnt: nan GateDiv: nan
Epoch [182/600] Total Loss: 40.6892
Epoch [183/600] Step [0/7] Loss: 5.9781 Bio: 0.8106 GateEnt: nan GateDiv: nan
Epoch [183/600] Total Loss: 40.0417
Epoch [184/600] Step [0/7] Loss: 5.7593 Bio: 0.7648 GateEnt: nan GateDiv: nan
Epoch [184/600] Total Loss: 40.4176
Epoch [185/600] Step [0/7] Loss: 6.1303 Bio: 0.7107 GateEnt: nan GateDiv: nan
Epoch [185/600] Total Loss: 41.2103
Epoch [186/600] Step [0/7] Loss: 5.7918 Bio: 0.8134 GateEnt: nan GateDiv: nan
Epoch [186/600] Total Loss: 40.7011
Epoch [187/600] Step [0/7] Loss: 6.0323 Bio: 0.7853 GateEnt: nan GateDiv: nan
Epoch [187/600] Total Loss: 40.0939
Epoch [188/600] Step [0/7] Loss: 5.8904 Bio: 0.7883 GateEnt: nan GateDiv: nan
Epoch [188/600] Total Loss: 40.3151
Epoch [189/600] Step [0/7] Loss: 5.9299 Bio: 0.7599 GateEnt: nan GateDiv: nan
Epoch [189/600] Total Loss: 39.6088
Epoch [190/600] Step [0/7] Loss: 5.8120 Bio: 0.7569 GateEnt: nan GateDiv: nan
Epoch [190/600] Total Loss: 40.6396
Epoch [191/600] Step [0/7] Loss: 5.7653 Bio: 0.8878 GateEnt: nan GateDiv: nan
Epoch [191/600] Total Loss: 39.6771
Epoch [192/600] Step [0/7] Loss: 5.7804 Bio: 0.8104 GateEnt: nan GateDiv: nan
Epoch [192/600] Total Loss: 41.7603
Epoch [193/600] Step [0/7] Loss: 5.8914 Bio: 0.8175 GateEnt: nan GateDiv: nan
Epoch [193/600] Total Loss: 39.6768
Epoch [194/600] Step [0/7] Loss: 5.9434 Bio: 0.7828 GateEnt: nan GateDiv: nan
Epoch [194/600] Total Loss: 39.7305
Epoch [195/600] Step [0/7] Loss: 6.0649 Bio: 0.8209 GateEnt: nan GateDiv: nan
Epoch [195/600] Total Loss: 39.6769
Epoch [196/600] Step [0/7] Loss: 5.8962 Bio: 0.7295 GateEnt: nan GateDiv: nan
Epoch [196/600] Total Loss: 39.8705
Epoch [197/600] Step [0/7] Loss: 6.0960 Bio: 0.7307 GateEnt: nan GateDiv: nan
Epoch [197/600] Total Loss: 39.6305
Epoch [198/600] Step [0/7] Loss: 6.0102 Bio: 0.6919 GateEnt: nan GateDiv: nan
Epoch [198/600] Total Loss: 41.0451
Epoch [199/600] Step [0/7] Loss: 6.1303 Bio: 0.8456 GateEnt: nan GateDiv: nan
Epoch [199/600] Total Loss: 40.0085
Epoch [200/600] Step [0/7] Loss: 5.7095 Bio: 0.7330 GateEnt: nan GateDiv: nan
Epoch [200/600] Total Loss: 40.5077
Epoch [201/600] Step [0/7] Loss: 5.8969 Bio: 0.7399 GateEnt: nan GateDiv: nan
Epoch [201/600] Total Loss: 40.2118
Epoch [202/600] Step [0/7] Loss: 5.8624 Bio: 0.7736 GateEnt: nan GateDiv: nan
Epoch [202/600] Total Loss: 39.7852
Epoch [203/600] Step [0/7] Loss: 5.7399 Bio: 0.7358 GateEnt: nan GateDiv: nan
Epoch [203/600] Total Loss: 39.8246
Epoch [204/600] Step [0/7] Loss: 6.1724 Bio: 0.7709 GateEnt: nan GateDiv: nan
Epoch [204/600] Total Loss: 40.2961
Epoch [205/600] Step [0/7] Loss: 5.8421 Bio: 0.8743 GateEnt: nan GateDiv: nan
Epoch [205/600] Total Loss: 38.8619
Epoch [206/600] Step [0/7] Loss: 6.0535 Bio: 0.7974 GateEnt: nan GateDiv: nan
Epoch [206/600] Total Loss: 40.1594
Epoch [207/600] Step [0/7] Loss: 6.0389 Bio: 0.7845 GateEnt: nan GateDiv: nan
Epoch [207/600] Total Loss: 39.8995
Epoch [208/600] Step [0/7] Loss: 5.9292 Bio: 0.8180 GateEnt: nan GateDiv: nan
Epoch [208/600] Total Loss: 40.2186
Epoch [209/600] Step [0/7] Loss: 6.0231 Bio: 0.7565 GateEnt: nan GateDiv: nan
Epoch [209/600] Total Loss: 39.7682
Epoch [210/600] Step [0/7] Loss: 5.8497 Bio: 0.8165 GateEnt: nan GateDiv: nan
Epoch [210/600] Total Loss: 40.1826
Epoch [211/600] Step [0/7] Loss: 5.7981 Bio: 0.7492 GateEnt: nan GateDiv: nan
Epoch [211/600] Total Loss: 38.5504
Epoch [212/600] Step [0/7] Loss: 5.9457 Bio: 0.7808 GateEnt: nan GateDiv: nan
Epoch [212/600] Total Loss: 40.5526
Epoch [213/600] Step [0/7] Loss: 5.9731 Bio: 0.7915 GateEnt: nan GateDiv: nan
Epoch [213/600] Total Loss: 40.0878
Epoch [214/600] Step [0/7] Loss: 5.7476 Bio: 0.6874 GateEnt: nan GateDiv: nan
Epoch [214/600] Total Loss: 39.9178
Epoch [215/600] Step [0/7] Loss: 5.8982 Bio: 0.8085 GateEnt: nan GateDiv: nan
Epoch [215/600] Total Loss: 40.0745
Epoch [216/600] Step [0/7] Loss: 5.9455 Bio: 0.7288 GateEnt: nan GateDiv: nan
Epoch [216/600] Total Loss: 40.9965
Epoch [217/600] Step [0/7] Loss: 6.0798 Bio: 0.8049 GateEnt: nan GateDiv: nan
Epoch [217/600] Total Loss: 39.9785
Epoch [218/600] Step [0/7] Loss: 5.9770 Bio: 0.7611 GateEnt: nan GateDiv: nan
Epoch [218/600] Total Loss: 40.0998
Epoch [219/600] Step [0/7] Loss: 5.9500 Bio: 0.8320 GateEnt: nan GateDiv: nan
Epoch [219/600] Total Loss: 39.9857
Epoch [220/600] Step [0/7] Loss: 6.0691 Bio: 0.7226 GateEnt: nan GateDiv: nan
Epoch [220/600] Total Loss: 40.1401
Epoch [221/600] Step [0/7] Loss: 5.9820 Bio: 0.7500 GateEnt: nan GateDiv: nan
Epoch [221/600] Total Loss: 39.7817
Epoch [222/600] Step [0/7] Loss: 5.7953 Bio: 0.8057 GateEnt: nan GateDiv: nan
Epoch [222/600] Total Loss: 39.9303
Epoch [223/600] Step [0/7] Loss: 6.1700 Bio: 0.7370 GateEnt: nan GateDiv: nan
Epoch [223/600] Total Loss: 39.6194
Epoch [224/600] Step [0/7] Loss: 5.8197 Bio: 0.6586 GateEnt: nan GateDiv: nan
Epoch [224/600] Total Loss: 39.8331
Epoch [225/600] Step [0/7] Loss: 5.9160 Bio: 0.8708 GateEnt: nan GateDiv: nan
Epoch [225/600] Total Loss: 39.2074
Epoch [226/600] Step [0/7] Loss: 5.8755 Bio: 0.7497 GateEnt: nan GateDiv: nan
Epoch [226/600] Total Loss: 39.0662
Epoch [227/600] Step [0/7] Loss: 5.8249 Bio: 0.7380 GateEnt: nan GateDiv: nan
Epoch [227/600] Total Loss: 40.1716
Epoch [228/600] Step [0/7] Loss: 5.9124 Bio: 0.8014 GateEnt: nan GateDiv: nan
Epoch [228/600] Total Loss: 40.3565
Epoch [229/600] Step [0/7] Loss: 5.8581 Bio: 0.8403 GateEnt: nan GateDiv: nan
Epoch [229/600] Total Loss: 40.1528
Epoch [230/600] Step [0/7] Loss: 5.7667 Bio: 0.9012 GateEnt: nan GateDiv: nan
Epoch [230/600] Total Loss: 39.8976
Epoch [231/600] Step [0/7] Loss: 5.9122 Bio: 0.7405 GateEnt: nan GateDiv: nan
Epoch [231/600] Total Loss: 39.9637
Epoch [232/600] Step [0/7] Loss: 6.0860 Bio: 0.7237 GateEnt: nan GateDiv: nan
Epoch [232/600] Total Loss: 39.2578
Epoch [233/600] Step [0/7] Loss: 5.8730 Bio: 0.7918 GateEnt: nan GateDiv: nan
Epoch [233/600] Total Loss: 38.9943
Epoch [234/600] Step [0/7] Loss: 5.9257 Bio: 0.7961 GateEnt: nan GateDiv: nan
Epoch [234/600] Total Loss: 40.1178
Epoch [235/600] Step [0/7] Loss: 5.9220 Bio: 0.7837 GateEnt: nan GateDiv: nan
Epoch [235/600] Total Loss: 39.5091
Epoch [236/600] Step [0/7] Loss: 6.0128 Bio: 0.7545 GateEnt: nan GateDiv: nan
Epoch [236/600] Total Loss: 40.1026
Epoch [237/600] Step [0/7] Loss: 5.6890 Bio: 0.6758 GateEnt: nan GateDiv: nan
Epoch [237/600] Total Loss: 39.3288
Epoch [238/600] Step [0/7] Loss: 5.9150 Bio: 0.7706 GateEnt: nan GateDiv: nan
Epoch [238/600] Total Loss: 39.5132
Epoch [239/600] Step [0/7] Loss: 5.8545 Bio: 0.8355 GateEnt: nan GateDiv: nan
Epoch [239/600] Total Loss: 39.1751
Epoch [240/600] Step [0/7] Loss: 5.8395 Bio: 0.7005 GateEnt: nan GateDiv: nan
Epoch [240/600] Total Loss: 40.0744
Epoch [241/600] Step [0/7] Loss: 5.7327 Bio: 0.7963 GateEnt: nan GateDiv: nan
Epoch [241/600] Total Loss: 39.3878
Epoch [242/600] Step [0/7] Loss: 5.9401 Bio: 0.8679 GateEnt: nan GateDiv: nan
Epoch [242/600] Total Loss: 39.8037
Epoch [243/600] Step [0/7] Loss: 5.7426 Bio: 0.7796 GateEnt: nan GateDiv: nan
Epoch [243/600] Total Loss: 38.4498
Epoch [244/600] Step [0/7] Loss: 5.8124 Bio: 0.8107 GateEnt: nan GateDiv: nan
Epoch [244/600] Total Loss: 39.1340
Epoch [245/600] Step [0/7] Loss: 5.5466 Bio: 0.7253 GateEnt: nan GateDiv: nan
Epoch [245/600] Total Loss: 39.2762
Epoch [246/600] Step [0/7] Loss: 5.6707 Bio: 0.8080 GateEnt: nan GateDiv: nan
Epoch [246/600] Total Loss: 39.2720
Epoch [247/600] Step [0/7] Loss: 5.4992 Bio: 0.7496 GateEnt: nan GateDiv: nan
Epoch [247/600] Total Loss: 38.5370
Epoch [248/600] Step [0/7] Loss: 6.0902 Bio: 0.8209 GateEnt: nan GateDiv: nan
Epoch [248/600] Total Loss: 39.1577
Epoch [249/600] Step [0/7] Loss: 5.6583 Bio: 0.8332 GateEnt: nan GateDiv: nan
Epoch [249/600] Total Loss: 38.6713
Epoch [250/600] Step [0/7] Loss: 5.6648 Bio: 0.7110 GateEnt: nan GateDiv: nan
Epoch [250/600] Total Loss: 39.2002
Epoch [251/600] Step [0/7] Loss: 5.6932 Bio: 0.7861 GateEnt: nan GateDiv: nan
Epoch [251/600] Total Loss: 38.2587
Epoch [252/600] Step [0/7] Loss: 5.8693 Bio: 0.7838 GateEnt: nan GateDiv: nan
Epoch [252/600] Total Loss: 39.1539
Epoch [253/600] Step [0/7] Loss: 5.9669 Bio: 0.7839 GateEnt: nan GateDiv: nan
Epoch [253/600] Total Loss: 39.5105
Epoch [254/600] Step [0/7] Loss: 5.4660 Bio: 0.9231 GateEnt: nan GateDiv: nan
Epoch [254/600] Total Loss: 38.8586
Epoch [255/600] Step [0/7] Loss: 5.5075 Bio: 0.6995 GateEnt: nan GateDiv: nan
Epoch [255/600] Total Loss: 38.7785
Epoch [256/600] Step [0/7] Loss: 5.7317 Bio: 0.7870 GateEnt: nan GateDiv: nan
Epoch [256/600] Total Loss: 39.5593
Epoch [257/600] Step [0/7] Loss: 5.7167 Bio: 0.7618 GateEnt: nan GateDiv: nan
Epoch [257/600] Total Loss: 38.6480
Epoch [258/600] Step [0/7] Loss: 5.6466 Bio: 0.7476 GateEnt: nan GateDiv: nan
Epoch [258/600] Total Loss: 39.1756
Epoch [259/600] Step [0/7] Loss: 5.6819 Bio: 0.7446 GateEnt: nan GateDiv: nan
Epoch [259/600] Total Loss: 38.7124
Epoch [260/600] Step [0/7] Loss: 5.7081 Bio: 0.7222 GateEnt: nan GateDiv: nan
Epoch [260/600] Total Loss: 39.1403
Epoch [261/600] Step [0/7] Loss: 5.7820 Bio: 0.7212 GateEnt: nan GateDiv: nan
Epoch [261/600] Total Loss: 38.7023
Epoch [262/600] Step [0/7] Loss: 5.9507 Bio: 0.6939 GateEnt: nan GateDiv: nan
Epoch [262/600] Total Loss: 38.6452
Epoch [263/600] Step [0/7] Loss: 5.6155 Bio: 0.7578 GateEnt: nan GateDiv: nan
Epoch [263/600] Total Loss: 39.1423
Epoch [264/600] Step [0/7] Loss: 6.1389 Bio: 0.7844 GateEnt: nan GateDiv: nan
Epoch [264/600] Total Loss: 39.3324
Epoch [265/600] Step [0/7] Loss: 5.5932 Bio: 0.7141 GateEnt: nan GateDiv: nan
Epoch [265/600] Total Loss: 38.0889
Epoch [266/600] Step [0/7] Loss: 5.6211 Bio: 0.8287 GateEnt: nan GateDiv: nan
Epoch [266/600] Total Loss: 37.6967
Epoch [267/600] Step [0/7] Loss: 5.6659 Bio: 0.7428 GateEnt: nan GateDiv: nan
Epoch [267/600] Total Loss: 38.5046
Epoch [268/600] Step [0/7] Loss: 5.7100 Bio: 0.8527 GateEnt: nan GateDiv: nan
Epoch [268/600] Total Loss: 38.9540
Epoch [269/600] Step [0/7] Loss: 5.6379 Bio: 0.7707 GateEnt: nan GateDiv: nan
Epoch [269/600] Total Loss: 37.6434
Epoch [270/600] Step [0/7] Loss: 5.7732 Bio: 0.6950 GateEnt: nan GateDiv: nan
Epoch [270/600] Total Loss: 38.3809
Epoch [271/600] Step [0/7] Loss: 5.9351 Bio: 0.7943 GateEnt: nan GateDiv: nan
Epoch [271/600] Total Loss: 38.7076
Epoch [272/600] Step [0/7] Loss: 5.8693 Bio: 0.6925 GateEnt: nan GateDiv: nan
Epoch [272/600] Total Loss: 38.3167
Epoch [273/600] Step [0/7] Loss: 5.7259 Bio: 0.7309 GateEnt: nan GateDiv: nan
Epoch [273/600] Total Loss: 38.6773
Epoch [274/600] Step [0/7] Loss: 5.6328 Bio: 0.7113 GateEnt: nan GateDiv: nan
Epoch [274/600] Total Loss: 39.1460
Epoch [275/600] Step [0/7] Loss: 5.7005 Bio: 0.7366 GateEnt: nan GateDiv: nan
Epoch [275/600] Total Loss: 38.3189
Epoch [276/600] Step [0/7] Loss: 5.8069 Bio: 0.7042 GateEnt: nan GateDiv: nan
Epoch [276/600] Total Loss: 38.4681
Epoch [277/600] Step [0/7] Loss: 5.5794 Bio: 0.8348 GateEnt: nan GateDiv: nan
Epoch [277/600] Total Loss: 38.3911
Epoch [278/600] Step [0/7] Loss: 5.6722 Bio: 0.7082 GateEnt: nan GateDiv: nan
Epoch [278/600] Total Loss: 38.0935
Epoch [279/600] Step [0/7] Loss: 5.7092 Bio: 0.7780 GateEnt: nan GateDiv: nan
Epoch [279/600] Total Loss: 38.5330
Epoch [280/600] Step [0/7] Loss: 5.4253 Bio: 0.7857 GateEnt: nan GateDiv: nan
Epoch [280/600] Total Loss: 38.4268
Epoch [281/600] Step [0/7] Loss: 5.6995 Bio: 0.6977 GateEnt: nan GateDiv: nan
Epoch [281/600] Total Loss: 38.1569
Epoch [282/600] Step [0/7] Loss: 5.6667 Bio: 0.7482 GateEnt: nan GateDiv: nan
Epoch [282/600] Total Loss: 37.9140
Epoch [283/600] Step [0/7] Loss: 5.5989 Bio: 0.6872 GateEnt: nan GateDiv: nan
Epoch [283/600] Total Loss: 38.7206
Epoch [284/600] Step [0/7] Loss: 5.5055 Bio: 0.7274 GateEnt: nan GateDiv: nan
Epoch [284/600] Total Loss: 38.3369
Epoch [285/600] Step [0/7] Loss: 5.7300 Bio: 0.7615 GateEnt: nan GateDiv: nan
Epoch [285/600] Total Loss: 38.3423
Epoch [286/600] Step [0/7] Loss: 5.7346 Bio: 0.6860 GateEnt: nan GateDiv: nan
Epoch [286/600] Total Loss: 38.4634
Epoch [287/600] Step [0/7] Loss: 5.9539 Bio: 0.7760 GateEnt: nan GateDiv: nan
Epoch [287/600] Total Loss: 37.9991
Epoch [288/600] Step [0/7] Loss: 5.7536 Bio: 0.7601 GateEnt: nan GateDiv: nan
Epoch [288/600] Total Loss: 38.2045
Epoch [289/600] Step [0/7] Loss: 5.5713 Bio: 0.7394 GateEnt: nan GateDiv: nan
Epoch [289/600] Total Loss: 38.1924
Epoch [290/600] Step [0/7] Loss: 5.7990 Bio: 0.6716 GateEnt: nan GateDiv: nan
Epoch [290/600] Total Loss: 38.4980
Epoch [291/600] Step [0/7] Loss: 5.6614 Bio: 0.7853 GateEnt: nan GateDiv: nan
Epoch [291/600] Total Loss: 38.0148
Epoch [292/600] Step [0/7] Loss: 5.5904 Bio: 0.7650 GateEnt: nan GateDiv: nan
Epoch [292/600] Total Loss: 37.9798
Epoch [293/600] Step [0/7] Loss: 5.6052 Bio: 0.8773 GateEnt: nan GateDiv: nan
Epoch [293/600] Total Loss: 38.7502
Epoch [294/600] Step [0/7] Loss: 5.5729 Bio: 0.6601 GateEnt: nan GateDiv: nan
Epoch [294/600] Total Loss: 37.8834
Epoch [295/600] Step [0/7] Loss: 5.6522 Bio: 0.7691 GateEnt: nan GateDiv: nan
Epoch [295/600] Total Loss: 38.4380
Epoch [296/600] Step [0/7] Loss: 5.8053 Bio: 0.6810 GateEnt: nan GateDiv: nan
Epoch [296/600] Total Loss: 38.5408
Epoch [297/600] Step [0/7] Loss: 5.6297 Bio: 0.8507 GateEnt: nan GateDiv: nan
Epoch [297/600] Total Loss: 38.6829
Epoch [298/600] Step [0/7] Loss: 5.3753 Bio: 0.7246 GateEnt: nan GateDiv: nan
Epoch [298/600] Total Loss: 37.8518
Epoch [299/600] Step [0/7] Loss: 5.6996 Bio: 0.7007 GateEnt: nan GateDiv: nan
Epoch [299/600] Total Loss: 37.8670
Epoch [300/600] Step [0/7] Loss: 5.6602 Bio: 0.7247 GateEnt: nan GateDiv: nan
Epoch [300/600] Total Loss: 38.3112
Epoch [301/600] Step [0/7] Loss: 5.7928 Bio: 0.8181 GateEnt: nan GateDiv: nan
Epoch [301/600] Total Loss: 38.3766
Epoch [302/600] Step [0/7] Loss: 5.5837 Bio: 0.7344 GateEnt: nan GateDiv: nan
Epoch [302/600] Total Loss: 37.6237
Epoch [303/600] Step [0/7] Loss: 5.5192 Bio: 0.7120 GateEnt: nan GateDiv: nan
Epoch [303/600] Total Loss: 37.7954
Epoch [304/600] Step [0/7] Loss: 5.5185 Bio: 0.6141 GateEnt: nan GateDiv: nan
Epoch [304/600] Total Loss: 38.1474
Epoch [305/600] Step [0/7] Loss: 5.7234 Bio: 0.6891 GateEnt: nan GateDiv: nan
Epoch [305/600] Total Loss: 37.6444
Epoch [306/600] Step [0/7] Loss: 5.5075 Bio: 0.7659 GateEnt: nan GateDiv: nan
Epoch [306/600] Total Loss: 37.2434
Epoch [307/600] Step [0/7] Loss: 5.7152 Bio: 0.6492 GateEnt: nan GateDiv: nan
Epoch [307/600] Total Loss: 37.8111
Epoch [308/600] Step [0/7] Loss: 5.7282 Bio: 0.7372 GateEnt: nan GateDiv: nan
Epoch [308/600] Total Loss: 37.3658
Epoch [309/600] Step [0/7] Loss: 5.5041 Bio: 0.7706 GateEnt: nan GateDiv: nan
Epoch [309/600] Total Loss: 37.2140
Epoch [310/600] Step [0/7] Loss: 5.5557 Bio: 0.7995 GateEnt: nan GateDiv: nan
Epoch [310/600] Total Loss: 37.2560
Epoch [311/600] Step [0/7] Loss: 5.4854 Bio: 0.7915 GateEnt: nan GateDiv: nan
Epoch [311/600] Total Loss: 37.5790
Epoch [312/600] Step [0/7] Loss: 5.5834 Bio: 0.7953 GateEnt: nan GateDiv: nan
Epoch [312/600] Total Loss: 36.9843
Epoch [313/600] Step [0/7] Loss: 5.6337 Bio: 0.8037 GateEnt: nan GateDiv: nan
Epoch [313/600] Total Loss: 37.7910
Epoch [314/600] Step [0/7] Loss: 5.4999 Bio: 0.7225 GateEnt: nan GateDiv: nan
Epoch [314/600] Total Loss: 37.6013
Epoch [315/600] Step [0/7] Loss: 5.5377 Bio: 0.7314 GateEnt: nan GateDiv: nan
Epoch [315/600] Total Loss: 37.3450
Epoch [316/600] Step [0/7] Loss: 5.5791 Bio: 0.8185 GateEnt: nan GateDiv: nan
Epoch [316/600] Total Loss: 37.8483
Epoch [317/600] Step [0/7] Loss: 5.6597 Bio: 0.8831 GateEnt: nan GateDiv: nan
Epoch [317/600] Total Loss: 37.6563
Epoch [318/600] Step [0/7] Loss: 5.5965 Bio: 0.7252 GateEnt: nan GateDiv: nan
Epoch [318/600] Total Loss: 38.7770
Epoch [319/600] Step [0/7] Loss: 5.6025 Bio: 0.7171 GateEnt: nan GateDiv: nan
Epoch [319/600] Total Loss: 38.5100
Epoch [320/600] Step [0/7] Loss: 5.6601 Bio: 0.7112 GateEnt: nan GateDiv: nan
Epoch [320/600] Total Loss: 37.6790
Epoch [321/600] Step [0/7] Loss: 5.9211 Bio: 0.7881 GateEnt: nan GateDiv: nan
Epoch [321/600] Total Loss: 38.4143
Epoch [322/600] Step [0/7] Loss: 5.5354 Bio: 0.7573 GateEnt: nan GateDiv: nan
Epoch [322/600] Total Loss: 38.1413
Epoch [323/600] Step [0/7] Loss: 5.4152 Bio: 0.7133 GateEnt: nan GateDiv: nan
Epoch [323/600] Total Loss: 37.7057
Epoch [324/600] Step [0/7] Loss: 5.5338 Bio: 0.7566 GateEnt: nan GateDiv: nan
Epoch [324/600] Total Loss: 37.3724
Epoch [325/600] Step [0/7] Loss: 5.4238 Bio: 0.7725 GateEnt: nan GateDiv: nan
Epoch [325/600] Total Loss: 37.6574
Epoch [326/600] Step [0/7] Loss: 5.4140 Bio: 0.8024 GateEnt: nan GateDiv: nan
Epoch [326/600] Total Loss: 37.0307
Epoch [327/600] Step [0/7] Loss: 5.5604 Bio: 0.7667 GateEnt: nan GateDiv: nan
Epoch [327/600] Total Loss: 36.8874
Epoch [328/600] Step [0/7] Loss: 5.7609 Bio: 0.6243 GateEnt: nan GateDiv: nan
Epoch [328/600] Total Loss: 37.7156
Epoch [329/600] Step [0/7] Loss: 5.3986 Bio: 0.8342 GateEnt: nan GateDiv: nan
Epoch [329/600] Total Loss: 37.4702
Epoch [330/600] Step [0/7] Loss: 5.6070 Bio: 0.6950 GateEnt: nan GateDiv: nan
Epoch [330/600] Total Loss: 37.9902
Epoch [331/600] Step [0/7] Loss: 5.7480 Bio: 0.8680 GateEnt: nan GateDiv: nan
Epoch [331/600] Total Loss: 37.7938
Epoch [332/600] Step [0/7] Loss: 5.6269 Bio: 0.7213 GateEnt: nan GateDiv: nan
Epoch [332/600] Total Loss: 36.9242
Epoch [333/600] Step [0/7] Loss: 5.7255 Bio: 0.6960 GateEnt: nan GateDiv: nan
Epoch [333/600] Total Loss: 37.4608
Epoch [334/600] Step [0/7] Loss: 5.6210 Bio: 0.8194 GateEnt: nan GateDiv: nan
Epoch [334/600] Total Loss: 38.2005
Epoch [335/600] Step [0/7] Loss: 5.6891 Bio: 0.7901 GateEnt: nan GateDiv: nan
Epoch [335/600] Total Loss: 37.7928
Epoch [336/600] Step [0/7] Loss: 5.6028 Bio: 0.7764 GateEnt: nan GateDiv: nan
Epoch [336/600] Total Loss: 37.9512
Epoch [337/600] Step [0/7] Loss: 5.4131 Bio: 0.8653 GateEnt: nan GateDiv: nan
Epoch [337/600] Total Loss: 37.4933
Epoch [338/600] Step [0/7] Loss: 5.5554 Bio: 0.8131 GateEnt: nan GateDiv: nan
Epoch [338/600] Total Loss: 37.1344
Epoch [339/600] Step [0/7] Loss: 5.4625 Bio: 0.7499 GateEnt: nan GateDiv: nan
Epoch [339/600] Total Loss: 37.1528
Epoch [340/600] Step [0/7] Loss: 5.3990 Bio: 0.7564 GateEnt: nan GateDiv: nan
Epoch [340/600] Total Loss: 37.3934
Epoch [341/600] Step [0/7] Loss: 5.6172 Bio: 0.6755 GateEnt: nan GateDiv: nan
Epoch [341/600] Total Loss: 37.6653
Epoch [342/600] Step [0/7] Loss: 5.5493 Bio: 0.7722 GateEnt: nan GateDiv: nan
Epoch [342/600] Total Loss: 38.0020
Epoch [343/600] Step [0/7] Loss: 5.3004 Bio: 0.7291 GateEnt: nan GateDiv: nan
Epoch [343/600] Total Loss: 37.2969
Epoch [344/600] Step [0/7] Loss: 5.8212 Bio: 0.6372 GateEnt: nan GateDiv: nan
Epoch [344/600] Total Loss: 37.5713
Epoch [345/600] Step [0/7] Loss: 5.5111 Bio: 0.7400 GateEnt: nan GateDiv: nan
Epoch [345/600] Total Loss: 37.0966
Epoch [346/600] Step [0/7] Loss: 5.7901 Bio: 0.7386 GateEnt: nan GateDiv: nan
Epoch [346/600] Total Loss: 38.2759
Epoch [347/600] Step [0/7] Loss: 5.4361 Bio: 0.7282 GateEnt: nan GateDiv: nan
Epoch [347/600] Total Loss: 37.4259
Epoch [348/600] Step [0/7] Loss: 5.4827 Bio: 0.6875 GateEnt: nan GateDiv: nan
Epoch [348/600] Total Loss: 37.4735
Epoch [349/600] Step [0/7] Loss: 5.5437 Bio: 0.7051 GateEnt: nan GateDiv: nan
Epoch [349/600] Total Loss: 37.1761
Epoch [350/600] Step [0/7] Loss: 5.4876 Bio: 0.7422 GateEnt: nan GateDiv: nan
Epoch [350/600] Total Loss: 37.1852
Epoch [351/600] Step [0/7] Loss: 5.5781 Bio: 0.8170 GateEnt: nan GateDiv: nan
Epoch [351/600] Total Loss: 37.3381
Epoch [352/600] Step [0/7] Loss: 5.5501 Bio: 0.7152 GateEnt: nan GateDiv: nan
Epoch [352/600] Total Loss: 36.9231
Epoch [353/600] Step [0/7] Loss: 5.5093 Bio: 0.7759 GateEnt: nan GateDiv: nan
Epoch [353/600] Total Loss: 36.9027
Epoch [354/600] Step [0/7] Loss: 5.5440 Bio: 0.7534 GateEnt: nan GateDiv: nan
Epoch [354/600] Total Loss: 36.5455
Epoch [355/600] Step [0/7] Loss: 5.7005 Bio: 0.8118 GateEnt: nan GateDiv: nan
Epoch [355/600] Total Loss: 37.1730
Epoch [356/600] Step [0/7] Loss: 5.5323 Bio: 0.7105 GateEnt: nan GateDiv: nan
Epoch [356/600] Total Loss: 36.5590
Epoch [357/600] Step [0/7] Loss: 5.5060 Bio: 0.7465 GateEnt: nan GateDiv: nan
Epoch [357/600] Total Loss: 36.9649
Epoch [358/600] Step [0/7] Loss: 5.5771 Bio: 0.7640 GateEnt: nan GateDiv: nan
Epoch [358/600] Total Loss: 36.8186
Epoch [359/600] Step [0/7] Loss: 5.5108 Bio: 0.7479 GateEnt: nan GateDiv: nan
Epoch [359/600] Total Loss: 37.4819
Epoch [360/600] Step [0/7] Loss: 5.5072 Bio: 0.7415 GateEnt: nan GateDiv: nan
Epoch [360/600] Total Loss: 37.0589
Epoch [361/600] Step [0/7] Loss: 5.5498 Bio: 0.7178 GateEnt: nan GateDiv: nan
Epoch [361/600] Total Loss: 36.9141
Epoch [362/600] Step [0/7] Loss: 5.4975 Bio: 0.6831 GateEnt: nan GateDiv: nan
Epoch [362/600] Total Loss: 37.2864
Epoch [363/600] Step [0/7] Loss: 5.4364 Bio: 0.7764 GateEnt: nan GateDiv: nan
Epoch [363/600] Total Loss: 36.8117
Epoch [364/600] Step [0/7] Loss: 5.4386 Bio: 0.7507 GateEnt: nan GateDiv: nan
Epoch [364/600] Total Loss: 37.2201
Epoch [365/600] Step [0/7] Loss: 5.6214 Bio: 0.6746 GateEnt: nan GateDiv: nan
Epoch [365/600] Total Loss: 37.2026
Epoch [366/600] Step [0/7] Loss: 5.4058 Bio: 0.7240 GateEnt: nan GateDiv: nan
Epoch [366/600] Total Loss: 36.7375
Epoch [367/600] Step [0/7] Loss: 5.4425 Bio: 0.7521 GateEnt: nan GateDiv: nan
Epoch [367/600] Total Loss: 36.8312
Epoch [368/600] Step [0/7] Loss: 5.3865 Bio: 0.7645 GateEnt: nan GateDiv: nan
Epoch [368/600] Total Loss: 37.4339
Epoch [369/600] Step [0/7] Loss: 5.4733 Bio: 0.6624 GateEnt: nan GateDiv: nan
Epoch [369/600] Total Loss: 37.6054
Epoch [370/600] Step [0/7] Loss: 5.3982 Bio: 0.7018 GateEnt: nan GateDiv: nan
Epoch [370/600] Total Loss: 37.0647
Epoch [371/600] Step [0/7] Loss: 5.5074 Bio: 0.9011 GateEnt: nan GateDiv: nan
Epoch [371/600] Total Loss: 37.7277
Epoch [372/600] Step [0/7] Loss: 5.4753 Bio: 0.6359 GateEnt: nan GateDiv: nan
Epoch [372/600] Total Loss: 37.3030
Epoch [373/600] Step [0/7] Loss: 5.4678 Bio: 0.7133 GateEnt: nan GateDiv: nan
Epoch [373/600] Total Loss: 36.9404
Epoch [374/600] Step [0/7] Loss: 5.4836 Bio: 0.7091 GateEnt: nan GateDiv: nan
Epoch [374/600] Total Loss: 37.5798
Epoch [375/600] Step [0/7] Loss: 5.4346 Bio: 0.8009 GateEnt: nan GateDiv: nan
Epoch [375/600] Total Loss: 37.3126
Epoch [376/600] Step [0/7] Loss: 5.5255 Bio: 0.7035 GateEnt: nan GateDiv: nan
Epoch [376/600] Total Loss: 37.8505
Epoch [377/600] Step [0/7] Loss: 5.4846 Bio: 0.7562 GateEnt: nan GateDiv: nan
Epoch [377/600] Total Loss: 36.8442
Epoch [378/600] Step [0/7] Loss: 5.5848 Bio: 0.7854 GateEnt: nan GateDiv: nan
Epoch [378/600] Total Loss: 37.5416
Epoch [379/600] Step [0/7] Loss: 5.5737 Bio: 0.7835 GateEnt: nan GateDiv: nan
Epoch [379/600] Total Loss: 37.2346
Epoch [380/600] Step [0/7] Loss: 5.4632 Bio: 0.7435 GateEnt: nan GateDiv: nan
Epoch [380/600] Total Loss: 36.1194
Epoch [381/600] Step [0/7] Loss: 5.3855 Bio: 0.7130 GateEnt: nan GateDiv: nan
Epoch [381/600] Total Loss: 36.7852
Epoch [382/600] Step [0/7] Loss: 5.4901 Bio: 0.6767 GateEnt: nan GateDiv: nan
Epoch [382/600] Total Loss: 36.5036
Epoch [383/600] Step [0/7] Loss: 5.6854 Bio: 0.7620 GateEnt: nan GateDiv: nan
Epoch [383/600] Total Loss: 37.1267
Epoch [384/600] Step [0/7] Loss: 5.5583 Bio: 0.7608 GateEnt: nan GateDiv: nan
Epoch [384/600] Total Loss: 38.1422
Epoch [385/600] Step [0/7] Loss: 5.4574 Bio: 0.7072 GateEnt: nan GateDiv: nan
Epoch [385/600] Total Loss: 36.7547
Epoch [386/600] Step [0/7] Loss: 5.3470 Bio: 0.6852 GateEnt: nan GateDiv: nan
Epoch [386/600] Total Loss: 36.7258
Epoch [387/600] Step [0/7] Loss: 5.5013 Bio: 0.8353 GateEnt: nan GateDiv: nan
Epoch [387/600] Total Loss: 36.9766
Epoch [388/600] Step [0/7] Loss: 5.3505 Bio: 0.6792 GateEnt: nan GateDiv: nan
Epoch [388/600] Total Loss: 36.9228
Epoch [389/600] Step [0/7] Loss: 5.5155 Bio: 0.6674 GateEnt: nan GateDiv: nan
Epoch [389/600] Total Loss: 36.3450
Epoch [390/600] Step [0/7] Loss: 5.6671 Bio: 0.6823 GateEnt: nan GateDiv: nan
Epoch [390/600] Total Loss: 36.9436
Epoch [391/600] Step [0/7] Loss: 5.5453 Bio: 0.5936 GateEnt: nan GateDiv: nan
Epoch [391/600] Total Loss: 36.3785
Epoch [392/600] Step [0/7] Loss: 5.2983 Bio: 0.7418 GateEnt: nan GateDiv: nan
Epoch [392/600] Total Loss: 36.8576
Epoch [393/600] Step [0/7] Loss: 5.5619 Bio: 0.7008 GateEnt: nan GateDiv: nan
Epoch [393/600] Total Loss: 36.5775
Epoch [394/600] Step [0/7] Loss: 5.5312 Bio: 0.7738 GateEnt: nan GateDiv: nan
Epoch [394/600] Total Loss: 38.0166
Epoch [395/600] Step [0/7] Loss: 5.3631 Bio: 0.7441 GateEnt: nan GateDiv: nan
Epoch [395/600] Total Loss: 36.7026
Epoch [396/600] Step [0/7] Loss: 5.4528 Bio: 0.7223 GateEnt: nan GateDiv: nan
Epoch [396/600] Total Loss: 36.8596
Epoch [397/600] Step [0/7] Loss: 5.2902 Bio: 0.7389 GateEnt: nan GateDiv: nan
Epoch [397/600] Total Loss: 36.4687
Epoch [398/600] Step [0/7] Loss: 5.6164 Bio: 0.6844 GateEnt: nan GateDiv: nan
Epoch [398/600] Total Loss: 36.8103
Epoch [399/600] Step [0/7] Loss: 5.4115 Bio: 0.7085 GateEnt: nan GateDiv: nan
Epoch [399/600] Total Loss: 36.8078
Epoch [400/600] Step [0/7] Loss: 5.5980 Bio: 0.7753 GateEnt: nan GateDiv: nan
Epoch [400/600] Total Loss: 38.0988
Epoch [401/600] Step [0/7] Loss: 5.4289 Bio: 0.7288 GateEnt: nan GateDiv: nan
Epoch [401/600] Total Loss: 36.8245
Epoch [402/600] Step [0/7] Loss: 5.4816 Bio: 0.7418 GateEnt: nan GateDiv: nan
Epoch [402/600] Total Loss: 37.1757
Epoch [403/600] Step [0/7] Loss: 5.5436 Bio: 0.7094 GateEnt: nan GateDiv: nan
Epoch [403/600] Total Loss: 36.5122
Epoch [404/600] Step [0/7] Loss: 5.4058 Bio: 0.7850 GateEnt: nan GateDiv: nan
Epoch [404/600] Total Loss: 37.4049
Epoch [405/600] Step [0/7] Loss: 5.4284 Bio: 0.7335 GateEnt: nan GateDiv: nan
Epoch [405/600] Total Loss: 36.8521
Epoch [406/600] Step [0/7] Loss: 5.4777 Bio: 0.8050 GateEnt: nan GateDiv: nan
Epoch [406/600] Total Loss: 36.6805
Epoch [407/600] Step [0/7] Loss: 5.3345 Bio: 0.7000 GateEnt: nan GateDiv: nan
Epoch [407/600] Total Loss: 36.9267
Epoch [408/600] Step [0/7] Loss: 5.4261 Bio: 0.7637 GateEnt: nan GateDiv: nan
Epoch [408/600] Total Loss: 36.9353
Epoch [409/600] Step [0/7] Loss: 5.3257 Bio: 0.7665 GateEnt: nan GateDiv: nan
Epoch [409/600] Total Loss: 37.2248
Epoch [410/600] Step [0/7] Loss: 5.6604 Bio: 0.7290 GateEnt: nan GateDiv: nan
Epoch [410/600] Total Loss: 37.6856
Epoch [411/600] Step [0/7] Loss: 5.2966 Bio: 0.7234 GateEnt: nan GateDiv: nan
Epoch [411/600] Total Loss: 37.2604
Epoch [412/600] Step [0/7] Loss: 5.4882 Bio: 0.7893 GateEnt: nan GateDiv: nan
Epoch [412/600] Total Loss: 36.8345
Epoch [413/600] Step [0/7] Loss: 5.5476 Bio: 0.7251 GateEnt: nan GateDiv: nan
Epoch [413/600] Total Loss: 36.7608
Epoch [414/600] Step [0/7] Loss: 5.5087 Bio: 0.6987 GateEnt: nan GateDiv: nan
Epoch [414/600] Total Loss: 37.1654
Epoch [415/600] Step [0/7] Loss: 5.2798 Bio: 0.6854 GateEnt: nan GateDiv: nan
Epoch [415/600] Total Loss: 36.7546
Epoch [416/600] Step [0/7] Loss: 5.4287 Bio: 0.7030 GateEnt: nan GateDiv: nan
Epoch [416/600] Total Loss: 36.6458
Epoch [417/600] Step [0/7] Loss: 5.4225 Bio: 0.8016 GateEnt: nan GateDiv: nan
Epoch [417/600] Total Loss: 36.5370
Epoch [418/600] Step [0/7] Loss: 5.3594 Bio: 0.8421 GateEnt: nan GateDiv: nan
Epoch [418/600] Total Loss: 36.1662
Epoch [419/600] Step [0/7] Loss: 5.3294 Bio: 0.6526 GateEnt: nan GateDiv: nan
Epoch [419/600] Total Loss: 36.6359
Epoch [420/600] Step [0/7] Loss: 5.4661 Bio: 0.6343 GateEnt: nan GateDiv: nan
Epoch [420/600] Total Loss: 36.5516
Epoch [421/600] Step [0/7] Loss: 5.5269 Bio: 0.7580 GateEnt: nan GateDiv: nan
Epoch [421/600] Total Loss: 37.3906
Epoch [422/600] Step [0/7] Loss: 5.5756 Bio: 0.8386 GateEnt: nan GateDiv: nan
Epoch [422/600] Total Loss: 36.0944
Epoch [423/600] Step [0/7] Loss: 5.4114 Bio: 0.6851 GateEnt: nan GateDiv: nan
Epoch [423/600] Total Loss: 36.6049
Epoch [424/600] Step [0/7] Loss: 5.4132 Bio: 0.7550 GateEnt: nan GateDiv: nan
Epoch [424/600] Total Loss: 37.0293
Epoch [425/600] Step [0/7] Loss: 5.5575 Bio: 0.7515 GateEnt: nan GateDiv: nan
Epoch [425/600] Total Loss: 36.9477
Epoch [426/600] Step [0/7] Loss: 5.4434 Bio: 0.8014 GateEnt: nan GateDiv: nan
Epoch [426/600] Total Loss: 37.4637
Epoch [427/600] Step [0/7] Loss: 5.3905 Bio: 0.7970 GateEnt: nan GateDiv: nan
Epoch [427/600] Total Loss: 36.9701
Epoch [428/600] Step [0/7] Loss: 5.5773 Bio: 0.7654 GateEnt: nan GateDiv: nan
Epoch [428/600] Total Loss: 36.3168
Epoch [429/600] Step [0/7] Loss: 5.3100 Bio: 0.6865 GateEnt: nan GateDiv: nan
Epoch [429/600] Total Loss: 36.6948
Epoch [430/600] Step [0/7] Loss: 5.3576 Bio: 0.6856 GateEnt: nan GateDiv: nan
Epoch [430/600] Total Loss: 36.2963
Epoch [431/600] Step [0/7] Loss: 5.4445 Bio: 0.7025 GateEnt: nan GateDiv: nan
Epoch [431/600] Total Loss: 36.7178
Epoch [432/600] Step [0/7] Loss: 5.3463 Bio: 0.6455 GateEnt: nan GateDiv: nan
Epoch [432/600] Total Loss: 36.4373
Epoch [433/600] Step [0/7] Loss: 5.4399 Bio: 0.6423 GateEnt: nan GateDiv: nan
Epoch [433/600] Total Loss: 37.2686
Epoch [434/600] Step [0/7] Loss: 5.2917 Bio: 0.7493 GateEnt: nan GateDiv: nan
Epoch [434/600] Total Loss: 36.2100
Epoch [435/600] Step [0/7] Loss: 5.5564 Bio: 0.7493 GateEnt: nan GateDiv: nan
Epoch [435/600] Total Loss: 37.0504
Epoch [436/600] Step [0/7] Loss: 5.2840 Bio: 0.6615 GateEnt: nan GateDiv: nan
Epoch [436/600] Total Loss: 36.8299
Epoch [437/600] Step [0/7] Loss: 5.3513 Bio: 0.8029 GateEnt: nan GateDiv: nan
Epoch [437/600] Total Loss: 37.0570
Epoch [438/600] Step [0/7] Loss: 5.2835 Bio: 0.7220 GateEnt: nan GateDiv: nan
Epoch [438/600] Total Loss: 36.4222
Epoch [439/600] Step [0/7] Loss: 5.4955 Bio: 0.7181 GateEnt: nan GateDiv: nan
Epoch [439/600] Total Loss: 36.7544
Epoch [440/600] Step [0/7] Loss: 5.3947 Bio: 0.7526 GateEnt: nan GateDiv: nan
Epoch [440/600] Total Loss: 36.4626
Epoch [441/600] Step [0/7] Loss: 5.3833 Bio: 0.7062 GateEnt: nan GateDiv: nan
Epoch [441/600] Total Loss: 36.5331
Epoch [442/600] Step [0/7] Loss: 5.3263 Bio: 0.7977 GateEnt: nan GateDiv: nan
Epoch [442/600] Total Loss: 36.2736
Epoch [443/600] Step [0/7] Loss: 5.3704 Bio: 0.7757 GateEnt: nan GateDiv: nan
Epoch [443/600] Total Loss: 36.3631
Epoch [444/600] Step [0/7] Loss: 5.4649 Bio: 0.7315 GateEnt: nan GateDiv: nan
Epoch [444/600] Total Loss: 36.8825
Epoch [445/600] Step [0/7] Loss: 5.4089 Bio: 0.7660 GateEnt: nan GateDiv: nan
Epoch [445/600] Total Loss: 36.3472
Epoch [446/600] Step [0/7] Loss: 5.5633 Bio: 0.6387 GateEnt: nan GateDiv: nan
Epoch [446/600] Total Loss: 36.8517
Epoch [447/600] Step [0/7] Loss: 5.5736 Bio: 0.7369 GateEnt: nan GateDiv: nan
Epoch [447/600] Total Loss: 36.7483
Epoch [448/600] Step [0/7] Loss: 5.3640 Bio: 0.7057 GateEnt: nan GateDiv: nan
Epoch [448/600] Total Loss: 35.9495
Epoch [449/600] Step [0/7] Loss: 5.2393 Bio: 0.7703 GateEnt: nan GateDiv: nan
Epoch [449/600] Total Loss: 36.3686
Epoch [450/600] Step [0/7] Loss: 5.5052 Bio: 0.7522 GateEnt: nan GateDiv: nan
Epoch [450/600] Total Loss: 36.7620
Epoch [451/600] Step [0/7] Loss: 5.4658 Bio: 0.6922 GateEnt: nan GateDiv: nan
Epoch [451/600] Total Loss: 36.7481
Epoch [452/600] Step [0/7] Loss: 5.3610 Bio: 0.6946 GateEnt: nan GateDiv: nan
Epoch [452/600] Total Loss: 36.5885
Epoch [453/600] Step [0/7] Loss: 5.5180 Bio: 0.7253 GateEnt: nan GateDiv: nan
Epoch [453/600] Total Loss: 36.4002
Epoch [454/600] Step [0/7] Loss: 5.4128 Bio: 0.7659 GateEnt: nan GateDiv: nan
Epoch [454/600] Total Loss: 36.5057
Epoch [455/600] Step [0/7] Loss: 5.4883 Bio: 0.7338 GateEnt: nan GateDiv: nan
Epoch [455/600] Total Loss: 37.0329
Epoch [456/600] Step [0/7] Loss: 5.3692 Bio: 0.8176 GateEnt: nan GateDiv: nan
Epoch [456/600] Total Loss: 36.7716
Epoch [457/600] Step [0/7] Loss: 5.4052 Bio: 0.6498 GateEnt: nan GateDiv: nan
Epoch [457/600] Total Loss: 36.2724
Epoch [458/600] Step [0/7] Loss: 5.3657 Bio: 0.6968 GateEnt: nan GateDiv: nan
Epoch [458/600] Total Loss: 37.0178
Epoch [459/600] Step [0/7] Loss: 5.2983 Bio: 0.7334 GateEnt: nan GateDiv: nan
Epoch [459/600] Total Loss: 37.5444
Epoch [460/600] Step [0/7] Loss: 5.5280 Bio: 0.6992 GateEnt: nan GateDiv: nan
Epoch [460/600] Total Loss: 36.4908
Epoch [461/600] Step [0/7] Loss: 5.3792 Bio: 0.8500 GateEnt: nan GateDiv: nan
Epoch [461/600] Total Loss: 37.0168
Epoch [462/600] Step [0/7] Loss: 5.4939 Bio: 0.7247 GateEnt: nan GateDiv: nan
Epoch [462/600] Total Loss: 36.6162
Epoch [463/600] Step [0/7] Loss: 5.4658 Bio: 0.6516 GateEnt: nan GateDiv: nan
Epoch [463/600] Total Loss: 36.7747
Epoch [464/600] Step [0/7] Loss: 5.3336 Bio: 0.6494 GateEnt: nan GateDiv: nan
Epoch [464/600] Total Loss: 36.4322
Epoch [465/600] Step [0/7] Loss: 5.4663 Bio: 0.7600 GateEnt: nan GateDiv: nan
Epoch [465/600] Total Loss: 36.2992
Epoch [466/600] Step [0/7] Loss: 5.4850 Bio: 0.7820 GateEnt: nan GateDiv: nan
Epoch [466/600] Total Loss: 36.2252
Epoch [467/600] Step [0/7] Loss: 5.3368 Bio: 0.7769 GateEnt: nan GateDiv: nan
Epoch [467/600] Total Loss: 36.3156
Epoch [468/600] Step [0/7] Loss: 5.4366 Bio: 0.7431 GateEnt: nan GateDiv: nan
Epoch [468/600] Total Loss: 36.2560
Epoch [469/600] Step [0/7] Loss: 5.5497 Bio: 0.6686 GateEnt: nan GateDiv: nan
Epoch [469/600] Total Loss: 36.4635
Epoch [470/600] Step [0/7] Loss: 5.3160 Bio: 0.7207 GateEnt: nan GateDiv: nan
Epoch [470/600] Total Loss: 36.6319
Epoch [471/600] Step [0/7] Loss: 5.2929 Bio: 0.6629 GateEnt: nan GateDiv: nan
Epoch [471/600] Total Loss: 36.1558
Epoch [472/600] Step [0/7] Loss: 5.2761 Bio: 0.6465 GateEnt: nan GateDiv: nan
Epoch [472/600] Total Loss: 35.8962
Epoch [473/600] Step [0/7] Loss: 5.3561 Bio: 0.6699 GateEnt: nan GateDiv: nan
Epoch [473/600] Total Loss: 35.8705
Epoch [474/600] Step [0/7] Loss: 5.4356 Bio: 0.7714 GateEnt: nan GateDiv: nan
Epoch [474/600] Total Loss: 36.2192
Epoch [475/600] Step [0/7] Loss: 5.3716 Bio: 0.8687 GateEnt: nan GateDiv: nan
Epoch [475/600] Total Loss: 36.8347
Epoch [476/600] Step [0/7] Loss: 5.2813 Bio: 0.8165 GateEnt: nan GateDiv: nan
Epoch [476/600] Total Loss: 35.8890
Epoch [477/600] Step [0/7] Loss: 5.3752 Bio: 0.6273 GateEnt: nan GateDiv: nan
Epoch [477/600] Total Loss: 36.3863
Epoch [478/600] Step [0/7] Loss: 5.3415 Bio: 0.6853 GateEnt: nan GateDiv: nan
Epoch [478/600] Total Loss: 36.2265
Epoch [479/600] Step [0/7] Loss: 5.3300 Bio: 0.7481 GateEnt: nan GateDiv: nan
Epoch [479/600] Total Loss: 36.5655
Epoch [480/600] Step [0/7] Loss: 5.6462 Bio: 0.7014 GateEnt: nan GateDiv: nan
Epoch [480/600] Total Loss: 36.7249
Epoch [481/600] Step [0/7] Loss: 5.3364 Bio: 0.6570 GateEnt: nan GateDiv: nan
Epoch [481/600] Total Loss: 36.9521
Epoch [482/600] Step [0/7] Loss: 5.3408 Bio: 0.6678 GateEnt: nan GateDiv: nan
Epoch [482/600] Total Loss: 36.5589
Epoch [483/600] Step [0/7] Loss: 5.4107 Bio: 0.7925 GateEnt: nan GateDiv: nan
Epoch [483/600] Total Loss: 36.5728
Epoch [484/600] Step [0/7] Loss: 5.4329 Bio: 0.6954 GateEnt: nan GateDiv: nan
Epoch [484/600] Total Loss: 36.3338
Epoch [485/600] Step [0/7] Loss: 5.2342 Bio: 0.8217 GateEnt: nan GateDiv: nan
Epoch [485/600] Total Loss: 36.3062
Epoch [486/600] Step [0/7] Loss: 5.3152 Bio: 0.7751 GateEnt: nan GateDiv: nan
Epoch [486/600] Total Loss: 36.7201
Epoch [487/600] Step [0/7] Loss: 5.4372 Bio: 0.7382 GateEnt: nan GateDiv: nan
Epoch [487/600] Total Loss: 36.3271
Epoch [488/600] Step [0/7] Loss: 5.3326 Bio: 0.6256 GateEnt: nan GateDiv: nan
Epoch [488/600] Total Loss: 35.9316
Epoch [489/600] Step [0/7] Loss: 5.4438 Bio: 0.7633 GateEnt: nan GateDiv: nan
Epoch [489/600] Total Loss: 36.3038
Epoch [490/600] Step [0/7] Loss: 5.3271 Bio: 0.6634 GateEnt: nan GateDiv: nan
Epoch [490/600] Total Loss: 35.9059
Epoch [491/600] Step [0/7] Loss: 5.2577 Bio: 0.7788 GateEnt: nan GateDiv: nan
Epoch [491/600] Total Loss: 36.9342
Epoch [492/600] Step [0/7] Loss: 5.4169 Bio: 0.8230 GateEnt: nan GateDiv: nan
Epoch [492/600] Total Loss: 36.4982
Epoch [493/600] Step [0/7] Loss: 5.3802 Bio: 0.6245 GateEnt: nan GateDiv: nan
Epoch [493/600] Total Loss: 37.0742
Epoch [494/600] Step [0/7] Loss: 5.3489 Bio: 0.6775 GateEnt: nan GateDiv: nan
Epoch [494/600] Total Loss: 36.2527
Epoch [495/600] Step [0/7] Loss: 5.2760 Bio: 0.7040 GateEnt: nan GateDiv: nan
Epoch [495/600] Total Loss: 36.9997
Epoch [496/600] Step [0/7] Loss: 5.4080 Bio: 0.7119 GateEnt: nan GateDiv: nan
Epoch [496/600] Total Loss: 35.9927
Epoch [497/600] Step [0/7] Loss: 5.4154 Bio: 0.6906 GateEnt: nan GateDiv: nan
Epoch [497/600] Total Loss: 36.2105
Epoch [498/600] Step [0/7] Loss: 5.2566 Bio: 0.7022 GateEnt: nan GateDiv: nan
Epoch [498/600] Total Loss: 36.6235
Epoch [499/600] Step [0/7] Loss: 5.5405 Bio: 0.7613 GateEnt: nan GateDiv: nan
Epoch [499/600] Total Loss: 37.1337
Epoch [500/600] Step [0/7] Loss: 5.2973 Bio: 0.6788 GateEnt: nan GateDiv: nan
Epoch [500/600] Total Loss: 36.0606
Epoch [501/600] Step [0/7] Loss: 5.2503 Bio: 0.7124 GateEnt: nan GateDiv: nan
Epoch [501/600] Total Loss: 36.3007
Epoch [502/600] Step [0/7] Loss: 5.4643 Bio: 0.7544 GateEnt: nan GateDiv: nan
Epoch [502/600] Total Loss: 36.5778
Epoch [503/600] Step [0/7] Loss: 5.3596 Bio: 0.7073 GateEnt: nan GateDiv: nan
Epoch [503/600] Total Loss: 36.3768
Epoch [504/600] Step [0/7] Loss: 5.3634 Bio: 0.7327 GateEnt: nan GateDiv: nan
Epoch [504/600] Total Loss: 36.7745
Epoch [505/600] Step [0/7] Loss: 5.3300 Bio: 0.7542 GateEnt: nan GateDiv: nan
Epoch [505/600] Total Loss: 36.4919
Epoch [506/600] Step [0/7] Loss: 5.3386 Bio: 0.7070 GateEnt: nan GateDiv: nan
Epoch [506/600] Total Loss: 36.7685
Epoch [507/600] Step [0/7] Loss: 5.4048 Bio: 0.8408 GateEnt: nan GateDiv: nan
Epoch [507/600] Total Loss: 36.0293
Epoch [508/600] Step [0/7] Loss: 5.5282 Bio: 0.6795 GateEnt: nan GateDiv: nan
Epoch [508/600] Total Loss: 37.2110
Epoch [509/600] Step [0/7] Loss: 5.5073 Bio: 0.7423 GateEnt: nan GateDiv: nan
Epoch [509/600] Total Loss: 36.2338
Epoch [510/600] Step [0/7] Loss: 5.4842 Bio: 0.7498 GateEnt: nan GateDiv: nan
Epoch [510/600] Total Loss: 36.8993
Epoch [511/600] Step [0/7] Loss: 5.2443 Bio: 0.7060 GateEnt: nan GateDiv: nan
Epoch [511/600] Total Loss: 36.3909
Epoch [512/600] Step [0/7] Loss: 5.3352 Bio: 0.7306 GateEnt: nan GateDiv: nan
Epoch [512/600] Total Loss: 36.0532
Epoch [513/600] Step [0/7] Loss: 5.3261 Bio: 0.7448 GateEnt: nan GateDiv: nan
Epoch [513/600] Total Loss: 35.9722
Epoch [514/600] Step [0/7] Loss: 5.5583 Bio: 0.6724 GateEnt: nan GateDiv: nan
Epoch [514/600] Total Loss: 36.5549
Epoch [515/600] Step [0/7] Loss: 5.3921 Bio: 0.6317 GateEnt: nan GateDiv: nan
Epoch [515/600] Total Loss: 36.5028
Epoch [516/600] Step [0/7] Loss: 5.3256 Bio: 0.7788 GateEnt: nan GateDiv: nan
Epoch [516/600] Total Loss: 36.7179
Epoch [517/600] Step [0/7] Loss: 5.4309 Bio: 0.7700 GateEnt: nan GateDiv: nan
Epoch [517/600] Total Loss: 36.6031
Epoch [518/600] Step [0/7] Loss: 5.3817 Bio: 0.7514 GateEnt: nan GateDiv: nan
Epoch [518/600] Total Loss: 36.6373
Epoch [519/600] Step [0/7] Loss: 5.4180 Bio: 0.7764 GateEnt: nan GateDiv: nan
Epoch [519/600] Total Loss: 36.2316
Epoch [520/600] Step [0/7] Loss: 5.3263 Bio: 0.8386 GateEnt: nan GateDiv: nan
Epoch [520/600] Total Loss: 36.4377
Epoch [521/600] Step [0/7] Loss: 5.2550 Bio: 0.6817 GateEnt: nan GateDiv: nan
Epoch [521/600] Total Loss: 36.0811
Epoch [522/600] Step [0/7] Loss: 5.5350 Bio: 0.6280 GateEnt: nan GateDiv: nan
Epoch [522/600] Total Loss: 36.1883
Epoch [523/600] Step [0/7] Loss: 5.2943 Bio: 0.6746 GateEnt: nan GateDiv: nan
Epoch [523/600] Total Loss: 36.4819
Epoch [524/600] Step [0/7] Loss: 5.4195 Bio: 0.7592 GateEnt: nan GateDiv: nan
Epoch [524/600] Total Loss: 35.8601
Epoch [525/600] Step [0/7] Loss: 5.4342 Bio: 0.7539 GateEnt: nan GateDiv: nan
Epoch [525/600] Total Loss: 35.8419
Epoch [526/600] Step [0/7] Loss: 5.3326 Bio: 0.7476 GateEnt: nan GateDiv: nan
Epoch [526/600] Total Loss: 35.8613
Epoch [527/600] Step [0/7] Loss: 5.4109 Bio: 0.7859 GateEnt: nan GateDiv: nan
Epoch [527/600] Total Loss: 36.2023
Epoch [528/600] Step [0/7] Loss: 5.4463 Bio: 0.6872 GateEnt: nan GateDiv: nan
Epoch [528/600] Total Loss: 36.0138
Epoch [529/600] Step [0/7] Loss: 5.4344 Bio: 0.7019 GateEnt: nan GateDiv: nan
Epoch [529/600] Total Loss: 35.9256
Epoch [530/600] Step [0/7] Loss: 5.3633 Bio: 0.6899 GateEnt: nan GateDiv: nan
Epoch [530/600] Total Loss: 36.0278
Epoch [531/600] Step [0/7] Loss: 5.3749 Bio: 0.6796 GateEnt: nan GateDiv: nan
Epoch [531/600] Total Loss: 36.1289
Epoch [532/600] Step [0/7] Loss: 5.4858 Bio: 0.7338 GateEnt: nan GateDiv: nan
Epoch [532/600] Total Loss: 36.2182
Epoch [533/600] Step [0/7] Loss: 5.2531 Bio: 0.6673 GateEnt: nan GateDiv: nan
Epoch [533/600] Total Loss: 35.5505
Epoch [534/600] Step [0/7] Loss: 5.2547 Bio: 0.7749 GateEnt: nan GateDiv: nan
Epoch [534/600] Total Loss: 35.9598
Epoch [535/600] Step [0/7] Loss: 5.3947 Bio: 0.6287 GateEnt: nan GateDiv: nan
Epoch [535/600] Total Loss: 36.0853
Epoch [536/600] Step [0/7] Loss: 5.4423 Bio: 0.7046 GateEnt: nan GateDiv: nan
Epoch [536/600] Total Loss: 35.9276
Epoch [537/600] Step [0/7] Loss: 5.4184 Bio: 0.6879 GateEnt: nan GateDiv: nan
Epoch [537/600] Total Loss: 36.3570
Epoch [538/600] Step [0/7] Loss: 5.4728 Bio: 0.7584 GateEnt: nan GateDiv: nan
Epoch [538/600] Total Loss: 36.3645
Epoch [539/600] Step [0/7] Loss: 5.4167 Bio: 0.6738 GateEnt: nan GateDiv: nan
Epoch [539/600] Total Loss: 35.9899
Epoch [540/600] Step [0/7] Loss: 5.2576 Bio: 0.6175 GateEnt: nan GateDiv: nan
Epoch [540/600] Total Loss: 35.7875
Epoch [541/600] Step [0/7] Loss: 5.2168 Bio: 0.6484 GateEnt: nan GateDiv: nan
Epoch [541/600] Total Loss: 35.6628
Epoch [542/600] Step [0/7] Loss: 5.3694 Bio: 0.6989 GateEnt: nan GateDiv: nan
Epoch [542/600] Total Loss: 36.3598
Epoch [543/600] Step [0/7] Loss: 5.3088 Bio: 0.7478 GateEnt: nan GateDiv: nan
Epoch [543/600] Total Loss: 35.9503
Epoch [544/600] Step [0/7] Loss: 5.3495 Bio: 0.7376 GateEnt: nan GateDiv: nan
Epoch [544/600] Total Loss: 36.3736
Epoch [545/600] Step [0/7] Loss: 5.4244 Bio: 0.7690 GateEnt: nan GateDiv: nan
Epoch [545/600] Total Loss: 35.8070
Epoch [546/600] Step [0/7] Loss: 5.3744 Bio: 0.7546 GateEnt: nan GateDiv: nan
Epoch [546/600] Total Loss: 37.0219
Epoch [547/600] Step [0/7] Loss: 5.4034 Bio: 0.6329 GateEnt: nan GateDiv: nan
Epoch [547/600] Total Loss: 36.8361
Epoch [548/600] Step [0/7] Loss: 5.4087 Bio: 0.6969 GateEnt: nan GateDiv: nan
Epoch [548/600] Total Loss: 36.1067
Epoch [549/600] Step [0/7] Loss: 5.3782 Bio: 0.7857 GateEnt: nan GateDiv: nan
Epoch [549/600] Total Loss: 36.0958
Epoch [550/600] Step [0/7] Loss: 5.2316 Bio: 0.7199 GateEnt: nan GateDiv: nan
Epoch [550/600] Total Loss: 35.6351
Epoch [551/600] Step [0/7] Loss: 5.3909 Bio: 0.7511 GateEnt: nan GateDiv: nan
Epoch [551/600] Total Loss: 35.4977
Epoch [552/600] Step [0/7] Loss: 5.3112 Bio: 0.6471 GateEnt: nan GateDiv: nan
Epoch [552/600] Total Loss: 35.8936
Epoch [553/600] Step [0/7] Loss: 5.4609 Bio: 0.7153 GateEnt: nan GateDiv: nan
Epoch [553/600] Total Loss: 35.9555
Epoch [554/600] Step [0/7] Loss: 5.4669 Bio: 0.7282 GateEnt: nan GateDiv: nan
Epoch [554/600] Total Loss: 36.3073
Epoch [555/600] Step [0/7] Loss: 5.3049 Bio: 0.7151 GateEnt: nan GateDiv: nan
Epoch [555/600] Total Loss: 36.0263
Epoch [556/600] Step [0/7] Loss: 5.4353 Bio: 0.6646 GateEnt: nan GateDiv: nan
Epoch [556/600] Total Loss: 35.6292
Epoch [557/600] Step [0/7] Loss: 5.4086 Bio: 0.7159 GateEnt: nan GateDiv: nan
Epoch [557/600] Total Loss: 36.3321
Epoch [558/600] Step [0/7] Loss: 5.3040 Bio: 0.6872 GateEnt: nan GateDiv: nan
Epoch [558/600] Total Loss: 36.4126
Epoch [559/600] Step [0/7] Loss: 5.6024 Bio: 0.6359 GateEnt: nan GateDiv: nan
Epoch [559/600] Total Loss: 35.7039
Epoch [560/600] Step [0/7] Loss: 5.5701 Bio: 0.7561 GateEnt: nan GateDiv: nan
Epoch [560/600] Total Loss: 36.6201
Epoch [561/600] Step [0/7] Loss: 5.6195 Bio: 0.7875 GateEnt: nan GateDiv: nan
Epoch [561/600] Total Loss: 36.5714
Epoch [562/600] Step [0/7] Loss: 5.4463 Bio: 0.6421 GateEnt: nan GateDiv: nan
Epoch [562/600] Total Loss: 35.9858
Epoch [563/600] Step [0/7] Loss: 5.2687 Bio: 0.7425 GateEnt: nan GateDiv: nan
Epoch [563/600] Total Loss: 36.1289
Epoch [564/600] Step [0/7] Loss: 5.2908 Bio: 0.7058 GateEnt: nan GateDiv: nan
Epoch [564/600] Total Loss: 35.7610
Epoch [565/600] Step [0/7] Loss: 5.3747 Bio: 0.7311 GateEnt: nan GateDiv: nan
Epoch [565/600] Total Loss: 35.8651
Epoch [566/600] Step [0/7] Loss: 5.2852 Bio: 0.6902 GateEnt: nan GateDiv: nan
Epoch [566/600] Total Loss: 36.0117
Epoch [567/600] Step [0/7] Loss: 5.3733 Bio: 0.6189 GateEnt: nan GateDiv: nan
Epoch [567/600] Total Loss: 35.4128
Epoch [568/600] Step [0/7] Loss: 5.2879 Bio: 0.7431 GateEnt: nan GateDiv: nan
Epoch [568/600] Total Loss: 35.7001
Epoch [569/600] Step [0/7] Loss: 5.3421 Bio: 0.7787 GateEnt: nan GateDiv: nan
Epoch [569/600] Total Loss: 35.8417
Epoch [570/600] Step [0/7] Loss: 5.3483 Bio: 0.6745 GateEnt: nan GateDiv: nan
Epoch [570/600] Total Loss: 35.9160
Epoch [571/600] Step [0/7] Loss: 5.2571 Bio: 0.7295 GateEnt: nan GateDiv: nan
Epoch [571/600] Total Loss: 35.8716
Epoch [572/600] Step [0/7] Loss: 5.3358 Bio: 0.7971 GateEnt: nan GateDiv: nan
Epoch [572/600] Total Loss: 36.2333
Epoch [573/600] Step [0/7] Loss: 5.3131 Bio: 0.6905 GateEnt: nan GateDiv: nan
Epoch [573/600] Total Loss: 36.1352
Epoch [574/600] Step [0/7] Loss: 5.2126 Bio: 0.7420 GateEnt: nan GateDiv: nan
Epoch [574/600] Total Loss: 35.6102
Epoch [575/600] Step [0/7] Loss: 5.2651 Bio: 0.8303 GateEnt: nan GateDiv: nan
Epoch [575/600] Total Loss: 36.3132
Epoch [576/600] Step [0/7] Loss: 5.6328 Bio: 0.7664 GateEnt: nan GateDiv: nan
Epoch [576/600] Total Loss: 36.1679
Epoch [577/600] Step [0/7] Loss: 5.4914 Bio: 0.7556 GateEnt: nan GateDiv: nan
Epoch [577/600] Total Loss: 36.5616
Epoch [578/600] Step [0/7] Loss: 5.1285 Bio: 0.7495 GateEnt: nan GateDiv: nan
Epoch [578/600] Total Loss: 36.1518
Epoch [579/600] Step [0/7] Loss: 5.4025 Bio: 0.6959 GateEnt: nan GateDiv: nan
Epoch [579/600] Total Loss: 36.3239
Epoch [580/600] Step [0/7] Loss: 5.2755 Bio: 0.8277 GateEnt: nan GateDiv: nan
Epoch [580/600] Total Loss: 36.4918
Epoch [581/600] Step [0/7] Loss: 5.3480 Bio: 0.7397 GateEnt: nan GateDiv: nan
Epoch [581/600] Total Loss: 36.3476
Epoch [582/600] Step [0/7] Loss: 5.2691 Bio: 0.6756 GateEnt: nan GateDiv: nan
Epoch [582/600] Total Loss: 36.7867
Epoch [583/600] Step [0/7] Loss: 5.1815 Bio: 0.7507 GateEnt: nan GateDiv: nan
Epoch [583/600] Total Loss: 35.9542
Epoch [584/600] Step [0/7] Loss: 5.2071 Bio: 0.7138 GateEnt: nan GateDiv: nan
Epoch [584/600] Total Loss: 36.8659
Epoch [585/600] Step [0/7] Loss: 5.4458 Bio: 0.8473 GateEnt: nan GateDiv: nan
Epoch [585/600] Total Loss: 35.8301
Epoch [586/600] Step [0/7] Loss: 5.3952 Bio: 0.6668 GateEnt: nan GateDiv: nan
Epoch [586/600] Total Loss: 35.7793
Epoch [587/600] Step [0/7] Loss: 5.3922 Bio: 0.7265 GateEnt: nan GateDiv: nan
Epoch [587/600] Total Loss: 35.9286
Epoch [588/600] Step [0/7] Loss: 5.5156 Bio: 0.7133 GateEnt: nan GateDiv: nan
Epoch [588/600] Total Loss: 35.8467
Epoch [589/600] Step [0/7] Loss: 5.3657 Bio: 0.6918 GateEnt: nan GateDiv: nan
Epoch [589/600] Total Loss: 35.9344
Epoch [590/600] Step [0/7] Loss: 5.4057 Bio: 0.7888 GateEnt: nan GateDiv: nan
Epoch [590/600] Total Loss: 35.6466
Epoch [591/600] Step [0/7] Loss: 5.4042 Bio: 0.7588 GateEnt: nan GateDiv: nan
Epoch [591/600] Total Loss: 35.9552
Epoch [592/600] Step [0/7] Loss: 5.2482 Bio: 0.7712 GateEnt: nan GateDiv: nan
Epoch [592/600] Total Loss: 36.3429
Epoch [593/600] Step [0/7] Loss: 5.3492 Bio: 0.6516 GateEnt: nan GateDiv: nan
Epoch [593/600] Total Loss: 36.2325
Epoch [594/600] Step [0/7] Loss: 5.1587 Bio: 0.6028 GateEnt: nan GateDiv: nan
Epoch [594/600] Total Loss: 35.6226
Epoch [595/600] Step [0/7] Loss: 5.3689 Bio: 0.8493 GateEnt: nan GateDiv: nan
Epoch [595/600] Total Loss: 35.4413
Epoch [596/600] Step [0/7] Loss: 5.3177 Bio: 0.6808 GateEnt: nan GateDiv: nan
Epoch [596/600] Total Loss: 36.2306
Epoch [597/600] Step [0/7] Loss: 5.1777 Bio: 0.6361 GateEnt: nan GateDiv: nan
Epoch [597/600] Total Loss: 35.5092
Epoch [598/600] Step [0/7] Loss: 5.4353 Bio: 0.7339 GateEnt: nan GateDiv: nan
Epoch [598/600] Total Loss: 36.7410
Epoch [599/600] Step [0/7] Loss: 5.3187 Bio: 0.7469 GateEnt: nan GateDiv: nan
Epoch [599/600] Total Loss: 35.7093

=== Loss Summary ===
  Epoch   1: 48.3289
  Epoch 151: 40.0486
  Epoch 301: 38.3112
  Epoch 451: 36.7620
  Epoch 600: 35.7093
  Delta (last 25% = 150 ep): -1.0527
  If delta > -1.0, model has converged
linear training complete.
=== extract clusters: Fri Sep 11 17:38:59 EDT 2026 ===
[dataloader] Loaded bio-anchors from /gpfs/research/fangroup/ug25b/BIOS/BIOS_v2/BLCA/anchors/bio_anchors_BLCA_gsva_H40.csv: torch.Size([398, 40])
saved /gpfs/research/fangroup/ug25b/BIOS/BIOS_v2/BLCA/results/subtyping_results/BIOS/v2_benchmark_600ep_2026-09-10/clusters.csv  (398 patients, 5 clusters, sizes {0: 101, 1: 80, 2: 97, 3: 51, 4: 69})
=== DONE Fri Sep 11 17:39:05 EDT 2026 ===
