=== gate: anchors cover omics ===
gate passed: 1031 patients
=== BRCA | head=mlp | k=5 | Mon Aug 31 12:56:12 PM EDT 2026 ===
Head type    : mlp
Cancer       : BRCA | bio_dim: 4 | lambda_bio: 0.1
Bio anchor   : data/bio_anchors/bio_anchors_BRCA_gsva_decorr_M4.csv
Cluster num  : 5
Epochs       : 200
[dataloader] Loaded bio-anchors from data/bio_anchors/bio_anchors_BRCA_gsva_decorr_M4.csv: torch.Size([1031, 4])
Device       : cpu
Model params : 73,947,497
Epoch [0/200] Step [0/17] Loss: 7.1404 Bio: 1.0545 GateEnt: nan GateDiv: nan
Epoch [0/200] Total Loss: 118.8657
Epoch [1/200] Step [0/17] Loss: 7.1529 Bio: 1.1818 GateEnt: nan GateDiv: nan
Epoch [1/200] Total Loss: 118.0260
Epoch [2/200] Step [0/17] Loss: 7.0674 Bio: 0.8051 GateEnt: nan GateDiv: nan
Epoch [2/200] Total Loss: 117.3975
Epoch [3/200] Step [0/17] Loss: 6.8223 Bio: 1.0656 GateEnt: nan GateDiv: nan
Epoch [3/200] Total Loss: 114.0653
Epoch [4/200] Step [0/17] Loss: 6.6187 Bio: 0.9340 GateEnt: nan GateDiv: nan
Epoch [4/200] Total Loss: 114.5782
Epoch [5/200] Step [0/17] Loss: 6.8096 Bio: 0.7786 GateEnt: nan GateDiv: nan
Epoch [5/200] Total Loss: 112.8966
Epoch [6/200] Step [0/17] Loss: 6.6486 Bio: 1.0237 GateEnt: nan GateDiv: nan
Epoch [6/200] Total Loss: 112.2387
Epoch [7/200] Step [0/17] Loss: 6.7390 Bio: 0.9569 GateEnt: nan GateDiv: nan
Epoch [7/200] Total Loss: 110.3753
Epoch [8/200] Step [0/17] Loss: 6.7852 Bio: 0.9163 GateEnt: nan GateDiv: nan
Epoch [8/200] Total Loss: 110.9596
Epoch [9/200] Step [0/17] Loss: 6.7238 Bio: 0.7659 GateEnt: nan GateDiv: nan
Epoch [9/200] Total Loss: 110.6955
Epoch [10/200] Step [0/17] Loss: 6.7711 Bio: 0.9532 GateEnt: nan GateDiv: nan
Epoch [10/200] Total Loss: 109.3121
Epoch [11/200] Step [0/17] Loss: 6.6848 Bio: 0.8031 GateEnt: nan GateDiv: nan
Epoch [11/200] Total Loss: 109.6985
Epoch [12/200] Step [0/17] Loss: 6.4689 Bio: 0.8847 GateEnt: nan GateDiv: nan
Epoch [12/200] Total Loss: 109.7020
Epoch [13/200] Step [0/17] Loss: 6.6156 Bio: 0.9066 GateEnt: nan GateDiv: nan
Epoch [13/200] Total Loss: 108.0223
Epoch [14/200] Step [0/17] Loss: 6.3853 Bio: 0.9473 GateEnt: nan GateDiv: nan
Epoch [14/200] Total Loss: 108.3563
Epoch [15/200] Step [0/17] Loss: 6.5757 Bio: 0.9820 GateEnt: nan GateDiv: nan
Epoch [15/200] Total Loss: 108.9984
Epoch [16/200] Step [0/17] Loss: 6.4127 Bio: 0.9046 GateEnt: nan GateDiv: nan
Epoch [16/200] Total Loss: 108.0776
Epoch [17/200] Step [0/17] Loss: 6.5672 Bio: 1.0721 GateEnt: nan GateDiv: nan
Epoch [17/200] Total Loss: 107.3572
Epoch [18/200] Step [0/17] Loss: 6.3961 Bio: 0.8192 GateEnt: nan GateDiv: nan
Epoch [18/200] Total Loss: 106.4323
Epoch [19/200] Step [0/17] Loss: 6.2792 Bio: 0.8210 GateEnt: nan GateDiv: nan
Epoch [19/200] Total Loss: 105.5231
Epoch [20/200] Step [0/17] Loss: 6.4051 Bio: 0.8169 GateEnt: nan GateDiv: nan
Epoch [20/200] Total Loss: 107.0459
Epoch [21/200] Step [0/17] Loss: 6.2984 Bio: 0.9857 GateEnt: nan GateDiv: nan
Epoch [21/200] Total Loss: 105.3285
Epoch [22/200] Step [0/17] Loss: 6.3754 Bio: 0.9411 GateEnt: nan GateDiv: nan
Epoch [22/200] Total Loss: 107.2228
Epoch [23/200] Step [0/17] Loss: 6.3793 Bio: 0.8918 GateEnt: nan GateDiv: nan
Epoch [23/200] Total Loss: 107.5229
Epoch [24/200] Step [0/17] Loss: 6.5889 Bio: 0.9352 GateEnt: nan GateDiv: nan
Epoch [24/200] Total Loss: 105.9066
Epoch [25/200] Step [0/17] Loss: 6.3899 Bio: 0.8258 GateEnt: nan GateDiv: nan
Epoch [25/200] Total Loss: 106.0132
Epoch [26/200] Step [0/17] Loss: 6.2054 Bio: 0.8839 GateEnt: nan GateDiv: nan
Epoch [26/200] Total Loss: 105.1858
Epoch [27/200] Step [0/17] Loss: 6.2880 Bio: 0.9730 GateEnt: nan GateDiv: nan
Epoch [27/200] Total Loss: 105.7045
Epoch [28/200] Step [0/17] Loss: 6.2537 Bio: 0.7673 GateEnt: nan GateDiv: nan
Epoch [28/200] Total Loss: 105.0635
Epoch [29/200] Step [0/17] Loss: 6.2039 Bio: 0.8145 GateEnt: nan GateDiv: nan
Epoch [29/200] Total Loss: 106.6516
Epoch [30/200] Step [0/17] Loss: 6.1631 Bio: 0.8981 GateEnt: nan GateDiv: nan
Epoch [30/200] Total Loss: 104.9636
Epoch [31/200] Step [0/17] Loss: 6.4614 Bio: 0.7836 GateEnt: nan GateDiv: nan
Epoch [31/200] Total Loss: 105.4350
Epoch [32/200] Step [0/17] Loss: 6.2500 Bio: 0.8517 GateEnt: nan GateDiv: nan
Epoch [32/200] Total Loss: 103.8312
Epoch [33/200] Step [0/17] Loss: 6.1822 Bio: 0.7345 GateEnt: nan GateDiv: nan
Epoch [33/200] Total Loss: 104.3912
Epoch [34/200] Step [0/17] Loss: 6.3085 Bio: 0.7256 GateEnt: nan GateDiv: nan
Epoch [34/200] Total Loss: 103.2121
Epoch [35/200] Step [0/17] Loss: 6.4136 Bio: 0.9145 GateEnt: nan GateDiv: nan
Epoch [35/200] Total Loss: 103.0558
Epoch [36/200] Step [0/17] Loss: 6.4280 Bio: 0.7169 GateEnt: nan GateDiv: nan
Epoch [36/200] Total Loss: 103.5621
Epoch [37/200] Step [0/17] Loss: 6.0935 Bio: 0.7076 GateEnt: nan GateDiv: nan
Epoch [37/200] Total Loss: 105.8763
Epoch [38/200] Step [0/17] Loss: 6.0270 Bio: 0.7886 GateEnt: nan GateDiv: nan
Epoch [38/200] Total Loss: 103.3622
Epoch [39/200] Step [0/17] Loss: 6.2274 Bio: 0.8316 GateEnt: nan GateDiv: nan
Epoch [39/200] Total Loss: 102.1611
Epoch [40/200] Step [0/17] Loss: 6.2783 Bio: 0.7693 GateEnt: nan GateDiv: nan
Epoch [40/200] Total Loss: 104.0077
Epoch [41/200] Step [0/17] Loss: 6.4572 Bio: 0.6306 GateEnt: nan GateDiv: nan
Epoch [41/200] Total Loss: 104.2247
Epoch [42/200] Step [0/17] Loss: 6.1971 Bio: 0.6367 GateEnt: nan GateDiv: nan
Epoch [42/200] Total Loss: 102.7052
Epoch [43/200] Step [0/17] Loss: 6.1496 Bio: 0.7355 GateEnt: nan GateDiv: nan
Epoch [43/200] Total Loss: 103.5250
Epoch [44/200] Step [0/17] Loss: 6.1199 Bio: 0.6644 GateEnt: nan GateDiv: nan
Epoch [44/200] Total Loss: 103.9213
Epoch [45/200] Step [0/17] Loss: 6.2974 Bio: 0.7923 GateEnt: nan GateDiv: nan
Epoch [45/200] Total Loss: 102.7382
Epoch [46/200] Step [0/17] Loss: 6.4271 Bio: 0.7619 GateEnt: nan GateDiv: nan
Epoch [46/200] Total Loss: 102.1044
Epoch [47/200] Step [0/17] Loss: 6.0027 Bio: 0.7423 GateEnt: nan GateDiv: nan
Epoch [47/200] Total Loss: 102.4663
Epoch [48/200] Step [0/17] Loss: 6.0052 Bio: 0.6999 GateEnt: nan GateDiv: nan
Epoch [48/200] Total Loss: 102.0360
Epoch [49/200] Step [0/17] Loss: 6.1213 Bio: 0.6897 GateEnt: nan GateDiv: nan
Epoch [49/200] Total Loss: 101.9017
Epoch [50/200] Step [0/17] Loss: 6.0179 Bio: 0.7275 GateEnt: nan GateDiv: nan
Epoch [50/200] Total Loss: 100.5891
Epoch [51/200] Step [0/17] Loss: 6.1631 Bio: 0.7715 GateEnt: nan GateDiv: nan
Epoch [51/200] Total Loss: 102.3480
Epoch [52/200] Step [0/17] Loss: 5.9895 Bio: 0.5951 GateEnt: nan GateDiv: nan
Epoch [52/200] Total Loss: 101.3613
Epoch [53/200] Step [0/17] Loss: 6.0763 Bio: 0.7163 GateEnt: nan GateDiv: nan
Epoch [53/200] Total Loss: 100.6628
Epoch [54/200] Step [0/17] Loss: 6.0300 Bio: 0.6487 GateEnt: nan GateDiv: nan
Epoch [54/200] Total Loss: 100.7810
Epoch [55/200] Step [0/17] Loss: 6.0748 Bio: 0.6519 GateEnt: nan GateDiv: nan
Epoch [55/200] Total Loss: 101.1624
Epoch [56/200] Step [0/17] Loss: 6.2107 Bio: 0.7255 GateEnt: nan GateDiv: nan
Epoch [56/200] Total Loss: 101.2134
Epoch [57/200] Step [0/17] Loss: 5.9160 Bio: 0.5882 GateEnt: nan GateDiv: nan
Epoch [57/200] Total Loss: 102.5444
Epoch [58/200] Step [0/17] Loss: 6.3186 Bio: 0.7132 GateEnt: nan GateDiv: nan
Epoch [58/200] Total Loss: 100.9606
Epoch [59/200] Step [0/17] Loss: 5.7107 Bio: 0.6362 GateEnt: nan GateDiv: nan
Epoch [59/200] Total Loss: 99.1892
Epoch [60/200] Step [0/17] Loss: 6.0794 Bio: 0.7814 GateEnt: nan GateDiv: nan
Epoch [60/200] Total Loss: 100.5600
Epoch [61/200] Step [0/17] Loss: 6.0388 Bio: 0.8045 GateEnt: nan GateDiv: nan
Epoch [61/200] Total Loss: 99.8323
Epoch [62/200] Step [0/17] Loss: 5.9502 Bio: 0.6367 GateEnt: nan GateDiv: nan
Epoch [62/200] Total Loss: 100.8086
Epoch [63/200] Step [0/17] Loss: 5.9226 Bio: 0.6635 GateEnt: nan GateDiv: nan
Epoch [63/200] Total Loss: 100.1134
Epoch [64/200] Step [0/17] Loss: 6.0621 Bio: 0.6585 GateEnt: nan GateDiv: nan
Epoch [64/200] Total Loss: 101.5327
Epoch [65/200] Step [0/17] Loss: 6.0806 Bio: 0.7865 GateEnt: nan GateDiv: nan
Epoch [65/200] Total Loss: 100.3925
Epoch [66/200] Step [0/17] Loss: 6.1486 Bio: 0.6224 GateEnt: nan GateDiv: nan
Epoch [66/200] Total Loss: 100.9621
Epoch [67/200] Step [0/17] Loss: 5.9297 Bio: 0.6213 GateEnt: nan GateDiv: nan
Epoch [67/200] Total Loss: 99.9990
Epoch [68/200] Step [0/17] Loss: 5.9692 Bio: 0.6269 GateEnt: nan GateDiv: nan
Epoch [68/200] Total Loss: 100.8552
Epoch [69/200] Step [0/17] Loss: 5.7150 Bio: 0.6287 GateEnt: nan GateDiv: nan
Epoch [69/200] Total Loss: 100.4883
Epoch [70/200] Step [0/17] Loss: 6.0242 Bio: 0.6197 GateEnt: nan GateDiv: nan
Epoch [70/200] Total Loss: 100.0055
Epoch [71/200] Step [0/17] Loss: 6.0669 Bio: 0.7046 GateEnt: nan GateDiv: nan
Epoch [71/200] Total Loss: 99.8919
Epoch [72/200] Step [0/17] Loss: 6.0385 Bio: 0.6915 GateEnt: nan GateDiv: nan
Epoch [72/200] Total Loss: 100.5095
Epoch [73/200] Step [0/17] Loss: 5.9868 Bio: 0.8064 GateEnt: nan GateDiv: nan
Epoch [73/200] Total Loss: 98.1526
Epoch [74/200] Step [0/17] Loss: 5.9781 Bio: 0.6337 GateEnt: nan GateDiv: nan
Epoch [74/200] Total Loss: 99.3013
Epoch [75/200] Step [0/17] Loss: 5.8432 Bio: 0.6118 GateEnt: nan GateDiv: nan
Epoch [75/200] Total Loss: 98.2644
Epoch [76/200] Step [0/17] Loss: 5.9137 Bio: 0.6574 GateEnt: nan GateDiv: nan
Epoch [76/200] Total Loss: 98.7001
Epoch [77/200] Step [0/17] Loss: 5.9898 Bio: 0.6052 GateEnt: nan GateDiv: nan
Epoch [77/200] Total Loss: 98.7350
Epoch [78/200] Step [0/17] Loss: 5.8921 Bio: 0.7161 GateEnt: nan GateDiv: nan
Epoch [78/200] Total Loss: 98.5794
Epoch [79/200] Step [0/17] Loss: 5.8379 Bio: 0.5347 GateEnt: nan GateDiv: nan
Epoch [79/200] Total Loss: 98.4258
Epoch [80/200] Step [0/17] Loss: 5.8764 Bio: 0.6197 GateEnt: nan GateDiv: nan
Epoch [80/200] Total Loss: 99.8704
Epoch [81/200] Step [0/17] Loss: 5.9529 Bio: 0.6926 GateEnt: nan GateDiv: nan
Epoch [81/200] Total Loss: 98.9953
Epoch [82/200] Step [0/17] Loss: 5.8695 Bio: 0.7021 GateEnt: nan GateDiv: nan
Epoch [82/200] Total Loss: 99.4469
Epoch [83/200] Step [0/17] Loss: 6.4415 Bio: 0.6426 GateEnt: nan GateDiv: nan
Epoch [83/200] Total Loss: 99.8174
Epoch [84/200] Step [0/17] Loss: 5.8983 Bio: 0.5408 GateEnt: nan GateDiv: nan
Epoch [84/200] Total Loss: 98.9188
Epoch [85/200] Step [0/17] Loss: 5.7916 Bio: 0.6101 GateEnt: nan GateDiv: nan
Epoch [85/200] Total Loss: 97.9447
Epoch [86/200] Step [0/17] Loss: 5.7430 Bio: 0.6039 GateEnt: nan GateDiv: nan
Epoch [86/200] Total Loss: 98.8797
Epoch [87/200] Step [0/17] Loss: 5.6015 Bio: 0.6115 GateEnt: nan GateDiv: nan
Epoch [87/200] Total Loss: 98.0471
Epoch [88/200] Step [0/17] Loss: 5.8936 Bio: 0.6559 GateEnt: nan GateDiv: nan
Epoch [88/200] Total Loss: 97.4187
Epoch [89/200] Step [0/17] Loss: 5.7737 Bio: 0.6443 GateEnt: nan GateDiv: nan
Epoch [89/200] Total Loss: 97.2207
Epoch [90/200] Step [0/17] Loss: 5.9826 Bio: 0.4849 GateEnt: nan GateDiv: nan
Epoch [90/200] Total Loss: 98.7605
Epoch [91/200] Step [0/17] Loss: 5.7522 Bio: 0.6311 GateEnt: nan GateDiv: nan
Epoch [91/200] Total Loss: 100.1096
Epoch [92/200] Step [0/17] Loss: 5.7545 Bio: 0.6139 GateEnt: nan GateDiv: nan
Epoch [92/200] Total Loss: 97.1885
Epoch [93/200] Step [0/17] Loss: 6.0381 Bio: 0.5467 GateEnt: nan GateDiv: nan
Epoch [93/200] Total Loss: 97.5021
Epoch [94/200] Step [0/17] Loss: 5.9324 Bio: 0.6182 GateEnt: nan GateDiv: nan
Epoch [94/200] Total Loss: 98.1477
Epoch [95/200] Step [0/17] Loss: 5.7944 Bio: 0.7163 GateEnt: nan GateDiv: nan
Epoch [95/200] Total Loss: 97.8211
Epoch [96/200] Step [0/17] Loss: 5.8765 Bio: 0.6585 GateEnt: nan GateDiv: nan
Epoch [96/200] Total Loss: 97.0839
Epoch [97/200] Step [0/17] Loss: 6.0279 Bio: 0.6497 GateEnt: nan GateDiv: nan
Epoch [97/200] Total Loss: 96.4339
Epoch [98/200] Step [0/17] Loss: 5.9491 Bio: 0.5661 GateEnt: nan GateDiv: nan
Epoch [98/200] Total Loss: 97.0771
Epoch [99/200] Step [0/17] Loss: 5.7474 Bio: 0.6873 GateEnt: nan GateDiv: nan
Epoch [99/200] Total Loss: 97.0499
Epoch [100/200] Step [0/17] Loss: 5.6120 Bio: 0.6181 GateEnt: nan GateDiv: nan
Epoch [100/200] Total Loss: 96.2157
Epoch [101/200] Step [0/17] Loss: 5.8049 Bio: 0.6504 GateEnt: nan GateDiv: nan
Epoch [101/200] Total Loss: 97.7948
Epoch [102/200] Step [0/17] Loss: 5.8026 Bio: 0.5709 GateEnt: nan GateDiv: nan
Epoch [102/200] Total Loss: 97.6173
Epoch [103/200] Step [0/17] Loss: 5.8700 Bio: 0.5920 GateEnt: nan GateDiv: nan
Epoch [103/200] Total Loss: 97.1703
Epoch [104/200] Step [0/17] Loss: 5.7136 Bio: 0.6976 GateEnt: nan GateDiv: nan
Epoch [104/200] Total Loss: 97.2312
Epoch [105/200] Step [0/17] Loss: 5.6745 Bio: 0.6129 GateEnt: nan GateDiv: nan
Epoch [105/200] Total Loss: 97.2630
Epoch [106/200] Step [0/17] Loss: 6.0341 Bio: 0.6936 GateEnt: nan GateDiv: nan
Epoch [106/200] Total Loss: 97.4564
Epoch [107/200] Step [0/17] Loss: 5.8784 Bio: 0.7291 GateEnt: nan GateDiv: nan
Epoch [107/200] Total Loss: 97.8963
Epoch [108/200] Step [0/17] Loss: 5.6966 Bio: 0.5841 GateEnt: nan GateDiv: nan
Epoch [108/200] Total Loss: 96.9297
Epoch [109/200] Step [0/17] Loss: 5.7006 Bio: 0.6614 GateEnt: nan GateDiv: nan
Epoch [109/200] Total Loss: 96.8696
Epoch [110/200] Step [0/17] Loss: 5.8151 Bio: 0.6609 GateEnt: nan GateDiv: nan
Epoch [110/200] Total Loss: 96.9335
Epoch [111/200] Step [0/17] Loss: 5.9855 Bio: 0.5579 GateEnt: nan GateDiv: nan
Epoch [111/200] Total Loss: 97.7314
Epoch [112/200] Step [0/17] Loss: 6.0405 Bio: 0.6236 GateEnt: nan GateDiv: nan
Epoch [112/200] Total Loss: 97.5991
Epoch [113/200] Step [0/17] Loss: 6.0433 Bio: 0.4919 GateEnt: nan GateDiv: nan
Epoch [113/200] Total Loss: 97.4731
Epoch [114/200] Step [0/17] Loss: 5.8441 Bio: 0.5549 GateEnt: nan GateDiv: nan
Epoch [114/200] Total Loss: 96.7572
Epoch [115/200] Step [0/17] Loss: 5.9408 Bio: 0.6392 GateEnt: nan GateDiv: nan
Epoch [115/200] Total Loss: 96.5933
Epoch [116/200] Step [0/17] Loss: 5.7151 Bio: 0.5369 GateEnt: nan GateDiv: nan
Epoch [116/200] Total Loss: 96.7656
Epoch [117/200] Step [0/17] Loss: 5.6499 Bio: 0.6152 GateEnt: nan GateDiv: nan
Epoch [117/200] Total Loss: 97.4628
Epoch [118/200] Step [0/17] Loss: 5.6266 Bio: 0.5450 GateEnt: nan GateDiv: nan
Epoch [118/200] Total Loss: 96.5777
Epoch [119/200] Step [0/17] Loss: 5.7841 Bio: 0.5773 GateEnt: nan GateDiv: nan
Epoch [119/200] Total Loss: 97.1198
Epoch [120/200] Step [0/17] Loss: 6.0545 Bio: 0.5031 GateEnt: nan GateDiv: nan
Epoch [120/200] Total Loss: 96.7800
Epoch [121/200] Step [0/17] Loss: 5.6592 Bio: 0.5554 GateEnt: nan GateDiv: nan
Epoch [121/200] Total Loss: 97.2083
Epoch [122/200] Step [0/17] Loss: 5.7321 Bio: 0.6508 GateEnt: nan GateDiv: nan
Epoch [122/200] Total Loss: 96.9665
Epoch [123/200] Step [0/17] Loss: 5.7937 Bio: 0.5375 GateEnt: nan GateDiv: nan
Epoch [123/200] Total Loss: 97.5656
Epoch [124/200] Step [0/17] Loss: 5.7493 Bio: 0.6488 GateEnt: nan GateDiv: nan
Epoch [124/200] Total Loss: 96.0141
Epoch [125/200] Step [0/17] Loss: 5.6937 Bio: 0.6806 GateEnt: nan GateDiv: nan
Epoch [125/200] Total Loss: 95.6424
Epoch [126/200] Step [0/17] Loss: 5.9421 Bio: 0.6302 GateEnt: nan GateDiv: nan
Epoch [126/200] Total Loss: 96.0401
Epoch [127/200] Step [0/17] Loss: 5.8579 Bio: 0.6048 GateEnt: nan GateDiv: nan
Epoch [127/200] Total Loss: 97.8236
Epoch [128/200] Step [0/17] Loss: 5.8801 Bio: 0.6011 GateEnt: nan GateDiv: nan
Epoch [128/200] Total Loss: 98.7589
Epoch [129/200] Step [0/17] Loss: 5.6787 Bio: 0.6029 GateEnt: nan GateDiv: nan
Epoch [129/200] Total Loss: 96.8125
Epoch [130/200] Step [0/17] Loss: 5.7105 Bio: 0.5337 GateEnt: nan GateDiv: nan
Epoch [130/200] Total Loss: 94.5837
Epoch [131/200] Step [0/17] Loss: 5.6911 Bio: 0.6018 GateEnt: nan GateDiv: nan
Epoch [131/200] Total Loss: 96.7823
Epoch [132/200] Step [0/17] Loss: 5.7986 Bio: 0.6516 GateEnt: nan GateDiv: nan
Epoch [132/200] Total Loss: 96.9764
Epoch [133/200] Step [0/17] Loss: 5.8517 Bio: 0.6514 GateEnt: nan GateDiv: nan
Epoch [133/200] Total Loss: 96.2086
Epoch [134/200] Step [0/17] Loss: 5.8375 Bio: 0.5663 GateEnt: nan GateDiv: nan
Epoch [134/200] Total Loss: 95.9296
Epoch [135/200] Step [0/17] Loss: 5.5749 Bio: 0.7180 GateEnt: nan GateDiv: nan
Epoch [135/200] Total Loss: 96.2746
Epoch [136/200] Step [0/17] Loss: 5.7919 Bio: 0.6127 GateEnt: nan GateDiv: nan
Epoch [136/200] Total Loss: 95.8975
Epoch [137/200] Step [0/17] Loss: 5.7918 Bio: 0.6239 GateEnt: nan GateDiv: nan
Epoch [137/200] Total Loss: 96.4969
Epoch [138/200] Step [0/17] Loss: 5.7829 Bio: 0.5649 GateEnt: nan GateDiv: nan
Epoch [138/200] Total Loss: 96.1343
Epoch [139/200] Step [0/17] Loss: 5.5620 Bio: 0.6124 GateEnt: nan GateDiv: nan
Epoch [139/200] Total Loss: 95.0685
Epoch [140/200] Step [0/17] Loss: 5.6608 Bio: 0.6706 GateEnt: nan GateDiv: nan
Epoch [140/200] Total Loss: 95.5729
Epoch [141/200] Step [0/17] Loss: 5.8460 Bio: 0.5930 GateEnt: nan GateDiv: nan
Epoch [141/200] Total Loss: 96.7233
Epoch [142/200] Step [0/17] Loss: 5.8902 Bio: 0.6368 GateEnt: nan GateDiv: nan
Epoch [142/200] Total Loss: 96.2467
Epoch [143/200] Step [0/17] Loss: 5.8550 Bio: 0.5877 GateEnt: nan GateDiv: nan
Epoch [143/200] Total Loss: 95.6302
Epoch [144/200] Step [0/17] Loss: 5.9813 Bio: 0.7127 GateEnt: nan GateDiv: nan
Epoch [144/200] Total Loss: 95.4732
Epoch [145/200] Step [0/17] Loss: 5.6610 Bio: 0.5500 GateEnt: nan GateDiv: nan
Epoch [145/200] Total Loss: 96.4921
Epoch [146/200] Step [0/17] Loss: 5.5062 Bio: 0.5895 GateEnt: nan GateDiv: nan
Epoch [146/200] Total Loss: 95.8485
Epoch [147/200] Step [0/17] Loss: 5.6558 Bio: 0.6276 GateEnt: nan GateDiv: nan
Epoch [147/200] Total Loss: 96.9642
Epoch [148/200] Step [0/17] Loss: 5.6900 Bio: 0.6943 GateEnt: nan GateDiv: nan
Epoch [148/200] Total Loss: 96.9806
Epoch [149/200] Step [0/17] Loss: 5.6525 Bio: 0.6357 GateEnt: nan GateDiv: nan
Epoch [149/200] Total Loss: 97.3084
Epoch [150/200] Step [0/17] Loss: 5.8209 Bio: 0.6128 GateEnt: nan GateDiv: nan
Epoch [150/200] Total Loss: 96.2603
Epoch [151/200] Step [0/17] Loss: 5.5415 Bio: 0.5453 GateEnt: nan GateDiv: nan
Epoch [151/200] Total Loss: 96.0661
Epoch [152/200] Step [0/17] Loss: 5.9497 Bio: 0.5101 GateEnt: nan GateDiv: nan
Epoch [152/200] Total Loss: 95.2996
Epoch [153/200] Step [0/17] Loss: 5.6108 Bio: 0.6484 GateEnt: nan GateDiv: nan
Epoch [153/200] Total Loss: 95.3478
Epoch [154/200] Step [0/17] Loss: 5.6678 Bio: 0.5683 GateEnt: nan GateDiv: nan
Epoch [154/200] Total Loss: 95.9873
Epoch [155/200] Step [0/17] Loss: 5.3266 Bio: 0.5063 GateEnt: nan GateDiv: nan
Epoch [155/200] Total Loss: 95.4220
Epoch [156/200] Step [0/17] Loss: 5.8574 Bio: 0.7417 GateEnt: nan GateDiv: nan
Epoch [156/200] Total Loss: 96.0174
Epoch [157/200] Step [0/17] Loss: 5.6737 Bio: 0.6075 GateEnt: nan GateDiv: nan
Epoch [157/200] Total Loss: 95.3385
Epoch [158/200] Step [0/17] Loss: 5.6829 Bio: 0.7090 GateEnt: nan GateDiv: nan
Epoch [158/200] Total Loss: 97.4401
Epoch [159/200] Step [0/17] Loss: 5.7222 Bio: 0.6715 GateEnt: nan GateDiv: nan
Epoch [159/200] Total Loss: 96.2605
Epoch [160/200] Step [0/17] Loss: 5.6252 Bio: 0.5766 GateEnt: nan GateDiv: nan
Epoch [160/200] Total Loss: 95.5081
Epoch [161/200] Step [0/17] Loss: 5.7086 Bio: 0.5839 GateEnt: nan GateDiv: nan
Epoch [161/200] Total Loss: 95.5515
Epoch [162/200] Step [0/17] Loss: 5.7596 Bio: 0.6750 GateEnt: nan GateDiv: nan
Epoch [162/200] Total Loss: 96.4652
Epoch [163/200] Step [0/17] Loss: 5.7420 Bio: 0.4917 GateEnt: nan GateDiv: nan
Epoch [163/200] Total Loss: 96.9916
Epoch [164/200] Step [0/17] Loss: 5.6012 Bio: 0.5041 GateEnt: nan GateDiv: nan
Epoch [164/200] Total Loss: 95.4804
Epoch [165/200] Step [0/17] Loss: 5.5838 Bio: 0.6153 GateEnt: nan GateDiv: nan
Epoch [165/200] Total Loss: 96.8152
Epoch [166/200] Step [0/17] Loss: 5.7065 Bio: 0.5010 GateEnt: nan GateDiv: nan
Epoch [166/200] Total Loss: 96.3859
Epoch [167/200] Step [0/17] Loss: 5.8330 Bio: 0.6073 GateEnt: nan GateDiv: nan
Epoch [167/200] Total Loss: 95.8702
Epoch [168/200] Step [0/17] Loss: 5.6940 Bio: 0.5691 GateEnt: nan GateDiv: nan
Epoch [168/200] Total Loss: 94.7265
Epoch [169/200] Step [0/17] Loss: 5.7558 Bio: 0.5819 GateEnt: nan GateDiv: nan
Epoch [169/200] Total Loss: 95.5430
Epoch [170/200] Step [0/17] Loss: 5.7111 Bio: 0.6383 GateEnt: nan GateDiv: nan
Epoch [170/200] Total Loss: 95.0199
Epoch [171/200] Step [0/17] Loss: 5.9198 Bio: 0.7255 GateEnt: nan GateDiv: nan
Epoch [171/200] Total Loss: 95.3292
Epoch [172/200] Step [0/17] Loss: 5.9278 Bio: 0.5970 GateEnt: nan GateDiv: nan
Epoch [172/200] Total Loss: 94.9012
Epoch [173/200] Step [0/17] Loss: 5.9118 Bio: 0.7613 GateEnt: nan GateDiv: nan
Epoch [173/200] Total Loss: 94.7015
Epoch [174/200] Step [0/17] Loss: 5.5957 Bio: 0.4647 GateEnt: nan GateDiv: nan
Epoch [174/200] Total Loss: 95.6535
Epoch [175/200] Step [0/17] Loss: 5.5743 Bio: 0.4901 GateEnt: nan GateDiv: nan
Epoch [175/200] Total Loss: 96.2436
Epoch [176/200] Step [0/17] Loss: 5.6834 Bio: 0.7497 GateEnt: nan GateDiv: nan
Epoch [176/200] Total Loss: 95.6339
Epoch [177/200] Step [0/17] Loss: 5.7657 Bio: 0.5980 GateEnt: nan GateDiv: nan
Epoch [177/200] Total Loss: 95.4527
Epoch [178/200] Step [0/17] Loss: 5.6936 Bio: 0.5830 GateEnt: nan GateDiv: nan
Epoch [178/200] Total Loss: 94.9556
Epoch [179/200] Step [0/17] Loss: 5.7081 Bio: 0.6039 GateEnt: nan GateDiv: nan
Epoch [179/200] Total Loss: 95.3488
Epoch [180/200] Step [0/17] Loss: 5.8858 Bio: 0.6693 GateEnt: nan GateDiv: nan
Epoch [180/200] Total Loss: 96.2674
Epoch [181/200] Step [0/17] Loss: 5.6634 Bio: 0.5757 GateEnt: nan GateDiv: nan
Epoch [181/200] Total Loss: 94.6049
Epoch [182/200] Step [0/17] Loss: 5.9406 Bio: 0.5841 GateEnt: nan GateDiv: nan
Epoch [182/200] Total Loss: 94.9837
Epoch [183/200] Step [0/17] Loss: 5.6450 Bio: 0.6028 GateEnt: nan GateDiv: nan
Epoch [183/200] Total Loss: 95.1580
Epoch [184/200] Step [0/17] Loss: 5.8756 Bio: 0.6182 GateEnt: nan GateDiv: nan
Epoch [184/200] Total Loss: 95.5200
Epoch [185/200] Step [0/17] Loss: 5.6526 Bio: 0.6105 GateEnt: nan GateDiv: nan
Epoch [185/200] Total Loss: 94.4268
Epoch [186/200] Step [0/17] Loss: 5.6447 Bio: 0.5857 GateEnt: nan GateDiv: nan
Epoch [186/200] Total Loss: 95.5786
Epoch [187/200] Step [0/17] Loss: 5.4930 Bio: 0.4475 GateEnt: nan GateDiv: nan
Epoch [187/200] Total Loss: 94.6735
Epoch [188/200] Step [0/17] Loss: 5.7180 Bio: 0.5612 GateEnt: nan GateDiv: nan
Epoch [188/200] Total Loss: 94.2158
Epoch [189/200] Step [0/17] Loss: 5.6952 Bio: 0.5103 GateEnt: nan GateDiv: nan
Epoch [189/200] Total Loss: 94.9299
Epoch [190/200] Step [0/17] Loss: 5.6237 Bio: 0.6394 GateEnt: nan GateDiv: nan
Epoch [190/200] Total Loss: 96.4015
Epoch [191/200] Step [0/17] Loss: 5.6833 Bio: 0.5473 GateEnt: nan GateDiv: nan
Epoch [191/200] Total Loss: 96.0176
Epoch [192/200] Step [0/17] Loss: 5.9000 Bio: 0.5658 GateEnt: nan GateDiv: nan
Epoch [192/200] Total Loss: 95.1713
Epoch [193/200] Step [0/17] Loss: 5.9500 Bio: 0.6161 GateEnt: nan GateDiv: nan
Epoch [193/200] Total Loss: 94.7165
Epoch [194/200] Step [0/17] Loss: 5.6134 Bio: 0.6342 GateEnt: nan GateDiv: nan
Epoch [194/200] Total Loss: 94.7705
Epoch [195/200] Step [0/17] Loss: 5.7457 Bio: 0.6191 GateEnt: nan GateDiv: nan
Epoch [195/200] Total Loss: 95.0603
Epoch [196/200] Step [0/17] Loss: 5.6845 Bio: 0.5544 GateEnt: nan GateDiv: nan
Epoch [196/200] Total Loss: 95.6772
Epoch [197/200] Step [0/17] Loss: 5.6911 Bio: 0.7107 GateEnt: nan GateDiv: nan
Epoch [197/200] Total Loss: 96.2107
Epoch [198/200] Step [0/17] Loss: 5.6529 Bio: 0.6047 GateEnt: nan GateDiv: nan
Epoch [198/200] Total Loss: 95.6898
Epoch [199/200] Step [0/17] Loss: 5.6087 Bio: 0.5603 GateEnt: nan GateDiv: nan
Epoch [199/200] Total Loss: 97.6896

=== Loss Summary ===
  Epoch   1: 118.8657
  Epoch  51: 100.5891
  Epoch 101: 96.2157
  Epoch 151: 96.2603
  Epoch 200: 97.6896
  Delta (last 25% = 50 ep): 1.4293
  If delta > -1.0, model has converged
mlp training complete.
=== DONE Mon Aug 31 02:35:08 PM EDT 2026 ===
