=== gate: anchors cover omics ===
gate passed: 510 patients
=== UCEC | head=mlp | k=4 | Mon Aug 31 12:56:12 PM EDT 2026 ===
Head type    : mlp
Cancer       : UCEC | bio_dim: 4 | lambda_bio: 0.1
Bio anchor   : data/bio_anchors/bio_anchors_UCEC_gsva_decorr_M4.csv
Cluster num  : 4
Epochs       : 200
[dataloader] Loaded bio-anchors from data/bio_anchors/bio_anchors_UCEC_gsva_decorr_M4.csv: torch.Size([510, 4])
Device       : cpu
Model params : 73,947,240
Epoch [0/200] Step [0/8] Loss: 6.8623 Bio: 0.8129 GateEnt: nan GateDiv: nan
Epoch [0/200] Total Loss: 54.9297
Epoch [1/200] Step [0/8] Loss: 6.8707 Bio: 0.8654 GateEnt: nan GateDiv: nan
Epoch [1/200] Total Loss: 54.9363
Epoch [2/200] Step [0/8] Loss: 6.8695 Bio: 0.8662 GateEnt: nan GateDiv: nan
Epoch [2/200] Total Loss: 54.9163
Epoch [3/200] Step [0/8] Loss: 6.8736 Bio: 0.9200 GateEnt: nan GateDiv: nan
Epoch [3/200] Total Loss: 54.8784
Epoch [4/200] Step [0/8] Loss: 6.8489 Bio: 0.8026 GateEnt: nan GateDiv: nan
Epoch [4/200] Total Loss: 54.6148
Epoch [5/200] Step [0/8] Loss: 6.8030 Bio: 0.8439 GateEnt: nan GateDiv: nan
Epoch [5/200] Total Loss: 54.1538
Epoch [6/200] Step [0/8] Loss: 6.7464 Bio: 0.7444 GateEnt: nan GateDiv: nan
Epoch [6/200] Total Loss: 53.5208
Epoch [7/200] Step [0/8] Loss: 6.6868 Bio: 1.0007 GateEnt: nan GateDiv: nan
Epoch [7/200] Total Loss: 52.7312
Epoch [8/200] Step [0/8] Loss: 7.0568 Bio: 0.8712 GateEnt: nan GateDiv: nan
Epoch [8/200] Total Loss: 53.4257
Epoch [9/200] Step [0/8] Loss: 6.4616 Bio: 0.9672 GateEnt: nan GateDiv: nan
Epoch [9/200] Total Loss: 51.8595
Epoch [10/200] Step [0/8] Loss: 6.3340 Bio: 0.7049 GateEnt: nan GateDiv: nan
Epoch [10/200] Total Loss: 51.3681
Epoch [11/200] Step [0/8] Loss: 6.4296 Bio: 0.9159 GateEnt: nan GateDiv: nan
Epoch [11/200] Total Loss: 51.3894
Epoch [12/200] Step [0/8] Loss: 6.1584 Bio: 0.8275 GateEnt: nan GateDiv: nan
Epoch [12/200] Total Loss: 50.5593
Epoch [13/200] Step [0/8] Loss: 6.6151 Bio: 0.7878 GateEnt: nan GateDiv: nan
Epoch [13/200] Total Loss: 51.3541
Epoch [14/200] Step [0/8] Loss: 6.5246 Bio: 0.9165 GateEnt: nan GateDiv: nan
Epoch [14/200] Total Loss: 51.0368
Epoch [15/200] Step [0/8] Loss: 6.2965 Bio: 0.7959 GateEnt: nan GateDiv: nan
Epoch [15/200] Total Loss: 50.9158
Epoch [16/200] Step [0/8] Loss: 6.3277 Bio: 1.0386 GateEnt: nan GateDiv: nan
Epoch [16/200] Total Loss: 50.6289
Epoch [17/200] Step [0/8] Loss: 6.2369 Bio: 0.7741 GateEnt: nan GateDiv: nan
Epoch [17/200] Total Loss: 50.4021
Epoch [18/200] Step [0/8] Loss: 6.5884 Bio: 0.6805 GateEnt: nan GateDiv: nan
Epoch [18/200] Total Loss: 51.0971
Epoch [19/200] Step [0/8] Loss: 6.2063 Bio: 0.6682 GateEnt: nan GateDiv: nan
Epoch [19/200] Total Loss: 50.4025
Epoch [20/200] Step [0/8] Loss: 6.3778 Bio: 0.8341 GateEnt: nan GateDiv: nan
Epoch [20/200] Total Loss: 50.1105
Epoch [21/200] Step [0/8] Loss: 6.4117 Bio: 0.9416 GateEnt: nan GateDiv: nan
Epoch [21/200] Total Loss: 50.3389
Epoch [22/200] Step [0/8] Loss: 6.4180 Bio: 0.8131 GateEnt: nan GateDiv: nan
Epoch [22/200] Total Loss: 50.3239
Epoch [23/200] Step [0/8] Loss: 6.3195 Bio: 0.8731 GateEnt: nan GateDiv: nan
Epoch [23/200] Total Loss: 50.0187
Epoch [24/200] Step [0/8] Loss: 6.0524 Bio: 0.8648 GateEnt: nan GateDiv: nan
Epoch [24/200] Total Loss: 49.7127
Epoch [25/200] Step [0/8] Loss: 6.2616 Bio: 0.6780 GateEnt: nan GateDiv: nan
Epoch [25/200] Total Loss: 49.8006
Epoch [26/200] Step [0/8] Loss: 6.0384 Bio: 0.9511 GateEnt: nan GateDiv: nan
Epoch [26/200] Total Loss: 49.6699
Epoch [27/200] Step [0/8] Loss: 6.1003 Bio: 0.7394 GateEnt: nan GateDiv: nan
Epoch [27/200] Total Loss: 49.8123
Epoch [28/200] Step [0/8] Loss: 6.1959 Bio: 0.8520 GateEnt: nan GateDiv: nan
Epoch [28/200] Total Loss: 49.7515
Epoch [29/200] Step [0/8] Loss: 6.2616 Bio: 0.7655 GateEnt: nan GateDiv: nan
Epoch [29/200] Total Loss: 49.8280
Epoch [30/200] Step [0/8] Loss: 5.8971 Bio: 0.9191 GateEnt: nan GateDiv: nan
Epoch [30/200] Total Loss: 49.0465
Epoch [31/200] Step [0/8] Loss: 6.1923 Bio: 0.8728 GateEnt: nan GateDiv: nan
Epoch [31/200] Total Loss: 49.7498
Epoch [32/200] Step [0/8] Loss: 6.2847 Bio: 0.7066 GateEnt: nan GateDiv: nan
Epoch [32/200] Total Loss: 49.5107
Epoch [33/200] Step [0/8] Loss: 6.2380 Bio: 0.8859 GateEnt: nan GateDiv: nan
Epoch [33/200] Total Loss: 49.3028
Epoch [34/200] Step [0/8] Loss: 6.0616 Bio: 0.8882 GateEnt: nan GateDiv: nan
Epoch [34/200] Total Loss: 48.7470
Epoch [35/200] Step [0/8] Loss: 5.9391 Bio: 0.7263 GateEnt: nan GateDiv: nan
Epoch [35/200] Total Loss: 48.8904
Epoch [36/200] Step [0/8] Loss: 6.0284 Bio: 1.0217 GateEnt: nan GateDiv: nan
Epoch [36/200] Total Loss: 48.7046
Epoch [37/200] Step [0/8] Loss: 6.0878 Bio: 0.8136 GateEnt: nan GateDiv: nan
Epoch [37/200] Total Loss: 48.9344
Epoch [38/200] Step [0/8] Loss: 6.0003 Bio: 0.8820 GateEnt: nan GateDiv: nan
Epoch [38/200] Total Loss: 48.7510
Epoch [39/200] Step [0/8] Loss: 6.1832 Bio: 0.8999 GateEnt: nan GateDiv: nan
Epoch [39/200] Total Loss: 48.4577
Epoch [40/200] Step [0/8] Loss: 6.0813 Bio: 0.9227 GateEnt: nan GateDiv: nan
Epoch [40/200] Total Loss: 49.2795
Epoch [41/200] Step [0/8] Loss: 6.1188 Bio: 0.7337 GateEnt: nan GateDiv: nan
Epoch [41/200] Total Loss: 48.5233
Epoch [42/200] Step [0/8] Loss: 5.9033 Bio: 0.7893 GateEnt: nan GateDiv: nan
Epoch [42/200] Total Loss: 48.3591
Epoch [43/200] Step [0/8] Loss: 6.3197 Bio: 0.7681 GateEnt: nan GateDiv: nan
Epoch [43/200] Total Loss: 48.4214
Epoch [44/200] Step [0/8] Loss: 6.0144 Bio: 0.9616 GateEnt: nan GateDiv: nan
Epoch [44/200] Total Loss: 48.1827
Epoch [45/200] Step [0/8] Loss: 6.0417 Bio: 0.8077 GateEnt: nan GateDiv: nan
Epoch [45/200] Total Loss: 48.6423
Epoch [46/200] Step [0/8] Loss: 6.0142 Bio: 0.7533 GateEnt: nan GateDiv: nan
Epoch [46/200] Total Loss: 48.2695
Epoch [47/200] Step [0/8] Loss: 5.9785 Bio: 0.9514 GateEnt: nan GateDiv: nan
Epoch [47/200] Total Loss: 48.7003
Epoch [48/200] Step [0/8] Loss: 6.1462 Bio: 0.6902 GateEnt: nan GateDiv: nan
Epoch [48/200] Total Loss: 48.5726
Epoch [49/200] Step [0/8] Loss: 6.0838 Bio: 0.6575 GateEnt: nan GateDiv: nan
Epoch [49/200] Total Loss: 48.7559
Epoch [50/200] Step [0/8] Loss: 5.9405 Bio: 0.8264 GateEnt: nan GateDiv: nan
Epoch [50/200] Total Loss: 48.2518
Epoch [51/200] Step [0/8] Loss: 6.3023 Bio: 0.8573 GateEnt: nan GateDiv: nan
Epoch [51/200] Total Loss: 49.1875
Epoch [52/200] Step [0/8] Loss: 6.1585 Bio: 0.7325 GateEnt: nan GateDiv: nan
Epoch [52/200] Total Loss: 48.7369
Epoch [53/200] Step [0/8] Loss: 5.9773 Bio: 0.9310 GateEnt: nan GateDiv: nan
Epoch [53/200] Total Loss: 48.2315
Epoch [54/200] Step [0/8] Loss: 6.0178 Bio: 0.9194 GateEnt: nan GateDiv: nan
Epoch [54/200] Total Loss: 48.4061
Epoch [55/200] Step [0/8] Loss: 6.0603 Bio: 0.9859 GateEnt: nan GateDiv: nan
Epoch [55/200] Total Loss: 48.8668
Epoch [56/200] Step [0/8] Loss: 6.0090 Bio: 0.8205 GateEnt: nan GateDiv: nan
Epoch [56/200] Total Loss: 48.5625
Epoch [57/200] Step [0/8] Loss: 5.9431 Bio: 0.8401 GateEnt: nan GateDiv: nan
Epoch [57/200] Total Loss: 47.6567
Epoch [58/200] Step [0/8] Loss: 6.2976 Bio: 0.8318 GateEnt: nan GateDiv: nan
Epoch [58/200] Total Loss: 48.5013
Epoch [59/200] Step [0/8] Loss: 5.9370 Bio: 1.0584 GateEnt: nan GateDiv: nan
Epoch [59/200] Total Loss: 48.2730
Epoch [60/200] Step [0/8] Loss: 6.0781 Bio: 0.7126 GateEnt: nan GateDiv: nan
Epoch [60/200] Total Loss: 48.8640
Epoch [61/200] Step [0/8] Loss: 5.8611 Bio: 0.7856 GateEnt: nan GateDiv: nan
Epoch [61/200] Total Loss: 48.7120
Epoch [62/200] Step [0/8] Loss: 5.9843 Bio: 0.7898 GateEnt: nan GateDiv: nan
Epoch [62/200] Total Loss: 48.2034
Epoch [63/200] Step [0/8] Loss: 5.8305 Bio: 0.7974 GateEnt: nan GateDiv: nan
Epoch [63/200] Total Loss: 47.6213
Epoch [64/200] Step [0/8] Loss: 5.7421 Bio: 0.8618 GateEnt: nan GateDiv: nan
Epoch [64/200] Total Loss: 48.5381
Epoch [65/200] Step [0/8] Loss: 5.9435 Bio: 0.7864 GateEnt: nan GateDiv: nan
Epoch [65/200] Total Loss: 48.0363
Epoch [66/200] Step [0/8] Loss: 6.0424 Bio: 0.9767 GateEnt: nan GateDiv: nan
Epoch [66/200] Total Loss: 47.5094
Epoch [67/200] Step [0/8] Loss: 5.7718 Bio: 0.7260 GateEnt: nan GateDiv: nan
Epoch [67/200] Total Loss: 47.7518
Epoch [68/200] Step [0/8] Loss: 6.0676 Bio: 0.6985 GateEnt: nan GateDiv: nan
Epoch [68/200] Total Loss: 48.1301
Epoch [69/200] Step [0/8] Loss: 6.0085 Bio: 1.0020 GateEnt: nan GateDiv: nan
Epoch [69/200] Total Loss: 48.2340
Epoch [70/200] Step [0/8] Loss: 5.7213 Bio: 0.7771 GateEnt: nan GateDiv: nan
Epoch [70/200] Total Loss: 47.5400
Epoch [71/200] Step [0/8] Loss: 6.0995 Bio: 0.7844 GateEnt: nan GateDiv: nan
Epoch [71/200] Total Loss: 48.2571
Epoch [72/200] Step [0/8] Loss: 6.0139 Bio: 0.7359 GateEnt: nan GateDiv: nan
Epoch [72/200] Total Loss: 47.9976
Epoch [73/200] Step [0/8] Loss: 6.1802 Bio: 0.9128 GateEnt: nan GateDiv: nan
Epoch [73/200] Total Loss: 48.0798
Epoch [74/200] Step [0/8] Loss: 6.0939 Bio: 0.8678 GateEnt: nan GateDiv: nan
Epoch [74/200] Total Loss: 47.6576
Epoch [75/200] Step [0/8] Loss: 5.9896 Bio: 0.9382 GateEnt: nan GateDiv: nan
Epoch [75/200] Total Loss: 48.3596
Epoch [76/200] Step [0/8] Loss: 5.9972 Bio: 0.7730 GateEnt: nan GateDiv: nan
Epoch [76/200] Total Loss: 47.6270
Epoch [77/200] Step [0/8] Loss: 6.2742 Bio: 0.8636 GateEnt: nan GateDiv: nan
Epoch [77/200] Total Loss: 48.3245
Epoch [78/200] Step [0/8] Loss: 6.1380 Bio: 0.8313 GateEnt: nan GateDiv: nan
Epoch [78/200] Total Loss: 47.1875
Epoch [79/200] Step [0/8] Loss: 6.1517 Bio: 1.0467 GateEnt: nan GateDiv: nan
Epoch [79/200] Total Loss: 48.0409
Epoch [80/200] Step [0/8] Loss: 5.9856 Bio: 0.7174 GateEnt: nan GateDiv: nan
Epoch [80/200] Total Loss: 47.6441
Epoch [81/200] Step [0/8] Loss: 5.8260 Bio: 0.6768 GateEnt: nan GateDiv: nan
Epoch [81/200] Total Loss: 47.4934
Epoch [82/200] Step [0/8] Loss: 5.9346 Bio: 0.7857 GateEnt: nan GateDiv: nan
Epoch [82/200] Total Loss: 46.9282
Epoch [83/200] Step [0/8] Loss: 5.9455 Bio: 0.8574 GateEnt: nan GateDiv: nan
Epoch [83/200] Total Loss: 47.7355
Epoch [84/200] Step [0/8] Loss: 5.8486 Bio: 0.8416 GateEnt: nan GateDiv: nan
Epoch [84/200] Total Loss: 47.6723
Epoch [85/200] Step [0/8] Loss: 5.9440 Bio: 0.7479 GateEnt: nan GateDiv: nan
Epoch [85/200] Total Loss: 47.4951
Epoch [86/200] Step [0/8] Loss: 5.8641 Bio: 0.8737 GateEnt: nan GateDiv: nan
Epoch [86/200] Total Loss: 47.5769
Epoch [87/200] Step [0/8] Loss: 6.0873 Bio: 0.9159 GateEnt: nan GateDiv: nan
Epoch [87/200] Total Loss: 47.0573
Epoch [88/200] Step [0/8] Loss: 6.0928 Bio: 0.8150 GateEnt: nan GateDiv: nan
Epoch [88/200] Total Loss: 47.4874
Epoch [89/200] Step [0/8] Loss: 5.8302 Bio: 0.8065 GateEnt: nan GateDiv: nan
Epoch [89/200] Total Loss: 47.3833
Epoch [90/200] Step [0/8] Loss: 5.9267 Bio: 0.8049 GateEnt: nan GateDiv: nan
Epoch [90/200] Total Loss: 47.6089
Epoch [91/200] Step [0/8] Loss: 5.8764 Bio: 0.7990 GateEnt: nan GateDiv: nan
Epoch [91/200] Total Loss: 46.8541
Epoch [92/200] Step [0/8] Loss: 6.1877 Bio: 0.7901 GateEnt: nan GateDiv: nan
Epoch [92/200] Total Loss: 47.7790
Epoch [93/200] Step [0/8] Loss: 5.8346 Bio: 0.8542 GateEnt: nan GateDiv: nan
Epoch [93/200] Total Loss: 47.7521
Epoch [94/200] Step [0/8] Loss: 6.0707 Bio: 0.8635 GateEnt: nan GateDiv: nan
Epoch [94/200] Total Loss: 47.7018
Epoch [95/200] Step [0/8] Loss: 5.7623 Bio: 0.8528 GateEnt: nan GateDiv: nan
Epoch [95/200] Total Loss: 47.3818
Epoch [96/200] Step [0/8] Loss: 5.9765 Bio: 0.7968 GateEnt: nan GateDiv: nan
Epoch [96/200] Total Loss: 47.2833
Epoch [97/200] Step [0/8] Loss: 5.8760 Bio: 0.8811 GateEnt: nan GateDiv: nan
Epoch [97/200] Total Loss: 47.4781
Epoch [98/200] Step [0/8] Loss: 5.8785 Bio: 0.9599 GateEnt: nan GateDiv: nan
Epoch [98/200] Total Loss: 47.3682
Epoch [99/200] Step [0/8] Loss: 6.0136 Bio: 0.8495 GateEnt: nan GateDiv: nan
Epoch [99/200] Total Loss: 47.4776
Epoch [100/200] Step [0/8] Loss: 6.0113 Bio: 0.7717 GateEnt: nan GateDiv: nan
Epoch [100/200] Total Loss: 47.4459
Epoch [101/200] Step [0/8] Loss: 5.9628 Bio: 1.0400 GateEnt: nan GateDiv: nan
Epoch [101/200] Total Loss: 47.6453
Epoch [102/200] Step [0/8] Loss: 6.0316 Bio: 0.8179 GateEnt: nan GateDiv: nan
Epoch [102/200] Total Loss: 47.4067
Epoch [103/200] Step [0/8] Loss: 5.7957 Bio: 0.7639 GateEnt: nan GateDiv: nan
Epoch [103/200] Total Loss: 46.9741
Epoch [104/200] Step [0/8] Loss: 6.0052 Bio: 0.8511 GateEnt: nan GateDiv: nan
Epoch [104/200] Total Loss: 46.7334
Epoch [105/200] Step [0/8] Loss: 5.9133 Bio: 0.7786 GateEnt: nan GateDiv: nan
Epoch [105/200] Total Loss: 47.5050
Epoch [106/200] Step [0/8] Loss: 6.0105 Bio: 0.8339 GateEnt: nan GateDiv: nan
Epoch [106/200] Total Loss: 47.3569
Epoch [107/200] Step [0/8] Loss: 5.8238 Bio: 0.7717 GateEnt: nan GateDiv: nan
Epoch [107/200] Total Loss: 47.4421
Epoch [108/200] Step [0/8] Loss: 6.2765 Bio: 1.0219 GateEnt: nan GateDiv: nan
Epoch [108/200] Total Loss: 47.3043
Epoch [109/200] Step [0/8] Loss: 5.9186 Bio: 0.6876 GateEnt: nan GateDiv: nan
Epoch [109/200] Total Loss: 46.9152
Epoch [110/200] Step [0/8] Loss: 5.9824 Bio: 0.7425 GateEnt: nan GateDiv: nan
Epoch [110/200] Total Loss: 47.2548
Epoch [111/200] Step [0/8] Loss: 5.9024 Bio: 0.7673 GateEnt: nan GateDiv: nan
Epoch [111/200] Total Loss: 46.8742
Epoch [112/200] Step [0/8] Loss: 5.9121 Bio: 0.7440 GateEnt: nan GateDiv: nan
Epoch [112/200] Total Loss: 47.1710
Epoch [113/200] Step [0/8] Loss: 5.9319 Bio: 0.7938 GateEnt: nan GateDiv: nan
Epoch [113/200] Total Loss: 46.7425
Epoch [114/200] Step [0/8] Loss: 5.9554 Bio: 0.7750 GateEnt: nan GateDiv: nan
Epoch [114/200] Total Loss: 47.6410
Epoch [115/200] Step [0/8] Loss: 5.8589 Bio: 1.0431 GateEnt: nan GateDiv: nan
Epoch [115/200] Total Loss: 47.0467
Epoch [116/200] Step [0/8] Loss: 5.9587 Bio: 0.9113 GateEnt: nan GateDiv: nan
Epoch [116/200] Total Loss: 46.9866
Epoch [117/200] Step [0/8] Loss: 5.7068 Bio: 0.7088 GateEnt: nan GateDiv: nan
Epoch [117/200] Total Loss: 46.9567
Epoch [118/200] Step [0/8] Loss: 5.8043 Bio: 0.8132 GateEnt: nan GateDiv: nan
Epoch [118/200] Total Loss: 46.7131
Epoch [119/200] Step [0/8] Loss: 5.8781 Bio: 0.9095 GateEnt: nan GateDiv: nan
Epoch [119/200] Total Loss: 46.5901
Epoch [120/200] Step [0/8] Loss: 5.8537 Bio: 0.7695 GateEnt: nan GateDiv: nan
Epoch [120/200] Total Loss: 46.7879
Epoch [121/200] Step [0/8] Loss: 5.8533 Bio: 0.7532 GateEnt: nan GateDiv: nan
Epoch [121/200] Total Loss: 46.8174
Epoch [122/200] Step [0/8] Loss: 6.1520 Bio: 0.7682 GateEnt: nan GateDiv: nan
Epoch [122/200] Total Loss: 47.1332
Epoch [123/200] Step [0/8] Loss: 5.8198 Bio: 0.8562 GateEnt: nan GateDiv: nan
Epoch [123/200] Total Loss: 46.3934
Epoch [124/200] Step [0/8] Loss: 5.7428 Bio: 0.7522 GateEnt: nan GateDiv: nan
Epoch [124/200] Total Loss: 46.7292
Epoch [125/200] Step [0/8] Loss: 5.6773 Bio: 0.9046 GateEnt: nan GateDiv: nan
Epoch [125/200] Total Loss: 46.7408
Epoch [126/200] Step [0/8] Loss: 5.7255 Bio: 0.7381 GateEnt: nan GateDiv: nan
Epoch [126/200] Total Loss: 46.1623
Epoch [127/200] Step [0/8] Loss: 5.7331 Bio: 0.8878 GateEnt: nan GateDiv: nan
Epoch [127/200] Total Loss: 46.0088
Epoch [128/200] Step [0/8] Loss: 5.4968 Bio: 0.8891 GateEnt: nan GateDiv: nan
Epoch [128/200] Total Loss: 45.9117
Epoch [129/200] Step [0/8] Loss: 5.7869 Bio: 0.8987 GateEnt: nan GateDiv: nan
Epoch [129/200] Total Loss: 46.5599
Epoch [130/200] Step [0/8] Loss: 5.7844 Bio: 0.6498 GateEnt: nan GateDiv: nan
Epoch [130/200] Total Loss: 46.3533
Epoch [131/200] Step [0/8] Loss: 5.7456 Bio: 0.7565 GateEnt: nan GateDiv: nan
Epoch [131/200] Total Loss: 46.8131
Epoch [132/200] Step [0/8] Loss: 5.6531 Bio: 0.9433 GateEnt: nan GateDiv: nan
Epoch [132/200] Total Loss: 46.4612
Epoch [133/200] Step [0/8] Loss: 5.9995 Bio: 0.6939 GateEnt: nan GateDiv: nan
Epoch [133/200] Total Loss: 46.5312
Epoch [134/200] Step [0/8] Loss: 5.7153 Bio: 0.8854 GateEnt: nan GateDiv: nan
Epoch [134/200] Total Loss: 45.7456
Epoch [135/200] Step [0/8] Loss: 5.6733 Bio: 0.8839 GateEnt: nan GateDiv: nan
Epoch [135/200] Total Loss: 45.9742
Epoch [136/200] Step [0/8] Loss: 5.5853 Bio: 0.6961 GateEnt: nan GateDiv: nan
Epoch [136/200] Total Loss: 46.2775
Epoch [137/200] Step [0/8] Loss: 5.7208 Bio: 0.8135 GateEnt: nan GateDiv: nan
Epoch [137/200] Total Loss: 46.0192
Epoch [138/200] Step [0/8] Loss: 5.6250 Bio: 1.0870 GateEnt: nan GateDiv: nan
Epoch [138/200] Total Loss: 45.4977
Epoch [139/200] Step [0/8] Loss: 5.6501 Bio: 0.9388 GateEnt: nan GateDiv: nan
Epoch [139/200] Total Loss: 45.9452
Epoch [140/200] Step [0/8] Loss: 5.7858 Bio: 0.6855 GateEnt: nan GateDiv: nan
Epoch [140/200] Total Loss: 46.2601
Epoch [141/200] Step [0/8] Loss: 5.9191 Bio: 0.8537 GateEnt: nan GateDiv: nan
Epoch [141/200] Total Loss: 46.1223
Epoch [142/200] Step [0/8] Loss: 6.0739 Bio: 0.6693 GateEnt: nan GateDiv: nan
Epoch [142/200] Total Loss: 45.4976
Epoch [143/200] Step [0/8] Loss: 5.5878 Bio: 0.9881 GateEnt: nan GateDiv: nan
Epoch [143/200] Total Loss: 45.6195
Epoch [144/200] Step [0/8] Loss: 5.6864 Bio: 0.7893 GateEnt: nan GateDiv: nan
Epoch [144/200] Total Loss: 46.1509
Epoch [145/200] Step [0/8] Loss: 5.7112 Bio: 0.7061 GateEnt: nan GateDiv: nan
Epoch [145/200] Total Loss: 45.2536
Epoch [146/200] Step [0/8] Loss: 5.4995 Bio: 0.8724 GateEnt: nan GateDiv: nan
Epoch [146/200] Total Loss: 45.7767
Epoch [147/200] Step [0/8] Loss: 5.5345 Bio: 0.8689 GateEnt: nan GateDiv: nan
Epoch [147/200] Total Loss: 46.3287
Epoch [148/200] Step [0/8] Loss: 5.5551 Bio: 0.8664 GateEnt: nan GateDiv: nan
Epoch [148/200] Total Loss: 46.0402
Epoch [149/200] Step [0/8] Loss: 5.5532 Bio: 0.8538 GateEnt: nan GateDiv: nan
Epoch [149/200] Total Loss: 45.9856
Epoch [150/200] Step [0/8] Loss: 5.5729 Bio: 0.7706 GateEnt: nan GateDiv: nan
Epoch [150/200] Total Loss: 45.8239
Epoch [151/200] Step [0/8] Loss: 5.7486 Bio: 0.7065 GateEnt: nan GateDiv: nan
Epoch [151/200] Total Loss: 45.5488
Epoch [152/200] Step [0/8] Loss: 5.8396 Bio: 0.8372 GateEnt: nan GateDiv: nan
Epoch [152/200] Total Loss: 46.0632
Epoch [153/200] Step [0/8] Loss: 5.6483 Bio: 0.7779 GateEnt: nan GateDiv: nan
Epoch [153/200] Total Loss: 45.2763
Epoch [154/200] Step [0/8] Loss: 5.6937 Bio: 1.0135 GateEnt: nan GateDiv: nan
Epoch [154/200] Total Loss: 45.3083
Epoch [155/200] Step [0/8] Loss: 5.7120 Bio: 0.9127 GateEnt: nan GateDiv: nan
Epoch [155/200] Total Loss: 45.8182
Epoch [156/200] Step [0/8] Loss: 5.7774 Bio: 0.8724 GateEnt: nan GateDiv: nan
Epoch [156/200] Total Loss: 45.6996
Epoch [157/200] Step [0/8] Loss: 5.5485 Bio: 1.0320 GateEnt: nan GateDiv: nan
Epoch [157/200] Total Loss: 45.5040
Epoch [158/200] Step [0/8] Loss: 5.8036 Bio: 0.9014 GateEnt: nan GateDiv: nan
Epoch [158/200] Total Loss: 46.2017
Epoch [159/200] Step [0/8] Loss: 5.8581 Bio: 0.9946 GateEnt: nan GateDiv: nan
Epoch [159/200] Total Loss: 45.8177
Epoch [160/200] Step [0/8] Loss: 5.6147 Bio: 0.8383 GateEnt: nan GateDiv: nan
Epoch [160/200] Total Loss: 45.3327
Epoch [161/200] Step [0/8] Loss: 5.5450 Bio: 1.0023 GateEnt: nan GateDiv: nan
Epoch [161/200] Total Loss: 44.7795
Epoch [162/200] Step [0/8] Loss: 5.5496 Bio: 0.8503 GateEnt: nan GateDiv: nan
Epoch [162/200] Total Loss: 45.2033
Epoch [163/200] Step [0/8] Loss: 5.6487 Bio: 0.7657 GateEnt: nan GateDiv: nan
Epoch [163/200] Total Loss: 45.2552
Epoch [164/200] Step [0/8] Loss: 5.6385 Bio: 0.8242 GateEnt: nan GateDiv: nan
Epoch [164/200] Total Loss: 45.1415
Epoch [165/200] Step [0/8] Loss: 5.5581 Bio: 0.7500 GateEnt: nan GateDiv: nan
Epoch [165/200] Total Loss: 45.1777
Epoch [166/200] Step [0/8] Loss: 5.6065 Bio: 0.8583 GateEnt: nan GateDiv: nan
Epoch [166/200] Total Loss: 45.1745
Epoch [167/200] Step [0/8] Loss: 5.7092 Bio: 1.0803 GateEnt: nan GateDiv: nan
Epoch [167/200] Total Loss: 45.0738
Epoch [168/200] Step [0/8] Loss: 5.5139 Bio: 0.9280 GateEnt: nan GateDiv: nan
Epoch [168/200] Total Loss: 44.7480
Epoch [169/200] Step [0/8] Loss: 5.4634 Bio: 0.8069 GateEnt: nan GateDiv: nan
Epoch [169/200] Total Loss: 45.1077
Epoch [170/200] Step [0/8] Loss: 5.6737 Bio: 0.8194 GateEnt: nan GateDiv: nan
Epoch [170/200] Total Loss: 45.4160
Epoch [171/200] Step [0/8] Loss: 5.6519 Bio: 0.8877 GateEnt: nan GateDiv: nan
Epoch [171/200] Total Loss: 45.2507
Epoch [172/200] Step [0/8] Loss: 5.4760 Bio: 0.9230 GateEnt: nan GateDiv: nan
Epoch [172/200] Total Loss: 45.2299
Epoch [173/200] Step [0/8] Loss: 5.4983 Bio: 0.8600 GateEnt: nan GateDiv: nan
Epoch [173/200] Total Loss: 44.6185
Epoch [174/200] Step [0/8] Loss: 5.6547 Bio: 0.8986 GateEnt: nan GateDiv: nan
Epoch [174/200] Total Loss: 44.6310
Epoch [175/200] Step [0/8] Loss: 5.6612 Bio: 0.8354 GateEnt: nan GateDiv: nan
Epoch [175/200] Total Loss: 44.5307
Epoch [176/200] Step [0/8] Loss: 5.3649 Bio: 0.7820 GateEnt: nan GateDiv: nan
Epoch [176/200] Total Loss: 45.0888
Epoch [177/200] Step [0/8] Loss: 5.5287 Bio: 0.8040 GateEnt: nan GateDiv: nan
Epoch [177/200] Total Loss: 45.2201
Epoch [178/200] Step [0/8] Loss: 5.5759 Bio: 0.8320 GateEnt: nan GateDiv: nan
Epoch [178/200] Total Loss: 44.4885
Epoch [179/200] Step [0/8] Loss: 5.8053 Bio: 0.8653 GateEnt: nan GateDiv: nan
Epoch [179/200] Total Loss: 45.0541
Epoch [180/200] Step [0/8] Loss: 5.6384 Bio: 0.7940 GateEnt: nan GateDiv: nan
Epoch [180/200] Total Loss: 45.0924
Epoch [181/200] Step [0/8] Loss: 5.5634 Bio: 0.7787 GateEnt: nan GateDiv: nan
Epoch [181/200] Total Loss: 44.7746
Epoch [182/200] Step [0/8] Loss: 5.8345 Bio: 0.8691 GateEnt: nan GateDiv: nan
Epoch [182/200] Total Loss: 45.1053
Epoch [183/200] Step [0/8] Loss: 5.7576 Bio: 0.6119 GateEnt: nan GateDiv: nan
Epoch [183/200] Total Loss: 45.2590
Epoch [184/200] Step [0/8] Loss: 5.5474 Bio: 0.8217 GateEnt: nan GateDiv: nan
Epoch [184/200] Total Loss: 44.7806
Epoch [185/200] Step [0/8] Loss: 5.5036 Bio: 0.7844 GateEnt: nan GateDiv: nan
Epoch [185/200] Total Loss: 44.9009
Epoch [186/200] Step [0/8] Loss: 5.8906 Bio: 0.7474 GateEnt: nan GateDiv: nan
Epoch [186/200] Total Loss: 44.9765
Epoch [187/200] Step [0/8] Loss: 5.6066 Bio: 0.9443 GateEnt: nan GateDiv: nan
Epoch [187/200] Total Loss: 44.6870
Epoch [188/200] Step [0/8] Loss: 5.5839 Bio: 0.8707 GateEnt: nan GateDiv: nan
Epoch [188/200] Total Loss: 44.9412
Epoch [189/200] Step [0/8] Loss: 5.4967 Bio: 0.9137 GateEnt: nan GateDiv: nan
Epoch [189/200] Total Loss: 44.3487
Epoch [190/200] Step [0/8] Loss: 5.6878 Bio: 0.7740 GateEnt: nan GateDiv: nan
Epoch [190/200] Total Loss: 44.4992
Epoch [191/200] Step [0/8] Loss: 5.5321 Bio: 0.7862 GateEnt: nan GateDiv: nan
Epoch [191/200] Total Loss: 44.6163
Epoch [192/200] Step [0/8] Loss: 5.7528 Bio: 1.0675 GateEnt: nan GateDiv: nan
Epoch [192/200] Total Loss: 45.3029
Epoch [193/200] Step [0/8] Loss: 5.6048 Bio: 0.9987 GateEnt: nan GateDiv: nan
Epoch [193/200] Total Loss: 44.4018
Epoch [194/200] Step [0/8] Loss: 5.5967 Bio: 0.9041 GateEnt: nan GateDiv: nan
Epoch [194/200] Total Loss: 44.1734
Epoch [195/200] Step [0/8] Loss: 5.3906 Bio: 0.8562 GateEnt: nan GateDiv: nan
Epoch [195/200] Total Loss: 44.4325
Epoch [196/200] Step [0/8] Loss: 5.6789 Bio: 0.6802 GateEnt: nan GateDiv: nan
Epoch [196/200] Total Loss: 44.9218
Epoch [197/200] Step [0/8] Loss: 5.5290 Bio: 0.7988 GateEnt: nan GateDiv: nan
Epoch [197/200] Total Loss: 44.4821
Epoch [198/200] Step [0/8] Loss: 5.7930 Bio: 0.8001 GateEnt: nan GateDiv: nan
Epoch [198/200] Total Loss: 45.0535
Epoch [199/200] Step [0/8] Loss: 5.6512 Bio: 0.8211 GateEnt: nan GateDiv: nan
Epoch [199/200] Total Loss: 44.1468

=== Loss Summary ===
  Epoch   1: 54.9297
  Epoch  51: 48.2518
  Epoch 101: 47.4459
  Epoch 151: 45.8239
  Epoch 200: 44.1468
  Delta (last 25% = 50 ep): -1.6771
  If delta > -1.0, model has converged
mlp training complete.
=== DONE Mon Aug 31 01:39:27 PM EDT 2026 ===
