[dataloader] Loaded bio-anchors from data/bio_anchors/bio_anchors_BRCA_gsva_decorr_M4.csv: torch.Size([1031, 4])
[dataloader] Loaded bio-anchors from data/bio_anchors/bio_anchors_BRCA_gsva_H40.csv: torch.Size([1031, 40])
[dataloader] Loaded bio-anchors from data/bio_anchors/bio_anchors_BRCA_gsva_decorr_M4.csv: torch.Size([1031, 4])
[dataloader] Loaded bio-anchors from data/bio_anchors/bio_anchors_BRCA_gsva_H40.csv: torch.Size([1031, 40])
[dataloader] Loaded bio-anchors from data/bio_anchors/bio_anchors_BRCA_gsva_decorr_M4.csv: torch.Size([1031, 4])
[dataloader] Loaded bio-anchors from data/bio_anchors/bio_anchors_BRCA_gsva_H40.csv: torch.Size([1031, 40])
[dataloader] Loaded bio-anchors from data/bio_anchors/bio_anchors_BRCA_gsva_decorr_M4.csv: torch.Size([1031, 4])
[dataloader] Loaded bio-anchors from data/bio_anchors/bio_anchors_BRCA_gsva_H40.csv: torch.Size([1031, 40])
[dataloader] Loaded bio-anchors from data/bio_anchors/bio_anchors_BRCA_gsva_decorr_M4.csv: torch.Size([1031, 4])
[dataloader] Loaded bio-anchors from data/bio_anchors/bio_anchors_BRCA_gsva_H40.csv: torch.Size([1031, 40])
[dataloader] Loaded bio-anchors from data/bio_anchors/bio_anchors_BRCA_gsva_decorr_M4.csv: torch.Size([1031, 4])
[dataloader] Loaded bio-anchors from data/bio_anchors/bio_anchors_BRCA_gsva_H40.csv: torch.Size([1031, 40])

head       bio_dim pathways       V     ARI  -log10p     n
------------------------------------------------------------
linear           4        4  0.4673  0.2920    1.526  1029
linear           4       40  0.4676  0.2989    1.359  1029
linear          16        4  0.4722  0.3065    1.729  1029
linear          16       40  0.4621  0.3037    2.426  1029
mlp              4        4  0.4317  0.2806    1.114  1029
mlp              4       40  0.4606  0.2933    1.505  1029
mlp             16        4  0.4600  0.3122    1.363  1029
mlp             16       40  0.4507  0.2942    1.592  1029
attention        4        4  0.4500  0.2944    1.450  1029
attention        4       40  0.4515  0.2953    1.644  1029
attention       16        4  0.4574  0.2827    1.207  1029
attention       16       40  0.4580  0.2932    1.581  1029

saved results/ablation_brca_table.csv
