Head type    : attention_query
Cancer       : UCEC | bio_dim: 32 | lambda_bio: 0.1
Bio anchor   : data/bio_anchors/bio_anchors_UCEC_gsva_H50.csv
Cluster num  : 4
Epochs       : 600
[dataloader] Loaded bio-anchors from data/bio_anchors/bio_anchors_UCEC_gsva_H50.csv: torch.Size([510, 50])
Device       : cpu
Model params : 73,952,645
Epoch [0/600] Step [0/8] Loss: 6.9051 Bio: 1.2180
Epoch [0/600] Total Loss: 55.0073
Epoch [1/600] Step [0/8] Loss: 6.8753 Bio: 0.9227
Epoch [1/600] Total Loss: 54.9802
Epoch [2/600] Step [0/8] Loss: 6.8823 Bio: 0.9777
Epoch [2/600] Total Loss: 54.9543
Epoch [3/600] Step [0/8] Loss: 6.8771 Bio: 0.9537
Epoch [3/600] Total Loss: 54.7971
Epoch [4/600] Step [0/8] Loss: 6.8703 Bio: 0.8547
Epoch [4/600] Total Loss: 54.6300
Epoch [5/600] Step [0/8] Loss: 6.8635 Bio: 1.0262
Epoch [5/600] Total Loss: 54.2453
Epoch [6/600] Step [0/8] Loss: 6.6673 Bio: 0.7751
Epoch [6/600] Total Loss: 54.0431
Epoch [7/600] Step [0/8] Loss: 6.7085 Bio: 0.8614
Epoch [7/600] Total Loss: 52.9912
Epoch [8/600] Step [0/8] Loss: 6.3222 Bio: 0.8824
Epoch [8/600] Total Loss: 52.2280
Epoch [9/600] Step [0/8] Loss: 6.4245 Bio: 0.8607
Epoch [9/600] Total Loss: 52.0502
Epoch [10/600] Step [0/8] Loss: 6.5090 Bio: 1.0650
Epoch [10/600] Total Loss: 51.6103
Epoch [11/600] Step [0/8] Loss: 6.4486 Bio: 0.8521
Epoch [11/600] Total Loss: 50.7802
Epoch [12/600] Step [0/8] Loss: 6.3516 Bio: 0.9880
Epoch [12/600] Total Loss: 51.4452
Epoch [13/600] Step [0/8] Loss: 6.2512 Bio: 0.7992
Epoch [13/600] Total Loss: 52.5599
Epoch [14/600] Step [0/8] Loss: 6.4995 Bio: 1.0692
Epoch [14/600] Total Loss: 51.9638
Epoch [15/600] Step [0/8] Loss: 6.4554 Bio: 0.9602
Epoch [15/600] Total Loss: 51.8228
Epoch [16/600] Step [0/8] Loss: 6.4614 Bio: 0.8592
Epoch [16/600] Total Loss: 50.7334
Epoch [17/600] Step [0/8] Loss: 6.2731 Bio: 0.9549
Epoch [17/600] Total Loss: 50.5505
Epoch [18/600] Step [0/8] Loss: 6.1478 Bio: 0.8533
Epoch [18/600] Total Loss: 50.2356
Epoch [19/600] Step [0/8] Loss: 6.2846 Bio: 0.8115
Epoch [19/600] Total Loss: 50.7489
Epoch [20/600] Step [0/8] Loss: 6.2236 Bio: 0.8866
Epoch [20/600] Total Loss: 50.2580
Epoch [21/600] Step [0/8] Loss: 6.0988 Bio: 0.8982
Epoch [21/600] Total Loss: 49.2940
Epoch [22/600] Step [0/8] Loss: 6.3337 Bio: 0.9793
Epoch [22/600] Total Loss: 50.3225
Epoch [23/600] Step [0/8] Loss: 6.3472 Bio: 0.9295
Epoch [23/600] Total Loss: 50.4098
Epoch [24/600] Step [0/8] Loss: 6.2715 Bio: 0.9246
Epoch [24/600] Total Loss: 49.4231
Epoch [25/600] Step [0/8] Loss: 6.4067 Bio: 0.8875
Epoch [25/600] Total Loss: 50.2863
Epoch [26/600] Step [0/8] Loss: 6.3787 Bio: 0.9681
Epoch [26/600] Total Loss: 50.6690
Epoch [27/600] Step [0/8] Loss: 6.2847 Bio: 0.8540
Epoch [27/600] Total Loss: 50.2290
Epoch [28/600] Step [0/8] Loss: 6.2368 Bio: 0.8003
Epoch [28/600] Total Loss: 49.6388
Epoch [29/600] Step [0/8] Loss: 6.0763 Bio: 0.8279
Epoch [29/600] Total Loss: 49.6275
Epoch [30/600] Step [0/8] Loss: 6.2054 Bio: 0.8886
Epoch [30/600] Total Loss: 49.9255
Epoch [31/600] Step [0/8] Loss: 6.1822 Bio: 0.9434
Epoch [31/600] Total Loss: 49.7848
Epoch [32/600] Step [0/8] Loss: 6.1585 Bio: 0.8634
Epoch [32/600] Total Loss: 48.9678
Epoch [33/600] Step [0/8] Loss: 6.0176 Bio: 0.8688
Epoch [33/600] Total Loss: 49.8551
Epoch [34/600] Step [0/8] Loss: 5.9525 Bio: 0.9106
Epoch [34/600] Total Loss: 49.0545
Epoch [35/600] Step [0/8] Loss: 6.0397 Bio: 0.9536
Epoch [35/600] Total Loss: 49.2141
Epoch [36/600] Step [0/8] Loss: 6.2688 Bio: 0.8119
Epoch [36/600] Total Loss: 49.1463
Epoch [37/600] Step [0/8] Loss: 5.9767 Bio: 0.8751
Epoch [37/600] Total Loss: 48.2013
Epoch [38/600] Step [0/8] Loss: 5.9796 Bio: 0.9415
Epoch [38/600] Total Loss: 48.9548
Epoch [39/600] Step [0/8] Loss: 6.0804 Bio: 0.7856
Epoch [39/600] Total Loss: 49.1879
Epoch [40/600] Step [0/8] Loss: 6.1791 Bio: 0.9711
Epoch [40/600] Total Loss: 48.9233
Epoch [41/600] Step [0/8] Loss: 6.2310 Bio: 0.8398
Epoch [41/600] Total Loss: 49.6369
Epoch [42/600] Step [0/8] Loss: 6.0461 Bio: 0.8943
Epoch [42/600] Total Loss: 48.9516
Epoch [43/600] Step [0/8] Loss: 6.3335 Bio: 0.8550
Epoch [43/600] Total Loss: 48.4022
Epoch [44/600] Step [0/8] Loss: 6.1072 Bio: 0.8628
Epoch [44/600] Total Loss: 48.6560
Epoch [45/600] Step [0/8] Loss: 5.9080 Bio: 0.9573
Epoch [45/600] Total Loss: 48.9991
Epoch [46/600] Step [0/8] Loss: 6.4635 Bio: 0.7527
Epoch [46/600] Total Loss: 48.1368
Epoch [47/600] Step [0/8] Loss: 6.2907 Bio: 0.8346
Epoch [47/600] Total Loss: 48.7905
Epoch [48/600] Step [0/8] Loss: 6.2790 Bio: 0.9120
Epoch [48/600] Total Loss: 49.4263
Epoch [49/600] Step [0/8] Loss: 6.0829 Bio: 0.7417
Epoch [49/600] Total Loss: 49.1181
Epoch [50/600] Step [0/8] Loss: 5.9119 Bio: 0.9271
Epoch [50/600] Total Loss: 48.4909
Epoch [51/600] Step [0/8] Loss: 6.4275 Bio: 0.7774
Epoch [51/600] Total Loss: 48.9042
Epoch [52/600] Step [0/8] Loss: 6.1739 Bio: 0.8343
Epoch [52/600] Total Loss: 48.2661
Epoch [53/600] Step [0/8] Loss: 5.8710 Bio: 0.9712
Epoch [53/600] Total Loss: 48.0740
Epoch [54/600] Step [0/8] Loss: 5.9276 Bio: 0.8979
Epoch [54/600] Total Loss: 48.7155
Epoch [55/600] Step [0/8] Loss: 6.0726 Bio: 0.9275
Epoch [55/600] Total Loss: 48.3097
Epoch [56/600] Step [0/8] Loss: 6.0376 Bio: 0.8638
Epoch [56/600] Total Loss: 48.5756
Epoch [57/600] Step [0/8] Loss: 5.9144 Bio: 0.9738
Epoch [57/600] Total Loss: 48.1788
Epoch [58/600] Step [0/8] Loss: 6.0204 Bio: 0.8250
Epoch [58/600] Total Loss: 48.5845
Epoch [59/600] Step [0/8] Loss: 5.9398 Bio: 0.9168
Epoch [59/600] Total Loss: 47.9753
Epoch [60/600] Step [0/8] Loss: 6.1421 Bio: 0.8298
Epoch [60/600] Total Loss: 48.6087
Epoch [61/600] Step [0/8] Loss: 5.9667 Bio: 0.8696
Epoch [61/600] Total Loss: 48.1794
Epoch [62/600] Step [0/8] Loss: 5.9211 Bio: 0.9462
Epoch [62/600] Total Loss: 48.4623
Epoch [63/600] Step [0/8] Loss: 5.9863 Bio: 0.9743
Epoch [63/600] Total Loss: 48.2343
Epoch [64/600] Step [0/8] Loss: 6.0660 Bio: 0.8615
Epoch [64/600] Total Loss: 49.3892
Epoch [65/600] Step [0/8] Loss: 6.1434 Bio: 0.8136
Epoch [65/600] Total Loss: 48.8392
Epoch [66/600] Step [0/8] Loss: 5.8582 Bio: 0.9623
Epoch [66/600] Total Loss: 47.7183
Epoch [67/600] Step [0/8] Loss: 5.8590 Bio: 0.8421
Epoch [67/600] Total Loss: 47.7344
Epoch [68/600] Step [0/8] Loss: 6.1430 Bio: 0.9244
Epoch [68/600] Total Loss: 48.1805
Epoch [69/600] Step [0/8] Loss: 6.1439 Bio: 0.8802
Epoch [69/600] Total Loss: 48.1562
Epoch [70/600] Step [0/8] Loss: 5.9551 Bio: 0.7819
Epoch [70/600] Total Loss: 48.1911
Epoch [71/600] Step [0/8] Loss: 6.1678 Bio: 0.9953
Epoch [71/600] Total Loss: 48.2270
Epoch [72/600] Step [0/8] Loss: 6.0746 Bio: 1.0451
Epoch [72/600] Total Loss: 47.3855
Epoch [73/600] Step [0/8] Loss: 5.8690 Bio: 0.7604
Epoch [73/600] Total Loss: 48.7089
Epoch [74/600] Step [0/8] Loss: 5.9773 Bio: 0.8014
Epoch [74/600] Total Loss: 48.4814
Epoch [75/600] Step [0/8] Loss: 6.1131 Bio: 0.9789
Epoch [75/600] Total Loss: 47.7986
Epoch [76/600] Step [0/8] Loss: 6.0015 Bio: 0.9590
Epoch [76/600] Total Loss: 47.7320
Epoch [77/600] Step [0/8] Loss: 5.9789 Bio: 0.8320
Epoch [77/600] Total Loss: 48.5298
Epoch [78/600] Step [0/8] Loss: 6.1391 Bio: 0.9110
Epoch [78/600] Total Loss: 47.8189
Epoch [79/600] Step [0/8] Loss: 6.0377 Bio: 0.7942
Epoch [79/600] Total Loss: 48.5158
Epoch [80/600] Step [0/8] Loss: 5.9348 Bio: 0.8193
Epoch [80/600] Total Loss: 48.0028
Epoch [81/600] Step [0/8] Loss: 5.9133 Bio: 0.8329
Epoch [81/600] Total Loss: 47.8325
Epoch [82/600] Step [0/8] Loss: 6.1018 Bio: 1.0288
Epoch [82/600] Total Loss: 47.7184
Epoch [83/600] Step [0/8] Loss: 5.8329 Bio: 0.8873
Epoch [83/600] Total Loss: 47.1756
Epoch [84/600] Step [0/8] Loss: 6.0084 Bio: 0.9315
Epoch [84/600] Total Loss: 47.9809
Epoch [85/600] Step [0/8] Loss: 5.7812 Bio: 0.8072
Epoch [85/600] Total Loss: 48.2124
Epoch [86/600] Step [0/8] Loss: 5.9326 Bio: 0.8752
Epoch [86/600] Total Loss: 47.7889
Epoch [87/600] Step [0/8] Loss: 5.8280 Bio: 0.9410
Epoch [87/600] Total Loss: 48.3879
Epoch [88/600] Step [0/8] Loss: 5.9011 Bio: 0.8830
Epoch [88/600] Total Loss: 47.4459
Epoch [89/600] Step [0/8] Loss: 5.8666 Bio: 0.7976
Epoch [89/600] Total Loss: 47.7802
Epoch [90/600] Step [0/8] Loss: 5.9727 Bio: 1.0038
Epoch [90/600] Total Loss: 48.0649
Epoch [91/600] Step [0/8] Loss: 5.9769 Bio: 0.9194
Epoch [91/600] Total Loss: 47.7466
Epoch [92/600] Step [0/8] Loss: 6.1079 Bio: 0.9421
Epoch [92/600] Total Loss: 47.8297
Epoch [93/600] Step [0/8] Loss: 5.8864 Bio: 0.8844
Epoch [93/600] Total Loss: 47.0279
Epoch [94/600] Step [0/8] Loss: 5.8312 Bio: 0.8879
Epoch [94/600] Total Loss: 47.4785
Epoch [95/600] Step [0/8] Loss: 5.8713 Bio: 0.8243
Epoch [95/600] Total Loss: 47.8746
Epoch [96/600] Step [0/8] Loss: 5.9725 Bio: 0.8334
Epoch [96/600] Total Loss: 47.2514
Epoch [97/600] Step [0/8] Loss: 5.9583 Bio: 0.8500
Epoch [97/600] Total Loss: 48.0780
Epoch [98/600] Step [0/8] Loss: 5.9351 Bio: 0.8650
Epoch [98/600] Total Loss: 47.8973
Epoch [99/600] Step [0/8] Loss: 5.8080 Bio: 0.8726
Epoch [99/600] Total Loss: 47.7615
Epoch [100/600] Step [0/8] Loss: 5.9869 Bio: 0.7588
Epoch [100/600] Total Loss: 47.5599
Epoch [101/600] Step [0/8] Loss: 5.7747 Bio: 0.8939
Epoch [101/600] Total Loss: 47.9779
Epoch [102/600] Step [0/8] Loss: 6.0554 Bio: 0.8969
Epoch [102/600] Total Loss: 48.0988
Epoch [103/600] Step [0/8] Loss: 5.7406 Bio: 0.9706
Epoch [103/600] Total Loss: 47.5360
Epoch [104/600] Step [0/8] Loss: 5.8964 Bio: 0.8507
Epoch [104/600] Total Loss: 47.1461
Epoch [105/600] Step [0/8] Loss: 5.9510 Bio: 0.8755
Epoch [105/600] Total Loss: 47.1946
Epoch [106/600] Step [0/8] Loss: 6.3251 Bio: 0.8780
Epoch [106/600] Total Loss: 47.8863
Epoch [107/600] Step [0/8] Loss: 5.9222 Bio: 0.8202
Epoch [107/600] Total Loss: 47.6073
Epoch [108/600] Step [0/8] Loss: 5.8974 Bio: 0.8583
Epoch [108/600] Total Loss: 47.1287
Epoch [109/600] Step [0/8] Loss: 6.2155 Bio: 0.8507
Epoch [109/600] Total Loss: 47.3899
Epoch [110/600] Step [0/8] Loss: 5.8624 Bio: 0.9357
Epoch [110/600] Total Loss: 47.2768
Epoch [111/600] Step [0/8] Loss: 5.7886 Bio: 0.7696
Epoch [111/600] Total Loss: 46.9020
Epoch [112/600] Step [0/8] Loss: 5.8524 Bio: 0.9472
Epoch [112/600] Total Loss: 47.7948
Epoch [113/600] Step [0/8] Loss: 5.8985 Bio: 0.8849
Epoch [113/600] Total Loss: 47.2020
Epoch [114/600] Step [0/8] Loss: 5.9293 Bio: 0.7904
Epoch [114/600] Total Loss: 47.7509
Epoch [115/600] Step [0/8] Loss: 5.9960 Bio: 0.8556
Epoch [115/600] Total Loss: 47.6267
Epoch [116/600] Step [0/8] Loss: 5.9740 Bio: 0.9214
Epoch [116/600] Total Loss: 47.6521
Epoch [117/600] Step [0/8] Loss: 5.8883 Bio: 0.8938
Epoch [117/600] Total Loss: 46.8135
Epoch [118/600] Step [0/8] Loss: 5.9937 Bio: 0.8594
Epoch [118/600] Total Loss: 47.5297
Epoch [119/600] Step [0/8] Loss: 6.0918 Bio: 0.9857
Epoch [119/600] Total Loss: 47.0845
Epoch [120/600] Step [0/8] Loss: 5.8320 Bio: 0.8533
Epoch [120/600] Total Loss: 47.6486
Epoch [121/600] Step [0/8] Loss: 5.8687 Bio: 0.8450
Epoch [121/600] Total Loss: 46.4474
Epoch [122/600] Step [0/8] Loss: 6.2351 Bio: 0.8382
Epoch [122/600] Total Loss: 47.6621
Epoch [123/600] Step [0/8] Loss: 6.0347 Bio: 0.9623
Epoch [123/600] Total Loss: 47.8783
Epoch [124/600] Step [0/8] Loss: 5.9796 Bio: 0.7481
Epoch [124/600] Total Loss: 47.5177
Epoch [125/600] Step [0/8] Loss: 5.9372 Bio: 0.9168
Epoch [125/600] Total Loss: 47.2895
Epoch [126/600] Step [0/8] Loss: 6.2986 Bio: 0.9066
Epoch [126/600] Total Loss: 47.6240
Epoch [127/600] Step [0/8] Loss: 5.6746 Bio: 0.8370
Epoch [127/600] Total Loss: 47.0646
Epoch [128/600] Step [0/8] Loss: 5.8403 Bio: 0.9045
Epoch [128/600] Total Loss: 46.9202
Epoch [129/600] Step [0/8] Loss: 5.9059 Bio: 0.8984
Epoch [129/600] Total Loss: 47.5008
Epoch [130/600] Step [0/8] Loss: 5.8727 Bio: 0.8472
Epoch [130/600] Total Loss: 47.4101
Epoch [131/600] Step [0/8] Loss: 5.9343 Bio: 0.8091
Epoch [131/600] Total Loss: 47.3320
Epoch [132/600] Step [0/8] Loss: 5.8407 Bio: 0.8333
Epoch [132/600] Total Loss: 47.4739
Epoch [133/600] Step [0/8] Loss: 5.7066 Bio: 0.8601
Epoch [133/600] Total Loss: 46.8429
Epoch [134/600] Step [0/8] Loss: 5.8458 Bio: 0.9203
Epoch [134/600] Total Loss: 46.7931
Epoch [135/600] Step [0/8] Loss: 5.9079 Bio: 0.9643
Epoch [135/600] Total Loss: 46.8337
Epoch [136/600] Step [0/8] Loss: 5.8862 Bio: 0.7501
Epoch [136/600] Total Loss: 47.1110
Epoch [137/600] Step [0/8] Loss: 5.8068 Bio: 0.7962
Epoch [137/600] Total Loss: 47.4169
Epoch [138/600] Step [0/8] Loss: 6.1065 Bio: 0.9356
Epoch [138/600] Total Loss: 47.6008
Epoch [139/600] Step [0/8] Loss: 5.6915 Bio: 0.7587
Epoch [139/600] Total Loss: 47.0501
Epoch [140/600] Step [0/8] Loss: 5.7840 Bio: 1.0083
Epoch [140/600] Total Loss: 46.9917
Epoch [141/600] Step [0/8] Loss: 5.7920 Bio: 0.8707
Epoch [141/600] Total Loss: 46.8716
Epoch [142/600] Step [0/8] Loss: 5.9338 Bio: 0.8697
Epoch [142/600] Total Loss: 47.1073
Epoch [143/600] Step [0/8] Loss: 6.0407 Bio: 0.7999
Epoch [143/600] Total Loss: 47.3935
Epoch [144/600] Step [0/8] Loss: 5.8779 Bio: 0.9398
Epoch [144/600] Total Loss: 46.6924
Epoch [145/600] Step [0/8] Loss: 5.9753 Bio: 0.8614
Epoch [145/600] Total Loss: 46.8561
Epoch [146/600] Step [0/8] Loss: 5.8685 Bio: 0.7628
Epoch [146/600] Total Loss: 47.1616
Epoch [147/600] Step [0/8] Loss: 5.7243 Bio: 0.8650
Epoch [147/600] Total Loss: 47.0766
Epoch [148/600] Step [0/8] Loss: 5.8187 Bio: 0.9381
Epoch [148/600] Total Loss: 47.0351
Epoch [149/600] Step [0/8] Loss: 5.9292 Bio: 0.8435
Epoch [149/600] Total Loss: 46.7452
Epoch [150/600] Step [0/8] Loss: 6.0134 Bio: 0.8489
Epoch [150/600] Total Loss: 46.6227
Epoch [151/600] Step [0/8] Loss: 5.8017 Bio: 0.8090
Epoch [151/600] Total Loss: 47.3939
Epoch [152/600] Step [0/8] Loss: 5.8385 Bio: 0.8730
Epoch [152/600] Total Loss: 46.7832
Epoch [153/600] Step [0/8] Loss: 5.9372 Bio: 0.8387
Epoch [153/600] Total Loss: 46.9964
Epoch [154/600] Step [0/8] Loss: 5.9461 Bio: 0.8526
Epoch [154/600] Total Loss: 47.4611
Epoch [155/600] Step [0/8] Loss: 5.8121 Bio: 0.9525
Epoch [155/600] Total Loss: 45.7800
Epoch [156/600] Step [0/8] Loss: 5.9594 Bio: 1.0375
Epoch [156/600] Total Loss: 46.6595
Epoch [157/600] Step [0/8] Loss: 5.7008 Bio: 0.8492
Epoch [157/600] Total Loss: 47.1696
Epoch [158/600] Step [0/8] Loss: 5.7406 Bio: 0.7918
Epoch [158/600] Total Loss: 46.5172
Epoch [159/600] Step [0/8] Loss: 6.1421 Bio: 0.8609
Epoch [159/600] Total Loss: 46.7909
Epoch [160/600] Step [0/8] Loss: 6.0042 Bio: 0.8890
Epoch [160/600] Total Loss: 46.2863
Epoch [161/600] Step [0/8] Loss: 5.7592 Bio: 0.7844
Epoch [161/600] Total Loss: 46.1868
Epoch [162/600] Step [0/8] Loss: 5.9227 Bio: 0.7734
Epoch [162/600] Total Loss: 46.6655
Epoch [163/600] Step [0/8] Loss: 5.9252 Bio: 0.9054
Epoch [163/600] Total Loss: 46.9121
Epoch [164/600] Step [0/8] Loss: 5.7457 Bio: 0.7797
Epoch [164/600] Total Loss: 46.6824
Epoch [165/600] Step [0/8] Loss: 5.6808 Bio: 0.9764
Epoch [165/600] Total Loss: 46.3667
Epoch [166/600] Step [0/8] Loss: 5.8034 Bio: 0.8621
Epoch [166/600] Total Loss: 46.4776
Epoch [167/600] Step [0/8] Loss: 5.7876 Bio: 0.7741
Epoch [167/600] Total Loss: 46.6559
Epoch [168/600] Step [0/8] Loss: 5.7664 Bio: 0.8840
Epoch [168/600] Total Loss: 46.7656
Epoch [169/600] Step [0/8] Loss: 5.8875 Bio: 0.7416
Epoch [169/600] Total Loss: 46.9928
Epoch [170/600] Step [0/8] Loss: 5.6914 Bio: 0.8286
Epoch [170/600] Total Loss: 46.7444
Epoch [171/600] Step [0/8] Loss: 5.7799 Bio: 0.8049
Epoch [171/600] Total Loss: 46.7261
Epoch [172/600] Step [0/8] Loss: 5.9704 Bio: 0.8393
Epoch [172/600] Total Loss: 47.2330
Epoch [173/600] Step [0/8] Loss: 5.6969 Bio: 0.9347
Epoch [173/600] Total Loss: 46.6770
Epoch [174/600] Step [0/8] Loss: 5.9895 Bio: 0.8383
Epoch [174/600] Total Loss: 46.5927
Epoch [175/600] Step [0/8] Loss: 5.8102 Bio: 0.8090
Epoch [175/600] Total Loss: 47.2205
Epoch [176/600] Step [0/8] Loss: 5.7064 Bio: 0.8730
Epoch [176/600] Total Loss: 46.8066
Epoch [177/600] Step [0/8] Loss: 5.7172 Bio: 0.8716
Epoch [177/600] Total Loss: 45.9260
Epoch [178/600] Step [0/8] Loss: 5.7768 Bio: 0.9394
Epoch [178/600] Total Loss: 46.6163
Epoch [179/600] Step [0/8] Loss: 5.7687 Bio: 0.8199
Epoch [179/600] Total Loss: 47.0252
Epoch [180/600] Step [0/8] Loss: 5.8547 Bio: 0.8455
Epoch [180/600] Total Loss: 47.0404
Epoch [181/600] Step [0/8] Loss: 5.7990 Bio: 0.8945
Epoch [181/600] Total Loss: 46.0172
Epoch [182/600] Step [0/8] Loss: 6.2027 Bio: 0.7557
Epoch [182/600] Total Loss: 46.9267
Epoch [183/600] Step [0/8] Loss: 5.7479 Bio: 0.7754
Epoch [183/600] Total Loss: 46.2009
Epoch [184/600] Step [0/8] Loss: 6.1111 Bio: 0.7681
Epoch [184/600] Total Loss: 46.9051
Epoch [185/600] Step [0/8] Loss: 5.7765 Bio: 0.8538
Epoch [185/600] Total Loss: 46.0604
Epoch [186/600] Step [0/8] Loss: 5.7403 Bio: 0.7917
Epoch [186/600] Total Loss: 46.2186
Epoch [187/600] Step [0/8] Loss: 5.9125 Bio: 0.7574
Epoch [187/600] Total Loss: 46.3394
Epoch [188/600] Step [0/8] Loss: 5.6655 Bio: 0.8991
Epoch [188/600] Total Loss: 45.6700
Epoch [189/600] Step [0/8] Loss: 5.4362 Bio: 0.9182
Epoch [189/600] Total Loss: 45.5086
Epoch [190/600] Step [0/8] Loss: 5.6735 Bio: 0.8553
Epoch [190/600] Total Loss: 45.9369
Epoch [191/600] Step [0/8] Loss: 5.9406 Bio: 0.8247
Epoch [191/600] Total Loss: 46.3743
Epoch [192/600] Step [0/8] Loss: 5.8848 Bio: 0.8755
Epoch [192/600] Total Loss: 46.1638
Epoch [193/600] Step [0/8] Loss: 5.7381 Bio: 0.7505
Epoch [193/600] Total Loss: 45.9945
Epoch [194/600] Step [0/8] Loss: 5.8397 Bio: 0.8479
Epoch [194/600] Total Loss: 45.8409
Epoch [195/600] Step [0/8] Loss: 5.6352 Bio: 0.8095
Epoch [195/600] Total Loss: 45.9017
Epoch [196/600] Step [0/8] Loss: 5.7504 Bio: 0.9268
Epoch [196/600] Total Loss: 45.4274
Epoch [197/600] Step [0/8] Loss: 5.8437 Bio: 0.8141
Epoch [197/600] Total Loss: 45.3730
Epoch [198/600] Step [0/8] Loss: 5.7456 Bio: 0.8978
Epoch [198/600] Total Loss: 45.5463
Epoch [199/600] Step [0/8] Loss: 5.7661 Bio: 0.7447
Epoch [199/600] Total Loss: 45.4472
Epoch [200/600] Step [0/8] Loss: 5.7687 Bio: 0.7357
Epoch [200/600] Total Loss: 45.6805
Epoch [201/600] Step [0/8] Loss: 5.6149 Bio: 0.9239
Epoch [201/600] Total Loss: 45.7997
Epoch [202/600] Step [0/8] Loss: 5.7818 Bio: 0.8569
Epoch [202/600] Total Loss: 45.3469
Epoch [203/600] Step [0/8] Loss: 5.5472 Bio: 0.7440
Epoch [203/600] Total Loss: 45.0716
Epoch [204/600] Step [0/8] Loss: 5.5740 Bio: 0.7941
Epoch [204/600] Total Loss: 45.5262
Epoch [205/600] Step [0/8] Loss: 5.6068 Bio: 0.8927
Epoch [205/600] Total Loss: 46.1034
Epoch [206/600] Step [0/8] Loss: 5.9156 Bio: 0.9665
Epoch [206/600] Total Loss: 45.0347
Epoch [207/600] Step [0/8] Loss: 5.6426 Bio: 0.7870
Epoch [207/600] Total Loss: 44.1827
Epoch [208/600] Step [0/8] Loss: 5.6927 Bio: 0.8406
Epoch [208/600] Total Loss: 45.5085
Epoch [209/600] Step [0/8] Loss: 5.7919 Bio: 0.8222
Epoch [209/600] Total Loss: 45.7368
Epoch [210/600] Step [0/8] Loss: 5.5798 Bio: 0.8232
Epoch [210/600] Total Loss: 44.9543
Epoch [211/600] Step [0/8] Loss: 5.7053 Bio: 0.7791
Epoch [211/600] Total Loss: 44.8523
Epoch [212/600] Step [0/8] Loss: 5.7224 Bio: 0.8014
Epoch [212/600] Total Loss: 45.3329
Epoch [213/600] Step [0/8] Loss: 5.6611 Bio: 0.8240
Epoch [213/600] Total Loss: 45.6471
Epoch [214/600] Step [0/8] Loss: 5.3305 Bio: 0.8019
Epoch [214/600] Total Loss: 45.1241
Epoch [215/600] Step [0/8] Loss: 5.8794 Bio: 0.7113
Epoch [215/600] Total Loss: 44.6547
Epoch [216/600] Step [0/8] Loss: 5.7194 Bio: 0.8087
Epoch [216/600] Total Loss: 45.2173
Epoch [217/600] Step [0/8] Loss: 5.7022 Bio: 0.8709
Epoch [217/600] Total Loss: 45.0420
Epoch [218/600] Step [0/8] Loss: 5.5573 Bio: 0.7299
Epoch [218/600] Total Loss: 44.7767
Epoch [219/600] Step [0/8] Loss: 5.7173 Bio: 0.7520
Epoch [219/600] Total Loss: 45.1030
Epoch [220/600] Step [0/8] Loss: 5.8615 Bio: 0.9232
Epoch [220/600] Total Loss: 44.9533
Epoch [221/600] Step [0/8] Loss: 5.3661 Bio: 0.8300
Epoch [221/600] Total Loss: 44.7007
Epoch [222/600] Step [0/8] Loss: 5.5873 Bio: 0.7283
Epoch [222/600] Total Loss: 45.3799
Epoch [223/600] Step [0/8] Loss: 5.7406 Bio: 0.9095
Epoch [223/600] Total Loss: 45.0242
Epoch [224/600] Step [0/8] Loss: 5.5984 Bio: 0.8360
Epoch [224/600] Total Loss: 44.9244
Epoch [225/600] Step [0/8] Loss: 5.6589 Bio: 0.8198
Epoch [225/600] Total Loss: 44.7141
Epoch [226/600] Step [0/8] Loss: 5.7430 Bio: 0.8027
Epoch [226/600] Total Loss: 44.7195
Epoch [227/600] Step [0/8] Loss: 5.4276 Bio: 0.8705
Epoch [227/600] Total Loss: 44.6514
Epoch [228/600] Step [0/8] Loss: 5.4643 Bio: 0.8581
Epoch [228/600] Total Loss: 45.0963
Epoch [229/600] Step [0/8] Loss: 5.5956 Bio: 0.8193
Epoch [229/600] Total Loss: 44.5300
Epoch [230/600] Step [0/8] Loss: 5.5983 Bio: 0.7875
Epoch [230/600] Total Loss: 44.8591
Epoch [231/600] Step [0/8] Loss: 5.4622 Bio: 0.6504
Epoch [231/600] Total Loss: 44.6866
Epoch [232/600] Step [0/8] Loss: 5.5844 Bio: 0.8247
Epoch [232/600] Total Loss: 44.7575
Epoch [233/600] Step [0/8] Loss: 5.6009 Bio: 0.9100
Epoch [233/600] Total Loss: 43.9190
Epoch [234/600] Step [0/8] Loss: 5.7538 Bio: 0.7407
Epoch [234/600] Total Loss: 44.9220
Epoch [235/600] Step [0/8] Loss: 5.5967 Bio: 0.8473
Epoch [235/600] Total Loss: 44.6675
Epoch [236/600] Step [0/8] Loss: 5.5548 Bio: 0.8594
Epoch [236/600] Total Loss: 45.2526
Epoch [237/600] Step [0/8] Loss: 5.3950 Bio: 0.7339
Epoch [237/600] Total Loss: 44.6361
Epoch [238/600] Step [0/8] Loss: 5.4141 Bio: 0.8399
Epoch [238/600] Total Loss: 44.4032
Epoch [239/600] Step [0/8] Loss: 5.4556 Bio: 0.7772
Epoch [239/600] Total Loss: 44.4052
Epoch [240/600] Step [0/8] Loss: 5.5590 Bio: 0.8935
Epoch [240/600] Total Loss: 44.6172
Epoch [241/600] Step [0/8] Loss: 5.5220 Bio: 0.8531
Epoch [241/600] Total Loss: 44.1610
Epoch [242/600] Step [0/8] Loss: 5.6811 Bio: 0.8776
Epoch [242/600] Total Loss: 44.4441
Epoch [243/600] Step [0/8] Loss: 5.5735 Bio: 0.7166
Epoch [243/600] Total Loss: 44.9320
Epoch [244/600] Step [0/8] Loss: 5.4638 Bio: 0.8810
Epoch [244/600] Total Loss: 44.0823
Epoch [245/600] Step [0/8] Loss: 5.5053 Bio: 0.9238
Epoch [245/600] Total Loss: 44.5720
Epoch [246/600] Step [0/8] Loss: 5.5954 Bio: 0.7825
Epoch [246/600] Total Loss: 44.5499
Epoch [247/600] Step [0/8] Loss: 5.5966 Bio: 0.7725
Epoch [247/600] Total Loss: 44.3588
Epoch [248/600] Step [0/8] Loss: 5.5710 Bio: 0.8101
Epoch [248/600] Total Loss: 44.4527
Epoch [249/600] Step [0/8] Loss: 5.7506 Bio: 0.8871
Epoch [249/600] Total Loss: 44.5618
Epoch [250/600] Step [0/8] Loss: 5.5940 Bio: 0.7629
Epoch [250/600] Total Loss: 44.0376
Epoch [251/600] Step [0/8] Loss: 5.6236 Bio: 0.8578
Epoch [251/600] Total Loss: 44.4360
Epoch [252/600] Step [0/8] Loss: 5.4903 Bio: 0.8074
Epoch [252/600] Total Loss: 43.7730
Epoch [253/600] Step [0/8] Loss: 5.5330 Bio: 0.7954
Epoch [253/600] Total Loss: 44.2497
Epoch [254/600] Step [0/8] Loss: 5.5477 Bio: 0.7862
Epoch [254/600] Total Loss: 44.0800
Epoch [255/600] Step [0/8] Loss: 5.6253 Bio: 0.8853
Epoch [255/600] Total Loss: 44.1727
Epoch [256/600] Step [0/8] Loss: 5.7595 Bio: 0.8027
Epoch [256/600] Total Loss: 44.9494
Epoch [257/600] Step [0/8] Loss: 5.7185 Bio: 0.9430
Epoch [257/600] Total Loss: 43.9710
Epoch [258/600] Step [0/8] Loss: 5.6596 Bio: 0.8909
Epoch [258/600] Total Loss: 44.7744
Epoch [259/600] Step [0/8] Loss: 5.4655 Bio: 0.8070
Epoch [259/600] Total Loss: 44.3206
Epoch [260/600] Step [0/8] Loss: 5.3601 Bio: 0.9469
Epoch [260/600] Total Loss: 44.0891
Epoch [261/600] Step [0/8] Loss: 5.5319 Bio: 0.8715
Epoch [261/600] Total Loss: 44.4678
Epoch [262/600] Step [0/8] Loss: 5.4686 Bio: 0.8193
Epoch [262/600] Total Loss: 44.1743
Epoch [263/600] Step [0/8] Loss: 5.5915 Bio: 0.8249
Epoch [263/600] Total Loss: 44.0852
Epoch [264/600] Step [0/8] Loss: 5.5165 Bio: 0.8595
Epoch [264/600] Total Loss: 43.5892
Epoch [265/600] Step [0/8] Loss: 5.7017 Bio: 0.7493
Epoch [265/600] Total Loss: 43.8073
Epoch [266/600] Step [0/8] Loss: 5.3994 Bio: 0.8461
Epoch [266/600] Total Loss: 44.0761
Epoch [267/600] Step [0/8] Loss: 5.6814 Bio: 0.7414
Epoch [267/600] Total Loss: 43.9772
Epoch [268/600] Step [0/8] Loss: 5.4657 Bio: 0.8404
Epoch [268/600] Total Loss: 43.8591
Epoch [269/600] Step [0/8] Loss: 5.4746 Bio: 0.8733
Epoch [269/600] Total Loss: 44.4715
Epoch [270/600] Step [0/8] Loss: 5.5371 Bio: 0.9410
Epoch [270/600] Total Loss: 43.5460
Epoch [271/600] Step [0/8] Loss: 5.4914 Bio: 0.8628
Epoch [271/600] Total Loss: 44.0126
Epoch [272/600] Step [0/8] Loss: 5.4572 Bio: 0.8362
Epoch [272/600] Total Loss: 44.1109
Epoch [273/600] Step [0/8] Loss: 5.7251 Bio: 0.7954
Epoch [273/600] Total Loss: 44.2445
Epoch [274/600] Step [0/8] Loss: 5.6314 Bio: 0.6998
Epoch [274/600] Total Loss: 44.3042
Epoch [275/600] Step [0/8] Loss: 5.4511 Bio: 0.8901
Epoch [275/600] Total Loss: 43.8787
Epoch [276/600] Step [0/8] Loss: 5.5546 Bio: 0.7768
Epoch [276/600] Total Loss: 44.0787
Epoch [277/600] Step [0/8] Loss: 5.7292 Bio: 0.8458
Epoch [277/600] Total Loss: 43.6731
Epoch [278/600] Step [0/8] Loss: 5.6551 Bio: 0.6560
Epoch [278/600] Total Loss: 44.3063
Epoch [279/600] Step [0/8] Loss: 5.3236 Bio: 0.7724
Epoch [279/600] Total Loss: 43.6915
Epoch [280/600] Step [0/8] Loss: 5.3680 Bio: 1.0380
Epoch [280/600] Total Loss: 43.5133
Epoch [281/600] Step [0/8] Loss: 5.5521 Bio: 0.8065
Epoch [281/600] Total Loss: 43.6976
Epoch [282/600] Step [0/8] Loss: 5.3690 Bio: 0.8870
Epoch [282/600] Total Loss: 44.1350
Epoch [283/600] Step [0/8] Loss: 5.5737 Bio: 0.8026
Epoch [283/600] Total Loss: 43.9136
Epoch [284/600] Step [0/8] Loss: 5.6328 Bio: 0.7988
Epoch [284/600] Total Loss: 43.9842
Epoch [285/600] Step [0/8] Loss: 5.6469 Bio: 0.8956
Epoch [285/600] Total Loss: 43.7127
Epoch [286/600] Step [0/8] Loss: 5.2865 Bio: 0.9453
Epoch [286/600] Total Loss: 43.5409
Epoch [287/600] Step [0/8] Loss: 5.4687 Bio: 0.6529
Epoch [287/600] Total Loss: 44.1410
Epoch [288/600] Step [0/8] Loss: 5.3604 Bio: 0.8233
Epoch [288/600] Total Loss: 43.5752
Epoch [289/600] Step [0/8] Loss: 5.5128 Bio: 0.9029
Epoch [289/600] Total Loss: 43.9479
Epoch [290/600] Step [0/8] Loss: 5.7266 Bio: 0.8029
Epoch [290/600] Total Loss: 43.7506
Epoch [291/600] Step [0/8] Loss: 5.5301 Bio: 0.8660
Epoch [291/600] Total Loss: 43.9211
Epoch [292/600] Step [0/8] Loss: 5.3720 Bio: 0.7416
Epoch [292/600] Total Loss: 43.5195
Epoch [293/600] Step [0/8] Loss: 5.5136 Bio: 0.9641
Epoch [293/600] Total Loss: 43.5702
Epoch [294/600] Step [0/8] Loss: 5.4112 Bio: 0.7587
Epoch [294/600] Total Loss: 43.2662
Epoch [295/600] Step [0/8] Loss: 5.3983 Bio: 0.7675
Epoch [295/600] Total Loss: 43.4832
Epoch [296/600] Step [0/8] Loss: 5.4121 Bio: 0.8852
Epoch [296/600] Total Loss: 43.5099
Epoch [297/600] Step [0/8] Loss: 5.5619 Bio: 0.8548
Epoch [297/600] Total Loss: 43.6980
Epoch [298/600] Step [0/8] Loss: 5.1858 Bio: 0.7854
Epoch [298/600] Total Loss: 43.1516
Epoch [299/600] Step [0/8] Loss: 5.4606 Bio: 0.8041
Epoch [299/600] Total Loss: 43.3253
Epoch [300/600] Step [0/8] Loss: 5.5282 Bio: 0.7677
Epoch [300/600] Total Loss: 43.5964
Epoch [301/600] Step [0/8] Loss: 5.3981 Bio: 0.9137
Epoch [301/600] Total Loss: 43.4915
Epoch [302/600] Step [0/8] Loss: 5.3941 Bio: 0.7724
Epoch [302/600] Total Loss: 43.1804
Epoch [303/600] Step [0/8] Loss: 5.6652 Bio: 0.8722
Epoch [303/600] Total Loss: 43.3467
Epoch [304/600] Step [0/8] Loss: 5.3710 Bio: 0.8967
Epoch [304/600] Total Loss: 43.4033
Epoch [305/600] Step [0/8] Loss: 5.6060 Bio: 0.8109
Epoch [305/600] Total Loss: 43.8224
Epoch [306/600] Step [0/8] Loss: 5.4499 Bio: 0.7887
Epoch [306/600] Total Loss: 43.1043
Epoch [307/600] Step [0/8] Loss: 5.5761 Bio: 0.7181
Epoch [307/600] Total Loss: 43.4293
Epoch [308/600] Step [0/8] Loss: 5.1809 Bio: 0.8293
Epoch [308/600] Total Loss: 43.0921
Epoch [309/600] Step [0/8] Loss: 5.2948 Bio: 0.7552
Epoch [309/600] Total Loss: 43.7631
Epoch [310/600] Step [0/8] Loss: 5.4239 Bio: 0.9377
Epoch [310/600] Total Loss: 43.1751
Epoch [311/600] Step [0/8] Loss: 5.6099 Bio: 0.7768
Epoch [311/600] Total Loss: 43.6459
Epoch [312/600] Step [0/8] Loss: 5.4946 Bio: 0.8719
Epoch [312/600] Total Loss: 43.6875
Epoch [313/600] Step [0/8] Loss: 5.3762 Bio: 0.8106
Epoch [313/600] Total Loss: 42.8504
Epoch [314/600] Step [0/8] Loss: 5.5064 Bio: 0.8334
Epoch [314/600] Total Loss: 43.4002
Epoch [315/600] Step [0/8] Loss: 5.4037 Bio: 0.8637
Epoch [315/600] Total Loss: 42.6805
Epoch [316/600] Step [0/8] Loss: 5.6722 Bio: 0.7849
Epoch [316/600] Total Loss: 43.7390
Epoch [317/600] Step [0/8] Loss: 5.4490 Bio: 0.7830
Epoch [317/600] Total Loss: 43.5963
Epoch [318/600] Step [0/8] Loss: 5.4161 Bio: 0.8879
Epoch [318/600] Total Loss: 43.2915
Epoch [319/600] Step [0/8] Loss: 5.4093 Bio: 0.8225
Epoch [319/600] Total Loss: 42.9164
Epoch [320/600] Step [0/8] Loss: 5.5681 Bio: 0.7937
Epoch [320/600] Total Loss: 43.2600
Epoch [321/600] Step [0/8] Loss: 5.5056 Bio: 0.7562
Epoch [321/600] Total Loss: 43.1675
Epoch [322/600] Step [0/8] Loss: 5.3586 Bio: 0.9277
Epoch [322/600] Total Loss: 42.8094
Epoch [323/600] Step [0/8] Loss: 5.4631 Bio: 0.8309
Epoch [323/600] Total Loss: 43.6937
Epoch [324/600] Step [0/8] Loss: 5.3044 Bio: 0.8278
Epoch [324/600] Total Loss: 43.3467
Epoch [325/600] Step [0/8] Loss: 5.4012 Bio: 0.8010
Epoch [325/600] Total Loss: 42.8739
Epoch [326/600] Step [0/8] Loss: 5.3302 Bio: 0.8377
Epoch [326/600] Total Loss: 42.9165
Epoch [327/600] Step [0/8] Loss: 5.4546 Bio: 0.8415
Epoch [327/600] Total Loss: 42.9625
Epoch [328/600] Step [0/8] Loss: 5.4640 Bio: 0.7825
Epoch [328/600] Total Loss: 43.1714
Epoch [329/600] Step [0/8] Loss: 5.4741 Bio: 0.8254
Epoch [329/600] Total Loss: 43.0653
Epoch [330/600] Step [0/8] Loss: 5.4633 Bio: 0.8726
Epoch [330/600] Total Loss: 42.9087
Epoch [331/600] Step [0/8] Loss: 5.2985 Bio: 0.8512
Epoch [331/600] Total Loss: 43.1564
Epoch [332/600] Step [0/8] Loss: 5.6357 Bio: 0.8448
Epoch [332/600] Total Loss: 42.6154
Epoch [333/600] Step [0/8] Loss: 5.3814 Bio: 0.8769
Epoch [333/600] Total Loss: 43.2750
Epoch [334/600] Step [0/8] Loss: 5.5894 Bio: 0.7541
Epoch [334/600] Total Loss: 43.6303
Epoch [335/600] Step [0/8] Loss: 5.3607 Bio: 0.8432
Epoch [335/600] Total Loss: 43.2579
Epoch [336/600] Step [0/8] Loss: 5.3265 Bio: 0.6907
Epoch [336/600] Total Loss: 43.3123
Epoch [337/600] Step [0/8] Loss: 5.4261 Bio: 0.7517
Epoch [337/600] Total Loss: 42.9820
Epoch [338/600] Step [0/8] Loss: 5.4348 Bio: 0.8267
Epoch [338/600] Total Loss: 43.5733
Epoch [339/600] Step [0/8] Loss: 5.3405 Bio: 0.7297
Epoch [339/600] Total Loss: 42.7733
Epoch [340/600] Step [0/8] Loss: 5.5354 Bio: 0.8598
Epoch [340/600] Total Loss: 43.3166
Epoch [341/600] Step [0/8] Loss: 5.4059 Bio: 0.8342
Epoch [341/600] Total Loss: 42.8463
Epoch [342/600] Step [0/8] Loss: 5.3143 Bio: 0.8589
Epoch [342/600] Total Loss: 43.0065
Epoch [343/600] Step [0/8] Loss: 5.3646 Bio: 0.8120
Epoch [343/600] Total Loss: 43.0370
Epoch [344/600] Step [0/8] Loss: 5.3228 Bio: 0.7756
Epoch [344/600] Total Loss: 42.5766
Epoch [345/600] Step [0/8] Loss: 5.4020 Bio: 0.7843
Epoch [345/600] Total Loss: 42.7113
Epoch [346/600] Step [0/8] Loss: 5.4099 Bio: 0.7930
Epoch [346/600] Total Loss: 43.1087
Epoch [347/600] Step [0/8] Loss: 5.5897 Bio: 0.8092
Epoch [347/600] Total Loss: 42.6434
Epoch [348/600] Step [0/8] Loss: 5.2089 Bio: 0.7026
Epoch [348/600] Total Loss: 42.5600
Epoch [349/600] Step [0/8] Loss: 5.4165 Bio: 0.8078
Epoch [349/600] Total Loss: 42.8669
Epoch [350/600] Step [0/8] Loss: 5.3782 Bio: 0.8023
Epoch [350/600] Total Loss: 42.5366
Epoch [351/600] Step [0/8] Loss: 5.3442 Bio: 0.8888
Epoch [351/600] Total Loss: 42.7767
Epoch [352/600] Step [0/8] Loss: 5.2668 Bio: 0.7535
Epoch [352/600] Total Loss: 43.0310
Epoch [353/600] Step [0/8] Loss: 5.3585 Bio: 0.8207
Epoch [353/600] Total Loss: 43.0288
Epoch [354/600] Step [0/8] Loss: 5.5014 Bio: 0.7734
Epoch [354/600] Total Loss: 42.8945
Epoch [355/600] Step [0/8] Loss: 5.3502 Bio: 0.7287
Epoch [355/600] Total Loss: 42.9615
Epoch [356/600] Step [0/8] Loss: 5.2529 Bio: 0.8159
Epoch [356/600] Total Loss: 43.2423
Epoch [357/600] Step [0/8] Loss: 5.2955 Bio: 0.7671
Epoch [357/600] Total Loss: 42.3985
Epoch [358/600] Step [0/8] Loss: 5.3746 Bio: 0.9056
Epoch [358/600] Total Loss: 42.3227
Epoch [359/600] Step [0/8] Loss: 5.1887 Bio: 0.8029
Epoch [359/600] Total Loss: 42.7301
Epoch [360/600] Step [0/8] Loss: 5.3245 Bio: 0.7642
Epoch [360/600] Total Loss: 43.1944
Epoch [361/600] Step [0/8] Loss: 5.2824 Bio: 0.8484
Epoch [361/600] Total Loss: 42.7126
Epoch [362/600] Step [0/8] Loss: 5.2178 Bio: 0.7609
Epoch [362/600] Total Loss: 42.8821
Epoch [363/600] Step [0/8] Loss: 5.4611 Bio: 0.7657
Epoch [363/600] Total Loss: 42.6764
Epoch [364/600] Step [0/8] Loss: 5.2874 Bio: 0.8554
Epoch [364/600] Total Loss: 42.6537
Epoch [365/600] Step [0/8] Loss: 5.4445 Bio: 0.7798
Epoch [365/600] Total Loss: 42.8562
Epoch [366/600] Step [0/8] Loss: 5.0962 Bio: 0.7687
Epoch [366/600] Total Loss: 42.7642
Epoch [367/600] Step [0/8] Loss: 5.3828 Bio: 0.8274
Epoch [367/600] Total Loss: 42.4169
Epoch [368/600] Step [0/8] Loss: 5.3790 Bio: 0.7842
Epoch [368/600] Total Loss: 42.6299
Epoch [369/600] Step [0/8] Loss: 5.1825 Bio: 0.6948
Epoch [369/600] Total Loss: 42.5114
Epoch [370/600] Step [0/8] Loss: 5.3042 Bio: 0.8873
Epoch [370/600] Total Loss: 43.0038
Epoch [371/600] Step [0/8] Loss: 5.2079 Bio: 0.9413
Epoch [371/600] Total Loss: 42.8507
Epoch [372/600] Step [0/8] Loss: 5.4954 Bio: 0.9994
Epoch [372/600] Total Loss: 42.8563
Epoch [373/600] Step [0/8] Loss: 5.2822 Bio: 0.9319
Epoch [373/600] Total Loss: 42.7845
Epoch [374/600] Step [0/8] Loss: 5.3229 Bio: 0.7995
Epoch [374/600] Total Loss: 42.4961
Epoch [375/600] Step [0/8] Loss: 5.4341 Bio: 0.7647
Epoch [375/600] Total Loss: 42.6045
Epoch [376/600] Step [0/8] Loss: 5.3334 Bio: 0.8608
Epoch [376/600] Total Loss: 42.4123
Epoch [377/600] Step [0/8] Loss: 5.4144 Bio: 0.8299
Epoch [377/600] Total Loss: 43.1118
Epoch [378/600] Step [0/8] Loss: 5.3515 Bio: 0.9354
Epoch [378/600] Total Loss: 42.4518
Epoch [379/600] Step [0/8] Loss: 5.3828 Bio: 0.8732
Epoch [379/600] Total Loss: 43.0550
Epoch [380/600] Step [0/8] Loss: 5.1945 Bio: 0.8000
Epoch [380/600] Total Loss: 42.6338
Epoch [381/600] Step [0/8] Loss: 5.1182 Bio: 0.8314
Epoch [381/600] Total Loss: 42.2365
Epoch [382/600] Step [0/8] Loss: 5.3151 Bio: 0.8798
Epoch [382/600] Total Loss: 42.3425
Epoch [383/600] Step [0/8] Loss: 5.5153 Bio: 0.8672
Epoch [383/600] Total Loss: 43.0592
Epoch [384/600] Step [0/8] Loss: 5.5160 Bio: 0.8275
Epoch [384/600] Total Loss: 42.9318
Epoch [385/600] Step [0/8] Loss: 5.4974 Bio: 0.9003
Epoch [385/600] Total Loss: 42.0756
Epoch [386/600] Step [0/8] Loss: 5.3568 Bio: 0.6827
Epoch [386/600] Total Loss: 43.0112
Epoch [387/600] Step [0/8] Loss: 5.3245 Bio: 0.8928
Epoch [387/600] Total Loss: 42.6387
Epoch [388/600] Step [0/8] Loss: 5.3807 Bio: 0.7482
Epoch [388/600] Total Loss: 42.9069
Epoch [389/600] Step [0/8] Loss: 5.1421 Bio: 0.7861
Epoch [389/600] Total Loss: 42.4048
Epoch [390/600] Step [0/8] Loss: 5.2601 Bio: 0.7941
Epoch [390/600] Total Loss: 42.3904
Epoch [391/600] Step [0/8] Loss: 5.3249 Bio: 0.7272
Epoch [391/600] Total Loss: 42.3492
Epoch [392/600] Step [0/8] Loss: 5.2448 Bio: 0.7090
Epoch [392/600] Total Loss: 42.4110
Epoch [393/600] Step [0/8] Loss: 5.2456 Bio: 0.7728
Epoch [393/600] Total Loss: 42.4222
Epoch [394/600] Step [0/8] Loss: 5.3288 Bio: 0.7694
Epoch [394/600] Total Loss: 42.6518
Epoch [395/600] Step [0/8] Loss: 5.4526 Bio: 0.7513
Epoch [395/600] Total Loss: 42.8519
Epoch [396/600] Step [0/8] Loss: 5.4302 Bio: 0.7575
Epoch [396/600] Total Loss: 42.7069
Epoch [397/600] Step [0/8] Loss: 5.3518 Bio: 0.8197
Epoch [397/600] Total Loss: 42.2848
Epoch [398/600] Step [0/8] Loss: 5.2760 Bio: 0.7685
Epoch [398/600] Total Loss: 42.8739
Epoch [399/600] Step [0/8] Loss: 5.2707 Bio: 0.8231
Epoch [399/600] Total Loss: 42.2152
Epoch [400/600] Step [0/8] Loss: 5.3658 Bio: 0.9016
Epoch [400/600] Total Loss: 42.4912
Epoch [401/600] Step [0/8] Loss: 5.1318 Bio: 0.8149
Epoch [401/600] Total Loss: 42.5871
Epoch [402/600] Step [0/8] Loss: 5.3998 Bio: 0.7273
Epoch [402/600] Total Loss: 42.1932
Epoch [403/600] Step [0/8] Loss: 5.4453 Bio: 0.7938
Epoch [403/600] Total Loss: 42.5985
Epoch [404/600] Step [0/8] Loss: 5.4623 Bio: 0.8665
Epoch [404/600] Total Loss: 42.5311
Epoch [405/600] Step [0/8] Loss: 5.2214 Bio: 0.8909
Epoch [405/600] Total Loss: 42.0220
Epoch [406/600] Step [0/8] Loss: 5.2463 Bio: 0.8031
Epoch [406/600] Total Loss: 42.5932
Epoch [407/600] Step [0/8] Loss: 5.4420 Bio: 0.7518
Epoch [407/600] Total Loss: 42.5241
Epoch [408/600] Step [0/8] Loss: 5.1398 Bio: 0.8258
Epoch [408/600] Total Loss: 41.9427
Epoch [409/600] Step [0/8] Loss: 5.3294 Bio: 0.7945
Epoch [409/600] Total Loss: 42.8434
Epoch [410/600] Step [0/8] Loss: 5.1355 Bio: 0.7787
Epoch [410/600] Total Loss: 42.1831
Epoch [411/600] Step [0/8] Loss: 5.3352 Bio: 0.8166
Epoch [411/600] Total Loss: 42.7955
Epoch [412/600] Step [0/8] Loss: 5.4461 Bio: 0.8927
Epoch [412/600] Total Loss: 42.4799
Epoch [413/600] Step [0/8] Loss: 5.2243 Bio: 0.7535
Epoch [413/600] Total Loss: 42.3575
Epoch [414/600] Step [0/8] Loss: 5.4282 Bio: 0.8904
Epoch [414/600] Total Loss: 42.7206
Epoch [415/600] Step [0/8] Loss: 5.3493 Bio: 0.7965
Epoch [415/600] Total Loss: 42.2994
Epoch [416/600] Step [0/8] Loss: 5.1548 Bio: 0.7411
Epoch [416/600] Total Loss: 42.1628
Epoch [417/600] Step [0/8] Loss: 5.1950 Bio: 0.8185
Epoch [417/600] Total Loss: 42.6041
Epoch [418/600] Step [0/8] Loss: 5.5859 Bio: 0.7642
Epoch [418/600] Total Loss: 42.4701
Epoch [419/600] Step [0/8] Loss: 5.2505 Bio: 0.7382
Epoch [419/600] Total Loss: 42.6466
Epoch [420/600] Step [0/8] Loss: 5.2404 Bio: 0.8516
Epoch [420/600] Total Loss: 42.4979
Epoch [421/600] Step [0/8] Loss: 5.2503 Bio: 0.7352
Epoch [421/600] Total Loss: 42.6687
Epoch [422/600] Step [0/8] Loss: 5.3020 Bio: 0.8322
Epoch [422/600] Total Loss: 42.2583
Epoch [423/600] Step [0/8] Loss: 5.3547 Bio: 0.8801
Epoch [423/600] Total Loss: 42.1285
Epoch [424/600] Step [0/8] Loss: 5.1685 Bio: 0.8047
Epoch [424/600] Total Loss: 42.5791
Epoch [425/600] Step [0/8] Loss: 5.2798 Bio: 0.7862
Epoch [425/600] Total Loss: 42.6411
Epoch [426/600] Step [0/8] Loss: 5.3994 Bio: 0.8776
Epoch [426/600] Total Loss: 42.8476
Epoch [427/600] Step [0/8] Loss: 5.3925 Bio: 0.7646
Epoch [427/600] Total Loss: 42.3961
Epoch [428/600] Step [0/8] Loss: 5.1655 Bio: 0.7765
Epoch [428/600] Total Loss: 42.0125
Epoch [429/600] Step [0/8] Loss: 5.1146 Bio: 0.7727
Epoch [429/600] Total Loss: 42.2610
Epoch [430/600] Step [0/8] Loss: 5.1873 Bio: 0.7507
Epoch [430/600] Total Loss: 42.8692
Epoch [431/600] Step [0/8] Loss: 5.2738 Bio: 0.7710
Epoch [431/600] Total Loss: 42.5398
Epoch [432/600] Step [0/8] Loss: 5.5207 Bio: 0.7691
Epoch [432/600] Total Loss: 42.6079
Epoch [433/600] Step [0/8] Loss: 5.3300 Bio: 0.7833
Epoch [433/600] Total Loss: 42.7980
Epoch [434/600] Step [0/8] Loss: 5.3477 Bio: 0.7837
Epoch [434/600] Total Loss: 42.2590
Epoch [435/600] Step [0/8] Loss: 5.3149 Bio: 0.8179
Epoch [435/600] Total Loss: 42.1032
Epoch [436/600] Step [0/8] Loss: 5.4705 Bio: 0.8632
Epoch [436/600] Total Loss: 42.5748
Epoch [437/600] Step [0/8] Loss: 5.2701 Bio: 0.7222
Epoch [437/600] Total Loss: 42.0139
Epoch [438/600] Step [0/8] Loss: 5.4480 Bio: 0.7417
Epoch [438/600] Total Loss: 42.8554
Epoch [439/600] Step [0/8] Loss: 5.2694 Bio: 0.7438
Epoch [439/600] Total Loss: 42.5483
Epoch [440/600] Step [0/8] Loss: 5.4217 Bio: 0.8595
Epoch [440/600] Total Loss: 42.4228
Epoch [441/600] Step [0/8] Loss: 5.2187 Bio: 0.8569
Epoch [441/600] Total Loss: 42.4908
Epoch [442/600] Step [0/8] Loss: 5.3118 Bio: 0.6922
Epoch [442/600] Total Loss: 42.2329
Epoch [443/600] Step [0/8] Loss: 5.3183 Bio: 0.8248
Epoch [443/600] Total Loss: 42.4396
Epoch [444/600] Step [0/8] Loss: 5.2310 Bio: 0.8466
Epoch [444/600] Total Loss: 42.5586
Epoch [445/600] Step [0/8] Loss: 5.2088 Bio: 0.9419
Epoch [445/600] Total Loss: 41.9809
Epoch [446/600] Step [0/8] Loss: 5.3623 Bio: 0.8639
Epoch [446/600] Total Loss: 42.4659
Epoch [447/600] Step [0/8] Loss: 5.1824 Bio: 0.8443
Epoch [447/600] Total Loss: 42.2833
Epoch [448/600] Step [0/8] Loss: 5.2141 Bio: 0.7532
Epoch [448/600] Total Loss: 41.6775
Epoch [449/600] Step [0/8] Loss: 5.3392 Bio: 0.7437
Epoch [449/600] Total Loss: 42.1464
Epoch [450/600] Step [0/8] Loss: 5.2465 Bio: 0.7963
Epoch [450/600] Total Loss: 42.0125
Epoch [451/600] Step [0/8] Loss: 5.3654 Bio: 0.7113
Epoch [451/600] Total Loss: 42.5019
Epoch [452/600] Step [0/8] Loss: 5.2690 Bio: 0.8408
Epoch [452/600] Total Loss: 42.5946
Epoch [453/600] Step [0/8] Loss: 5.4181 Bio: 0.8641
Epoch [453/600] Total Loss: 42.3857
Epoch [454/600] Step [0/8] Loss: 5.3760 Bio: 0.9108
Epoch [454/600] Total Loss: 42.4224
Epoch [455/600] Step [0/8] Loss: 5.2080 Bio: 0.7612
Epoch [455/600] Total Loss: 42.2209
Epoch [456/600] Step [0/8] Loss: 5.3721 Bio: 0.8981
Epoch [456/600] Total Loss: 42.1276
Epoch [457/600] Step [0/8] Loss: 5.3550 Bio: 0.8246
Epoch [457/600] Total Loss: 42.0766
Epoch [458/600] Step [0/8] Loss: 5.3021 Bio: 0.8142
Epoch [458/600] Total Loss: 42.4294
Epoch [459/600] Step [0/8] Loss: 5.0807 Bio: 0.8592
Epoch [459/600] Total Loss: 41.9402
Epoch [460/600] Step [0/8] Loss: 5.3072 Bio: 0.7724
Epoch [460/600] Total Loss: 41.9365
Epoch [461/600] Step [0/8] Loss: 5.1606 Bio: 0.8866
Epoch [461/600] Total Loss: 41.6977
Epoch [462/600] Step [0/8] Loss: 5.2834 Bio: 0.8184
Epoch [462/600] Total Loss: 42.4954
Epoch [463/600] Step [0/8] Loss: 5.2873 Bio: 0.8708
Epoch [463/600] Total Loss: 41.6820
Epoch [464/600] Step [0/8] Loss: 5.2175 Bio: 0.8337
Epoch [464/600] Total Loss: 41.9445
Epoch [465/600] Step [0/8] Loss: 5.2138 Bio: 0.7969
Epoch [465/600] Total Loss: 42.3120
Epoch [466/600] Step [0/8] Loss: 5.3297 Bio: 0.9358
Epoch [466/600] Total Loss: 41.9745
Epoch [467/600] Step [0/8] Loss: 5.1027 Bio: 0.7879
Epoch [467/600] Total Loss: 42.4438
Epoch [468/600] Step [0/8] Loss: 5.4194 Bio: 0.7392
Epoch [468/600] Total Loss: 42.5083
Epoch [469/600] Step [0/8] Loss: 5.2596 Bio: 0.8046
Epoch [469/600] Total Loss: 42.3917
Epoch [470/600] Step [0/8] Loss: 5.2418 Bio: 0.7385
Epoch [470/600] Total Loss: 42.0557
Epoch [471/600] Step [0/8] Loss: 5.2538 Bio: 0.8393
Epoch [471/600] Total Loss: 42.1362
Epoch [472/600] Step [0/8] Loss: 5.2630 Bio: 0.8353
Epoch [472/600] Total Loss: 42.3249
Epoch [473/600] Step [0/8] Loss: 5.3003 Bio: 0.7181
Epoch [473/600] Total Loss: 42.2891
Epoch [474/600] Step [0/8] Loss: 5.1894 Bio: 0.7568
Epoch [474/600] Total Loss: 42.4008
Epoch [475/600] Step [0/8] Loss: 5.2301 Bio: 0.6948
Epoch [475/600] Total Loss: 41.4159
Epoch [476/600] Step [0/8] Loss: 5.1559 Bio: 0.8717
Epoch [476/600] Total Loss: 41.9042
Epoch [477/600] Step [0/8] Loss: 5.4341 Bio: 0.8616
Epoch [477/600] Total Loss: 42.0316
Epoch [478/600] Step [0/8] Loss: 5.0567 Bio: 0.7070
Epoch [478/600] Total Loss: 41.9090
Epoch [479/600] Step [0/8] Loss: 5.2665 Bio: 0.7221
Epoch [479/600] Total Loss: 42.3342
Epoch [480/600] Step [0/8] Loss: 5.1788 Bio: 0.8406
Epoch [480/600] Total Loss: 41.9657
Epoch [481/600] Step [0/8] Loss: 5.3507 Bio: 0.8583
Epoch [481/600] Total Loss: 41.8653
Epoch [482/600] Step [0/8] Loss: 5.3380 Bio: 0.8121
Epoch [482/600] Total Loss: 42.3016
Epoch [483/600] Step [0/8] Loss: 5.2937 Bio: 0.8119
Epoch [483/600] Total Loss: 42.6169
Epoch [484/600] Step [0/8] Loss: 5.5982 Bio: 0.9106
Epoch [484/600] Total Loss: 42.7178
Epoch [485/600] Step [0/8] Loss: 5.3236 Bio: 0.7689
Epoch [485/600] Total Loss: 42.4421
Epoch [486/600] Step [0/8] Loss: 5.1846 Bio: 0.8239
Epoch [486/600] Total Loss: 42.0294
Epoch [487/600] Step [0/8] Loss: 5.1291 Bio: 0.7243
Epoch [487/600] Total Loss: 41.7890
Epoch [488/600] Step [0/8] Loss: 5.1821 Bio: 0.8130
Epoch [488/600] Total Loss: 41.9352
Epoch [489/600] Step [0/8] Loss: 5.2325 Bio: 0.9669
Epoch [489/600] Total Loss: 42.4601
Epoch [490/600] Step [0/8] Loss: 5.0355 Bio: 0.7486
Epoch [490/600] Total Loss: 41.9120
Epoch [491/600] Step [0/8] Loss: 5.2629 Bio: 0.8199
Epoch [491/600] Total Loss: 41.8790
Epoch [492/600] Step [0/8] Loss: 5.2395 Bio: 0.8248
Epoch [492/600] Total Loss: 42.0748
Epoch [493/600] Step [0/8] Loss: 5.3441 Bio: 0.7061
Epoch [493/600] Total Loss: 42.0637
Epoch [494/600] Step [0/8] Loss: 5.2537 Bio: 0.7275
Epoch [494/600] Total Loss: 42.2256
Epoch [495/600] Step [0/8] Loss: 5.2539 Bio: 0.7490
Epoch [495/600] Total Loss: 42.8851
Epoch [496/600] Step [0/8] Loss: 5.3234 Bio: 0.8456
Epoch [496/600] Total Loss: 41.4898
Epoch [497/600] Step [0/8] Loss: 5.1001 Bio: 0.7143
Epoch [497/600] Total Loss: 42.1646
Epoch [498/600] Step [0/8] Loss: 5.3598 Bio: 0.8282
Epoch [498/600] Total Loss: 42.2922
Epoch [499/600] Step [0/8] Loss: 5.3553 Bio: 0.9040
Epoch [499/600] Total Loss: 41.8112
Epoch [500/600] Step [0/8] Loss: 5.1760 Bio: 0.7028
Epoch [500/600] Total Loss: 42.2101
Epoch [501/600] Step [0/8] Loss: 5.3212 Bio: 0.7802
Epoch [501/600] Total Loss: 42.4236
Epoch [502/600] Step [0/8] Loss: 5.3129 Bio: 0.7938
Epoch [502/600] Total Loss: 42.4102
Epoch [503/600] Step [0/8] Loss: 5.3396 Bio: 0.7833
Epoch [503/600] Total Loss: 42.1442
Epoch [504/600] Step [0/8] Loss: 5.4632 Bio: 0.8140
Epoch [504/600] Total Loss: 41.9623
Epoch [505/600] Step [0/8] Loss: 5.2563 Bio: 0.8485
Epoch [505/600] Total Loss: 42.3543
Epoch [506/600] Step [0/8] Loss: 5.3891 Bio: 0.8295
Epoch [506/600] Total Loss: 42.1264
Epoch [507/600] Step [0/8] Loss: 5.3132 Bio: 0.7804
Epoch [507/600] Total Loss: 42.4399
Epoch [508/600] Step [0/8] Loss: 5.1625 Bio: 0.7908
Epoch [508/600] Total Loss: 42.3017
Epoch [509/600] Step [0/8] Loss: 5.3265 Bio: 0.7198
Epoch [509/600] Total Loss: 41.8972
Epoch [510/600] Step [0/8] Loss: 5.2363 Bio: 0.7144
Epoch [510/600] Total Loss: 42.0656
Epoch [511/600] Step [0/8] Loss: 5.1437 Bio: 0.6602
Epoch [511/600] Total Loss: 41.5170
Epoch [512/600] Step [0/8] Loss: 5.3135 Bio: 0.8172
Epoch [512/600] Total Loss: 42.0282
Epoch [513/600] Step [0/8] Loss: 5.3647 Bio: 0.7323
Epoch [513/600] Total Loss: 41.8741
Epoch [514/600] Step [0/8] Loss: 5.0848 Bio: 0.8649
Epoch [514/600] Total Loss: 42.1297
Epoch [515/600] Step [0/8] Loss: 5.2371 Bio: 0.7456
Epoch [515/600] Total Loss: 42.3269
Epoch [516/600] Step [0/8] Loss: 5.3548 Bio: 0.8240
Epoch [516/600] Total Loss: 42.2604
Epoch [517/600] Step [0/8] Loss: 5.1798 Bio: 0.7219
Epoch [517/600] Total Loss: 41.7207
Epoch [518/600] Step [0/8] Loss: 5.3183 Bio: 0.8033
Epoch [518/600] Total Loss: 42.2092
Epoch [519/600] Step [0/8] Loss: 5.1728 Bio: 0.7261
Epoch [519/600] Total Loss: 42.0099
Epoch [520/600] Step [0/8] Loss: 5.3777 Bio: 0.7457
Epoch [520/600] Total Loss: 42.0349
Epoch [521/600] Step [0/8] Loss: 5.2497 Bio: 0.7621
Epoch [521/600] Total Loss: 41.9637
Epoch [522/600] Step [0/8] Loss: 5.2661 Bio: 0.7060
Epoch [522/600] Total Loss: 41.8552
Epoch [523/600] Step [0/8] Loss: 5.1817 Bio: 0.8542
Epoch [523/600] Total Loss: 42.0786
Epoch [524/600] Step [0/8] Loss: 5.4505 Bio: 0.7982
Epoch [524/600] Total Loss: 42.2017
Epoch [525/600] Step [0/8] Loss: 5.2196 Bio: 0.8065
Epoch [525/600] Total Loss: 42.1777
Epoch [526/600] Step [0/8] Loss: 4.9432 Bio: 0.6800
Epoch [526/600] Total Loss: 41.5201
Epoch [527/600] Step [0/8] Loss: 5.2293 Bio: 0.8115
Epoch [527/600] Total Loss: 42.3316
Epoch [528/600] Step [0/8] Loss: 5.1033 Bio: 0.7821
Epoch [528/600] Total Loss: 42.2087
Epoch [529/600] Step [0/8] Loss: 5.2077 Bio: 0.9261
Epoch [529/600] Total Loss: 42.2493
Epoch [530/600] Step [0/8] Loss: 5.2095 Bio: 0.7511
Epoch [530/600] Total Loss: 42.1922
Epoch [531/600] Step [0/8] Loss: 5.3057 Bio: 0.7669
Epoch [531/600] Total Loss: 42.0390
Epoch [532/600] Step [0/8] Loss: 5.2745 Bio: 0.7572
Epoch [532/600] Total Loss: 42.1382
Epoch [533/600] Step [0/8] Loss: 5.1540 Bio: 0.8611
Epoch [533/600] Total Loss: 41.9881
Epoch [534/600] Step [0/8] Loss: 5.1780 Bio: 0.8078
Epoch [534/600] Total Loss: 41.8667
Epoch [535/600] Step [0/8] Loss: 5.0596 Bio: 0.7829
Epoch [535/600] Total Loss: 41.7020
Epoch [536/600] Step [0/8] Loss: 5.1865 Bio: 0.8475
Epoch [536/600] Total Loss: 41.3283
Epoch [537/600] Step [0/8] Loss: 5.2979 Bio: 0.7201
Epoch [537/600] Total Loss: 41.6794
Epoch [538/600] Step [0/8] Loss: 5.1848 Bio: 0.6785
Epoch [538/600] Total Loss: 42.1268
Epoch [539/600] Step [0/8] Loss: 5.1440 Bio: 0.8633
Epoch [539/600] Total Loss: 41.7217
Epoch [540/600] Step [0/8] Loss: 5.2067 Bio: 0.7903
Epoch [540/600] Total Loss: 42.1134
Epoch [541/600] Step [0/8] Loss: 5.2885 Bio: 0.7832
Epoch [541/600] Total Loss: 42.0592
Epoch [542/600] Step [0/8] Loss: 4.9713 Bio: 0.6736
Epoch [542/600] Total Loss: 41.4523
Epoch [543/600] Step [0/8] Loss: 5.3998 Bio: 0.7601
Epoch [543/600] Total Loss: 42.2681
Epoch [544/600] Step [0/8] Loss: 5.3241 Bio: 0.8121
Epoch [544/600] Total Loss: 41.8761
Epoch [545/600] Step [0/8] Loss: 5.4745 Bio: 0.7082
Epoch [545/600] Total Loss: 41.8224
Epoch [546/600] Step [0/8] Loss: 5.0954 Bio: 0.9780
Epoch [546/600] Total Loss: 41.8273
Epoch [547/600] Step [0/8] Loss: 5.0510 Bio: 0.8088
Epoch [547/600] Total Loss: 41.7597
Epoch [548/600] Step [0/8] Loss: 5.4274 Bio: 0.7874
Epoch [548/600] Total Loss: 41.7938
Epoch [549/600] Step [0/8] Loss: 5.0328 Bio: 0.7795
Epoch [549/600] Total Loss: 41.9365
Epoch [550/600] Step [0/8] Loss: 5.2717 Bio: 0.9793
Epoch [550/600] Total Loss: 41.7133
Epoch [551/600] Step [0/8] Loss: 5.2981 Bio: 0.8046
Epoch [551/600] Total Loss: 42.0609
Epoch [552/600] Step [0/8] Loss: 5.1788 Bio: 0.8203
Epoch [552/600] Total Loss: 42.2945
Epoch [553/600] Step [0/8] Loss: 5.1620 Bio: 0.7782
Epoch [553/600] Total Loss: 41.4017
Epoch [554/600] Step [0/8] Loss: 5.2011 Bio: 0.8373
Epoch [554/600] Total Loss: 41.9630
Epoch [555/600] Step [0/8] Loss: 5.1329 Bio: 0.8158
Epoch [555/600] Total Loss: 41.9749
Epoch [556/600] Step [0/8] Loss: 5.2826 Bio: 0.8108
Epoch [556/600] Total Loss: 42.0602
Epoch [557/600] Step [0/8] Loss: 5.4502 Bio: 0.8968
Epoch [557/600] Total Loss: 42.1498
Epoch [558/600] Step [0/8] Loss: 5.2297 Bio: 0.8851
Epoch [558/600] Total Loss: 41.1598
Epoch [559/600] Step [0/8] Loss: 5.2260 Bio: 0.8035
Epoch [559/600] Total Loss: 42.1404
Epoch [560/600] Step [0/8] Loss: 5.2320 Bio: 0.7281
Epoch [560/600] Total Loss: 42.0683
Epoch [561/600] Step [0/8] Loss: 5.2188 Bio: 0.7380
Epoch [561/600] Total Loss: 42.0202
Epoch [562/600] Step [0/8] Loss: 5.0481 Bio: 0.8033
Epoch [562/600] Total Loss: 41.8468
Epoch [563/600] Step [0/8] Loss: 5.5201 Bio: 0.8525
Epoch [563/600] Total Loss: 41.8978
Epoch [564/600] Step [0/8] Loss: 5.2375 Bio: 0.7147
Epoch [564/600] Total Loss: 41.7920
Epoch [565/600] Step [0/8] Loss: 5.2617 Bio: 0.8715
Epoch [565/600] Total Loss: 41.8344
Epoch [566/600] Step [0/8] Loss: 5.5807 Bio: 0.7649
Epoch [566/600] Total Loss: 42.0671
Epoch [567/600] Step [0/8] Loss: 5.2836 Bio: 0.9170
Epoch [567/600] Total Loss: 41.5297
Epoch [568/600] Step [0/8] Loss: 5.1079 Bio: 0.8992
Epoch [568/600] Total Loss: 41.6942
Epoch [569/600] Step [0/8] Loss: 5.1180 Bio: 0.8017
Epoch [569/600] Total Loss: 41.4862
Epoch [570/600] Step [0/8] Loss: 5.2438 Bio: 0.7934
Epoch [570/600] Total Loss: 41.5967
Epoch [571/600] Step [0/8] Loss: 5.2913 Bio: 0.7658
Epoch [571/600] Total Loss: 42.0699
Epoch [572/600] Step [0/8] Loss: 5.1084 Bio: 0.8666
Epoch [572/600] Total Loss: 41.6470
Epoch [573/600] Step [0/8] Loss: 5.3939 Bio: 0.7992
Epoch [573/600] Total Loss: 41.8984
Epoch [574/600] Step [0/8] Loss: 5.3437 Bio: 0.9558
Epoch [574/600] Total Loss: 42.1862
Epoch [575/600] Step [0/8] Loss: 5.1025 Bio: 0.7849
Epoch [575/600] Total Loss: 41.6068
Epoch [576/600] Step [0/8] Loss: 5.2456 Bio: 0.8420
Epoch [576/600] Total Loss: 42.1177
Epoch [577/600] Step [0/8] Loss: 5.1814 Bio: 0.7902
Epoch [577/600] Total Loss: 41.1777
Epoch [578/600] Step [0/8] Loss: 5.2970 Bio: 0.7595
Epoch [578/600] Total Loss: 42.1210
Epoch [579/600] Step [0/8] Loss: 5.3161 Bio: 0.7806
Epoch [579/600] Total Loss: 41.5536
Epoch [580/600] Step [0/8] Loss: 5.1065 Bio: 0.7806
Epoch [580/600] Total Loss: 41.2413
Epoch [581/600] Step [0/8] Loss: 5.1669 Bio: 0.8201
Epoch [581/600] Total Loss: 42.0673
Epoch [582/600] Step [0/8] Loss: 5.2845 Bio: 0.7837
Epoch [582/600] Total Loss: 41.7736
Epoch [583/600] Step [0/8] Loss: 5.2419 Bio: 0.8192
Epoch [583/600] Total Loss: 41.7924
Epoch [584/600] Step [0/8] Loss: 4.9716 Bio: 0.7375
Epoch [584/600] Total Loss: 41.5003
Epoch [585/600] Step [0/8] Loss: 5.2083 Bio: 0.6915
Epoch [585/600] Total Loss: 42.0473
Epoch [586/600] Step [0/8] Loss: 5.2727 Bio: 0.8693
Epoch [586/600] Total Loss: 41.6390
Epoch [587/600] Step [0/8] Loss: 5.1308 Bio: 0.7678
Epoch [587/600] Total Loss: 41.3580
Epoch [588/600] Step [0/8] Loss: 5.1064 Bio: 0.7526
Epoch [588/600] Total Loss: 41.9265
Epoch [589/600] Step [0/8] Loss: 5.4355 Bio: 0.6989
Epoch [589/600] Total Loss: 42.1141
Epoch [590/600] Step [0/8] Loss: 5.1848 Bio: 0.6817
Epoch [590/600] Total Loss: 41.0849
Epoch [591/600] Step [0/8] Loss: 5.1165 Bio: 0.7822
Epoch [591/600] Total Loss: 42.2173
Epoch [592/600] Step [0/8] Loss: 5.2967 Bio: 0.7658
Epoch [592/600] Total Loss: 42.1157
Epoch [593/600] Step [0/8] Loss: 5.5450 Bio: 0.6855
Epoch [593/600] Total Loss: 41.7101
Epoch [594/600] Step [0/8] Loss: 5.2792 Bio: 0.7941
Epoch [594/600] Total Loss: 41.3730
Epoch [595/600] Step [0/8] Loss: 5.0773 Bio: 0.7817
Epoch [595/600] Total Loss: 41.8041
Epoch [596/600] Step [0/8] Loss: 5.2303 Bio: 0.7118
Epoch [596/600] Total Loss: 41.6541
Epoch [597/600] Step [0/8] Loss: 5.2806 Bio: 0.7804
Epoch [597/600] Total Loss: 41.3656
Epoch [598/600] Step [0/8] Loss: 5.1904 Bio: 0.7274
Epoch [598/600] Total Loss: 41.7882
Epoch [599/600] Step [0/8] Loss: 5.1165 Bio: 0.7528
Epoch [599/600] Total Loss: 41.5885

=== Loss Summary ===
  Epoch   1: 55.0073
  Epoch 151: 46.6227
  Epoch 301: 43.5964
  Epoch 451: 42.0125
  Epoch 600: 41.5885
  Delta (last 25% = 150 ep): -0.4241
  If delta > -1.0, model has converged
attention_query training complete.
done bd32 Fri Jul 10 17:18:12 EDT 2026
