Head type    : attention_query_v2
Cancer       : UCEC | bio_dim: 16 | lambda_bio: 0.1
Bio anchor   : data/bio_anchors/bio_anchors_UCEC_gsva_H50.csv
Cluster num  : 4
Epochs       : 600
[dataloader] Loaded bio-anchors from data/bio_anchors/bio_anchors_UCEC_gsva_H50.csv: torch.Size([510, 50])
Device       : cpu
Model params : 73,948,358
Epoch [0/600] Step [0/8] Loss: 6.8998 Bio: 1.1698
Epoch [0/600] Total Loss: 55.1774
Epoch [1/600] Step [0/8] Loss: 6.9010 Bio: 1.1620
Epoch [1/600] Total Loss: 55.1782
Epoch [2/600] Step [0/8] Loss: 6.9056 Bio: 1.2408
Epoch [2/600] Total Loss: 55.1617
Epoch [3/600] Step [0/8] Loss: 6.8903 Bio: 1.1818
Epoch [3/600] Total Loss: 54.4848
Epoch [4/600] Step [0/8] Loss: 6.7667 Bio: 1.2358
Epoch [4/600] Total Loss: 54.3222
Epoch [5/600] Step [0/8] Loss: 6.7759 Bio: 1.1607
Epoch [5/600] Total Loss: 54.0058
Epoch [6/600] Step [0/8] Loss: 6.7582 Bio: 1.1083
Epoch [6/600] Total Loss: 53.5518
Epoch [7/600] Step [0/8] Loss: 6.5109 Bio: 1.1123
Epoch [7/600] Total Loss: 52.7114
Epoch [8/600] Step [0/8] Loss: 6.4627 Bio: 1.1809
Epoch [8/600] Total Loss: 52.1076
Epoch [9/600] Step [0/8] Loss: 6.2762 Bio: 1.2682
Epoch [9/600] Total Loss: 51.3473
Epoch [10/600] Step [0/8] Loss: 6.4722 Bio: 1.2622
Epoch [10/600] Total Loss: 51.3727
Epoch [11/600] Step [0/8] Loss: 6.5602 Bio: 1.1769
Epoch [11/600] Total Loss: 51.6302
Epoch [12/600] Step [0/8] Loss: 6.2779 Bio: 1.2453
Epoch [12/600] Total Loss: 51.4373
Epoch [13/600] Step [0/8] Loss: 6.6680 Bio: 1.1881
Epoch [13/600] Total Loss: 51.7394
Epoch [14/600] Step [0/8] Loss: 6.6198 Bio: 1.2486
Epoch [14/600] Total Loss: 51.2886
Epoch [15/600] Step [0/8] Loss: 6.3564 Bio: 1.1071
Epoch [15/600] Total Loss: 50.4844
Epoch [16/600] Step [0/8] Loss: 6.3264 Bio: 1.0950
Epoch [16/600] Total Loss: 50.5184
Epoch [17/600] Step [0/8] Loss: 6.3099 Bio: 1.2033
Epoch [17/600] Total Loss: 50.0283
Epoch [18/600] Step [0/8] Loss: 6.3025 Bio: 1.1196
Epoch [18/600] Total Loss: 50.1404
Epoch [19/600] Step [0/8] Loss: 6.1725 Bio: 1.1638
Epoch [19/600] Total Loss: 50.2436
Epoch [20/600] Step [0/8] Loss: 6.0486 Bio: 1.3215
Epoch [20/600] Total Loss: 50.3216
Epoch [21/600] Step [0/8] Loss: 6.6336 Bio: 1.1507
Epoch [21/600] Total Loss: 50.5940
Epoch [22/600] Step [0/8] Loss: 6.0848 Bio: 1.0521
Epoch [22/600] Total Loss: 49.5233
Epoch [23/600] Step [0/8] Loss: 6.5663 Bio: 1.0679
Epoch [23/600] Total Loss: 50.0951
Epoch [24/600] Step [0/8] Loss: 6.1879 Bio: 1.0539
Epoch [24/600] Total Loss: 50.0270
Epoch [25/600] Step [0/8] Loss: 6.1868 Bio: 1.2356
Epoch [25/600] Total Loss: 49.4095
Epoch [26/600] Step [0/8] Loss: 6.5450 Bio: 1.2201
Epoch [26/600] Total Loss: 50.2126
Epoch [27/600] Step [0/8] Loss: 6.1192 Bio: 1.1605
Epoch [27/600] Total Loss: 49.6468
Epoch [28/600] Step [0/8] Loss: 6.4641 Bio: 1.1325
Epoch [28/600] Total Loss: 49.2115
Epoch [29/600] Step [0/8] Loss: 6.1383 Bio: 1.2029
Epoch [29/600] Total Loss: 49.4422
Epoch [30/600] Step [0/8] Loss: 6.1780 Bio: 1.2290
Epoch [30/600] Total Loss: 49.5055
Epoch [31/600] Step [0/8] Loss: 6.3980 Bio: 1.1039
Epoch [31/600] Total Loss: 49.5426
Epoch [32/600] Step [0/8] Loss: 6.2590 Bio: 1.1362
Epoch [32/600] Total Loss: 49.1793
Epoch [33/600] Step [0/8] Loss: 6.1992 Bio: 1.1746
Epoch [33/600] Total Loss: 49.8046
Epoch [34/600] Step [0/8] Loss: 5.8792 Bio: 1.1710
Epoch [34/600] Total Loss: 49.6143
Epoch [35/600] Step [0/8] Loss: 6.3210 Bio: 1.2952
Epoch [35/600] Total Loss: 49.2102
Epoch [36/600] Step [0/8] Loss: 6.1184 Bio: 1.1418
Epoch [36/600] Total Loss: 48.9591
Epoch [37/600] Step [0/8] Loss: 6.1822 Bio: 1.1088
Epoch [37/600] Total Loss: 50.1525
Epoch [38/600] Step [0/8] Loss: 6.1368 Bio: 1.1669
Epoch [38/600] Total Loss: 49.0320
Epoch [39/600] Step [0/8] Loss: 6.1250 Bio: 1.1070
Epoch [39/600] Total Loss: 48.7457
Epoch [40/600] Step [0/8] Loss: 6.4957 Bio: 1.2302
Epoch [40/600] Total Loss: 49.2658
Epoch [41/600] Step [0/8] Loss: 6.0084 Bio: 0.9780
Epoch [41/600] Total Loss: 48.3923
Epoch [42/600] Step [0/8] Loss: 6.5584 Bio: 1.0656
Epoch [42/600] Total Loss: 48.8068
Epoch [43/600] Step [0/8] Loss: 6.1902 Bio: 1.0175
Epoch [43/600] Total Loss: 49.0043
Epoch [44/600] Step [0/8] Loss: 6.2754 Bio: 1.0852
Epoch [44/600] Total Loss: 48.4413
Epoch [45/600] Step [0/8] Loss: 6.1840 Bio: 0.9927
Epoch [45/600] Total Loss: 48.6011
Epoch [46/600] Step [0/8] Loss: 5.9854 Bio: 1.0617
Epoch [46/600] Total Loss: 48.6800
Epoch [47/600] Step [0/8] Loss: 5.9752 Bio: 1.1157
Epoch [47/600] Total Loss: 48.4968
Epoch [48/600] Step [0/8] Loss: 6.1233 Bio: 1.0871
Epoch [48/600] Total Loss: 48.7149
Epoch [49/600] Step [0/8] Loss: 6.1072 Bio: 1.0968
Epoch [49/600] Total Loss: 48.8373
Epoch [50/600] Step [0/8] Loss: 6.1746 Bio: 0.9967
Epoch [50/600] Total Loss: 48.5482
Epoch [51/600] Step [0/8] Loss: 5.9639 Bio: 1.0627
Epoch [51/600] Total Loss: 48.0722
Epoch [52/600] Step [0/8] Loss: 5.9379 Bio: 1.0355
Epoch [52/600] Total Loss: 48.2257
Epoch [53/600] Step [0/8] Loss: 6.1655 Bio: 1.1462
Epoch [53/600] Total Loss: 48.3471
Epoch [54/600] Step [0/8] Loss: 6.0849 Bio: 0.9891
Epoch [54/600] Total Loss: 48.6017
Epoch [55/600] Step [0/8] Loss: 6.0665 Bio: 1.0484
Epoch [55/600] Total Loss: 48.6854
Epoch [56/600] Step [0/8] Loss: 5.8695 Bio: 1.0713
Epoch [56/600] Total Loss: 47.8585
Epoch [57/600] Step [0/8] Loss: 5.9251 Bio: 1.0668
Epoch [57/600] Total Loss: 48.2395
Epoch [58/600] Step [0/8] Loss: 5.9212 Bio: 0.8786
Epoch [58/600] Total Loss: 48.0025
Epoch [59/600] Step [0/8] Loss: 6.2213 Bio: 0.9886
Epoch [59/600] Total Loss: 47.8542
Epoch [60/600] Step [0/8] Loss: 6.0648 Bio: 1.0446
Epoch [60/600] Total Loss: 48.6517
Epoch [61/600] Step [0/8] Loss: 6.1490 Bio: 1.0322
Epoch [61/600] Total Loss: 48.4825
Epoch [62/600] Step [0/8] Loss: 6.1681 Bio: 1.0445
Epoch [62/600] Total Loss: 48.1977
Epoch [63/600] Step [0/8] Loss: 6.1172 Bio: 1.0178
Epoch [63/600] Total Loss: 48.5481
Epoch [64/600] Step [0/8] Loss: 6.1196 Bio: 1.0961
Epoch [64/600] Total Loss: 48.0177
Epoch [65/600] Step [0/8] Loss: 6.1108 Bio: 1.2483
Epoch [65/600] Total Loss: 48.1344
Epoch [66/600] Step [0/8] Loss: 6.0846 Bio: 0.9958
Epoch [66/600] Total Loss: 48.1165
Epoch [67/600] Step [0/8] Loss: 5.9875 Bio: 0.9794
Epoch [67/600] Total Loss: 48.2631
Epoch [68/600] Step [0/8] Loss: 6.1120 Bio: 1.2295
Epoch [68/600] Total Loss: 47.8108
Epoch [69/600] Step [0/8] Loss: 5.8596 Bio: 1.0249
Epoch [69/600] Total Loss: 48.2948
Epoch [70/600] Step [0/8] Loss: 6.1093 Bio: 1.0253
Epoch [70/600] Total Loss: 48.2860
Epoch [71/600] Step [0/8] Loss: 5.9390 Bio: 1.1347
Epoch [71/600] Total Loss: 47.9121
Epoch [72/600] Step [0/8] Loss: 5.8820 Bio: 1.0389
Epoch [72/600] Total Loss: 48.1040
Epoch [73/600] Step [0/8] Loss: 5.9744 Bio: 1.0291
Epoch [73/600] Total Loss: 48.4923
Epoch [74/600] Step [0/8] Loss: 6.2695 Bio: 1.1499
Epoch [74/600] Total Loss: 48.6052
Epoch [75/600] Step [0/8] Loss: 5.9752 Bio: 1.0515
Epoch [75/600] Total Loss: 47.7531
Epoch [76/600] Step [0/8] Loss: 5.8300 Bio: 1.1461
Epoch [76/600] Total Loss: 47.9421
Epoch [77/600] Step [0/8] Loss: 5.9163 Bio: 1.0775
Epoch [77/600] Total Loss: 47.6892
Epoch [78/600] Step [0/8] Loss: 6.2170 Bio: 1.0191
Epoch [78/600] Total Loss: 48.4836
Epoch [79/600] Step [0/8] Loss: 5.9888 Bio: 1.1457
Epoch [79/600] Total Loss: 47.5388
Epoch [80/600] Step [0/8] Loss: 5.9963 Bio: 1.1505
Epoch [80/600] Total Loss: 47.6214
Epoch [81/600] Step [0/8] Loss: 6.1448 Bio: 1.0883
Epoch [81/600] Total Loss: 48.3276
Epoch [82/600] Step [0/8] Loss: 5.9488 Bio: 1.1173
Epoch [82/600] Total Loss: 47.8363
Epoch [83/600] Step [0/8] Loss: 6.0672 Bio: 1.1426
Epoch [83/600] Total Loss: 47.8890
Epoch [84/600] Step [0/8] Loss: 5.9158 Bio: 1.1702
Epoch [84/600] Total Loss: 47.8007
Epoch [85/600] Step [0/8] Loss: 6.1566 Bio: 1.1261
Epoch [85/600] Total Loss: 47.7346
Epoch [86/600] Step [0/8] Loss: 5.9657 Bio: 0.9420
Epoch [86/600] Total Loss: 47.6318
Epoch [87/600] Step [0/8] Loss: 6.3032 Bio: 1.1310
Epoch [87/600] Total Loss: 47.9221
Epoch [88/600] Step [0/8] Loss: 5.8308 Bio: 1.0306
Epoch [88/600] Total Loss: 47.9497
Epoch [89/600] Step [0/8] Loss: 5.8311 Bio: 1.0660
Epoch [89/600] Total Loss: 47.9671
Epoch [90/600] Step [0/8] Loss: 6.0679 Bio: 1.0399
Epoch [90/600] Total Loss: 47.6459
Epoch [91/600] Step [0/8] Loss: 5.8017 Bio: 1.1157
Epoch [91/600] Total Loss: 47.2859
Epoch [92/600] Step [0/8] Loss: 6.1752 Bio: 1.0549
Epoch [92/600] Total Loss: 47.5657
Epoch [93/600] Step [0/8] Loss: 6.0198 Bio: 1.1133
Epoch [93/600] Total Loss: 47.8981
Epoch [94/600] Step [0/8] Loss: 6.1697 Bio: 1.1178
Epoch [94/600] Total Loss: 47.6253
Epoch [95/600] Step [0/8] Loss: 6.0489 Bio: 1.0451
Epoch [95/600] Total Loss: 48.1147
Epoch [96/600] Step [0/8] Loss: 6.1511 Bio: 1.2259
Epoch [96/600] Total Loss: 47.6722
Epoch [97/600] Step [0/8] Loss: 5.7189 Bio: 1.0936
Epoch [97/600] Total Loss: 47.5527
Epoch [98/600] Step [0/8] Loss: 5.9669 Bio: 1.0517
Epoch [98/600] Total Loss: 48.0124
Epoch [99/600] Step [0/8] Loss: 5.9898 Bio: 1.2551
Epoch [99/600] Total Loss: 47.7310
Epoch [100/600] Step [0/8] Loss: 5.9524 Bio: 1.1015
Epoch [100/600] Total Loss: 47.9827
Epoch [101/600] Step [0/8] Loss: 5.9694 Bio: 1.1769
Epoch [101/600] Total Loss: 47.3065
Epoch [102/600] Step [0/8] Loss: 5.9836 Bio: 1.0214
Epoch [102/600] Total Loss: 47.4399
Epoch [103/600] Step [0/8] Loss: 5.8850 Bio: 1.0494
Epoch [103/600] Total Loss: 47.4280
Epoch [104/600] Step [0/8] Loss: 5.9373 Bio: 1.0929
Epoch [104/600] Total Loss: 47.5409
Epoch [105/600] Step [0/8] Loss: 5.8026 Bio: 1.1476
Epoch [105/600] Total Loss: 47.1336
Epoch [106/600] Step [0/8] Loss: 6.1756 Bio: 1.0227
Epoch [106/600] Total Loss: 47.7210
Epoch [107/600] Step [0/8] Loss: 6.0754 Bio: 0.9968
Epoch [107/600] Total Loss: 47.6874
Epoch [108/600] Step [0/8] Loss: 6.2150 Bio: 1.1689
Epoch [108/600] Total Loss: 47.9654
Epoch [109/600] Step [0/8] Loss: 5.8299 Bio: 1.0423
Epoch [109/600] Total Loss: 48.0846
Epoch [110/600] Step [0/8] Loss: 5.7849 Bio: 1.1686
Epoch [110/600] Total Loss: 46.7505
Epoch [111/600] Step [0/8] Loss: 5.8043 Bio: 1.1016
Epoch [111/600] Total Loss: 46.8526
Epoch [112/600] Step [0/8] Loss: 5.6859 Bio: 1.0442
Epoch [112/600] Total Loss: 47.2984
Epoch [113/600] Step [0/8] Loss: 5.8746 Bio: 1.1029
Epoch [113/600] Total Loss: 47.9673
Epoch [114/600] Step [0/8] Loss: 5.9260 Bio: 1.0662
Epoch [114/600] Total Loss: 46.9295
Epoch [115/600] Step [0/8] Loss: 6.1479 Bio: 1.2282
Epoch [115/600] Total Loss: 47.7373
Epoch [116/600] Step [0/8] Loss: 5.9232 Bio: 1.1411
Epoch [116/600] Total Loss: 47.6631
Epoch [117/600] Step [0/8] Loss: 5.8656 Bio: 1.1137
Epoch [117/600] Total Loss: 47.6040
Epoch [118/600] Step [0/8] Loss: 5.7239 Bio: 1.0323
Epoch [118/600] Total Loss: 47.0654
Epoch [119/600] Step [0/8] Loss: 5.9664 Bio: 1.1292
Epoch [119/600] Total Loss: 47.1952
Epoch [120/600] Step [0/8] Loss: 5.9815 Bio: 0.9984
Epoch [120/600] Total Loss: 47.2823
Epoch [121/600] Step [0/8] Loss: 6.2008 Bio: 1.1433
Epoch [121/600] Total Loss: 48.0030
Epoch [122/600] Step [0/8] Loss: 5.7148 Bio: 1.0340
Epoch [122/600] Total Loss: 47.0850
Epoch [123/600] Step [0/8] Loss: 5.7992 Bio: 0.9462
Epoch [123/600] Total Loss: 47.4728
Epoch [124/600] Step [0/8] Loss: 5.9888 Bio: 1.0047
Epoch [124/600] Total Loss: 47.3058
Epoch [125/600] Step [0/8] Loss: 5.9260 Bio: 1.1619
Epoch [125/600] Total Loss: 46.9920
Epoch [126/600] Step [0/8] Loss: 6.1703 Bio: 1.2068
Epoch [126/600] Total Loss: 47.3415
Epoch [127/600] Step [0/8] Loss: 5.6438 Bio: 1.0003
Epoch [127/600] Total Loss: 46.5300
Epoch [128/600] Step [0/8] Loss: 6.0659 Bio: 1.0997
Epoch [128/600] Total Loss: 47.1986
Epoch [129/600] Step [0/8] Loss: 5.8526 Bio: 1.1943
Epoch [129/600] Total Loss: 47.0048
Epoch [130/600] Step [0/8] Loss: 5.8789 Bio: 1.1943
Epoch [130/600] Total Loss: 47.0404
Epoch [131/600] Step [0/8] Loss: 6.0186 Bio: 1.0877
Epoch [131/600] Total Loss: 47.1609
Epoch [132/600] Step [0/8] Loss: 5.9574 Bio: 1.0799
Epoch [132/600] Total Loss: 46.9546
Epoch [133/600] Step [0/8] Loss: 5.8430 Bio: 1.0759
Epoch [133/600] Total Loss: 47.2168
Epoch [134/600] Step [0/8] Loss: 5.8691 Bio: 1.1635
Epoch [134/600] Total Loss: 47.3955
Epoch [135/600] Step [0/8] Loss: 5.7812 Bio: 1.0928
Epoch [135/600] Total Loss: 46.2549
Epoch [136/600] Step [0/8] Loss: 5.8280 Bio: 1.0011
Epoch [136/600] Total Loss: 46.8436
Epoch [137/600] Step [0/8] Loss: 5.7729 Bio: 1.0710
Epoch [137/600] Total Loss: 46.7525
Epoch [138/600] Step [0/8] Loss: 6.1137 Bio: 1.0352
Epoch [138/600] Total Loss: 47.4830
Epoch [139/600] Step [0/8] Loss: 5.9787 Bio: 1.0731
Epoch [139/600] Total Loss: 46.9522
Epoch [140/600] Step [0/8] Loss: 5.9776 Bio: 1.0617
Epoch [140/600] Total Loss: 47.2687
Epoch [141/600] Step [0/8] Loss: 5.9235 Bio: 1.0253
Epoch [141/600] Total Loss: 47.1423
Epoch [142/600] Step [0/8] Loss: 5.9838 Bio: 1.0259
Epoch [142/600] Total Loss: 46.5898
Epoch [143/600] Step [0/8] Loss: 5.6869 Bio: 1.0938
Epoch [143/600] Total Loss: 46.6009
Epoch [144/600] Step [0/8] Loss: 5.8565 Bio: 1.1438
Epoch [144/600] Total Loss: 46.6637
Epoch [145/600] Step [0/8] Loss: 5.8323 Bio: 1.1392
Epoch [145/600] Total Loss: 46.8156
Epoch [146/600] Step [0/8] Loss: 5.6943 Bio: 1.2427
Epoch [146/600] Total Loss: 47.3407
Epoch [147/600] Step [0/8] Loss: 5.9565 Bio: 1.2609
Epoch [147/600] Total Loss: 46.9318
Epoch [148/600] Step [0/8] Loss: 5.7028 Bio: 0.9491
Epoch [148/600] Total Loss: 46.8708
Epoch [149/600] Step [0/8] Loss: 5.6141 Bio: 0.9807
Epoch [149/600] Total Loss: 46.0765
Epoch [150/600] Step [0/8] Loss: 5.7906 Bio: 1.0497
Epoch [150/600] Total Loss: 46.2786
Epoch [151/600] Step [0/8] Loss: 5.7620 Bio: 1.1993
Epoch [151/600] Total Loss: 46.6792
Epoch [152/600] Step [0/8] Loss: 5.8401 Bio: 1.0721
Epoch [152/600] Total Loss: 46.5577
Epoch [153/600] Step [0/8] Loss: 5.6877 Bio: 1.0705
Epoch [153/600] Total Loss: 45.8171
Epoch [154/600] Step [0/8] Loss: 5.9323 Bio: 1.0451
Epoch [154/600] Total Loss: 46.0132
Epoch [155/600] Step [0/8] Loss: 5.6523 Bio: 1.0256
Epoch [155/600] Total Loss: 46.2887
Epoch [156/600] Step [0/8] Loss: 5.6634 Bio: 1.1163
Epoch [156/600] Total Loss: 46.0943
Epoch [157/600] Step [0/8] Loss: 5.9084 Bio: 1.0417
Epoch [157/600] Total Loss: 46.2015
Epoch [158/600] Step [0/8] Loss: 5.7463 Bio: 1.0196
Epoch [158/600] Total Loss: 45.2456
Epoch [159/600] Step [0/8] Loss: 5.6287 Bio: 1.1685
Epoch [159/600] Total Loss: 45.8141
Epoch [160/600] Step [0/8] Loss: 5.6748 Bio: 1.0287
Epoch [160/600] Total Loss: 46.1271
Epoch [161/600] Step [0/8] Loss: 5.6854 Bio: 1.1034
Epoch [161/600] Total Loss: 46.1257
Epoch [162/600] Step [0/8] Loss: 5.9011 Bio: 1.0499
Epoch [162/600] Total Loss: 46.2570
Epoch [163/600] Step [0/8] Loss: 5.8315 Bio: 1.0312
Epoch [163/600] Total Loss: 46.0920
Epoch [164/600] Step [0/8] Loss: 5.6884 Bio: 1.0183
Epoch [164/600] Total Loss: 45.6718
Epoch [165/600] Step [0/8] Loss: 5.7771 Bio: 1.0774
Epoch [165/600] Total Loss: 45.7369
Epoch [166/600] Step [0/8] Loss: 5.7341 Bio: 1.1025
Epoch [166/600] Total Loss: 46.0375
Epoch [167/600] Step [0/8] Loss: 5.7420 Bio: 1.0584
Epoch [167/600] Total Loss: 46.1118
Epoch [168/600] Step [0/8] Loss: 5.7390 Bio: 1.1573
Epoch [168/600] Total Loss: 45.4202
Epoch [169/600] Step [0/8] Loss: 5.7051 Bio: 1.0379
Epoch [169/600] Total Loss: 45.4995
Epoch [170/600] Step [0/8] Loss: 5.7462 Bio: 0.9681
Epoch [170/600] Total Loss: 46.2338
Epoch [171/600] Step [0/8] Loss: 5.6185 Bio: 0.9420
Epoch [171/600] Total Loss: 45.6439
Epoch [172/600] Step [0/8] Loss: 5.5269 Bio: 1.1594
Epoch [172/600] Total Loss: 45.2784
Epoch [173/600] Step [0/8] Loss: 5.7599 Bio: 1.1915
Epoch [173/600] Total Loss: 45.7587
Epoch [174/600] Step [0/8] Loss: 5.7370 Bio: 1.0711
Epoch [174/600] Total Loss: 45.2581
Epoch [175/600] Step [0/8] Loss: 5.6503 Bio: 1.0873
Epoch [175/600] Total Loss: 45.7340
Epoch [176/600] Step [0/8] Loss: 5.9163 Bio: 1.0872
Epoch [176/600] Total Loss: 45.7515
Epoch [177/600] Step [0/8] Loss: 5.5052 Bio: 1.0605
Epoch [177/600] Total Loss: 45.4159
Epoch [178/600] Step [0/8] Loss: 5.6904 Bio: 1.0640
Epoch [178/600] Total Loss: 45.7746
Epoch [179/600] Step [0/8] Loss: 5.5938 Bio: 0.9892
Epoch [179/600] Total Loss: 45.1895
Epoch [180/600] Step [0/8] Loss: 5.7141 Bio: 1.1912
Epoch [180/600] Total Loss: 45.6543
Epoch [181/600] Step [0/8] Loss: 5.8892 Bio: 1.2860
Epoch [181/600] Total Loss: 46.0564
Epoch [182/600] Step [0/8] Loss: 5.4319 Bio: 1.1215
Epoch [182/600] Total Loss: 45.2527
Epoch [183/600] Step [0/8] Loss: 5.7583 Bio: 1.0432
Epoch [183/600] Total Loss: 45.2446
Epoch [184/600] Step [0/8] Loss: 5.4319 Bio: 1.0195
Epoch [184/600] Total Loss: 44.8664
Epoch [185/600] Step [0/8] Loss: 5.6902 Bio: 1.2291
Epoch [185/600] Total Loss: 45.5223
Epoch [186/600] Step [0/8] Loss: 5.6311 Bio: 1.1405
Epoch [186/600] Total Loss: 45.2069
Epoch [187/600] Step [0/8] Loss: 5.6711 Bio: 1.0955
Epoch [187/600] Total Loss: 45.2237
Epoch [188/600] Step [0/8] Loss: 5.7056 Bio: 0.9869
Epoch [188/600] Total Loss: 44.8564
Epoch [189/600] Step [0/8] Loss: 5.5260 Bio: 0.9884
Epoch [189/600] Total Loss: 44.9821
Epoch [190/600] Step [0/8] Loss: 5.5152 Bio: 1.0765
Epoch [190/600] Total Loss: 44.8533
Epoch [191/600] Step [0/8] Loss: 5.7705 Bio: 1.0508
Epoch [191/600] Total Loss: 44.8040
Epoch [192/600] Step [0/8] Loss: 5.4105 Bio: 1.0148
Epoch [192/600] Total Loss: 45.8413
Epoch [193/600] Step [0/8] Loss: 5.6478 Bio: 1.1229
Epoch [193/600] Total Loss: 45.1395
Epoch [194/600] Step [0/8] Loss: 5.8199 Bio: 0.9703
Epoch [194/600] Total Loss: 44.8048
Epoch [195/600] Step [0/8] Loss: 5.4417 Bio: 1.1395
Epoch [195/600] Total Loss: 44.3975
Epoch [196/600] Step [0/8] Loss: 5.4963 Bio: 1.0413
Epoch [196/600] Total Loss: 44.9611
Epoch [197/600] Step [0/8] Loss: 5.4044 Bio: 1.0392
Epoch [197/600] Total Loss: 44.7989
Epoch [198/600] Step [0/8] Loss: 5.4447 Bio: 1.0080
Epoch [198/600] Total Loss: 44.6540
Epoch [199/600] Step [0/8] Loss: 5.5609 Bio: 0.9936
Epoch [199/600] Total Loss: 44.9067
Epoch [200/600] Step [0/8] Loss: 5.6366 Bio: 0.9946
Epoch [200/600] Total Loss: 44.9682
Epoch [201/600] Step [0/8] Loss: 5.6974 Bio: 0.9938
Epoch [201/600] Total Loss: 44.8269
Epoch [202/600] Step [0/8] Loss: 5.5916 Bio: 1.0187
Epoch [202/600] Total Loss: 44.8017
Epoch [203/600] Step [0/8] Loss: 5.6787 Bio: 1.0021
Epoch [203/600] Total Loss: 45.0352
Epoch [204/600] Step [0/8] Loss: 5.4693 Bio: 1.0436
Epoch [204/600] Total Loss: 44.1972
Epoch [205/600] Step [0/8] Loss: 5.8713 Bio: 1.1605
Epoch [205/600] Total Loss: 44.9292
Epoch [206/600] Step [0/8] Loss: 5.3284 Bio: 0.9738
Epoch [206/600] Total Loss: 44.6388
Epoch [207/600] Step [0/8] Loss: 5.6704 Bio: 0.9665
Epoch [207/600] Total Loss: 44.7823
Epoch [208/600] Step [0/8] Loss: 5.8080 Bio: 1.2002
Epoch [208/600] Total Loss: 44.9833
Epoch [209/600] Step [0/8] Loss: 5.5961 Bio: 1.0599
Epoch [209/600] Total Loss: 44.7845
Epoch [210/600] Step [0/8] Loss: 5.5564 Bio: 0.9794
Epoch [210/600] Total Loss: 44.8875
Epoch [211/600] Step [0/8] Loss: 5.6609 Bio: 1.1676
Epoch [211/600] Total Loss: 44.9387
Epoch [212/600] Step [0/8] Loss: 5.6708 Bio: 0.9874
Epoch [212/600] Total Loss: 44.8483
Epoch [213/600] Step [0/8] Loss: 5.3892 Bio: 1.0614
Epoch [213/600] Total Loss: 44.1322
Epoch [214/600] Step [0/8] Loss: 5.5099 Bio: 1.0803
Epoch [214/600] Total Loss: 44.9576
Epoch [215/600] Step [0/8] Loss: 5.5427 Bio: 0.9654
Epoch [215/600] Total Loss: 44.2008
Epoch [216/600] Step [0/8] Loss: 5.6169 Bio: 1.1260
Epoch [216/600] Total Loss: 44.2803
Epoch [217/600] Step [0/8] Loss: 5.5773 Bio: 1.0178
Epoch [217/600] Total Loss: 44.6717
Epoch [218/600] Step [0/8] Loss: 5.3899 Bio: 0.9682
Epoch [218/600] Total Loss: 44.8547
Epoch [219/600] Step [0/8] Loss: 5.5684 Bio: 1.1452
Epoch [219/600] Total Loss: 44.5139
Epoch [220/600] Step [0/8] Loss: 5.5888 Bio: 1.0718
Epoch [220/600] Total Loss: 44.2286
Epoch [221/600] Step [0/8] Loss: 5.7170 Bio: 1.0634
Epoch [221/600] Total Loss: 44.4993
Epoch [222/600] Step [0/8] Loss: 5.3629 Bio: 1.1552
Epoch [222/600] Total Loss: 44.5341
Epoch [223/600] Step [0/8] Loss: 5.5766 Bio: 1.1953
Epoch [223/600] Total Loss: 44.6205
Epoch [224/600] Step [0/8] Loss: 5.7642 Bio: 1.1626
Epoch [224/600] Total Loss: 45.2355
Epoch [225/600] Step [0/8] Loss: 5.5146 Bio: 1.0307
Epoch [225/600] Total Loss: 44.6131
Epoch [226/600] Step [0/8] Loss: 5.5392 Bio: 1.1190
Epoch [226/600] Total Loss: 44.3320
Epoch [227/600] Step [0/8] Loss: 5.4760 Bio: 1.0592
Epoch [227/600] Total Loss: 43.9835
Epoch [228/600] Step [0/8] Loss: 5.4374 Bio: 1.0836
Epoch [228/600] Total Loss: 44.3021
Epoch [229/600] Step [0/8] Loss: 5.6623 Bio: 1.1614
Epoch [229/600] Total Loss: 44.6531
Epoch [230/600] Step [0/8] Loss: 5.5521 Bio: 1.0968
Epoch [230/600] Total Loss: 44.4983
Epoch [231/600] Step [0/8] Loss: 5.5249 Bio: 0.9643
Epoch [231/600] Total Loss: 44.8176
Epoch [232/600] Step [0/8] Loss: 5.5682 Bio: 1.0663
Epoch [232/600] Total Loss: 44.2033
Epoch [233/600] Step [0/8] Loss: 5.8095 Bio: 0.9260
Epoch [233/600] Total Loss: 44.1566
Epoch [234/600] Step [0/8] Loss: 5.5438 Bio: 1.0037
Epoch [234/600] Total Loss: 44.5288
Epoch [235/600] Step [0/8] Loss: 5.5722 Bio: 1.1027
Epoch [235/600] Total Loss: 44.2816
Epoch [236/600] Step [0/8] Loss: 5.5277 Bio: 0.9830
Epoch [236/600] Total Loss: 44.1393
Epoch [237/600] Step [0/8] Loss: 5.7907 Bio: 1.1613
Epoch [237/600] Total Loss: 44.4391
Epoch [238/600] Step [0/8] Loss: 5.5382 Bio: 1.0965
Epoch [238/600] Total Loss: 43.7569
Epoch [239/600] Step [0/8] Loss: 5.4390 Bio: 1.0518
Epoch [239/600] Total Loss: 43.9581
Epoch [240/600] Step [0/8] Loss: 5.6175 Bio: 1.1471
Epoch [240/600] Total Loss: 44.5515
Epoch [241/600] Step [0/8] Loss: 5.7445 Bio: 1.0448
Epoch [241/600] Total Loss: 44.0937
Epoch [242/600] Step [0/8] Loss: 5.4550 Bio: 1.0601
Epoch [242/600] Total Loss: 43.8576
Epoch [243/600] Step [0/8] Loss: 5.6816 Bio: 1.0163
Epoch [243/600] Total Loss: 44.0666
Epoch [244/600] Step [0/8] Loss: 5.7027 Bio: 1.0310
Epoch [244/600] Total Loss: 43.8347
Epoch [245/600] Step [0/8] Loss: 5.2850 Bio: 1.0068
Epoch [245/600] Total Loss: 43.4414
Epoch [246/600] Step [0/8] Loss: 5.5343 Bio: 1.0770
Epoch [246/600] Total Loss: 44.0004
Epoch [247/600] Step [0/8] Loss: 5.5979 Bio: 0.9676
Epoch [247/600] Total Loss: 44.1225
Epoch [248/600] Step [0/8] Loss: 5.6280 Bio: 0.9913
Epoch [248/600] Total Loss: 43.6980
Epoch [249/600] Step [0/8] Loss: 5.7404 Bio: 1.0432
Epoch [249/600] Total Loss: 44.5546
Epoch [250/600] Step [0/8] Loss: 5.4230 Bio: 1.0377
Epoch [250/600] Total Loss: 44.0507
Epoch [251/600] Step [0/8] Loss: 5.6274 Bio: 1.0677
Epoch [251/600] Total Loss: 44.4857
Epoch [252/600] Step [0/8] Loss: 5.6050 Bio: 1.1214
Epoch [252/600] Total Loss: 44.2126
Epoch [253/600] Step [0/8] Loss: 5.8651 Bio: 1.0679
Epoch [253/600] Total Loss: 43.8233
Epoch [254/600] Step [0/8] Loss: 5.4881 Bio: 1.0634
Epoch [254/600] Total Loss: 43.9049
Epoch [255/600] Step [0/8] Loss: 5.5366 Bio: 1.1142
Epoch [255/600] Total Loss: 43.7648
Epoch [256/600] Step [0/8] Loss: 5.6978 Bio: 1.1564
Epoch [256/600] Total Loss: 43.7799
Epoch [257/600] Step [0/8] Loss: 5.4357 Bio: 1.0998
Epoch [257/600] Total Loss: 43.5536
Epoch [258/600] Step [0/8] Loss: 5.4059 Bio: 1.1489
Epoch [258/600] Total Loss: 43.6894
Epoch [259/600] Step [0/8] Loss: 5.5534 Bio: 0.9821
Epoch [259/600] Total Loss: 44.0532
Epoch [260/600] Step [0/8] Loss: 5.5705 Bio: 1.1069
Epoch [260/600] Total Loss: 43.6318
Epoch [261/600] Step [0/8] Loss: 5.6479 Bio: 1.0823
Epoch [261/600] Total Loss: 44.2055
Epoch [262/600] Step [0/8] Loss: 5.6606 Bio: 1.0714
Epoch [262/600] Total Loss: 44.1673
Epoch [263/600] Step [0/8] Loss: 5.4380 Bio: 1.2242
Epoch [263/600] Total Loss: 44.1136
Epoch [264/600] Step [0/8] Loss: 5.4933 Bio: 0.9793
Epoch [264/600] Total Loss: 44.2859
Epoch [265/600] Step [0/8] Loss: 5.5482 Bio: 1.0639
Epoch [265/600] Total Loss: 43.8565
Epoch [266/600] Step [0/8] Loss: 5.4346 Bio: 1.1523
Epoch [266/600] Total Loss: 43.5659
Epoch [267/600] Step [0/8] Loss: 5.4585 Bio: 0.9820
Epoch [267/600] Total Loss: 43.7205
Epoch [268/600] Step [0/8] Loss: 5.3428 Bio: 1.1865
Epoch [268/600] Total Loss: 43.8309
Epoch [269/600] Step [0/8] Loss: 5.4606 Bio: 1.1129
Epoch [269/600] Total Loss: 43.3840
Epoch [270/600] Step [0/8] Loss: 5.6244 Bio: 1.1524
Epoch [270/600] Total Loss: 43.9672
Epoch [271/600] Step [0/8] Loss: 5.3788 Bio: 0.8933
Epoch [271/600] Total Loss: 43.4213
Epoch [272/600] Step [0/8] Loss: 5.7081 Bio: 0.9433
Epoch [272/600] Total Loss: 43.9061
Epoch [273/600] Step [0/8] Loss: 5.5522 Bio: 0.9838
Epoch [273/600] Total Loss: 43.8376
Epoch [274/600] Step [0/8] Loss: 5.3989 Bio: 0.9118
Epoch [274/600] Total Loss: 43.2470
Epoch [275/600] Step [0/8] Loss: 5.4034 Bio: 1.0526
Epoch [275/600] Total Loss: 43.3470
Epoch [276/600] Step [0/8] Loss: 5.2445 Bio: 1.1169
Epoch [276/600] Total Loss: 43.1118
Epoch [277/600] Step [0/8] Loss: 5.5837 Bio: 1.0092
Epoch [277/600] Total Loss: 44.0240
Epoch [278/600] Step [0/8] Loss: 5.4551 Bio: 0.9089
Epoch [278/600] Total Loss: 43.2997
Epoch [279/600] Step [0/8] Loss: 5.5333 Bio: 0.9803
Epoch [279/600] Total Loss: 43.8477
Epoch [280/600] Step [0/8] Loss: 5.5055 Bio: 1.0965
Epoch [280/600] Total Loss: 43.5511
Epoch [281/600] Step [0/8] Loss: 5.3001 Bio: 0.9402
Epoch [281/600] Total Loss: 43.7747
Epoch [282/600] Step [0/8] Loss: 5.4026 Bio: 0.9538
Epoch [282/600] Total Loss: 43.6233
Epoch [283/600] Step [0/8] Loss: 5.4437 Bio: 1.0642
Epoch [283/600] Total Loss: 44.0654
Epoch [284/600] Step [0/8] Loss: 5.5874 Bio: 1.0439
Epoch [284/600] Total Loss: 43.8243
Epoch [285/600] Step [0/8] Loss: 5.3227 Bio: 1.0306
Epoch [285/600] Total Loss: 43.6522
Epoch [286/600] Step [0/8] Loss: 5.3253 Bio: 1.1712
Epoch [286/600] Total Loss: 43.9700
Epoch [287/600] Step [0/8] Loss: 5.5168 Bio: 1.0723
Epoch [287/600] Total Loss: 43.3191
Epoch [288/600] Step [0/8] Loss: 5.3804 Bio: 1.0206
Epoch [288/600] Total Loss: 43.5440
Epoch [289/600] Step [0/8] Loss: 5.2934 Bio: 1.2152
Epoch [289/600] Total Loss: 43.9557
Epoch [290/600] Step [0/8] Loss: 5.4531 Bio: 1.0633
Epoch [290/600] Total Loss: 43.2601
Epoch [291/600] Step [0/8] Loss: 5.5383 Bio: 0.9216
Epoch [291/600] Total Loss: 43.2540
Epoch [292/600] Step [0/8] Loss: 5.5002 Bio: 1.0220
Epoch [292/600] Total Loss: 43.6042
Epoch [293/600] Step [0/8] Loss: 5.4148 Bio: 1.0288
Epoch [293/600] Total Loss: 43.2908
Epoch [294/600] Step [0/8] Loss: 5.3809 Bio: 1.0913
Epoch [294/600] Total Loss: 42.8167
Epoch [295/600] Step [0/8] Loss: 5.3803 Bio: 0.9797
Epoch [295/600] Total Loss: 43.7717
Epoch [296/600] Step [0/8] Loss: 5.4265 Bio: 0.9562
Epoch [296/600] Total Loss: 43.2020
Epoch [297/600] Step [0/8] Loss: 5.2656 Bio: 1.0793
Epoch [297/600] Total Loss: 42.7084
Epoch [298/600] Step [0/8] Loss: 5.3185 Bio: 1.2107
Epoch [298/600] Total Loss: 43.2783
Epoch [299/600] Step [0/8] Loss: 5.3451 Bio: 1.1683
Epoch [299/600] Total Loss: 43.5966
Epoch [300/600] Step [0/8] Loss: 5.4803 Bio: 0.9651
Epoch [300/600] Total Loss: 43.8705
Epoch [301/600] Step [0/8] Loss: 5.4470 Bio: 1.0665
Epoch [301/600] Total Loss: 43.5359
Epoch [302/600] Step [0/8] Loss: 5.5588 Bio: 1.1303
Epoch [302/600] Total Loss: 43.7604
Epoch [303/600] Step [0/8] Loss: 5.3774 Bio: 1.0792
Epoch [303/600] Total Loss: 43.2665
Epoch [304/600] Step [0/8] Loss: 5.4156 Bio: 1.0446
Epoch [304/600] Total Loss: 43.5956
Epoch [305/600] Step [0/8] Loss: 5.2475 Bio: 1.0380
Epoch [305/600] Total Loss: 43.1366
Epoch [306/600] Step [0/8] Loss: 5.3392 Bio: 1.0297
Epoch [306/600] Total Loss: 42.9296
Epoch [307/600] Step [0/8] Loss: 5.2596 Bio: 1.0594
Epoch [307/600] Total Loss: 43.6209
Epoch [308/600] Step [0/8] Loss: 5.4655 Bio: 1.0300
Epoch [308/600] Total Loss: 43.3193
Epoch [309/600] Step [0/8] Loss: 5.4704 Bio: 0.9200
Epoch [309/600] Total Loss: 43.1545
Epoch [310/600] Step [0/8] Loss: 5.3741 Bio: 1.0321
Epoch [310/600] Total Loss: 43.6114
Epoch [311/600] Step [0/8] Loss: 5.4220 Bio: 1.0595
Epoch [311/600] Total Loss: 43.1615
Epoch [312/600] Step [0/8] Loss: 5.4342 Bio: 0.9631
Epoch [312/600] Total Loss: 43.5433
Epoch [313/600] Step [0/8] Loss: 5.2645 Bio: 1.1503
Epoch [313/600] Total Loss: 43.1091
Epoch [314/600] Step [0/8] Loss: 5.2350 Bio: 1.0195
Epoch [314/600] Total Loss: 43.0909
Epoch [315/600] Step [0/8] Loss: 5.5442 Bio: 1.1046
Epoch [315/600] Total Loss: 43.4939
Epoch [316/600] Step [0/8] Loss: 5.2589 Bio: 0.9991
Epoch [316/600] Total Loss: 43.2606
Epoch [317/600] Step [0/8] Loss: 5.4510 Bio: 1.0645
Epoch [317/600] Total Loss: 42.9672
Epoch [318/600] Step [0/8] Loss: 5.3053 Bio: 1.0194
Epoch [318/600] Total Loss: 43.6270
Epoch [319/600] Step [0/8] Loss: 5.3164 Bio: 0.9123
Epoch [319/600] Total Loss: 42.5884
Epoch [320/600] Step [0/8] Loss: 5.2507 Bio: 1.0318
Epoch [320/600] Total Loss: 43.1273
Epoch [321/600] Step [0/8] Loss: 5.2304 Bio: 1.0357
Epoch [321/600] Total Loss: 42.8927
Epoch [322/600] Step [0/8] Loss: 5.5361 Bio: 0.9467
Epoch [322/600] Total Loss: 43.3483
Epoch [323/600] Step [0/8] Loss: 5.3823 Bio: 1.0222
Epoch [323/600] Total Loss: 43.6856
Epoch [324/600] Step [0/8] Loss: 5.4014 Bio: 1.1274
Epoch [324/600] Total Loss: 42.8628
Epoch [325/600] Step [0/8] Loss: 5.2822 Bio: 1.0802
Epoch [325/600] Total Loss: 42.8396
Epoch [326/600] Step [0/8] Loss: 5.4677 Bio: 1.1277
Epoch [326/600] Total Loss: 42.9831
Epoch [327/600] Step [0/8] Loss: 5.4801 Bio: 1.2476
Epoch [327/600] Total Loss: 42.8146
Epoch [328/600] Step [0/8] Loss: 5.3453 Bio: 1.0592
Epoch [328/600] Total Loss: 43.1630
Epoch [329/600] Step [0/8] Loss: 5.3381 Bio: 1.0276
Epoch [329/600] Total Loss: 42.9535
Epoch [330/600] Step [0/8] Loss: 5.5669 Bio: 0.9649
Epoch [330/600] Total Loss: 42.7812
Epoch [331/600] Step [0/8] Loss: 5.2078 Bio: 1.2099
Epoch [331/600] Total Loss: 42.7484
Epoch [332/600] Step [0/8] Loss: 5.1806 Bio: 0.9230
Epoch [332/600] Total Loss: 42.9325
Epoch [333/600] Step [0/8] Loss: 5.5474 Bio: 1.0204
Epoch [333/600] Total Loss: 43.5250
Epoch [334/600] Step [0/8] Loss: 5.5326 Bio: 0.9948
Epoch [334/600] Total Loss: 43.0464
Epoch [335/600] Step [0/8] Loss: 5.4802 Bio: 1.1050
Epoch [335/600] Total Loss: 43.3011
Epoch [336/600] Step [0/8] Loss: 5.3916 Bio: 0.9545
Epoch [336/600] Total Loss: 43.2822
Epoch [337/600] Step [0/8] Loss: 5.3632 Bio: 0.9535
Epoch [337/600] Total Loss: 42.9653
Epoch [338/600] Step [0/8] Loss: 5.3585 Bio: 1.1048
Epoch [338/600] Total Loss: 43.0372
Epoch [339/600] Step [0/8] Loss: 5.3874 Bio: 1.0358
Epoch [339/600] Total Loss: 43.1179
Epoch [340/600] Step [0/8] Loss: 5.2786 Bio: 1.0150
Epoch [340/600] Total Loss: 43.1148
Epoch [341/600] Step [0/8] Loss: 5.3247 Bio: 0.9535
Epoch [341/600] Total Loss: 43.0033
Epoch [342/600] Step [0/8] Loss: 5.5513 Bio: 1.0678
Epoch [342/600] Total Loss: 42.9671
Epoch [343/600] Step [0/8] Loss: 5.3469 Bio: 0.9770
Epoch [343/600] Total Loss: 42.5948
Epoch [344/600] Step [0/8] Loss: 5.2559 Bio: 1.0206
Epoch [344/600] Total Loss: 42.3259
Epoch [345/600] Step [0/8] Loss: 5.2002 Bio: 1.0757
Epoch [345/600] Total Loss: 42.7805
Epoch [346/600] Step [0/8] Loss: 5.6079 Bio: 1.1008
Epoch [346/600] Total Loss: 43.3075
Epoch [347/600] Step [0/8] Loss: 5.1871 Bio: 1.0644
Epoch [347/600] Total Loss: 42.4721
Epoch [348/600] Step [0/8] Loss: 5.2260 Bio: 1.0709
Epoch [348/600] Total Loss: 42.5189
Epoch [349/600] Step [0/8] Loss: 5.3996 Bio: 0.8999
Epoch [349/600] Total Loss: 43.0944
Epoch [350/600] Step [0/8] Loss: 5.2445 Bio: 1.1228
Epoch [350/600] Total Loss: 42.8645
Epoch [351/600] Step [0/8] Loss: 5.5368 Bio: 1.0255
Epoch [351/600] Total Loss: 42.4405
Epoch [352/600] Step [0/8] Loss: 5.3177 Bio: 0.9986
Epoch [352/600] Total Loss: 42.3640
Epoch [353/600] Step [0/8] Loss: 5.3891 Bio: 1.0728
Epoch [353/600] Total Loss: 43.2729
Epoch [354/600] Step [0/8] Loss: 5.0977 Bio: 1.0072
Epoch [354/600] Total Loss: 42.9176
Epoch [355/600] Step [0/8] Loss: 5.2989 Bio: 1.0440
Epoch [355/600] Total Loss: 42.7393
Epoch [356/600] Step [0/8] Loss: 5.4256 Bio: 1.0194
Epoch [356/600] Total Loss: 42.6898
Epoch [357/600] Step [0/8] Loss: 5.4603 Bio: 1.0318
Epoch [357/600] Total Loss: 43.1455
Epoch [358/600] Step [0/8] Loss: 5.2803 Bio: 1.0003
Epoch [358/600] Total Loss: 42.7325
Epoch [359/600] Step [0/8] Loss: 5.2850 Bio: 1.0110
Epoch [359/600] Total Loss: 42.9356
Epoch [360/600] Step [0/8] Loss: 5.6235 Bio: 1.0859
Epoch [360/600] Total Loss: 43.2751
Epoch [361/600] Step [0/8] Loss: 5.4131 Bio: 1.0551
Epoch [361/600] Total Loss: 42.9121
Epoch [362/600] Step [0/8] Loss: 5.2326 Bio: 0.9614
Epoch [362/600] Total Loss: 42.5156
Epoch [363/600] Step [0/8] Loss: 5.1282 Bio: 1.1473
Epoch [363/600] Total Loss: 42.5457
Epoch [364/600] Step [0/8] Loss: 5.5091 Bio: 1.0358
Epoch [364/600] Total Loss: 42.6660
Epoch [365/600] Step [0/8] Loss: 5.2396 Bio: 0.9939
Epoch [365/600] Total Loss: 42.5693
Epoch [366/600] Step [0/8] Loss: 5.3548 Bio: 1.0581
Epoch [366/600] Total Loss: 42.7927
Epoch [367/600] Step [0/8] Loss: 5.1845 Bio: 1.1857
Epoch [367/600] Total Loss: 43.0409
Epoch [368/600] Step [0/8] Loss: 5.4304 Bio: 0.9645
Epoch [368/600] Total Loss: 42.7140
Epoch [369/600] Step [0/8] Loss: 5.2791 Bio: 1.0083
Epoch [369/600] Total Loss: 42.8999
Epoch [370/600] Step [0/8] Loss: 5.6025 Bio: 1.1663
Epoch [370/600] Total Loss: 42.7198
Epoch [371/600] Step [0/8] Loss: 5.4908 Bio: 0.9649
Epoch [371/600] Total Loss: 42.8014
Epoch [372/600] Step [0/8] Loss: 5.3845 Bio: 1.0699
Epoch [372/600] Total Loss: 42.7658
Epoch [373/600] Step [0/8] Loss: 5.2246 Bio: 1.0240
Epoch [373/600] Total Loss: 42.3109
Epoch [374/600] Step [0/8] Loss: 5.1881 Bio: 0.9563
Epoch [374/600] Total Loss: 42.3486
Epoch [375/600] Step [0/8] Loss: 5.1546 Bio: 1.0724
Epoch [375/600] Total Loss: 42.5991
Epoch [376/600] Step [0/8] Loss: 5.6380 Bio: 1.0443
Epoch [376/600] Total Loss: 43.1484
Epoch [377/600] Step [0/8] Loss: 5.4247 Bio: 1.0165
Epoch [377/600] Total Loss: 42.4627
Epoch [378/600] Step [0/8] Loss: 5.2205 Bio: 0.8909
Epoch [378/600] Total Loss: 42.6110
Epoch [379/600] Step [0/8] Loss: 5.4254 Bio: 1.0263
Epoch [379/600] Total Loss: 42.2325
Epoch [380/600] Step [0/8] Loss: 5.3149 Bio: 1.0369
Epoch [380/600] Total Loss: 42.8305
Epoch [381/600] Step [0/8] Loss: 5.2841 Bio: 1.0503
Epoch [381/600] Total Loss: 42.6635
Epoch [382/600] Step [0/8] Loss: 5.1655 Bio: 1.0373
Epoch [382/600] Total Loss: 42.8125
Epoch [383/600] Step [0/8] Loss: 5.0657 Bio: 1.0513
Epoch [383/600] Total Loss: 42.4860
Epoch [384/600] Step [0/8] Loss: 5.1945 Bio: 1.0038
Epoch [384/600] Total Loss: 42.0225
Epoch [385/600] Step [0/8] Loss: 5.2591 Bio: 0.9580
Epoch [385/600] Total Loss: 42.6713
Epoch [386/600] Step [0/8] Loss: 5.3978 Bio: 1.0753
Epoch [386/600] Total Loss: 42.1815
Epoch [387/600] Step [0/8] Loss: 5.4543 Bio: 1.0247
Epoch [387/600] Total Loss: 42.8581
Epoch [388/600] Step [0/8] Loss: 5.2986 Bio: 1.0539
Epoch [388/600] Total Loss: 42.1590
Epoch [389/600] Step [0/8] Loss: 5.4722 Bio: 1.0214
Epoch [389/600] Total Loss: 42.3993
Epoch [390/600] Step [0/8] Loss: 5.2820 Bio: 1.0639
Epoch [390/600] Total Loss: 42.6785
Epoch [391/600] Step [0/8] Loss: 5.4688 Bio: 1.0591
Epoch [391/600] Total Loss: 42.7626
Epoch [392/600] Step [0/8] Loss: 5.2950 Bio: 0.9912
Epoch [392/600] Total Loss: 42.4034
Epoch [393/600] Step [0/8] Loss: 5.2882 Bio: 1.0268
Epoch [393/600] Total Loss: 41.9234
Epoch [394/600] Step [0/8] Loss: 5.1583 Bio: 0.9025
Epoch [394/600] Total Loss: 42.9655
Epoch [395/600] Step [0/8] Loss: 5.4521 Bio: 1.0003
Epoch [395/600] Total Loss: 43.2331
Epoch [396/600] Step [0/8] Loss: 5.3303 Bio: 1.1155
Epoch [396/600] Total Loss: 42.7886
Epoch [397/600] Step [0/8] Loss: 5.3015 Bio: 1.1237
Epoch [397/600] Total Loss: 43.0062
Epoch [398/600] Step [0/8] Loss: 5.1463 Bio: 1.0856
Epoch [398/600] Total Loss: 42.0296
Epoch [399/600] Step [0/8] Loss: 5.3168 Bio: 0.9812
Epoch [399/600] Total Loss: 42.4878
Epoch [400/600] Step [0/8] Loss: 5.2154 Bio: 0.9726
Epoch [400/600] Total Loss: 42.4331
Epoch [401/600] Step [0/8] Loss: 5.5926 Bio: 0.9160
Epoch [401/600] Total Loss: 43.3417
Epoch [402/600] Step [0/8] Loss: 5.3318 Bio: 1.1356
Epoch [402/600] Total Loss: 42.3012
Epoch [403/600] Step [0/8] Loss: 5.2597 Bio: 1.0797
Epoch [403/600] Total Loss: 42.6303
Epoch [404/600] Step [0/8] Loss: 5.4243 Bio: 0.9951
Epoch [404/600] Total Loss: 42.7559
Epoch [405/600] Step [0/8] Loss: 5.3259 Bio: 0.9570
Epoch [405/600] Total Loss: 42.1651
Epoch [406/600] Step [0/8] Loss: 5.2170 Bio: 0.9583
Epoch [406/600] Total Loss: 42.8026
Epoch [407/600] Step [0/8] Loss: 5.2851 Bio: 1.0050
Epoch [407/600] Total Loss: 42.2359
Epoch [408/600] Step [0/8] Loss: 5.3847 Bio: 1.0776
Epoch [408/600] Total Loss: 42.2325
Epoch [409/600] Step [0/8] Loss: 5.4664 Bio: 1.0460
Epoch [409/600] Total Loss: 42.2947
Epoch [410/600] Step [0/8] Loss: 5.4768 Bio: 1.0882
Epoch [410/600] Total Loss: 42.8962
Epoch [411/600] Step [0/8] Loss: 5.5214 Bio: 1.0196
Epoch [411/600] Total Loss: 42.7677
Epoch [412/600] Step [0/8] Loss: 5.3573 Bio: 0.9458
Epoch [412/600] Total Loss: 42.4432
Epoch [413/600] Step [0/8] Loss: 5.2477 Bio: 0.9302
Epoch [413/600] Total Loss: 42.7624
Epoch [414/600] Step [0/8] Loss: 5.3368 Bio: 0.9381
Epoch [414/600] Total Loss: 42.3154
Epoch [415/600] Step [0/8] Loss: 5.3789 Bio: 0.8577
Epoch [415/600] Total Loss: 42.6210
Epoch [416/600] Step [0/8] Loss: 5.2312 Bio: 1.0265
Epoch [416/600] Total Loss: 42.7788
Epoch [417/600] Step [0/8] Loss: 5.1918 Bio: 1.0157
Epoch [417/600] Total Loss: 42.0458
Epoch [418/600] Step [0/8] Loss: 5.2973 Bio: 1.0629
Epoch [418/600] Total Loss: 42.4999
Epoch [419/600] Step [0/8] Loss: 5.3379 Bio: 0.9878
Epoch [419/600] Total Loss: 42.1688
Epoch [420/600] Step [0/8] Loss: 5.2243 Bio: 1.0429
Epoch [420/600] Total Loss: 42.1093
Epoch [421/600] Step [0/8] Loss: 5.2135 Bio: 0.9376
Epoch [421/600] Total Loss: 42.3709
Epoch [422/600] Step [0/8] Loss: 5.3115 Bio: 0.9843
Epoch [422/600] Total Loss: 42.4220
Epoch [423/600] Step [0/8] Loss: 5.2667 Bio: 1.0867
Epoch [423/600] Total Loss: 42.6688
Epoch [424/600] Step [0/8] Loss: 5.2585 Bio: 0.9400
Epoch [424/600] Total Loss: 42.3937
Epoch [425/600] Step [0/8] Loss: 5.1131 Bio: 1.0543
Epoch [425/600] Total Loss: 42.1969
Epoch [426/600] Step [0/8] Loss: 5.1351 Bio: 1.0238
Epoch [426/600] Total Loss: 42.1957
Epoch [427/600] Step [0/8] Loss: 5.0495 Bio: 1.1682
Epoch [427/600] Total Loss: 42.1469
Epoch [428/600] Step [0/8] Loss: 5.2951 Bio: 1.1171
Epoch [428/600] Total Loss: 42.4575
Epoch [429/600] Step [0/8] Loss: 5.3216 Bio: 0.9116
Epoch [429/600] Total Loss: 42.8740
Epoch [430/600] Step [0/8] Loss: 5.2904 Bio: 1.0730
Epoch [430/600] Total Loss: 42.3667
Epoch [431/600] Step [0/8] Loss: 5.3337 Bio: 0.9431
Epoch [431/600] Total Loss: 42.2716
Epoch [432/600] Step [0/8] Loss: 5.3712 Bio: 1.0557
Epoch [432/600] Total Loss: 42.5311
Epoch [433/600] Step [0/8] Loss: 5.3240 Bio: 1.1345
Epoch [433/600] Total Loss: 41.9575
Epoch [434/600] Step [0/8] Loss: 5.3203 Bio: 0.9995
Epoch [434/600] Total Loss: 41.8748
Epoch [435/600] Step [0/8] Loss: 5.4632 Bio: 0.9783
Epoch [435/600] Total Loss: 42.7321
Epoch [436/600] Step [0/8] Loss: 5.1844 Bio: 1.0007
Epoch [436/600] Total Loss: 42.0227
Epoch [437/600] Step [0/8] Loss: 5.5270 Bio: 0.9003
Epoch [437/600] Total Loss: 42.4725
Epoch [438/600] Step [0/8] Loss: 5.0645 Bio: 1.0019
Epoch [438/600] Total Loss: 41.9494
Epoch [439/600] Step [0/8] Loss: 5.2581 Bio: 0.9765
Epoch [439/600] Total Loss: 42.2215
Epoch [440/600] Step [0/8] Loss: 5.3584 Bio: 1.0717
Epoch [440/600] Total Loss: 42.7732
Epoch [441/600] Step [0/8] Loss: 5.4158 Bio: 0.9680
Epoch [441/600] Total Loss: 42.4789
Epoch [442/600] Step [0/8] Loss: 5.1670 Bio: 1.0157
Epoch [442/600] Total Loss: 42.2461
Epoch [443/600] Step [0/8] Loss: 5.3991 Bio: 1.0555
Epoch [443/600] Total Loss: 42.9038
Epoch [444/600] Step [0/8] Loss: 5.2776 Bio: 0.9888
Epoch [444/600] Total Loss: 42.5705
Epoch [445/600] Step [0/8] Loss: 5.2672 Bio: 0.9421
Epoch [445/600] Total Loss: 42.2819
Epoch [446/600] Step [0/8] Loss: 5.1609 Bio: 1.0345
Epoch [446/600] Total Loss: 42.4892
Epoch [447/600] Step [0/8] Loss: 5.2632 Bio: 0.9928
Epoch [447/600] Total Loss: 42.5660
Epoch [448/600] Step [0/8] Loss: 5.2464 Bio: 0.9933
Epoch [448/600] Total Loss: 43.2148
Epoch [449/600] Step [0/8] Loss: 5.2885 Bio: 1.0070
Epoch [449/600] Total Loss: 42.5071
Epoch [450/600] Step [0/8] Loss: 5.3834 Bio: 1.0600
Epoch [450/600] Total Loss: 42.1169
Epoch [451/600] Step [0/8] Loss: 5.2270 Bio: 0.9563
Epoch [451/600] Total Loss: 42.2999
Epoch [452/600] Step [0/8] Loss: 5.3251 Bio: 0.9855
Epoch [452/600] Total Loss: 41.6893
Epoch [453/600] Step [0/8] Loss: 5.3811 Bio: 1.0203
Epoch [453/600] Total Loss: 42.5456
Epoch [454/600] Step [0/8] Loss: 5.1961 Bio: 0.9607
Epoch [454/600] Total Loss: 42.2243
Epoch [455/600] Step [0/8] Loss: 5.1115 Bio: 0.9768
Epoch [455/600] Total Loss: 41.9988
Epoch [456/600] Step [0/8] Loss: 5.1921 Bio: 0.9120
Epoch [456/600] Total Loss: 42.3416
Epoch [457/600] Step [0/8] Loss: 5.3193 Bio: 1.0375
Epoch [457/600] Total Loss: 42.2224
Epoch [458/600] Step [0/8] Loss: 5.1334 Bio: 1.0316
Epoch [458/600] Total Loss: 41.5665
Epoch [459/600] Step [0/8] Loss: 5.3159 Bio: 1.0121
Epoch [459/600] Total Loss: 42.2511
Epoch [460/600] Step [0/8] Loss: 5.2925 Bio: 0.9145
Epoch [460/600] Total Loss: 41.9326
Epoch [461/600] Step [0/8] Loss: 5.2838 Bio: 1.0253
Epoch [461/600] Total Loss: 41.9710
Epoch [462/600] Step [0/8] Loss: 5.2931 Bio: 0.9408
Epoch [462/600] Total Loss: 42.3598
Epoch [463/600] Step [0/8] Loss: 5.2685 Bio: 1.1463
Epoch [463/600] Total Loss: 41.8163
Epoch [464/600] Step [0/8] Loss: 5.5104 Bio: 1.0980
Epoch [464/600] Total Loss: 42.6585
Epoch [465/600] Step [0/8] Loss: 5.2538 Bio: 0.9452
Epoch [465/600] Total Loss: 41.8700
Epoch [466/600] Step [0/8] Loss: 5.2776 Bio: 1.0002
Epoch [466/600] Total Loss: 42.2176
Epoch [467/600] Step [0/8] Loss: 5.3233 Bio: 1.0627
Epoch [467/600] Total Loss: 42.1226
Epoch [468/600] Step [0/8] Loss: 5.3274 Bio: 1.1246
Epoch [468/600] Total Loss: 42.2608
Epoch [469/600] Step [0/8] Loss: 5.0924 Bio: 0.9514
Epoch [469/600] Total Loss: 42.2306
Epoch [470/600] Step [0/8] Loss: 5.1884 Bio: 1.0045
Epoch [470/600] Total Loss: 42.3176
Epoch [471/600] Step [0/8] Loss: 5.1635 Bio: 0.9887
Epoch [471/600] Total Loss: 42.3343
Epoch [472/600] Step [0/8] Loss: 5.2507 Bio: 1.0930
Epoch [472/600] Total Loss: 42.1855
Epoch [473/600] Step [0/8] Loss: 5.3052 Bio: 0.9828
Epoch [473/600] Total Loss: 42.2303
Epoch [474/600] Step [0/8] Loss: 5.3822 Bio: 0.9236
Epoch [474/600] Total Loss: 42.1769
Epoch [475/600] Step [0/8] Loss: 5.3011 Bio: 0.8862
Epoch [475/600] Total Loss: 42.1899
Epoch [476/600] Step [0/8] Loss: 5.2989 Bio: 0.8719
Epoch [476/600] Total Loss: 42.5457
Epoch [477/600] Step [0/8] Loss: 5.4554 Bio: 0.9627
Epoch [477/600] Total Loss: 41.5980
Epoch [478/600] Step [0/8] Loss: 5.2964 Bio: 1.0107
Epoch [478/600] Total Loss: 42.3475
Epoch [479/600] Step [0/8] Loss: 5.3008 Bio: 1.1265
Epoch [479/600] Total Loss: 41.6287
Epoch [480/600] Step [0/8] Loss: 5.3105 Bio: 1.0278
Epoch [480/600] Total Loss: 42.1619
Epoch [481/600] Step [0/8] Loss: 5.2259 Bio: 0.9907
Epoch [481/600] Total Loss: 42.4304
Epoch [482/600] Step [0/8] Loss: 5.5468 Bio: 0.9100
Epoch [482/600] Total Loss: 42.5198
Epoch [483/600] Step [0/8] Loss: 5.3553 Bio: 1.0961
Epoch [483/600] Total Loss: 42.3599
Epoch [484/600] Step [0/8] Loss: 5.5122 Bio: 0.9362
Epoch [484/600] Total Loss: 42.0760
Epoch [485/600] Step [0/8] Loss: 5.1452 Bio: 0.9777
Epoch [485/600] Total Loss: 42.0607
Epoch [486/600] Step [0/8] Loss: 5.2064 Bio: 1.0312
Epoch [486/600] Total Loss: 42.0403
Epoch [487/600] Step [0/8] Loss: 5.2304 Bio: 1.0995
Epoch [487/600] Total Loss: 42.3186
Epoch [488/600] Step [0/8] Loss: 5.1276 Bio: 1.0996
Epoch [488/600] Total Loss: 42.0850
Epoch [489/600] Step [0/8] Loss: 5.1825 Bio: 1.0452
Epoch [489/600] Total Loss: 42.0487
Epoch [490/600] Step [0/8] Loss: 5.2705 Bio: 0.9436
Epoch [490/600] Total Loss: 41.9123
Epoch [491/600] Step [0/8] Loss: 5.1266 Bio: 1.0492
Epoch [491/600] Total Loss: 42.3342
Epoch [492/600] Step [0/8] Loss: 5.2537 Bio: 0.9253
Epoch [492/600] Total Loss: 42.1178
Epoch [493/600] Step [0/8] Loss: 5.2902 Bio: 0.9535
Epoch [493/600] Total Loss: 41.9945
Epoch [494/600] Step [0/8] Loss: 5.2336 Bio: 1.0213
Epoch [494/600] Total Loss: 41.8594
Epoch [495/600] Step [0/8] Loss: 5.3820 Bio: 1.0883
Epoch [495/600] Total Loss: 42.5140
Epoch [496/600] Step [0/8] Loss: 5.4194 Bio: 1.1506
Epoch [496/600] Total Loss: 41.9160
Epoch [497/600] Step [0/8] Loss: 5.3322 Bio: 1.0895
Epoch [497/600] Total Loss: 41.9301
Epoch [498/600] Step [0/8] Loss: 5.3333 Bio: 1.1034
Epoch [498/600] Total Loss: 42.1659
Epoch [499/600] Step [0/8] Loss: 5.1544 Bio: 1.0876
Epoch [499/600] Total Loss: 41.7849
Epoch [500/600] Step [0/8] Loss: 5.3658 Bio: 1.0312
Epoch [500/600] Total Loss: 42.4982
Epoch [501/600] Step [0/8] Loss: 5.4014 Bio: 1.1215
Epoch [501/600] Total Loss: 42.2297
Epoch [502/600] Step [0/8] Loss: 5.1123 Bio: 0.9308
Epoch [502/600] Total Loss: 42.2328
Epoch [503/600] Step [0/8] Loss: 5.1494 Bio: 0.9233
Epoch [503/600] Total Loss: 41.7320
Epoch [504/600] Step [0/8] Loss: 5.2589 Bio: 1.0702
Epoch [504/600] Total Loss: 42.6900
Epoch [505/600] Step [0/8] Loss: 5.2772 Bio: 0.9317
Epoch [505/600] Total Loss: 42.4694
Epoch [506/600] Step [0/8] Loss: 5.2432 Bio: 0.9846
Epoch [506/600] Total Loss: 41.7397
Epoch [507/600] Step [0/8] Loss: 5.2584 Bio: 1.0486
Epoch [507/600] Total Loss: 42.1618
Epoch [508/600] Step [0/8] Loss: 5.3095 Bio: 1.0163
Epoch [508/600] Total Loss: 42.3374
Epoch [509/600] Step [0/8] Loss: 5.2130 Bio: 1.1425
Epoch [509/600] Total Loss: 41.4382
Epoch [510/600] Step [0/8] Loss: 5.2695 Bio: 1.2229
Epoch [510/600] Total Loss: 41.7407
Epoch [511/600] Step [0/8] Loss: 5.1242 Bio: 1.1103
Epoch [511/600] Total Loss: 42.2159
Epoch [512/600] Step [0/8] Loss: 5.2630 Bio: 0.9991
Epoch [512/600] Total Loss: 41.9484
Epoch [513/600] Step [0/8] Loss: 5.1941 Bio: 1.0104
Epoch [513/600] Total Loss: 42.3291
Epoch [514/600] Step [0/8] Loss: 5.1789 Bio: 0.9683
Epoch [514/600] Total Loss: 42.2229
Epoch [515/600] Step [0/8] Loss: 5.0768 Bio: 0.9690
Epoch [515/600] Total Loss: 41.5089
Epoch [516/600] Step [0/8] Loss: 5.2485 Bio: 0.9184
Epoch [516/600] Total Loss: 41.9204
Epoch [517/600] Step [0/8] Loss: 5.2542 Bio: 1.0734
Epoch [517/600] Total Loss: 41.8058
Epoch [518/600] Step [0/8] Loss: 5.1571 Bio: 0.9790
Epoch [518/600] Total Loss: 41.8067
Epoch [519/600] Step [0/8] Loss: 5.2944 Bio: 0.9885
Epoch [519/600] Total Loss: 41.8014
Epoch [520/600] Step [0/8] Loss: 5.2154 Bio: 0.9274
Epoch [520/600] Total Loss: 41.7908
Epoch [521/600] Step [0/8] Loss: 5.2304 Bio: 0.9829
Epoch [521/600] Total Loss: 41.8553
Epoch [522/600] Step [0/8] Loss: 5.2468 Bio: 1.0023
Epoch [522/600] Total Loss: 42.1612
Epoch [523/600] Step [0/8] Loss: 5.2144 Bio: 0.9436
Epoch [523/600] Total Loss: 41.8463
Epoch [524/600] Step [0/8] Loss: 5.1213 Bio: 0.9666
Epoch [524/600] Total Loss: 41.8703
Epoch [525/600] Step [0/8] Loss: 5.1026 Bio: 1.0862
Epoch [525/600] Total Loss: 42.0324
Epoch [526/600] Step [0/8] Loss: 5.1911 Bio: 1.1320
Epoch [526/600] Total Loss: 41.6976
Epoch [527/600] Step [0/8] Loss: 5.3529 Bio: 1.0129
Epoch [527/600] Total Loss: 41.6458
Epoch [528/600] Step [0/8] Loss: 5.2881 Bio: 1.0093
Epoch [528/600] Total Loss: 41.8536
Epoch [529/600] Step [0/8] Loss: 5.2921 Bio: 0.9064
Epoch [529/600] Total Loss: 42.3362
Epoch [530/600] Step [0/8] Loss: 5.2799 Bio: 1.0890
Epoch [530/600] Total Loss: 42.0652
Epoch [531/600] Step [0/8] Loss: 5.1551 Bio: 1.0010
Epoch [531/600] Total Loss: 41.6083
Epoch [532/600] Step [0/8] Loss: 5.0523 Bio: 1.0086
Epoch [532/600] Total Loss: 41.8275
Epoch [533/600] Step [0/8] Loss: 5.0422 Bio: 1.0280
Epoch [533/600] Total Loss: 41.1411
Epoch [534/600] Step [0/8] Loss: 5.2826 Bio: 0.9583
Epoch [534/600] Total Loss: 42.0375
Epoch [535/600] Step [0/8] Loss: 5.1427 Bio: 0.8820
Epoch [535/600] Total Loss: 41.7241
Epoch [536/600] Step [0/8] Loss: 5.2801 Bio: 1.0087
Epoch [536/600] Total Loss: 42.4533
Epoch [537/600] Step [0/8] Loss: 5.2371 Bio: 0.9936
Epoch [537/600] Total Loss: 41.6281
Epoch [538/600] Step [0/8] Loss: 5.3016 Bio: 1.0990
Epoch [538/600] Total Loss: 42.1507
Epoch [539/600] Step [0/8] Loss: 5.3422 Bio: 1.0041
Epoch [539/600] Total Loss: 41.4485
Epoch [540/600] Step [0/8] Loss: 5.2091 Bio: 1.0508
Epoch [540/600] Total Loss: 41.9177
Epoch [541/600] Step [0/8] Loss: 5.2798 Bio: 0.9563
Epoch [541/600] Total Loss: 42.1494
Epoch [542/600] Step [0/8] Loss: 5.2683 Bio: 0.8889
Epoch [542/600] Total Loss: 41.6251
Epoch [543/600] Step [0/8] Loss: 5.0795 Bio: 1.0731
Epoch [543/600] Total Loss: 41.7695
Epoch [544/600] Step [0/8] Loss: 5.1612 Bio: 0.9508
Epoch [544/600] Total Loss: 41.9472
Epoch [545/600] Step [0/8] Loss: 5.3308 Bio: 0.9963
Epoch [545/600] Total Loss: 41.4936
Epoch [546/600] Step [0/8] Loss: 5.1689 Bio: 1.1033
Epoch [546/600] Total Loss: 41.9434
Epoch [547/600] Step [0/8] Loss: 5.2164 Bio: 0.9689
Epoch [547/600] Total Loss: 41.6606
Epoch [548/600] Step [0/8] Loss: 5.1610 Bio: 1.0370
Epoch [548/600] Total Loss: 41.6886
Epoch [549/600] Step [0/8] Loss: 5.1538 Bio: 0.9669
Epoch [549/600] Total Loss: 42.2630
Epoch [550/600] Step [0/8] Loss: 5.3818 Bio: 1.0184
Epoch [550/600] Total Loss: 41.6846
Epoch [551/600] Step [0/8] Loss: 5.2536 Bio: 1.0208
Epoch [551/600] Total Loss: 41.5133
Epoch [552/600] Step [0/8] Loss: 5.0576 Bio: 0.9470
Epoch [552/600] Total Loss: 41.2182
Epoch [553/600] Step [0/8] Loss: 5.1240 Bio: 0.9985
Epoch [553/600] Total Loss: 41.5226
Epoch [554/600] Step [0/8] Loss: 5.2091 Bio: 0.9938
Epoch [554/600] Total Loss: 41.8388
Epoch [555/600] Step [0/8] Loss: 4.9997 Bio: 1.1104
Epoch [555/600] Total Loss: 41.4261
Epoch [556/600] Step [0/8] Loss: 5.2966 Bio: 0.9951
Epoch [556/600] Total Loss: 41.6207
Epoch [557/600] Step [0/8] Loss: 5.1929 Bio: 1.0029
Epoch [557/600] Total Loss: 41.9897
Epoch [558/600] Step [0/8] Loss: 5.2379 Bio: 1.1232
Epoch [558/600] Total Loss: 41.6503
Epoch [559/600] Step [0/8] Loss: 5.1701 Bio: 0.8398
Epoch [559/600] Total Loss: 41.6770
Epoch [560/600] Step [0/8] Loss: 5.1958 Bio: 1.0364
Epoch [560/600] Total Loss: 41.7328
Epoch [561/600] Step [0/8] Loss: 5.1037 Bio: 0.9303
Epoch [561/600] Total Loss: 41.5942
Epoch [562/600] Step [0/8] Loss: 5.0200 Bio: 0.9448
Epoch [562/600] Total Loss: 41.8697
Epoch [563/600] Step [0/8] Loss: 5.1088 Bio: 1.0849
Epoch [563/600] Total Loss: 41.8995
Epoch [564/600] Step [0/8] Loss: 5.1091 Bio: 0.9900
Epoch [564/600] Total Loss: 41.2245
Epoch [565/600] Step [0/8] Loss: 5.1333 Bio: 0.9953
Epoch [565/600] Total Loss: 41.6995
Epoch [566/600] Step [0/8] Loss: 5.2660 Bio: 0.9463
Epoch [566/600] Total Loss: 42.1269
Epoch [567/600] Step [0/8] Loss: 5.0584 Bio: 1.0370
Epoch [567/600] Total Loss: 41.3667
Epoch [568/600] Step [0/8] Loss: 5.0905 Bio: 0.9898
Epoch [568/600] Total Loss: 41.7450
Epoch [569/600] Step [0/8] Loss: 4.9909 Bio: 1.0151
Epoch [569/600] Total Loss: 41.4618
Epoch [570/600] Step [0/8] Loss: 5.1136 Bio: 1.0265
Epoch [570/600] Total Loss: 41.3058
Epoch [571/600] Step [0/8] Loss: 4.9638 Bio: 1.0067
Epoch [571/600] Total Loss: 41.5703
Epoch [572/600] Step [0/8] Loss: 5.2396 Bio: 1.0368
Epoch [572/600] Total Loss: 41.5832
Epoch [573/600] Step [0/8] Loss: 5.2397 Bio: 1.0747
Epoch [573/600] Total Loss: 41.5218
Epoch [574/600] Step [0/8] Loss: 5.2236 Bio: 0.9514
Epoch [574/600] Total Loss: 41.7374
Epoch [575/600] Step [0/8] Loss: 5.1796 Bio: 0.9724
Epoch [575/600] Total Loss: 41.3687
Epoch [576/600] Step [0/8] Loss: 5.1462 Bio: 0.9732
Epoch [576/600] Total Loss: 42.1559
Epoch [577/600] Step [0/8] Loss: 5.3831 Bio: 0.9222
Epoch [577/600] Total Loss: 41.8234
Epoch [578/600] Step [0/8] Loss: 5.3765 Bio: 0.9638
Epoch [578/600] Total Loss: 41.9059
Epoch [579/600] Step [0/8] Loss: 5.1168 Bio: 0.9301
Epoch [579/600] Total Loss: 41.3369
Epoch [580/600] Step [0/8] Loss: 5.1928 Bio: 0.9289
Epoch [580/600] Total Loss: 41.4661
Epoch [581/600] Step [0/8] Loss: 5.2306 Bio: 0.9740
Epoch [581/600] Total Loss: 41.7472
Epoch [582/600] Step [0/8] Loss: 5.2345 Bio: 1.0256
Epoch [582/600] Total Loss: 41.5676
Epoch [583/600] Step [0/8] Loss: 5.0160 Bio: 1.0241
Epoch [583/600] Total Loss: 41.3606
Epoch [584/600] Step [0/8] Loss: 5.3102 Bio: 1.0408
Epoch [584/600] Total Loss: 41.9711
Epoch [585/600] Step [0/8] Loss: 5.1461 Bio: 0.9362
Epoch [585/600] Total Loss: 41.3389
Epoch [586/600] Step [0/8] Loss: 5.1023 Bio: 1.0334
Epoch [586/600] Total Loss: 41.3753
Epoch [587/600] Step [0/8] Loss: 5.0842 Bio: 0.9484
Epoch [587/600] Total Loss: 41.3572
Epoch [588/600] Step [0/8] Loss: 5.2703 Bio: 0.8987
Epoch [588/600] Total Loss: 41.7639
Epoch [589/600] Step [0/8] Loss: 5.0745 Bio: 0.9730
Epoch [589/600] Total Loss: 41.0657
Epoch [590/600] Step [0/8] Loss: 5.2899 Bio: 1.0164
Epoch [590/600] Total Loss: 41.2535
Epoch [591/600] Step [0/8] Loss: 5.2946 Bio: 0.9227
Epoch [591/600] Total Loss: 41.5555
Epoch [592/600] Step [0/8] Loss: 5.2590 Bio: 1.0001
Epoch [592/600] Total Loss: 41.5978
Epoch [593/600] Step [0/8] Loss: 5.1428 Bio: 0.9983
Epoch [593/600] Total Loss: 41.2922
Epoch [594/600] Step [0/8] Loss: 5.0755 Bio: 1.0222
Epoch [594/600] Total Loss: 40.9360
Epoch [595/600] Step [0/8] Loss: 5.2518 Bio: 1.1026
Epoch [595/600] Total Loss: 41.2482
Epoch [596/600] Step [0/8] Loss: 5.2532 Bio: 1.1511
Epoch [596/600] Total Loss: 41.6211
Epoch [597/600] Step [0/8] Loss: 5.3535 Bio: 1.0055
Epoch [597/600] Total Loss: 41.8483
Epoch [598/600] Step [0/8] Loss: 5.2937 Bio: 1.0408
Epoch [598/600] Total Loss: 41.3826
Epoch [599/600] Step [0/8] Loss: 5.1953 Bio: 1.1258
Epoch [599/600] Total Loss: 41.7864

=== Loss Summary ===
  Epoch   1: 55.1774
  Epoch 151: 46.2786
  Epoch 301: 43.8705
  Epoch 451: 42.1169
  Epoch 600: 41.7864
  Delta (last 25% = 150 ep): -0.3305
  If delta > -1.0, model has converged
attention_query_v2 training complete.
done Tue Jul 21 04:30:58 EDT 2026
