=== gate: anchors cover omics ===
gate passed: 510 patients
=== UCEC | head=linear | k=4 | Mon Aug 31 12:56:12 PM EDT 2026 ===
Head type    : linear
Cancer       : UCEC | bio_dim: 4 | lambda_bio: 0.1
Bio anchor   : data/bio_anchors/bio_anchors_UCEC_gsva_decorr_M4.csv
Cluster num  : 4
Epochs       : 200
[dataloader] Loaded bio-anchors from data/bio_anchors/bio_anchors_UCEC_gsva_decorr_M4.csv: torch.Size([510, 4])
Device       : cpu
Model params : 73,946,680
Epoch [0/200] Step [0/8] Loss: 6.8794 Bio: 0.9674 GateEnt: nan GateDiv: nan
Epoch [0/200] Total Loss: 54.9560
Epoch [1/200] Step [0/8] Loss: 6.8641 Bio: 0.8152 GateEnt: nan GateDiv: nan
Epoch [1/200] Total Loss: 54.9608
Epoch [2/200] Step [0/8] Loss: 6.8580 Bio: 0.7617 GateEnt: nan GateDiv: nan
Epoch [2/200] Total Loss: 54.8972
Epoch [3/200] Step [0/8] Loss: 6.8694 Bio: 0.9057 GateEnt: nan GateDiv: nan
Epoch [3/200] Total Loss: 54.6833
Epoch [4/200] Step [0/8] Loss: 6.8043 Bio: 0.8047 GateEnt: nan GateDiv: nan
Epoch [4/200] Total Loss: 54.5233
Epoch [5/200] Step [0/8] Loss: 6.8740 Bio: 1.0686 GateEnt: nan GateDiv: nan
Epoch [5/200] Total Loss: 54.7432
Epoch [6/200] Step [0/8] Loss: 6.7898 Bio: 0.6943 GateEnt: nan GateDiv: nan
Epoch [6/200] Total Loss: 53.9648
Epoch [7/200] Step [0/8] Loss: 6.6945 Bio: 0.6276 GateEnt: nan GateDiv: nan
Epoch [7/200] Total Loss: 53.9005
Epoch [8/200] Step [0/8] Loss: 6.7691 Bio: 0.9003 GateEnt: nan GateDiv: nan
Epoch [8/200] Total Loss: 53.8190
Epoch [9/200] Step [0/8] Loss: 6.6150 Bio: 0.8383 GateEnt: nan GateDiv: nan
Epoch [9/200] Total Loss: 53.1824
Epoch [10/200] Step [0/8] Loss: 6.5735 Bio: 0.9552 GateEnt: nan GateDiv: nan
Epoch [10/200] Total Loss: 52.3809
Epoch [11/200] Step [0/8] Loss: 6.4991 Bio: 0.9748 GateEnt: nan GateDiv: nan
Epoch [11/200] Total Loss: 51.5509
Epoch [12/200] Step [0/8] Loss: 6.2706 Bio: 0.8509 GateEnt: nan GateDiv: nan
Epoch [12/200] Total Loss: 50.5389
Epoch [13/200] Step [0/8] Loss: 6.4953 Bio: 0.8541 GateEnt: nan GateDiv: nan
Epoch [13/200] Total Loss: 51.5205
Epoch [14/200] Step [0/8] Loss: 6.3189 Bio: 0.8508 GateEnt: nan GateDiv: nan
Epoch [14/200] Total Loss: 50.6579
Epoch [15/200] Step [0/8] Loss: 6.3621 Bio: 0.8388 GateEnt: nan GateDiv: nan
Epoch [15/200] Total Loss: 50.8300
Epoch [16/200] Step [0/8] Loss: 6.4320 Bio: 0.7512 GateEnt: nan GateDiv: nan
Epoch [16/200] Total Loss: 50.7188
Epoch [17/200] Step [0/8] Loss: 6.3833 Bio: 0.7221 GateEnt: nan GateDiv: nan
Epoch [17/200] Total Loss: 50.4058
Epoch [18/200] Step [0/8] Loss: 6.2487 Bio: 0.8335 GateEnt: nan GateDiv: nan
Epoch [18/200] Total Loss: 50.2704
Epoch [19/200] Step [0/8] Loss: 6.3009 Bio: 0.7718 GateEnt: nan GateDiv: nan
Epoch [19/200] Total Loss: 50.2741
Epoch [20/200] Step [0/8] Loss: 6.2221 Bio: 0.7204 GateEnt: nan GateDiv: nan
Epoch [20/200] Total Loss: 49.9311
Epoch [21/200] Step [0/8] Loss: 6.2902 Bio: 0.8508 GateEnt: nan GateDiv: nan
Epoch [21/200] Total Loss: 49.8414
Epoch [22/200] Step [0/8] Loss: 6.0128 Bio: 0.8728 GateEnt: nan GateDiv: nan
Epoch [22/200] Total Loss: 49.3427
Epoch [23/200] Step [0/8] Loss: 6.1900 Bio: 0.8342 GateEnt: nan GateDiv: nan
Epoch [23/200] Total Loss: 49.6135
Epoch [24/200] Step [0/8] Loss: 6.1234 Bio: 0.8630 GateEnt: nan GateDiv: nan
Epoch [24/200] Total Loss: 49.5297
Epoch [25/200] Step [0/8] Loss: 6.2913 Bio: 0.8696 GateEnt: nan GateDiv: nan
Epoch [25/200] Total Loss: 48.7950
Epoch [26/200] Step [0/8] Loss: 6.1487 Bio: 0.6339 GateEnt: nan GateDiv: nan
Epoch [26/200] Total Loss: 49.3320
Epoch [27/200] Step [0/8] Loss: 6.0818 Bio: 0.7694 GateEnt: nan GateDiv: nan
Epoch [27/200] Total Loss: 49.3597
Epoch [28/200] Step [0/8] Loss: 6.1958 Bio: 0.7929 GateEnt: nan GateDiv: nan
Epoch [28/200] Total Loss: 49.4108
Epoch [29/200] Step [0/8] Loss: 6.0274 Bio: 0.7188 GateEnt: nan GateDiv: nan
Epoch [29/200] Total Loss: 49.2227
Epoch [30/200] Step [0/8] Loss: 6.2606 Bio: 0.7335 GateEnt: nan GateDiv: nan
Epoch [30/200] Total Loss: 49.2769
Epoch [31/200] Step [0/8] Loss: 6.1419 Bio: 0.6794 GateEnt: nan GateDiv: nan
Epoch [31/200] Total Loss: 49.2038
Epoch [32/200] Step [0/8] Loss: 6.1327 Bio: 0.7215 GateEnt: nan GateDiv: nan
Epoch [32/200] Total Loss: 49.0690
Epoch [33/200] Step [0/8] Loss: 6.0243 Bio: 0.7738 GateEnt: nan GateDiv: nan
Epoch [33/200] Total Loss: 49.6037
Epoch [34/200] Step [0/8] Loss: 6.2326 Bio: 1.0001 GateEnt: nan GateDiv: nan
Epoch [34/200] Total Loss: 49.0968
Epoch [35/200] Step [0/8] Loss: 6.3109 Bio: 0.6484 GateEnt: nan GateDiv: nan
Epoch [35/200] Total Loss: 49.1071
Epoch [36/200] Step [0/8] Loss: 5.9526 Bio: 0.6636 GateEnt: nan GateDiv: nan
Epoch [36/200] Total Loss: 49.2741
Epoch [37/200] Step [0/8] Loss: 6.1334 Bio: 0.8048 GateEnt: nan GateDiv: nan
Epoch [37/200] Total Loss: 48.7688
Epoch [38/200] Step [0/8] Loss: 5.9190 Bio: 0.5930 GateEnt: nan GateDiv: nan
Epoch [38/200] Total Loss: 48.4829
Epoch [39/200] Step [0/8] Loss: 6.2928 Bio: 0.7992 GateEnt: nan GateDiv: nan
Epoch [39/200] Total Loss: 49.6657
Epoch [40/200] Step [0/8] Loss: 6.1579 Bio: 0.7874 GateEnt: nan GateDiv: nan
Epoch [40/200] Total Loss: 48.3414
Epoch [41/200] Step [0/8] Loss: 6.1592 Bio: 0.6662 GateEnt: nan GateDiv: nan
Epoch [41/200] Total Loss: 48.5980
Epoch [42/200] Step [0/8] Loss: 6.0187 Bio: 0.8815 GateEnt: nan GateDiv: nan
Epoch [42/200] Total Loss: 48.6144
Epoch [43/200] Step [0/8] Loss: 6.0261 Bio: 0.7805 GateEnt: nan GateDiv: nan
Epoch [43/200] Total Loss: 48.3411
Epoch [44/200] Step [0/8] Loss: 5.9207 Bio: 0.8732 GateEnt: nan GateDiv: nan
Epoch [44/200] Total Loss: 48.0596
Epoch [45/200] Step [0/8] Loss: 6.0575 Bio: 0.7715 GateEnt: nan GateDiv: nan
Epoch [45/200] Total Loss: 48.5772
Epoch [46/200] Step [0/8] Loss: 6.1729 Bio: 0.6908 GateEnt: nan GateDiv: nan
Epoch [46/200] Total Loss: 48.1714
Epoch [47/200] Step [0/8] Loss: 5.8569 Bio: 0.7878 GateEnt: nan GateDiv: nan
Epoch [47/200] Total Loss: 48.2126
Epoch [48/200] Step [0/8] Loss: 6.2172 Bio: 0.7464 GateEnt: nan GateDiv: nan
Epoch [48/200] Total Loss: 48.1029
Epoch [49/200] Step [0/8] Loss: 5.8947 Bio: 0.6615 GateEnt: nan GateDiv: nan
Epoch [49/200] Total Loss: 48.4803
Epoch [50/200] Step [0/8] Loss: 6.0193 Bio: 0.6764 GateEnt: nan GateDiv: nan
Epoch [50/200] Total Loss: 48.6169
Epoch [51/200] Step [0/8] Loss: 5.9646 Bio: 0.7549 GateEnt: nan GateDiv: nan
Epoch [51/200] Total Loss: 48.3653
Epoch [52/200] Step [0/8] Loss: 6.1684 Bio: 0.7751 GateEnt: nan GateDiv: nan
Epoch [52/200] Total Loss: 48.1642
Epoch [53/200] Step [0/8] Loss: 6.1328 Bio: 0.6121 GateEnt: nan GateDiv: nan
Epoch [53/200] Total Loss: 48.7120
Epoch [54/200] Step [0/8] Loss: 5.8625 Bio: 0.5834 GateEnt: nan GateDiv: nan
Epoch [54/200] Total Loss: 47.7824
Epoch [55/200] Step [0/8] Loss: 5.8882 Bio: 0.7011 GateEnt: nan GateDiv: nan
Epoch [55/200] Total Loss: 48.1222
Epoch [56/200] Step [0/8] Loss: 5.7916 Bio: 0.6637 GateEnt: nan GateDiv: nan
Epoch [56/200] Total Loss: 47.8625
Epoch [57/200] Step [0/8] Loss: 6.0010 Bio: 0.6452 GateEnt: nan GateDiv: nan
Epoch [57/200] Total Loss: 47.9487
Epoch [58/200] Step [0/8] Loss: 6.0040 Bio: 0.8291 GateEnt: nan GateDiv: nan
Epoch [58/200] Total Loss: 48.1044
Epoch [59/200] Step [0/8] Loss: 5.8187 Bio: 0.7069 GateEnt: nan GateDiv: nan
Epoch [59/200] Total Loss: 47.4804
Epoch [60/200] Step [0/8] Loss: 6.1318 Bio: 0.6917 GateEnt: nan GateDiv: nan
Epoch [60/200] Total Loss: 48.0846
Epoch [61/200] Step [0/8] Loss: 5.9451 Bio: 0.6990 GateEnt: nan GateDiv: nan
Epoch [61/200] Total Loss: 48.1266
Epoch [62/200] Step [0/8] Loss: 5.8844 Bio: 0.8621 GateEnt: nan GateDiv: nan
Epoch [62/200] Total Loss: 47.3627
Epoch [63/200] Step [0/8] Loss: 5.8798 Bio: 0.7297 GateEnt: nan GateDiv: nan
Epoch [63/200] Total Loss: 47.4882
Epoch [64/200] Step [0/8] Loss: 5.9394 Bio: 0.8583 GateEnt: nan GateDiv: nan
Epoch [64/200] Total Loss: 47.7528
Epoch [65/200] Step [0/8] Loss: 5.8608 Bio: 0.6842 GateEnt: nan GateDiv: nan
Epoch [65/200] Total Loss: 47.7205
Epoch [66/200] Step [0/8] Loss: 5.8534 Bio: 0.8042 GateEnt: nan GateDiv: nan
Epoch [66/200] Total Loss: 47.6714
Epoch [67/200] Step [0/8] Loss: 5.9726 Bio: 0.7449 GateEnt: nan GateDiv: nan
Epoch [67/200] Total Loss: 47.6823
Epoch [68/200] Step [0/8] Loss: 5.7720 Bio: 0.7854 GateEnt: nan GateDiv: nan
Epoch [68/200] Total Loss: 47.5618
Epoch [69/200] Step [0/8] Loss: 5.9830 Bio: 0.7477 GateEnt: nan GateDiv: nan
Epoch [69/200] Total Loss: 46.7995
Epoch [70/200] Step [0/8] Loss: 5.9667 Bio: 0.8387 GateEnt: nan GateDiv: nan
Epoch [70/200] Total Loss: 47.1106
Epoch [71/200] Step [0/8] Loss: 6.0129 Bio: 0.8737 GateEnt: nan GateDiv: nan
Epoch [71/200] Total Loss: 47.2790
Epoch [72/200] Step [0/8] Loss: 5.8921 Bio: 0.8644 GateEnt: nan GateDiv: nan
Epoch [72/200] Total Loss: 46.9726
Epoch [73/200] Step [0/8] Loss: 5.5980 Bio: 0.7220 GateEnt: nan GateDiv: nan
Epoch [73/200] Total Loss: 47.0852
Epoch [74/200] Step [0/8] Loss: 5.8654 Bio: 0.7341 GateEnt: nan GateDiv: nan
Epoch [74/200] Total Loss: 47.4488
Epoch [75/200] Step [0/8] Loss: 5.6792 Bio: 0.6497 GateEnt: nan GateDiv: nan
Epoch [75/200] Total Loss: 47.2462
Epoch [76/200] Step [0/8] Loss: 6.1722 Bio: 0.9445 GateEnt: nan GateDiv: nan
Epoch [76/200] Total Loss: 47.6035
Epoch [77/200] Step [0/8] Loss: 6.1079 Bio: 0.8513 GateEnt: nan GateDiv: nan
Epoch [77/200] Total Loss: 48.0234
Epoch [78/200] Step [0/8] Loss: 5.7409 Bio: 0.8706 GateEnt: nan GateDiv: nan
Epoch [78/200] Total Loss: 47.1098
Epoch [79/200] Step [0/8] Loss: 5.8336 Bio: 0.6850 GateEnt: nan GateDiv: nan
Epoch [79/200] Total Loss: 46.5828
Epoch [80/200] Step [0/8] Loss: 6.0659 Bio: 0.8107 GateEnt: nan GateDiv: nan
Epoch [80/200] Total Loss: 47.0187
Epoch [81/200] Step [0/8] Loss: 5.8755 Bio: 0.7614 GateEnt: nan GateDiv: nan
Epoch [81/200] Total Loss: 47.1991
Epoch [82/200] Step [0/8] Loss: 5.6963 Bio: 0.7158 GateEnt: nan GateDiv: nan
Epoch [82/200] Total Loss: 46.1102
Epoch [83/200] Step [0/8] Loss: 5.8599 Bio: 0.6675 GateEnt: nan GateDiv: nan
Epoch [83/200] Total Loss: 46.7935
Epoch [84/200] Step [0/8] Loss: 5.8700 Bio: 0.7302 GateEnt: nan GateDiv: nan
Epoch [84/200] Total Loss: 47.2971
Epoch [85/200] Step [0/8] Loss: 5.8276 Bio: 0.8420 GateEnt: nan GateDiv: nan
Epoch [85/200] Total Loss: 47.4483
Epoch [86/200] Step [0/8] Loss: 5.7753 Bio: 0.7038 GateEnt: nan GateDiv: nan
Epoch [86/200] Total Loss: 46.3640
Epoch [87/200] Step [0/8] Loss: 5.9790 Bio: 0.7046 GateEnt: nan GateDiv: nan
Epoch [87/200] Total Loss: 46.9589
Epoch [88/200] Step [0/8] Loss: 5.8564 Bio: 0.8220 GateEnt: nan GateDiv: nan
Epoch [88/200] Total Loss: 46.4884
Epoch [89/200] Step [0/8] Loss: 5.6548 Bio: 0.8430 GateEnt: nan GateDiv: nan
Epoch [89/200] Total Loss: 46.2865
Epoch [90/200] Step [0/8] Loss: 5.6829 Bio: 0.7491 GateEnt: nan GateDiv: nan
Epoch [90/200] Total Loss: 46.9968
Epoch [91/200] Step [0/8] Loss: 5.6901 Bio: 0.6142 GateEnt: nan GateDiv: nan
Epoch [91/200] Total Loss: 45.7370
Epoch [92/200] Step [0/8] Loss: 5.7617 Bio: 0.6675 GateEnt: nan GateDiv: nan
Epoch [92/200] Total Loss: 46.7276
Epoch [93/200] Step [0/8] Loss: 5.7720 Bio: 0.8326 GateEnt: nan GateDiv: nan
Epoch [93/200] Total Loss: 46.3931
Epoch [94/200] Step [0/8] Loss: 5.7754 Bio: 0.7340 GateEnt: nan GateDiv: nan
Epoch [94/200] Total Loss: 46.1288
Epoch [95/200] Step [0/8] Loss: 5.9352 Bio: 0.7765 GateEnt: nan GateDiv: nan
Epoch [95/200] Total Loss: 46.3789
Epoch [96/200] Step [0/8] Loss: 5.8279 Bio: 0.6201 GateEnt: nan GateDiv: nan
Epoch [96/200] Total Loss: 46.4839
Epoch [97/200] Step [0/8] Loss: 5.8892 Bio: 0.7219 GateEnt: nan GateDiv: nan
Epoch [97/200] Total Loss: 46.5630
Epoch [98/200] Step [0/8] Loss: 5.8932 Bio: 0.7328 GateEnt: nan GateDiv: nan
Epoch [98/200] Total Loss: 45.9580
Epoch [99/200] Step [0/8] Loss: 5.9153 Bio: 0.6530 GateEnt: nan GateDiv: nan
Epoch [99/200] Total Loss: 45.9960
Epoch [100/200] Step [0/8] Loss: 5.8555 Bio: 0.7003 GateEnt: nan GateDiv: nan
Epoch [100/200] Total Loss: 45.8520
Epoch [101/200] Step [0/8] Loss: 5.7790 Bio: 0.6729 GateEnt: nan GateDiv: nan
Epoch [101/200] Total Loss: 45.8387
Epoch [102/200] Step [0/8] Loss: 5.6876 Bio: 0.7013 GateEnt: nan GateDiv: nan
Epoch [102/200] Total Loss: 46.0286
Epoch [103/200] Step [0/8] Loss: 5.7066 Bio: 0.7338 GateEnt: nan GateDiv: nan
Epoch [103/200] Total Loss: 45.8111
Epoch [104/200] Step [0/8] Loss: 5.8080 Bio: 0.7161 GateEnt: nan GateDiv: nan
Epoch [104/200] Total Loss: 45.5886
Epoch [105/200] Step [0/8] Loss: 5.7751 Bio: 0.7465 GateEnt: nan GateDiv: nan
Epoch [105/200] Total Loss: 45.7402
Epoch [106/200] Step [0/8] Loss: 5.9657 Bio: 0.6882 GateEnt: nan GateDiv: nan
Epoch [106/200] Total Loss: 45.9157
Epoch [107/200] Step [0/8] Loss: 5.8375 Bio: 0.6445 GateEnt: nan GateDiv: nan
Epoch [107/200] Total Loss: 46.3775
Epoch [108/200] Step [0/8] Loss: 5.9078 Bio: 0.7863 GateEnt: nan GateDiv: nan
Epoch [108/200] Total Loss: 45.8737
Epoch [109/200] Step [0/8] Loss: 5.6681 Bio: 0.7427 GateEnt: nan GateDiv: nan
Epoch [109/200] Total Loss: 45.2300
Epoch [110/200] Step [0/8] Loss: 5.6053 Bio: 0.6733 GateEnt: nan GateDiv: nan
Epoch [110/200] Total Loss: 45.2719
Epoch [111/200] Step [0/8] Loss: 5.8044 Bio: 0.6627 GateEnt: nan GateDiv: nan
Epoch [111/200] Total Loss: 45.6707
Epoch [112/200] Step [0/8] Loss: 5.8451 Bio: 0.6009 GateEnt: nan GateDiv: nan
Epoch [112/200] Total Loss: 45.4613
Epoch [113/200] Step [0/8] Loss: 5.7944 Bio: 0.7607 GateEnt: nan GateDiv: nan
Epoch [113/200] Total Loss: 45.1532
Epoch [114/200] Step [0/8] Loss: 5.9152 Bio: 0.6410 GateEnt: nan GateDiv: nan
Epoch [114/200] Total Loss: 45.2178
Epoch [115/200] Step [0/8] Loss: 5.8747 Bio: 0.7074 GateEnt: nan GateDiv: nan
Epoch [115/200] Total Loss: 45.0898
Epoch [116/200] Step [0/8] Loss: 5.5873 Bio: 0.6043 GateEnt: nan GateDiv: nan
Epoch [116/200] Total Loss: 45.6080
Epoch [117/200] Step [0/8] Loss: 5.6014 Bio: 0.8328 GateEnt: nan GateDiv: nan
Epoch [117/200] Total Loss: 45.4208
Epoch [118/200] Step [0/8] Loss: 5.9814 Bio: 0.7616 GateEnt: nan GateDiv: nan
Epoch [118/200] Total Loss: 45.7607
Epoch [119/200] Step [0/8] Loss: 5.5213 Bio: 0.6865 GateEnt: nan GateDiv: nan
Epoch [119/200] Total Loss: 45.7768
Epoch [120/200] Step [0/8] Loss: 5.5753 Bio: 0.6584 GateEnt: nan GateDiv: nan
Epoch [120/200] Total Loss: 45.1508
Epoch [121/200] Step [0/8] Loss: 5.6877 Bio: 0.6207 GateEnt: nan GateDiv: nan
Epoch [121/200] Total Loss: 45.2165
Epoch [122/200] Step [0/8] Loss: 5.7006 Bio: 0.7226 GateEnt: nan GateDiv: nan
Epoch [122/200] Total Loss: 45.6503
Epoch [123/200] Step [0/8] Loss: 5.6623 Bio: 0.6672 GateEnt: nan GateDiv: nan
Epoch [123/200] Total Loss: 45.3030
Epoch [124/200] Step [0/8] Loss: 5.6865 Bio: 0.7152 GateEnt: nan GateDiv: nan
Epoch [124/200] Total Loss: 45.5191
Epoch [125/200] Step [0/8] Loss: 5.8806 Bio: 0.6529 GateEnt: nan GateDiv: nan
Epoch [125/200] Total Loss: 45.4838
Epoch [126/200] Step [0/8] Loss: 5.8209 Bio: 0.6873 GateEnt: nan GateDiv: nan
Epoch [126/200] Total Loss: 45.6250
Epoch [127/200] Step [0/8] Loss: 5.9097 Bio: 0.6410 GateEnt: nan GateDiv: nan
Epoch [127/200] Total Loss: 44.6577
Epoch [128/200] Step [0/8] Loss: 5.8398 Bio: 0.7607 GateEnt: nan GateDiv: nan
Epoch [128/200] Total Loss: 45.2103
Epoch [129/200] Step [0/8] Loss: 5.9476 Bio: 0.5973 GateEnt: nan GateDiv: nan
Epoch [129/200] Total Loss: 45.4790
Epoch [130/200] Step [0/8] Loss: 5.7381 Bio: 0.6336 GateEnt: nan GateDiv: nan
Epoch [130/200] Total Loss: 44.9109
Epoch [131/200] Step [0/8] Loss: 5.6053 Bio: 0.6592 GateEnt: nan GateDiv: nan
Epoch [131/200] Total Loss: 44.8533
Epoch [132/200] Step [0/8] Loss: 5.6337 Bio: 0.6205 GateEnt: nan GateDiv: nan
Epoch [132/200] Total Loss: 45.0276
Epoch [133/200] Step [0/8] Loss: 5.5495 Bio: 0.6983 GateEnt: nan GateDiv: nan
Epoch [133/200] Total Loss: 45.1544
Epoch [134/200] Step [0/8] Loss: 5.7815 Bio: 0.7170 GateEnt: nan GateDiv: nan
Epoch [134/200] Total Loss: 45.1836
Epoch [135/200] Step [0/8] Loss: 5.6801 Bio: 0.6243 GateEnt: nan GateDiv: nan
Epoch [135/200] Total Loss: 45.2052
Epoch [136/200] Step [0/8] Loss: 5.4694 Bio: 0.7225 GateEnt: nan GateDiv: nan
Epoch [136/200] Total Loss: 45.0572
Epoch [137/200] Step [0/8] Loss: 5.7238 Bio: 0.9118 GateEnt: nan GateDiv: nan
Epoch [137/200] Total Loss: 45.2744
Epoch [138/200] Step [0/8] Loss: 5.5475 Bio: 0.6322 GateEnt: nan GateDiv: nan
Epoch [138/200] Total Loss: 44.4070
Epoch [139/200] Step [0/8] Loss: 5.4485 Bio: 0.7466 GateEnt: nan GateDiv: nan
Epoch [139/200] Total Loss: 44.9976
Epoch [140/200] Step [0/8] Loss: 5.6194 Bio: 0.7053 GateEnt: nan GateDiv: nan
Epoch [140/200] Total Loss: 44.8855
Epoch [141/200] Step [0/8] Loss: 5.6883 Bio: 0.5787 GateEnt: nan GateDiv: nan
Epoch [141/200] Total Loss: 44.5739
Epoch [142/200] Step [0/8] Loss: 5.8422 Bio: 0.5784 GateEnt: nan GateDiv: nan
Epoch [142/200] Total Loss: 44.7747
Epoch [143/200] Step [0/8] Loss: 5.6059 Bio: 0.7672 GateEnt: nan GateDiv: nan
Epoch [143/200] Total Loss: 44.5071
Epoch [144/200] Step [0/8] Loss: 5.4694 Bio: 0.6203 GateEnt: nan GateDiv: nan
Epoch [144/200] Total Loss: 44.6256
Epoch [145/200] Step [0/8] Loss: 5.8128 Bio: 0.7552 GateEnt: nan GateDiv: nan
Epoch [145/200] Total Loss: 45.0708
Epoch [146/200] Step [0/8] Loss: 5.5486 Bio: 0.8013 GateEnt: nan GateDiv: nan
Epoch [146/200] Total Loss: 44.3861
Epoch [147/200] Step [0/8] Loss: 5.5334 Bio: 0.7438 GateEnt: nan GateDiv: nan
Epoch [147/200] Total Loss: 44.6192
Epoch [148/200] Step [0/8] Loss: 5.5009 Bio: 0.7251 GateEnt: nan GateDiv: nan
Epoch [148/200] Total Loss: 44.5140
Epoch [149/200] Step [0/8] Loss: 5.4729 Bio: 0.7078 GateEnt: nan GateDiv: nan
Epoch [149/200] Total Loss: 44.5267
Epoch [150/200] Step [0/8] Loss: 5.5055 Bio: 0.7016 GateEnt: nan GateDiv: nan
Epoch [150/200] Total Loss: 45.0363
Epoch [151/200] Step [0/8] Loss: 5.4896 Bio: 0.6540 GateEnt: nan GateDiv: nan
Epoch [151/200] Total Loss: 44.7484
Epoch [152/200] Step [0/8] Loss: 5.4370 Bio: 0.6169 GateEnt: nan GateDiv: nan
Epoch [152/200] Total Loss: 44.4741
Epoch [153/200] Step [0/8] Loss: 5.5683 Bio: 0.8116 GateEnt: nan GateDiv: nan
Epoch [153/200] Total Loss: 44.0733
Epoch [154/200] Step [0/8] Loss: 5.7520 Bio: 0.6179 GateEnt: nan GateDiv: nan
Epoch [154/200] Total Loss: 44.5069
Epoch [155/200] Step [0/8] Loss: 5.4337 Bio: 0.6425 GateEnt: nan GateDiv: nan
Epoch [155/200] Total Loss: 44.3661
Epoch [156/200] Step [0/8] Loss: 5.5229 Bio: 0.7985 GateEnt: nan GateDiv: nan
Epoch [156/200] Total Loss: 44.3758
Epoch [157/200] Step [0/8] Loss: 5.5212 Bio: 0.7570 GateEnt: nan GateDiv: nan
Epoch [157/200] Total Loss: 44.2335
Epoch [158/200] Step [0/8] Loss: 5.5046 Bio: 0.6771 GateEnt: nan GateDiv: nan
Epoch [158/200] Total Loss: 44.3195
Epoch [159/200] Step [0/8] Loss: 5.6530 Bio: 0.7862 GateEnt: nan GateDiv: nan
Epoch [159/200] Total Loss: 44.2652
Epoch [160/200] Step [0/8] Loss: 5.6855 Bio: 0.6416 GateEnt: nan GateDiv: nan
Epoch [160/200] Total Loss: 43.9836
Epoch [161/200] Step [0/8] Loss: 5.4757 Bio: 0.5888 GateEnt: nan GateDiv: nan
Epoch [161/200] Total Loss: 44.3571
Epoch [162/200] Step [0/8] Loss: 5.5947 Bio: 0.4989 GateEnt: nan GateDiv: nan
Epoch [162/200] Total Loss: 44.6932
Epoch [163/200] Step [0/8] Loss: 5.3603 Bio: 0.6102 GateEnt: nan GateDiv: nan
Epoch [163/200] Total Loss: 44.5878
Epoch [164/200] Step [0/8] Loss: 5.4411 Bio: 0.7190 GateEnt: nan GateDiv: nan
Epoch [164/200] Total Loss: 43.9626
Epoch [165/200] Step [0/8] Loss: 5.6446 Bio: 0.7443 GateEnt: nan GateDiv: nan
Epoch [165/200] Total Loss: 44.1490
Epoch [166/200] Step [0/8] Loss: 5.4797 Bio: 0.5986 GateEnt: nan GateDiv: nan
Epoch [166/200] Total Loss: 44.2013
Epoch [167/200] Step [0/8] Loss: 5.4465 Bio: 0.6338 GateEnt: nan GateDiv: nan
Epoch [167/200] Total Loss: 44.4577
Epoch [168/200] Step [0/8] Loss: 5.6246 Bio: 0.7448 GateEnt: nan GateDiv: nan
Epoch [168/200] Total Loss: 44.0083
Epoch [169/200] Step [0/8] Loss: 5.6194 Bio: 0.6211 GateEnt: nan GateDiv: nan
Epoch [169/200] Total Loss: 43.8277
Epoch [170/200] Step [0/8] Loss: 5.5340 Bio: 0.6208 GateEnt: nan GateDiv: nan
Epoch [170/200] Total Loss: 44.0790
Epoch [171/200] Step [0/8] Loss: 5.5178 Bio: 0.5870 GateEnt: nan GateDiv: nan
Epoch [171/200] Total Loss: 43.6269
Epoch [172/200] Step [0/8] Loss: 5.3213 Bio: 0.6799 GateEnt: nan GateDiv: nan
Epoch [172/200] Total Loss: 43.7190
Epoch [173/200] Step [0/8] Loss: 5.6770 Bio: 0.7101 GateEnt: nan GateDiv: nan
Epoch [173/200] Total Loss: 44.2919
Epoch [174/200] Step [0/8] Loss: 5.4448 Bio: 0.7129 GateEnt: nan GateDiv: nan
Epoch [174/200] Total Loss: 44.3161
Epoch [175/200] Step [0/8] Loss: 5.4566 Bio: 0.6689 GateEnt: nan GateDiv: nan
Epoch [175/200] Total Loss: 44.1686
Epoch [176/200] Step [0/8] Loss: 5.4317 Bio: 0.6164 GateEnt: nan GateDiv: nan
Epoch [176/200] Total Loss: 44.2180
Epoch [177/200] Step [0/8] Loss: 5.5952 Bio: 0.7704 GateEnt: nan GateDiv: nan
Epoch [177/200] Total Loss: 44.0702
Epoch [178/200] Step [0/8] Loss: 5.4961 Bio: 0.6832 GateEnt: nan GateDiv: nan
Epoch [178/200] Total Loss: 43.9964
Epoch [179/200] Step [0/8] Loss: 5.6526 Bio: 0.6333 GateEnt: nan GateDiv: nan
Epoch [179/200] Total Loss: 43.7268
Epoch [180/200] Step [0/8] Loss: 5.7433 Bio: 0.5702 GateEnt: nan GateDiv: nan
Epoch [180/200] Total Loss: 43.4002
Epoch [181/200] Step [0/8] Loss: 5.3636 Bio: 0.6242 GateEnt: nan GateDiv: nan
Epoch [181/200] Total Loss: 44.2695
Epoch [182/200] Step [0/8] Loss: 5.4773 Bio: 0.8390 GateEnt: nan GateDiv: nan
Epoch [182/200] Total Loss: 43.5513
Epoch [183/200] Step [0/8] Loss: 5.4431 Bio: 0.5601 GateEnt: nan GateDiv: nan
Epoch [183/200] Total Loss: 44.0077
Epoch [184/200] Step [0/8] Loss: 5.3151 Bio: 0.6896 GateEnt: nan GateDiv: nan
Epoch [184/200] Total Loss: 43.5388
Epoch [185/200] Step [0/8] Loss: 5.4495 Bio: 0.8099 GateEnt: nan GateDiv: nan
Epoch [185/200] Total Loss: 43.6246
Epoch [186/200] Step [0/8] Loss: 5.2359 Bio: 0.5945 GateEnt: nan GateDiv: nan
Epoch [186/200] Total Loss: 43.6788
Epoch [187/200] Step [0/8] Loss: 5.3741 Bio: 0.6670 GateEnt: nan GateDiv: nan
Epoch [187/200] Total Loss: 44.0574
Epoch [188/200] Step [0/8] Loss: 5.4876 Bio: 0.7536 GateEnt: nan GateDiv: nan
Epoch [188/200] Total Loss: 43.6738
Epoch [189/200] Step [0/8] Loss: 5.4200 Bio: 0.6253 GateEnt: nan GateDiv: nan
Epoch [189/200] Total Loss: 43.4729
Epoch [190/200] Step [0/8] Loss: 5.4813 Bio: 0.6906 GateEnt: nan GateDiv: nan
Epoch [190/200] Total Loss: 43.8042
Epoch [191/200] Step [0/8] Loss: 5.4147 Bio: 0.6367 GateEnt: nan GateDiv: nan
Epoch [191/200] Total Loss: 43.6355
Epoch [192/200] Step [0/8] Loss: 5.5037 Bio: 0.6521 GateEnt: nan GateDiv: nan
Epoch [192/200] Total Loss: 43.7641
Epoch [193/200] Step [0/8] Loss: 5.4484 Bio: 0.8543 GateEnt: nan GateDiv: nan
Epoch [193/200] Total Loss: 43.8035
Epoch [194/200] Step [0/8] Loss: 5.3390 Bio: 0.6013 GateEnt: nan GateDiv: nan
Epoch [194/200] Total Loss: 43.2792
Epoch [195/200] Step [0/8] Loss: 5.3775 Bio: 0.6724 GateEnt: nan GateDiv: nan
Epoch [195/200] Total Loss: 43.6026
Epoch [196/200] Step [0/8] Loss: 5.6076 Bio: 0.6979 GateEnt: nan GateDiv: nan
Epoch [196/200] Total Loss: 43.6694
Epoch [197/200] Step [0/8] Loss: 5.5277 Bio: 0.6856 GateEnt: nan GateDiv: nan
Epoch [197/200] Total Loss: 43.3359
Epoch [198/200] Step [0/8] Loss: 5.4040 Bio: 0.5644 GateEnt: nan GateDiv: nan
Epoch [198/200] Total Loss: 43.9963
Epoch [199/200] Step [0/8] Loss: 5.6294 Bio: 0.5500 GateEnt: nan GateDiv: nan
Epoch [199/200] Total Loss: 43.6843

=== Loss Summary ===
  Epoch   1: 54.9560
  Epoch  51: 48.6169
  Epoch 101: 45.8520
  Epoch 151: 45.0363
  Epoch 200: 43.6843
  Delta (last 25% = 50 ep): -1.3520
  If delta > -1.0, model has converged
linear training complete.
=== DONE Mon Aug 31 01:43:33 PM EDT 2026 ===
