[dataloader] No bio_anchor_file specified — loading omics only
4
Epoch [0/600]	 Step [0/16]	 Loss: 6.0738
Epoch [0/600] Loss: 97.12563943862915
Epoch [1/600]	 Step [0/16]	 Loss: 6.0740
Epoch [1/600] Loss: 97.10921335220337
Epoch [2/600]	 Step [0/16]	 Loss: 6.0731
Epoch [2/600] Loss: 97.09755897521973
Epoch [3/600]	 Step [0/16]	 Loss: 6.0736
Epoch [3/600] Loss: 97.05070495605469
Epoch [4/600]	 Step [0/16]	 Loss: 6.0628
Epoch [4/600] Loss: 96.63517665863037
Epoch [5/600]	 Step [0/16]	 Loss: 6.0757
Epoch [5/600] Loss: 96.73989391326904
Epoch [6/600]	 Step [0/16]	 Loss: 6.0301
Epoch [6/600] Loss: 95.54469871520996
Epoch [7/600]	 Step [0/16]	 Loss: 6.0560
Epoch [7/600] Loss: 95.07790756225586
Epoch [8/600]	 Step [0/16]	 Loss: 5.5327
Epoch [8/600] Loss: 93.58376264572144
Epoch [9/600]	 Step [0/16]	 Loss: 5.6721
Epoch [9/600] Loss: 93.05956840515137
Epoch [10/600]	 Step [0/16]	 Loss: 5.7578
Epoch [10/600] Loss: 91.42298412322998
Epoch [11/600]	 Step [0/16]	 Loss: 5.6585
Epoch [11/600] Loss: 91.00916767120361
Epoch [12/600]	 Step [0/16]	 Loss: 5.8121
Epoch [12/600] Loss: 91.3248062133789
Epoch [13/600]	 Step [0/16]	 Loss: 5.4165
Epoch [13/600] Loss: 91.077157497406
Epoch [14/600]	 Step [0/16]	 Loss: 5.7391
Epoch [14/600] Loss: 89.86364269256592
Epoch [15/600]	 Step [0/16]	 Loss: 5.6186
Epoch [15/600] Loss: 89.9504280090332
Epoch [16/600]	 Step [0/16]	 Loss: 5.3147
Epoch [16/600] Loss: 89.42215824127197
Epoch [17/600]	 Step [0/16]	 Loss: 5.3765
Epoch [17/600] Loss: 88.40267848968506
Epoch [18/600]	 Step [0/16]	 Loss: 5.2541
Epoch [18/600] Loss: 87.82416248321533
Epoch [19/600]	 Step [0/16]	 Loss: 5.5799
Epoch [19/600] Loss: 88.40120363235474
Epoch [20/600]	 Step [0/16]	 Loss: 5.3933
Epoch [20/600] Loss: 88.68564891815186
Epoch [21/600]	 Step [0/16]	 Loss: 5.3737
Epoch [21/600] Loss: 88.59868907928467
Epoch [22/600]	 Step [0/16]	 Loss: 5.8801
Epoch [22/600] Loss: 87.46412467956543
Epoch [23/600]	 Step [0/16]	 Loss: 5.0384
Epoch [23/600] Loss: 88.23716068267822
Epoch [24/600]	 Step [0/16]	 Loss: 5.4925
Epoch [24/600] Loss: 88.58287382125854
Epoch [25/600]	 Step [0/16]	 Loss: 5.8026
Epoch [25/600] Loss: 87.7283878326416
Epoch [26/600]	 Step [0/16]	 Loss: 5.9389
Epoch [26/600] Loss: 86.50566864013672
Epoch [27/600]	 Step [0/16]	 Loss: 5.1550
Epoch [27/600] Loss: 87.45547437667847
Epoch [28/600]	 Step [0/16]	 Loss: 5.2617
Epoch [28/600] Loss: 86.49789190292358
Epoch [29/600]	 Step [0/16]	 Loss: 5.5456
Epoch [29/600] Loss: 88.20696783065796
Epoch [30/600]	 Step [0/16]	 Loss: 5.1941
Epoch [30/600] Loss: 86.66219520568848
Epoch [31/600]	 Step [0/16]	 Loss: 5.2976
Epoch [31/600] Loss: 85.4167366027832
Epoch [32/600]	 Step [0/16]	 Loss: 5.1823
Epoch [32/600] Loss: 85.87690353393555
Epoch [33/600]	 Step [0/16]	 Loss: 5.3703
Epoch [33/600] Loss: 86.46613788604736
Epoch [34/600]	 Step [0/16]	 Loss: 5.5438
Epoch [34/600] Loss: 86.18133878707886
Epoch [35/600]	 Step [0/16]	 Loss: 5.1874
Epoch [35/600] Loss: 86.78840255737305
Epoch [36/600]	 Step [0/16]	 Loss: 5.3982
Epoch [36/600] Loss: 87.66706609725952
Epoch [37/600]	 Step [0/16]	 Loss: 5.1157
Epoch [37/600] Loss: 86.00950527191162
Epoch [38/600]	 Step [0/16]	 Loss: 5.5212
Epoch [38/600] Loss: 85.14606857299805
Epoch [39/600]	 Step [0/16]	 Loss: 5.1108
Epoch [39/600] Loss: 85.14834785461426
Epoch [40/600]	 Step [0/16]	 Loss: 5.4511
Epoch [40/600] Loss: 86.28961372375488
Epoch [41/600]	 Step [0/16]	 Loss: 5.3596
Epoch [41/600] Loss: 86.38454246520996
Epoch [42/600]	 Step [0/16]	 Loss: 5.7717
Epoch [42/600] Loss: 85.18297910690308
Epoch [43/600]	 Step [0/16]	 Loss: 5.1846
Epoch [43/600] Loss: 85.98352766036987
Epoch [44/600]	 Step [0/16]	 Loss: 5.5003
Epoch [44/600] Loss: 85.37779664993286
Epoch [45/600]	 Step [0/16]	 Loss: 5.4551
Epoch [45/600] Loss: 86.49621629714966
Epoch [46/600]	 Step [0/16]	 Loss: 5.4550
Epoch [46/600] Loss: 85.89207124710083
Epoch [47/600]	 Step [0/16]	 Loss: 5.5135
Epoch [47/600] Loss: 85.02814483642578
Epoch [48/600]	 Step [0/16]	 Loss: 5.5192
Epoch [48/600] Loss: 83.70203638076782
Epoch [49/600]	 Step [0/16]	 Loss: 5.2120
Epoch [49/600] Loss: 85.29141283035278
Epoch [50/600]	 Step [0/16]	 Loss: 4.9499
Epoch [50/600] Loss: 85.02653551101685
Epoch [51/600]	 Step [0/16]	 Loss: 5.3121
Epoch [51/600] Loss: 85.61312198638916
Epoch [52/600]	 Step [0/16]	 Loss: 5.2248
Epoch [52/600] Loss: 84.94554090499878
Epoch [53/600]	 Step [0/16]	 Loss: 5.2757
Epoch [53/600] Loss: 83.8975191116333
Epoch [54/600]	 Step [0/16]	 Loss: 5.0862
Epoch [54/600] Loss: 84.08575296401978
Epoch [55/600]	 Step [0/16]	 Loss: 5.2672
Epoch [55/600] Loss: 83.59212923049927
Epoch [56/600]	 Step [0/16]	 Loss: 5.0518
Epoch [56/600] Loss: 84.42262125015259
Epoch [57/600]	 Step [0/16]	 Loss: 5.3192
Epoch [57/600] Loss: 85.1494779586792
Epoch [58/600]	 Step [0/16]	 Loss: 5.2955
Epoch [58/600] Loss: 84.13872146606445
Epoch [59/600]	 Step [0/16]	 Loss: 5.2781
Epoch [59/600] Loss: 85.4130744934082
Epoch [60/600]	 Step [0/16]	 Loss: 5.3715
Epoch [60/600] Loss: 84.9638237953186
Epoch [61/600]	 Step [0/16]	 Loss: 5.3570
Epoch [61/600] Loss: 83.54293823242188
Epoch [62/600]	 Step [0/16]	 Loss: 5.3690
Epoch [62/600] Loss: 84.78959274291992
Epoch [63/600]	 Step [0/16]	 Loss: 5.1293
Epoch [63/600] Loss: 84.00490093231201
Epoch [64/600]	 Step [0/16]	 Loss: 5.1934
Epoch [64/600] Loss: 83.3827223777771
Epoch [65/600]	 Step [0/16]	 Loss: 5.3256
Epoch [65/600] Loss: 84.07459497451782
Epoch [66/600]	 Step [0/16]	 Loss: 4.9683
Epoch [66/600] Loss: 83.37925434112549
Epoch [67/600]	 Step [0/16]	 Loss: 5.3602
Epoch [67/600] Loss: 83.89559745788574
Epoch [68/600]	 Step [0/16]	 Loss: 5.1669
Epoch [68/600] Loss: 82.80961418151855
Epoch [69/600]	 Step [0/16]	 Loss: 5.0134
Epoch [69/600] Loss: 83.09534168243408
Epoch [70/600]	 Step [0/16]	 Loss: 5.4048
Epoch [70/600] Loss: 84.40321207046509
Epoch [71/600]	 Step [0/16]	 Loss: 5.4214
Epoch [71/600] Loss: 84.37410688400269
Epoch [72/600]	 Step [0/16]	 Loss: 5.1782
Epoch [72/600] Loss: 82.53102397918701
Epoch [73/600]	 Step [0/16]	 Loss: 4.8894
Epoch [73/600] Loss: 84.40460252761841
Epoch [74/600]	 Step [0/16]	 Loss: 5.1440
Epoch [74/600] Loss: 82.55614471435547
Epoch [75/600]	 Step [0/16]	 Loss: 4.9138
Epoch [75/600] Loss: 82.64170360565186
Epoch [76/600]	 Step [0/16]	 Loss: 5.1658
Epoch [76/600] Loss: 83.43142461776733
Epoch [77/600]	 Step [0/16]	 Loss: 5.1153
Epoch [77/600] Loss: 81.31866502761841
Epoch [78/600]	 Step [0/16]	 Loss: 5.5127
Epoch [78/600] Loss: 83.2264895439148
Epoch [79/600]	 Step [0/16]	 Loss: 5.3319
Epoch [79/600] Loss: 83.14301538467407
Epoch [80/600]	 Step [0/16]	 Loss: 5.1222
Epoch [80/600] Loss: 82.90676736831665
Epoch [81/600]	 Step [0/16]	 Loss: 5.0804
Epoch [81/600] Loss: 83.57548522949219
Epoch [82/600]	 Step [0/16]	 Loss: 5.3830
Epoch [82/600] Loss: 83.42121076583862
Epoch [83/600]	 Step [0/16]	 Loss: 5.2431
Epoch [83/600] Loss: 82.48800563812256
Epoch [84/600]	 Step [0/16]	 Loss: 4.8659
Epoch [84/600] Loss: 82.66446590423584
Epoch [85/600]	 Step [0/16]	 Loss: 5.1507
Epoch [85/600] Loss: 83.47088623046875
Epoch [86/600]	 Step [0/16]	 Loss: 5.4733
Epoch [86/600] Loss: 83.69848394393921
Epoch [87/600]	 Step [0/16]	 Loss: 5.5837
Epoch [87/600] Loss: 85.1559042930603
Epoch [88/600]	 Step [0/16]	 Loss: 5.2655
Epoch [88/600] Loss: 82.98071908950806
Epoch [89/600]	 Step [0/16]	 Loss: 4.9809
Epoch [89/600] Loss: 82.40667581558228
Epoch [90/600]	 Step [0/16]	 Loss: 5.0144
Epoch [90/600] Loss: 82.76876258850098
Epoch [91/600]	 Step [0/16]	 Loss: 4.8862
Epoch [91/600] Loss: 82.07661628723145
Epoch [92/600]	 Step [0/16]	 Loss: 5.2605
Epoch [92/600] Loss: 82.51777267456055
Epoch [93/600]	 Step [0/16]	 Loss: 4.9464
Epoch [93/600] Loss: 82.33093500137329
Epoch [94/600]	 Step [0/16]	 Loss: 5.2732
Epoch [94/600] Loss: 83.0211853981018
Epoch [95/600]	 Step [0/16]	 Loss: 5.1412
Epoch [95/600] Loss: 81.85128593444824
Epoch [96/600]	 Step [0/16]	 Loss: 5.0546
Epoch [96/600] Loss: 81.5986180305481
Epoch [97/600]	 Step [0/16]	 Loss: 5.0799
Epoch [97/600] Loss: 82.47474670410156
Epoch [98/600]	 Step [0/16]	 Loss: 5.0394
Epoch [98/600] Loss: 83.29327487945557
Epoch [99/600]	 Step [0/16]	 Loss: 5.2091
Epoch [99/600] Loss: 82.25810527801514
Epoch [100/600]	 Step [0/16]	 Loss: 5.1785
Epoch [100/600] Loss: 84.18732261657715
Epoch [101/600]	 Step [0/16]	 Loss: 5.0443
Epoch [101/600] Loss: 82.70396757125854
Epoch [102/600]	 Step [0/16]	 Loss: 4.9218
Epoch [102/600] Loss: 82.68228101730347
Epoch [103/600]	 Step [0/16]	 Loss: 5.4455
Epoch [103/600] Loss: 83.7450647354126
Epoch [104/600]	 Step [0/16]	 Loss: 5.1598
Epoch [104/600] Loss: 82.12414360046387
Epoch [105/600]	 Step [0/16]	 Loss: 5.0920
Epoch [105/600] Loss: 81.83815622329712
Epoch [106/600]	 Step [0/16]	 Loss: 5.1048
Epoch [106/600] Loss: 82.14034175872803
Epoch [107/600]	 Step [0/16]	 Loss: 5.1050
Epoch [107/600] Loss: 82.67634105682373
Epoch [108/600]	 Step [0/16]	 Loss: 5.2387
Epoch [108/600] Loss: 83.1722559928894
Epoch [109/600]	 Step [0/16]	 Loss: 4.9778
Epoch [109/600] Loss: 81.40954923629761
Epoch [110/600]	 Step [0/16]	 Loss: 4.9272
Epoch [110/600] Loss: 81.83338785171509
Epoch [111/600]	 Step [0/16]	 Loss: 4.8767
Epoch [111/600] Loss: 82.4777102470398
Epoch [112/600]	 Step [0/16]	 Loss: 5.3882
Epoch [112/600] Loss: 81.93099212646484
Epoch [113/600]	 Step [0/16]	 Loss: 5.0887
Epoch [113/600] Loss: 82.37527704238892
Epoch [114/600]	 Step [0/16]	 Loss: 4.9809
Epoch [114/600] Loss: 81.96859645843506
Epoch [115/600]	 Step [0/16]	 Loss: 5.2174
Epoch [115/600] Loss: 82.55226993560791
Epoch [116/600]	 Step [0/16]	 Loss: 5.5558
Epoch [116/600] Loss: 83.19923114776611
Epoch [117/600]	 Step [0/16]	 Loss: 5.2679
Epoch [117/600] Loss: 81.73302412033081
Epoch [118/600]	 Step [0/16]	 Loss: 5.2314
Epoch [118/600] Loss: 82.45569896697998
Epoch [119/600]	 Step [0/16]	 Loss: 5.2344
Epoch [119/600] Loss: 82.48044204711914
Epoch [120/600]	 Step [0/16]	 Loss: 4.7502
Epoch [120/600] Loss: 81.92927885055542
Epoch [121/600]	 Step [0/16]	 Loss: 4.8147
Epoch [121/600] Loss: 81.9056248664856
Epoch [122/600]	 Step [0/16]	 Loss: 4.8792
Epoch [122/600] Loss: 80.23858118057251
Epoch [123/600]	 Step [0/16]	 Loss: 5.4730
Epoch [123/600] Loss: 81.19337606430054
Epoch [124/600]	 Step [0/16]	 Loss: 5.3105
Epoch [124/600] Loss: 81.9147801399231
Epoch [125/600]	 Step [0/16]	 Loss: 5.5799
Epoch [125/600] Loss: 81.05772495269775
Epoch [126/600]	 Step [0/16]	 Loss: 4.9810
Epoch [126/600] Loss: 81.52637100219727
Epoch [127/600]	 Step [0/16]	 Loss: 5.1048
Epoch [127/600] Loss: 81.0280499458313
Epoch [128/600]	 Step [0/16]	 Loss: 5.0658
Epoch [128/600] Loss: 81.41286993026733
Epoch [129/600]	 Step [0/16]	 Loss: 4.9339
Epoch [129/600] Loss: 80.76795148849487
Epoch [130/600]	 Step [0/16]	 Loss: 5.2066
Epoch [130/600] Loss: 81.96898078918457
Epoch [131/600]	 Step [0/16]	 Loss: 4.8902
Epoch [131/600] Loss: 81.41781377792358
Epoch [132/600]	 Step [0/16]	 Loss: 5.2522
Epoch [132/600] Loss: 80.77712059020996
Epoch [133/600]	 Step [0/16]	 Loss: 5.0236
Epoch [133/600] Loss: 80.02314376831055
Epoch [134/600]	 Step [0/16]	 Loss: 5.0674
Epoch [134/600] Loss: 79.24887418746948
Epoch [135/600]	 Step [0/16]	 Loss: 5.0279
Epoch [135/600] Loss: 79.73850631713867
Epoch [136/600]	 Step [0/16]	 Loss: 5.2819
Epoch [136/600] Loss: 82.54793071746826
Epoch [137/600]	 Step [0/16]	 Loss: 5.1725
Epoch [137/600] Loss: 80.37143135070801
Epoch [138/600]	 Step [0/16]	 Loss: 5.1584
Epoch [138/600] Loss: 80.39312314987183
Epoch [139/600]	 Step [0/16]	 Loss: 5.0180
Epoch [139/600] Loss: 80.86224937438965
Epoch [140/600]	 Step [0/16]	 Loss: 5.1071
Epoch [140/600] Loss: 80.18645238876343
Epoch [141/600]	 Step [0/16]	 Loss: 4.8452
Epoch [141/600] Loss: 81.14471530914307
Epoch [142/600]	 Step [0/16]	 Loss: 5.1228
Epoch [142/600] Loss: 80.15981245040894
Epoch [143/600]	 Step [0/16]	 Loss: 4.8801
Epoch [143/600] Loss: 79.61283254623413
Epoch [144/600]	 Step [0/16]	 Loss: 4.9639
Epoch [144/600] Loss: 79.68646287918091
Epoch [145/600]	 Step [0/16]	 Loss: 5.2091
Epoch [145/600] Loss: 80.55935764312744
Epoch [146/600]	 Step [0/16]	 Loss: 4.8312
Epoch [146/600] Loss: 80.7464017868042
Epoch [147/600]	 Step [0/16]	 Loss: 4.8905
Epoch [147/600] Loss: 79.14114141464233
Epoch [148/600]	 Step [0/16]	 Loss: 5.1370
Epoch [148/600] Loss: 80.52596473693848
Epoch [149/600]	 Step [0/16]	 Loss: 5.1689
Epoch [149/600] Loss: 81.46384334564209
Epoch [150/600]	 Step [0/16]	 Loss: 5.0475
Epoch [150/600] Loss: 80.47024536132812
Epoch [151/600]	 Step [0/16]	 Loss: 5.0851
Epoch [151/600] Loss: 79.52121782302856
Epoch [152/600]	 Step [0/16]	 Loss: 4.9704
Epoch [152/600] Loss: 80.45477104187012
Epoch [153/600]	 Step [0/16]	 Loss: 4.6136
Epoch [153/600] Loss: 79.71477127075195
Epoch [154/600]	 Step [0/16]	 Loss: 4.9429
Epoch [154/600] Loss: 78.63266181945801
Epoch [155/600]	 Step [0/16]	 Loss: 4.6562
Epoch [155/600] Loss: 79.2124285697937
Epoch [156/600]	 Step [0/16]	 Loss: 5.0155
Epoch [156/600] Loss: 79.410560131073
Epoch [157/600]	 Step [0/16]	 Loss: 5.0386
Epoch [157/600] Loss: 80.60331392288208
Epoch [158/600]	 Step [0/16]	 Loss: 4.7060
Epoch [158/600] Loss: 78.78647184371948
Epoch [159/600]	 Step [0/16]	 Loss: 4.7529
Epoch [159/600] Loss: 79.05359411239624
Epoch [160/600]	 Step [0/16]	 Loss: 4.9513
Epoch [160/600] Loss: 79.18269538879395
Epoch [161/600]	 Step [0/16]	 Loss: 4.8550
Epoch [161/600] Loss: 78.98675489425659
Epoch [162/600]	 Step [0/16]	 Loss: 4.8633
Epoch [162/600] Loss: 79.522696018219
Epoch [163/600]	 Step [0/16]	 Loss: 4.8157
Epoch [163/600] Loss: 78.57674980163574
Epoch [164/600]	 Step [0/16]	 Loss: 4.6176
Epoch [164/600] Loss: 77.63826274871826
Epoch [165/600]	 Step [0/16]	 Loss: 4.8319
Epoch [165/600] Loss: 79.30084562301636
Epoch [166/600]	 Step [0/16]	 Loss: 4.8141
Epoch [166/600] Loss: 77.97162246704102
Epoch [167/600]	 Step [0/16]	 Loss: 4.8437
Epoch [167/600] Loss: 78.49734258651733
Epoch [168/600]	 Step [0/16]	 Loss: 4.9917
Epoch [168/600] Loss: 79.26030826568604
Epoch [169/600]	 Step [0/16]	 Loss: 5.0316
Epoch [169/600] Loss: 77.72033500671387
Epoch [170/600]	 Step [0/16]	 Loss: 5.1692
Epoch [170/600] Loss: 77.82923650741577
Epoch [171/600]	 Step [0/16]	 Loss: 4.8077
Epoch [171/600] Loss: 77.77939558029175
Epoch [172/600]	 Step [0/16]	 Loss: 4.9035
Epoch [172/600] Loss: 78.57296800613403
Epoch [173/600]	 Step [0/16]	 Loss: 5.1884
Epoch [173/600] Loss: 78.02283191680908
Epoch [174/600]	 Step [0/16]	 Loss: 4.7730
Epoch [174/600] Loss: 78.37902021408081
Epoch [175/600]	 Step [0/16]	 Loss: 4.5215
Epoch [175/600] Loss: 78.15916776657104
Epoch [176/600]	 Step [0/16]	 Loss: 5.1414
Epoch [176/600] Loss: 78.26931381225586
Epoch [177/600]	 Step [0/16]	 Loss: 4.5507
Epoch [177/600] Loss: 77.16163730621338
Epoch [178/600]	 Step [0/16]	 Loss: 4.6318
Epoch [178/600] Loss: 77.68265151977539
Epoch [179/600]	 Step [0/16]	 Loss: 4.9300
Epoch [179/600] Loss: 76.81988096237183
Epoch [180/600]	 Step [0/16]	 Loss: 4.9687
Epoch [180/600] Loss: 77.88590574264526
Epoch [181/600]	 Step [0/16]	 Loss: 4.9647
Epoch [181/600] Loss: 77.06299781799316
Epoch [182/600]	 Step [0/16]	 Loss: 4.9681
Epoch [182/600] Loss: 77.85951566696167
Epoch [183/600]	 Step [0/16]	 Loss: 5.1719
Epoch [183/600] Loss: 77.71137428283691
Epoch [184/600]	 Step [0/16]	 Loss: 4.9373
Epoch [184/600] Loss: 77.43158292770386
Epoch [185/600]	 Step [0/16]	 Loss: 4.7897
Epoch [185/600] Loss: 77.68873739242554
Epoch [186/600]	 Step [0/16]	 Loss: 4.6804
Epoch [186/600] Loss: 78.12382507324219
Epoch [187/600]	 Step [0/16]	 Loss: 4.6145
Epoch [187/600] Loss: 77.31774187088013
Epoch [188/600]	 Step [0/16]	 Loss: 5.0176
Epoch [188/600] Loss: 78.48086547851562
Epoch [189/600]	 Step [0/16]	 Loss: 5.0515
Epoch [189/600] Loss: 78.93684434890747
Epoch [190/600]	 Step [0/16]	 Loss: 5.0757
Epoch [190/600] Loss: 78.26985025405884
Epoch [191/600]	 Step [0/16]	 Loss: 5.0738
Epoch [191/600] Loss: 77.41701459884644
Epoch [192/600]	 Step [0/16]	 Loss: 4.9214
Epoch [192/600] Loss: 77.10568284988403
Epoch [193/600]	 Step [0/16]	 Loss: 4.9812
Epoch [193/600] Loss: 76.7904691696167
Epoch [194/600]	 Step [0/16]	 Loss: 4.8424
Epoch [194/600] Loss: 76.6995210647583
Epoch [195/600]	 Step [0/16]	 Loss: 4.9283
Epoch [195/600] Loss: 77.06330108642578
Epoch [196/600]	 Step [0/16]	 Loss: 4.5486
Epoch [196/600] Loss: 77.65287113189697
Epoch [197/600]	 Step [0/16]	 Loss: 4.8941
Epoch [197/600] Loss: 77.23396444320679
Epoch [198/600]	 Step [0/16]	 Loss: 5.2858
Epoch [198/600] Loss: 79.18650007247925
Epoch [199/600]	 Step [0/16]	 Loss: 5.1121
Epoch [199/600] Loss: 77.72640657424927
Epoch [200/600]	 Step [0/16]	 Loss: 4.6605
Epoch [200/600] Loss: 77.03677558898926
Epoch [201/600]	 Step [0/16]	 Loss: 4.5882
Epoch [201/600] Loss: 76.72307348251343
Epoch [202/600]	 Step [0/16]	 Loss: 5.1457
Epoch [202/600] Loss: 76.3618426322937
Epoch [203/600]	 Step [0/16]	 Loss: 4.4744
Epoch [203/600] Loss: 76.66567802429199
Epoch [204/600]	 Step [0/16]	 Loss: 4.4688
Epoch [204/600] Loss: 77.58350563049316
Epoch [205/600]	 Step [0/16]	 Loss: 4.4896
Epoch [205/600] Loss: 76.36841678619385
Epoch [206/600]	 Step [0/16]	 Loss: 4.8796
Epoch [206/600] Loss: 77.02444982528687
Epoch [207/600]	 Step [0/16]	 Loss: 4.7434
Epoch [207/600] Loss: 77.36778450012207
Epoch [208/600]	 Step [0/16]	 Loss: 4.9183
Epoch [208/600] Loss: 78.21042108535767
Epoch [209/600]	 Step [0/16]	 Loss: 4.7765
Epoch [209/600] Loss: 76.57396268844604
Epoch [210/600]	 Step [0/16]	 Loss: 4.7086
Epoch [210/600] Loss: 76.54704284667969
Epoch [211/600]	 Step [0/16]	 Loss: 4.7758
Epoch [211/600] Loss: 76.68504190444946
Epoch [212/600]	 Step [0/16]	 Loss: 4.7036
Epoch [212/600] Loss: 77.01295471191406
Epoch [213/600]	 Step [0/16]	 Loss: 4.8802
Epoch [213/600] Loss: 76.55674505233765
Epoch [214/600]	 Step [0/16]	 Loss: 4.7971
Epoch [214/600] Loss: 76.17770767211914
Epoch [215/600]	 Step [0/16]	 Loss: 4.9691
Epoch [215/600] Loss: 77.76865720748901
Epoch [216/600]	 Step [0/16]	 Loss: 5.1121
Epoch [216/600] Loss: 76.80067205429077
Epoch [217/600]	 Step [0/16]	 Loss: 4.5690
Epoch [217/600] Loss: 76.47319078445435
Epoch [218/600]	 Step [0/16]	 Loss: 4.9352
Epoch [218/600] Loss: 77.49622535705566
Epoch [219/600]	 Step [0/16]	 Loss: 4.4509
Epoch [219/600] Loss: 75.30563402175903
Epoch [220/600]	 Step [0/16]	 Loss: 5.5529
Epoch [220/600] Loss: 77.30815076828003
Epoch [221/600]	 Step [0/16]	 Loss: 4.9246
Epoch [221/600] Loss: 76.20851850509644
Epoch [222/600]	 Step [0/16]	 Loss: 4.4811
Epoch [222/600] Loss: 76.94863176345825
Epoch [223/600]	 Step [0/16]	 Loss: 4.9547
Epoch [223/600] Loss: 76.9454517364502
Epoch [224/600]	 Step [0/16]	 Loss: 4.4059
Epoch [224/600] Loss: 75.49194383621216
Epoch [225/600]	 Step [0/16]	 Loss: 4.7201
Epoch [225/600] Loss: 76.43640756607056
Epoch [226/600]	 Step [0/16]	 Loss: 4.8510
Epoch [226/600] Loss: 75.91752862930298
Epoch [227/600]	 Step [0/16]	 Loss: 4.8412
Epoch [227/600] Loss: 75.69886541366577
Epoch [228/600]	 Step [0/16]	 Loss: 4.7844
Epoch [228/600] Loss: 76.59392833709717
Epoch [229/600]	 Step [0/16]	 Loss: 4.8041
Epoch [229/600] Loss: 77.14827251434326
Epoch [230/600]	 Step [0/16]	 Loss: 4.4715
Epoch [230/600] Loss: 76.21462774276733
Epoch [231/600]	 Step [0/16]	 Loss: 4.5990
Epoch [231/600] Loss: 75.3009991645813
Epoch [232/600]	 Step [0/16]	 Loss: 4.6746
Epoch [232/600] Loss: 75.07075500488281
Epoch [233/600]	 Step [0/16]	 Loss: 4.7093
Epoch [233/600] Loss: 76.41961288452148
Epoch [234/600]	 Step [0/16]	 Loss: 4.6430
Epoch [234/600] Loss: 75.74968719482422
Epoch [235/600]	 Step [0/16]	 Loss: 4.6728
Epoch [235/600] Loss: 76.06567573547363
Epoch [236/600]	 Step [0/16]	 Loss: 5.3136
Epoch [236/600] Loss: 76.40341281890869
Epoch [237/600]	 Step [0/16]	 Loss: 4.9687
Epoch [237/600] Loss: 76.16221570968628
Epoch [238/600]	 Step [0/16]	 Loss: 4.6322
Epoch [238/600] Loss: 76.5431137084961
Epoch [239/600]	 Step [0/16]	 Loss: 4.7676
Epoch [239/600] Loss: 75.0676531791687
Epoch [240/600]	 Step [0/16]	 Loss: 4.7217
Epoch [240/600] Loss: 76.95089387893677
Epoch [241/600]	 Step [0/16]	 Loss: 4.7072
Epoch [241/600] Loss: 76.10613346099854
Epoch [242/600]	 Step [0/16]	 Loss: 4.7123
Epoch [242/600] Loss: 75.84172773361206
Epoch [243/600]	 Step [0/16]	 Loss: 4.8568
Epoch [243/600] Loss: 75.3527603149414
Epoch [244/600]	 Step [0/16]	 Loss: 4.4377
Epoch [244/600] Loss: 75.16116046905518
Epoch [245/600]	 Step [0/16]	 Loss: 4.8238
Epoch [245/600] Loss: 75.68421649932861
Epoch [246/600]	 Step [0/16]	 Loss: 4.4993
Epoch [246/600] Loss: 76.58453130722046
Epoch [247/600]	 Step [0/16]	 Loss: 4.6232
Epoch [247/600] Loss: 75.51732158660889
Epoch [248/600]	 Step [0/16]	 Loss: 4.7372
Epoch [248/600] Loss: 74.10786056518555
Epoch [249/600]	 Step [0/16]	 Loss: 4.8291
Epoch [249/600] Loss: 76.82805395126343
Epoch [250/600]	 Step [0/16]	 Loss: 4.5915
Epoch [250/600] Loss: 74.80087757110596
Epoch [251/600]	 Step [0/16]	 Loss: 4.9995
Epoch [251/600] Loss: 76.08191967010498
Epoch [252/600]	 Step [0/16]	 Loss: 4.7068
Epoch [252/600] Loss: 76.02703666687012
Epoch [253/600]	 Step [0/16]	 Loss: 4.9123
Epoch [253/600] Loss: 75.10145711898804
Epoch [254/600]	 Step [0/16]	 Loss: 4.9683
Epoch [254/600] Loss: 76.3451600074768
Epoch [255/600]	 Step [0/16]	 Loss: 4.5886
Epoch [255/600] Loss: 75.33488416671753
Epoch [256/600]	 Step [0/16]	 Loss: 4.9230
Epoch [256/600] Loss: 75.86394500732422
Epoch [257/600]	 Step [0/16]	 Loss: 4.6278
Epoch [257/600] Loss: 75.51861619949341
Epoch [258/600]	 Step [0/16]	 Loss: 4.7809
Epoch [258/600] Loss: 74.76057434082031
Epoch [259/600]	 Step [0/16]	 Loss: 4.6239
Epoch [259/600] Loss: 76.03258657455444
Epoch [260/600]	 Step [0/16]	 Loss: 4.6643
Epoch [260/600] Loss: 75.09991645812988
Epoch [261/600]	 Step [0/16]	 Loss: 4.4369
Epoch [261/600] Loss: 74.66168594360352
Epoch [262/600]	 Step [0/16]	 Loss: 4.6128
Epoch [262/600] Loss: 75.11650800704956
Epoch [263/600]	 Step [0/16]	 Loss: 4.7864
Epoch [263/600] Loss: 76.5251612663269
Epoch [264/600]	 Step [0/16]	 Loss: 4.9179
Epoch [264/600] Loss: 75.05533790588379
Epoch [265/600]	 Step [0/16]	 Loss: 4.6988
Epoch [265/600] Loss: 75.0292911529541
Epoch [266/600]	 Step [0/16]	 Loss: 4.5761
Epoch [266/600] Loss: 75.77970123291016
Epoch [267/600]	 Step [0/16]	 Loss: 4.5568
Epoch [267/600] Loss: 74.44430685043335
Epoch [268/600]	 Step [0/16]	 Loss: 4.5185
Epoch [268/600] Loss: 74.41053533554077
Epoch [269/600]	 Step [0/16]	 Loss: 4.5816
Epoch [269/600] Loss: 75.44277477264404
Epoch [270/600]	 Step [0/16]	 Loss: 4.5374
Epoch [270/600] Loss: 74.47223424911499
Epoch [271/600]	 Step [0/16]	 Loss: 4.5666
Epoch [271/600] Loss: 75.24634742736816
Epoch [272/600]	 Step [0/16]	 Loss: 4.7994
Epoch [272/600] Loss: 74.52919864654541
Epoch [273/600]	 Step [0/16]	 Loss: 4.4425
Epoch [273/600] Loss: 74.30936431884766
Epoch [274/600]	 Step [0/16]	 Loss: 4.4498
Epoch [274/600] Loss: 74.43850326538086
Epoch [275/600]	 Step [0/16]	 Loss: 4.4160
Epoch [275/600] Loss: 73.52434015274048
Epoch [276/600]	 Step [0/16]	 Loss: 4.6870
Epoch [276/600] Loss: 74.12753677368164
Epoch [277/600]	 Step [0/16]	 Loss: 4.7586
Epoch [277/600] Loss: 75.40256690979004
Epoch [278/600]	 Step [0/16]	 Loss: 5.1832
Epoch [278/600] Loss: 75.94487714767456
Epoch [279/600]	 Step [0/16]	 Loss: 4.5403
Epoch [279/600] Loss: 73.92601251602173
Epoch [280/600]	 Step [0/16]	 Loss: 4.5261
Epoch [280/600] Loss: 74.8494815826416
Epoch [281/600]	 Step [0/16]	 Loss: 4.7562
Epoch [281/600] Loss: 74.584885597229
Epoch [282/600]	 Step [0/16]	 Loss: 4.7648
Epoch [282/600] Loss: 75.04920196533203
Epoch [283/600]	 Step [0/16]	 Loss: 4.5568
Epoch [283/600] Loss: 74.33489418029785
Epoch [284/600]	 Step [0/16]	 Loss: 4.5615
Epoch [284/600] Loss: 73.8985710144043
Epoch [285/600]	 Step [0/16]	 Loss: 4.5984
Epoch [285/600] Loss: 74.51519441604614
Epoch [286/600]	 Step [0/16]	 Loss: 4.5887
Epoch [286/600] Loss: 75.38061714172363
Epoch [287/600]	 Step [0/16]	 Loss: 4.7210
Epoch [287/600] Loss: 74.50828742980957
Epoch [288/600]	 Step [0/16]	 Loss: 4.8539
Epoch [288/600] Loss: 74.71950674057007
Epoch [289/600]	 Step [0/16]	 Loss: 4.5005
Epoch [289/600] Loss: 73.9727692604065
Epoch [290/600]	 Step [0/16]	 Loss: 5.1664
Epoch [290/600] Loss: 73.90542888641357
Epoch [291/600]	 Step [0/16]	 Loss: 4.6253
Epoch [291/600] Loss: 73.87934875488281
Epoch [292/600]	 Step [0/16]	 Loss: 4.9476
Epoch [292/600] Loss: 74.82886266708374
Epoch [293/600]	 Step [0/16]	 Loss: 4.9130
Epoch [293/600] Loss: 75.49530267715454
Epoch [294/600]	 Step [0/16]	 Loss: 4.5103
Epoch [294/600] Loss: 73.37707853317261
Epoch [295/600]	 Step [0/16]	 Loss: 4.7793
Epoch [295/600] Loss: 73.67628908157349
Epoch [296/600]	 Step [0/16]	 Loss: 4.9030
Epoch [296/600] Loss: 73.3490743637085
Epoch [297/600]	 Step [0/16]	 Loss: 4.4137
Epoch [297/600] Loss: 74.16068935394287
Epoch [298/600]	 Step [0/16]	 Loss: 4.7279
Epoch [298/600] Loss: 74.4724063873291
Epoch [299/600]	 Step [0/16]	 Loss: 4.6506
Epoch [299/600] Loss: 74.1401162147522
Epoch [300/600]	 Step [0/16]	 Loss: 4.6612
Epoch [300/600] Loss: 74.67151403427124
Epoch [301/600]	 Step [0/16]	 Loss: 4.9332
Epoch [301/600] Loss: 73.94318437576294
Epoch [302/600]	 Step [0/16]	 Loss: 4.2810
Epoch [302/600] Loss: 73.6172742843628
Epoch [303/600]	 Step [0/16]	 Loss: 4.8444
Epoch [303/600] Loss: 74.49090194702148
Epoch [304/600]	 Step [0/16]	 Loss: 4.8556
Epoch [304/600] Loss: 74.71876859664917
Epoch [305/600]	 Step [0/16]	 Loss: 4.4274
Epoch [305/600] Loss: 75.4866852760315
Epoch [306/600]	 Step [0/16]	 Loss: 4.3384
Epoch [306/600] Loss: 73.2652325630188
Epoch [307/600]	 Step [0/16]	 Loss: 4.4886
Epoch [307/600] Loss: 74.03485822677612
Epoch [308/600]	 Step [0/16]	 Loss: 4.5518
Epoch [308/600] Loss: 73.30034112930298
Epoch [309/600]	 Step [0/16]	 Loss: 4.4816
Epoch [309/600] Loss: 74.14645528793335
Epoch [310/600]	 Step [0/16]	 Loss: 4.4856
Epoch [310/600] Loss: 73.45036172866821
Epoch [311/600]	 Step [0/16]	 Loss: 5.0032
Epoch [311/600] Loss: 74.17076587677002
Epoch [312/600]	 Step [0/16]	 Loss: 4.4566
Epoch [312/600] Loss: 73.4158296585083
Epoch [313/600]	 Step [0/16]	 Loss: 4.2616
Epoch [313/600] Loss: 73.17406511306763
Epoch [314/600]	 Step [0/16]	 Loss: 4.7482
Epoch [314/600] Loss: 74.58108329772949
Epoch [315/600]	 Step [0/16]	 Loss: 4.6564
Epoch [315/600] Loss: 74.14127683639526
Epoch [316/600]	 Step [0/16]	 Loss: 4.7372
Epoch [316/600] Loss: 74.21065664291382
Epoch [317/600]	 Step [0/16]	 Loss: 4.6897
Epoch [317/600] Loss: 74.85016870498657
Epoch [318/600]	 Step [0/16]	 Loss: 4.4048
Epoch [318/600] Loss: 73.01745891571045
Epoch [319/600]	 Step [0/16]	 Loss: 4.5663
Epoch [319/600] Loss: 73.10836219787598
Epoch [320/600]	 Step [0/16]	 Loss: 4.5716
Epoch [320/600] Loss: 73.50372409820557
Epoch [321/600]	 Step [0/16]	 Loss: 4.6219
Epoch [321/600] Loss: 74.24056816101074
Epoch [322/600]	 Step [0/16]	 Loss: 4.2690
Epoch [322/600] Loss: 72.8056321144104
Epoch [323/600]	 Step [0/16]	 Loss: 4.5078
Epoch [323/600] Loss: 75.07564449310303
Epoch [324/600]	 Step [0/16]	 Loss: 4.5100
Epoch [324/600] Loss: 73.68866872787476
Epoch [325/600]	 Step [0/16]	 Loss: 4.4015
Epoch [325/600] Loss: 73.76520252227783
Epoch [326/600]	 Step [0/16]	 Loss: 4.5433
Epoch [326/600] Loss: 73.79850244522095
Epoch [327/600]	 Step [0/16]	 Loss: 4.6026
Epoch [327/600] Loss: 73.2616696357727
Epoch [328/600]	 Step [0/16]	 Loss: 4.5310
Epoch [328/600] Loss: 73.91174125671387
Epoch [329/600]	 Step [0/16]	 Loss: 4.7356
Epoch [329/600] Loss: 72.62362575531006
Epoch [330/600]	 Step [0/16]	 Loss: 4.6645
Epoch [330/600] Loss: 73.40380859375
Epoch [331/600]	 Step [0/16]	 Loss: 4.7459
Epoch [331/600] Loss: 73.55282878875732
Epoch [332/600]	 Step [0/16]	 Loss: 4.8143
Epoch [332/600] Loss: 73.56662702560425
Epoch [333/600]	 Step [0/16]	 Loss: 4.7196
Epoch [333/600] Loss: 73.77734470367432
Epoch [334/600]	 Step [0/16]	 Loss: 4.5964
Epoch [334/600] Loss: 74.18793153762817
Epoch [335/600]	 Step [0/16]	 Loss: 4.4474
Epoch [335/600] Loss: 73.38382863998413
Epoch [336/600]	 Step [0/16]	 Loss: 4.5248
Epoch [336/600] Loss: 72.71296167373657
Epoch [337/600]	 Step [0/16]	 Loss: 4.5236
Epoch [337/600] Loss: 73.43632888793945
Epoch [338/600]	 Step [0/16]	 Loss: 5.0846
Epoch [338/600] Loss: 74.01470375061035
Epoch [339/600]	 Step [0/16]	 Loss: 4.4045
Epoch [339/600] Loss: 73.78826808929443
Epoch [340/600]	 Step [0/16]	 Loss: 4.6552
Epoch [340/600] Loss: 73.17053174972534
Epoch [341/600]	 Step [0/16]	 Loss: 4.4364
Epoch [341/600] Loss: 73.43893384933472
Epoch [342/600]	 Step [0/16]	 Loss: 4.8230
Epoch [342/600] Loss: 74.08769845962524
Epoch [343/600]	 Step [0/16]	 Loss: 4.5522
Epoch [343/600] Loss: 73.79512739181519
Epoch [344/600]	 Step [0/16]	 Loss: 4.3903
Epoch [344/600] Loss: 73.27054119110107
Epoch [345/600]	 Step [0/16]	 Loss: 4.8344
Epoch [345/600] Loss: 73.8542685508728
Epoch [346/600]	 Step [0/16]	 Loss: 4.7102
Epoch [346/600] Loss: 73.52781629562378
Epoch [347/600]	 Step [0/16]	 Loss: 5.1399
Epoch [347/600] Loss: 73.17894983291626
Epoch [348/600]	 Step [0/16]	 Loss: 4.3520
Epoch [348/600] Loss: 73.00896835327148
Epoch [349/600]	 Step [0/16]	 Loss: 4.5910
Epoch [349/600] Loss: 73.07896709442139
Epoch [350/600]	 Step [0/16]	 Loss: 4.9276
Epoch [350/600] Loss: 73.58559703826904
Epoch [351/600]	 Step [0/16]	 Loss: 4.5008
Epoch [351/600] Loss: 73.85333824157715
Epoch [352/600]	 Step [0/16]	 Loss: 4.6873
Epoch [352/600] Loss: 73.45970630645752
Epoch [353/600]	 Step [0/16]	 Loss: 4.9276
Epoch [353/600] Loss: 72.98215103149414
Epoch [354/600]	 Step [0/16]	 Loss: 4.4368
Epoch [354/600] Loss: 73.47025394439697
Epoch [355/600]	 Step [0/16]	 Loss: 4.2916
Epoch [355/600] Loss: 73.87686395645142
Epoch [356/600]	 Step [0/16]	 Loss: 4.5663
Epoch [356/600] Loss: 73.33162069320679
Epoch [357/600]	 Step [0/16]	 Loss: 4.5734
Epoch [357/600] Loss: 71.4922685623169
Epoch [358/600]	 Step [0/16]	 Loss: 4.3008
Epoch [358/600] Loss: 73.59187984466553
Epoch [359/600]	 Step [0/16]	 Loss: 5.0418
Epoch [359/600] Loss: 74.08447647094727
Epoch [360/600]	 Step [0/16]	 Loss: 4.8483
Epoch [360/600] Loss: 72.99506521224976
Epoch [361/600]	 Step [0/16]	 Loss: 4.5617
Epoch [361/600] Loss: 75.23708868026733
Epoch [362/600]	 Step [0/16]	 Loss: 4.5075
Epoch [362/600] Loss: 72.41028881072998
Epoch [363/600]	 Step [0/16]	 Loss: 4.4814
Epoch [363/600] Loss: 73.10481643676758
Epoch [364/600]	 Step [0/16]	 Loss: 4.5513
Epoch [364/600] Loss: 73.21518421173096
Epoch [365/600]	 Step [0/16]	 Loss: 4.4351
Epoch [365/600] Loss: 74.44558382034302
Epoch [366/600]	 Step [0/16]	 Loss: 4.4827
Epoch [366/600] Loss: 73.24843406677246
Epoch [367/600]	 Step [0/16]	 Loss: 4.5368
Epoch [367/600] Loss: 73.08527565002441
Epoch [368/600]	 Step [0/16]	 Loss: 4.6647
Epoch [368/600] Loss: 72.63748931884766
Epoch [369/600]	 Step [0/16]	 Loss: 4.8405
Epoch [369/600] Loss: 74.26908349990845
Epoch [370/600]	 Step [0/16]	 Loss: 4.3390
Epoch [370/600] Loss: 73.0723443031311
Epoch [371/600]	 Step [0/16]	 Loss: 4.5236
Epoch [371/600] Loss: 73.28359603881836
Epoch [372/600]	 Step [0/16]	 Loss: 4.3473
Epoch [372/600] Loss: 72.96003246307373
Epoch [373/600]	 Step [0/16]	 Loss: 4.7956
Epoch [373/600] Loss: 72.67979860305786
Epoch [374/600]	 Step [0/16]	 Loss: 4.5260
Epoch [374/600] Loss: 72.2080945968628
Epoch [375/600]	 Step [0/16]	 Loss: 4.4610
Epoch [375/600] Loss: 72.10173845291138
Epoch [376/600]	 Step [0/16]	 Loss: 4.7561
Epoch [376/600] Loss: 73.28653621673584
Epoch [377/600]	 Step [0/16]	 Loss: 4.3721
Epoch [377/600] Loss: 72.82581615447998
Epoch [378/600]	 Step [0/16]	 Loss: 4.7899
Epoch [378/600] Loss: 73.06943702697754
Epoch [379/600]	 Step [0/16]	 Loss: 4.5999
Epoch [379/600] Loss: 72.62186098098755
Epoch [380/600]	 Step [0/16]	 Loss: 4.2642
Epoch [380/600] Loss: 72.7028431892395
Epoch [381/600]	 Step [0/16]	 Loss: 4.5013
Epoch [381/600] Loss: 72.72487306594849
Epoch [382/600]	 Step [0/16]	 Loss: 4.5570
Epoch [382/600] Loss: 74.39868593215942
Epoch [383/600]	 Step [0/16]	 Loss: 4.6456
Epoch [383/600] Loss: 73.12224054336548
Epoch [384/600]	 Step [0/16]	 Loss: 4.4582
Epoch [384/600] Loss: 75.00742053985596
Epoch [385/600]	 Step [0/16]	 Loss: 4.5737
Epoch [385/600] Loss: 72.72271919250488
Epoch [386/600]	 Step [0/16]	 Loss: 4.6581
Epoch [386/600] Loss: 74.00179100036621
Epoch [387/600]	 Step [0/16]	 Loss: 4.5685
Epoch [387/600] Loss: 72.6188440322876
Epoch [388/600]	 Step [0/16]	 Loss: 4.6587
Epoch [388/600] Loss: 74.11412763595581
Epoch [389/600]	 Step [0/16]	 Loss: 4.8930
Epoch [389/600] Loss: 73.01502752304077
Epoch [390/600]	 Step [0/16]	 Loss: 4.2959
Epoch [390/600] Loss: 72.3962287902832
Epoch [391/600]	 Step [0/16]	 Loss: 4.5059
Epoch [391/600] Loss: 72.21280145645142
Epoch [392/600]	 Step [0/16]	 Loss: 4.3649
Epoch [392/600] Loss: 73.35024452209473
Epoch [393/600]	 Step [0/16]	 Loss: 4.6391
Epoch [393/600] Loss: 74.3570647239685
Epoch [394/600]	 Step [0/16]	 Loss: 4.4994
Epoch [394/600] Loss: 72.477370262146
Epoch [395/600]	 Step [0/16]	 Loss: 4.5149
Epoch [395/600] Loss: 72.69758558273315
Epoch [396/600]	 Step [0/16]	 Loss: 4.4744
Epoch [396/600] Loss: 72.8321385383606
Epoch [397/600]	 Step [0/16]	 Loss: 4.6655
Epoch [397/600] Loss: 72.36462354660034
Epoch [398/600]	 Step [0/16]	 Loss: 4.9176
Epoch [398/600] Loss: 72.84566307067871
Epoch [399/600]	 Step [0/16]	 Loss: 4.3782
Epoch [399/600] Loss: 72.60693693161011
Epoch [400/600]	 Step [0/16]	 Loss: 4.8947
Epoch [400/600] Loss: 72.65469551086426
Epoch [401/600]	 Step [0/16]	 Loss: 4.7075
Epoch [401/600] Loss: 72.09212493896484
Epoch [402/600]	 Step [0/16]	 Loss: 4.6732
Epoch [402/600] Loss: 73.10670375823975
Epoch [403/600]	 Step [0/16]	 Loss: 4.5428
Epoch [403/600] Loss: 72.61490392684937
Epoch [404/600]	 Step [0/16]	 Loss: 4.5625
Epoch [404/600] Loss: 73.6262698173523
Epoch [405/600]	 Step [0/16]	 Loss: 4.7837
Epoch [405/600] Loss: 72.7513861656189
Epoch [406/600]	 Step [0/16]	 Loss: 4.3764
Epoch [406/600] Loss: 72.75991725921631
Epoch [407/600]	 Step [0/16]	 Loss: 4.7960
Epoch [407/600] Loss: 72.69057321548462
Epoch [408/600]	 Step [0/16]	 Loss: 4.5363
Epoch [408/600] Loss: 72.84782075881958
Epoch [409/600]	 Step [0/16]	 Loss: 4.4231
Epoch [409/600] Loss: 72.05645847320557
Epoch [410/600]	 Step [0/16]	 Loss: 4.5990
Epoch [410/600] Loss: 71.58097457885742
Epoch [411/600]	 Step [0/16]	 Loss: 4.9914
Epoch [411/600] Loss: 73.25804853439331
Epoch [412/600]	 Step [0/16]	 Loss: 4.5210
Epoch [412/600] Loss: 72.83932304382324
Epoch [413/600]	 Step [0/16]	 Loss: 4.3690
Epoch [413/600] Loss: 73.02267789840698
Epoch [414/600]	 Step [0/16]	 Loss: 4.4800
Epoch [414/600] Loss: 72.74736261367798
Epoch [415/600]	 Step [0/16]	 Loss: 4.6221
Epoch [415/600] Loss: 72.46590995788574
Epoch [416/600]	 Step [0/16]	 Loss: 4.6558
Epoch [416/600] Loss: 72.1181640625
Epoch [417/600]	 Step [0/16]	 Loss: 4.5659
Epoch [417/600] Loss: 73.29172086715698
Epoch [418/600]	 Step [0/16]	 Loss: 4.5506
Epoch [418/600] Loss: 72.20786762237549
Epoch [419/600]	 Step [0/16]	 Loss: 4.8896
Epoch [419/600] Loss: 72.9812502861023
Epoch [420/600]	 Step [0/16]	 Loss: 4.2078
Epoch [420/600] Loss: 73.7193489074707
Epoch [421/600]	 Step [0/16]	 Loss: 4.3893
Epoch [421/600] Loss: 72.2822995185852
Epoch [422/600]	 Step [0/16]	 Loss: 4.3718
Epoch [422/600] Loss: 72.47014427185059
Epoch [423/600]	 Step [0/16]	 Loss: 4.4047
Epoch [423/600] Loss: 72.41899871826172
Epoch [424/600]	 Step [0/16]	 Loss: 4.4040
Epoch [424/600] Loss: 72.97025537490845
Epoch [425/600]	 Step [0/16]	 Loss: 4.2614
Epoch [425/600] Loss: 72.92041063308716
Epoch [426/600]	 Step [0/16]	 Loss: 4.4436
Epoch [426/600] Loss: 71.91945934295654
Epoch [427/600]	 Step [0/16]	 Loss: 4.5009
Epoch [427/600] Loss: 72.92569065093994
Epoch [428/600]	 Step [0/16]	 Loss: 4.4516
Epoch [428/600] Loss: 72.03312492370605
Epoch [429/600]	 Step [0/16]	 Loss: 4.4154
Epoch [429/600] Loss: 72.60977554321289
Epoch [430/600]	 Step [0/16]	 Loss: 4.1729
Epoch [430/600] Loss: 72.18068933486938
Epoch [431/600]	 Step [0/16]	 Loss: 4.4541
Epoch [431/600] Loss: 73.24879932403564
Epoch [432/600]	 Step [0/16]	 Loss: 4.3179
Epoch [432/600] Loss: 72.62308168411255
Epoch [433/600]	 Step [0/16]	 Loss: 4.6130
Epoch [433/600] Loss: 72.06262254714966
Epoch [434/600]	 Step [0/16]	 Loss: 4.2614
Epoch [434/600] Loss: 73.04520320892334
Epoch [435/600]	 Step [0/16]	 Loss: 4.6639
Epoch [435/600] Loss: 72.42868757247925
Epoch [436/600]	 Step [0/16]	 Loss: 4.4103
Epoch [436/600] Loss: 71.84238624572754
Epoch [437/600]	 Step [0/16]	 Loss: 4.7813
Epoch [437/600] Loss: 72.31374740600586
Epoch [438/600]	 Step [0/16]	 Loss: 4.4701
Epoch [438/600] Loss: 72.30242490768433
Epoch [439/600]	 Step [0/16]	 Loss: 4.5124
Epoch [439/600] Loss: 72.17708015441895
Epoch [440/600]	 Step [0/16]	 Loss: 4.4591
Epoch [440/600] Loss: 72.31467533111572
Epoch [441/600]	 Step [0/16]	 Loss: 4.4003
Epoch [441/600] Loss: 71.77966356277466
Epoch [442/600]	 Step [0/16]	 Loss: 4.6624
Epoch [442/600] Loss: 73.0613465309143
Epoch [443/600]	 Step [0/16]	 Loss: 4.4830
Epoch [443/600] Loss: 71.90272521972656
Epoch [444/600]	 Step [0/16]	 Loss: 4.3359
Epoch [444/600] Loss: 72.10114526748657
Epoch [445/600]	 Step [0/16]	 Loss: 4.3961
Epoch [445/600] Loss: 71.88386487960815
Epoch [446/600]	 Step [0/16]	 Loss: 4.3368
Epoch [446/600] Loss: 71.93080568313599
Epoch [447/600]	 Step [0/16]	 Loss: 4.8312
Epoch [447/600] Loss: 71.45859622955322
Epoch [448/600]	 Step [0/16]	 Loss: 4.5047
Epoch [448/600] Loss: 72.13629913330078
Epoch [449/600]	 Step [0/16]	 Loss: 4.4375
Epoch [449/600] Loss: 71.76580047607422
Epoch [450/600]	 Step [0/16]	 Loss: 4.7656
Epoch [450/600] Loss: 72.67006826400757
Epoch [451/600]	 Step [0/16]	 Loss: 4.6078
Epoch [451/600] Loss: 72.94060564041138
Epoch [452/600]	 Step [0/16]	 Loss: 4.3978
Epoch [452/600] Loss: 71.64976119995117
Epoch [453/600]	 Step [0/16]	 Loss: 4.7667
Epoch [453/600] Loss: 72.4668025970459
Epoch [454/600]	 Step [0/16]	 Loss: 4.6975
Epoch [454/600] Loss: 71.89965343475342
Epoch [455/600]	 Step [0/16]	 Loss: 4.3037
Epoch [455/600] Loss: 72.32272720336914
Epoch [456/600]	 Step [0/16]	 Loss: 4.4075
Epoch [456/600] Loss: 72.21979761123657
Epoch [457/600]	 Step [0/16]	 Loss: 4.3846
Epoch [457/600] Loss: 71.48215341567993
Epoch [458/600]	 Step [0/16]	 Loss: 4.6187
Epoch [458/600] Loss: 71.78630876541138
Epoch [459/600]	 Step [0/16]	 Loss: 4.6827
Epoch [459/600] Loss: 72.17178678512573
Epoch [460/600]	 Step [0/16]	 Loss: 4.6778
Epoch [460/600] Loss: 72.37378263473511
Epoch [461/600]	 Step [0/16]	 Loss: 4.3820
Epoch [461/600] Loss: 72.02100610733032
Epoch [462/600]	 Step [0/16]	 Loss: 4.3372
Epoch [462/600] Loss: 71.99083137512207
Epoch [463/600]	 Step [0/16]	 Loss: 4.8781
Epoch [463/600] Loss: 72.35584497451782
Epoch [464/600]	 Step [0/16]	 Loss: 4.3266
Epoch [464/600] Loss: 72.11591339111328
Epoch [465/600]	 Step [0/16]	 Loss: 4.4487
Epoch [465/600] Loss: 71.71878051757812
Epoch [466/600]	 Step [0/16]	 Loss: 4.3199
Epoch [466/600] Loss: 72.52827882766724
Epoch [467/600]	 Step [0/16]	 Loss: 4.5944
Epoch [467/600] Loss: 71.92017936706543
Epoch [468/600]	 Step [0/16]	 Loss: 4.2681
Epoch [468/600] Loss: 71.85980606079102
Epoch [469/600]	 Step [0/16]	 Loss: 4.5288
Epoch [469/600] Loss: 72.34840488433838
Epoch [470/600]	 Step [0/16]	 Loss: 4.5154
Epoch [470/600] Loss: 71.53340291976929
Epoch [471/600]	 Step [0/16]	 Loss: 4.2273
Epoch [471/600] Loss: 71.87267684936523
Epoch [472/600]	 Step [0/16]	 Loss: 4.5040
Epoch [472/600] Loss: 71.88313436508179
Epoch [473/600]	 Step [0/16]	 Loss: 4.5134
Epoch [473/600] Loss: 73.07470035552979
Epoch [474/600]	 Step [0/16]	 Loss: 4.6520
Epoch [474/600] Loss: 72.35807704925537
Epoch [475/600]	 Step [0/16]	 Loss: 4.7068
Epoch [475/600] Loss: 72.07119846343994
Epoch [476/600]	 Step [0/16]	 Loss: 4.6124
Epoch [476/600] Loss: 71.0091724395752
Epoch [477/600]	 Step [0/16]	 Loss: 4.6936
Epoch [477/600] Loss: 73.43393850326538
Epoch [478/600]	 Step [0/16]	 Loss: 4.6852
Epoch [478/600] Loss: 72.07927417755127
Epoch [479/600]	 Step [0/16]	 Loss: 4.2814
Epoch [479/600] Loss: 72.13420295715332
Epoch [480/600]	 Step [0/16]	 Loss: 4.3205
Epoch [480/600] Loss: 71.41985654830933
Epoch [481/600]	 Step [0/16]	 Loss: 4.3196
Epoch [481/600] Loss: 71.79994106292725
Epoch [482/600]	 Step [0/16]	 Loss: 4.5541
Epoch [482/600] Loss: 71.6370177268982
Epoch [483/600]	 Step [0/16]	 Loss: 4.5684
Epoch [483/600] Loss: 72.30599641799927
Epoch [484/600]	 Step [0/16]	 Loss: 4.4882
Epoch [484/600] Loss: 71.93212652206421
Epoch [485/600]	 Step [0/16]	 Loss: 4.4649
Epoch [485/600] Loss: 71.42026805877686
Epoch [486/600]	 Step [0/16]	 Loss: 4.6464
Epoch [486/600] Loss: 72.18877744674683
Epoch [487/600]	 Step [0/16]	 Loss: 4.5476
Epoch [487/600] Loss: 72.85019111633301
Epoch [488/600]	 Step [0/16]	 Loss: 4.3258
Epoch [488/600] Loss: 71.86948299407959
Epoch [489/600]	 Step [0/16]	 Loss: 4.4295
Epoch [489/600] Loss: 71.36277627944946
Epoch [490/600]	 Step [0/16]	 Loss: 4.2497
Epoch [490/600] Loss: 70.99420070648193
Epoch [491/600]	 Step [0/16]	 Loss: 4.8224
Epoch [491/600] Loss: 72.2736086845398
Epoch [492/600]	 Step [0/16]	 Loss: 4.5971
Epoch [492/600] Loss: 71.5908432006836
Epoch [493/600]	 Step [0/16]	 Loss: 4.4387
Epoch [493/600] Loss: 71.85424900054932
Epoch [494/600]	 Step [0/16]	 Loss: 4.9282
Epoch [494/600] Loss: 72.53652143478394
Epoch [495/600]	 Step [0/16]	 Loss: 4.2151
Epoch [495/600] Loss: 71.19125986099243
Epoch [496/600]	 Step [0/16]	 Loss: 4.6447
Epoch [496/600] Loss: 72.44322299957275
Epoch [497/600]	 Step [0/16]	 Loss: 4.6038
Epoch [497/600] Loss: 71.75182628631592
Epoch [498/600]	 Step [0/16]	 Loss: 4.5627
Epoch [498/600] Loss: 72.15145254135132
Epoch [499/600]	 Step [0/16]	 Loss: 4.6640
Epoch [499/600] Loss: 72.1857180595398
Epoch [500/600]	 Step [0/16]	 Loss: 4.4800
Epoch [500/600] Loss: 71.37853860855103
Epoch [501/600]	 Step [0/16]	 Loss: 4.3641
Epoch [501/600] Loss: 71.53023099899292
Epoch [502/600]	 Step [0/16]	 Loss: 4.5327
Epoch [502/600] Loss: 71.40444660186768
Epoch [503/600]	 Step [0/16]	 Loss: 4.6142
Epoch [503/600] Loss: 71.55116653442383
Epoch [504/600]	 Step [0/16]	 Loss: 4.4559
Epoch [504/600] Loss: 72.89950656890869
Epoch [505/600]	 Step [0/16]	 Loss: 4.2160
Epoch [505/600] Loss: 71.24558019638062
Epoch [506/600]	 Step [0/16]	 Loss: 4.4618
Epoch [506/600] Loss: 70.78547191619873
Epoch [507/600]	 Step [0/16]	 Loss: 4.8320
Epoch [507/600] Loss: 72.05559778213501
Epoch [508/600]	 Step [0/16]	 Loss: 4.5084
Epoch [508/600] Loss: 72.51379156112671
Epoch [509/600]	 Step [0/16]	 Loss: 4.7580
Epoch [509/600] Loss: 71.0325837135315
Epoch [510/600]	 Step [0/16]	 Loss: 4.3359
Epoch [510/600] Loss: 72.73653411865234
Epoch [511/600]	 Step [0/16]	 Loss: 4.3953
Epoch [511/600] Loss: 71.1551103591919
Epoch [512/600]	 Step [0/16]	 Loss: 4.7140
Epoch [512/600] Loss: 72.1122498512268
Epoch [513/600]	 Step [0/16]	 Loss: 4.3443
Epoch [513/600] Loss: 71.67752361297607
Epoch [514/600]	 Step [0/16]	 Loss: 4.3712
Epoch [514/600] Loss: 72.92610311508179
Epoch [515/600]	 Step [0/16]	 Loss: 4.2702
Epoch [515/600] Loss: 71.9329981803894
Epoch [516/600]	 Step [0/16]	 Loss: 4.7113
Epoch [516/600] Loss: 72.52840566635132
Epoch [517/600]	 Step [0/16]	 Loss: 4.5144
Epoch [517/600] Loss: 71.67270708084106
Epoch [518/600]	 Step [0/16]	 Loss: 4.6164
Epoch [518/600] Loss: 72.33813142776489
Epoch [519/600]	 Step [0/16]	 Loss: 4.2573
Epoch [519/600] Loss: 71.10728406906128
Epoch [520/600]	 Step [0/16]	 Loss: 4.6341
Epoch [520/600] Loss: 72.09659099578857
Epoch [521/600]	 Step [0/16]	 Loss: 4.5442
Epoch [521/600] Loss: 72.80616474151611
Epoch [522/600]	 Step [0/16]	 Loss: 4.7667
Epoch [522/600] Loss: 72.55552768707275
Epoch [523/600]	 Step [0/16]	 Loss: 4.3863
Epoch [523/600] Loss: 71.83528184890747
Epoch [524/600]	 Step [0/16]	 Loss: 4.6896
Epoch [524/600] Loss: 71.98030233383179
Epoch [525/600]	 Step [0/16]	 Loss: 4.6386
Epoch [525/600] Loss: 72.83367538452148
Epoch [526/600]	 Step [0/16]	 Loss: 4.2488
Epoch [526/600] Loss: 71.03744840621948
Epoch [527/600]	 Step [0/16]	 Loss: 4.2886
Epoch [527/600] Loss: 71.3356351852417
Epoch [528/600]	 Step [0/16]	 Loss: 4.5255
Epoch [528/600] Loss: 71.81108331680298
Epoch [529/600]	 Step [0/16]	 Loss: 4.3275
Epoch [529/600] Loss: 72.3612494468689
Epoch [530/600]	 Step [0/16]	 Loss: 4.2007
Epoch [530/600] Loss: 71.2084174156189
Epoch [531/600]	 Step [0/16]	 Loss: 4.4072
Epoch [531/600] Loss: 70.59008026123047
Epoch [532/600]	 Step [0/16]	 Loss: 4.5793
Epoch [532/600] Loss: 71.75945568084717
Epoch [533/600]	 Step [0/16]	 Loss: 4.5750
Epoch [533/600] Loss: 71.69250392913818
Epoch [534/600]	 Step [0/16]	 Loss: 4.4506
Epoch [534/600] Loss: 70.74709272384644
Epoch [535/600]	 Step [0/16]	 Loss: 4.0652
Epoch [535/600] Loss: 70.51144313812256
Epoch [536/600]	 Step [0/16]	 Loss: 4.1036
Epoch [536/600] Loss: 70.63928937911987
Epoch [537/600]	 Step [0/16]	 Loss: 4.3519
Epoch [537/600] Loss: 71.38394021987915
Epoch [538/600]	 Step [0/16]	 Loss: 4.4981
Epoch [538/600] Loss: 72.2527232170105
Epoch [539/600]	 Step [0/16]	 Loss: 4.5032
Epoch [539/600] Loss: 71.22538471221924
Epoch [540/600]	 Step [0/16]	 Loss: 4.6105
Epoch [540/600] Loss: 71.51227140426636
Epoch [541/600]	 Step [0/16]	 Loss: 4.6208
Epoch [541/600] Loss: 71.33427238464355
Epoch [542/600]	 Step [0/16]	 Loss: 4.4239
Epoch [542/600] Loss: 72.15942144393921
Epoch [543/600]	 Step [0/16]	 Loss: 4.3653
Epoch [543/600] Loss: 71.35144186019897
Epoch [544/600]	 Step [0/16]	 Loss: 4.4136
Epoch [544/600] Loss: 72.03518581390381
Epoch [545/600]	 Step [0/16]	 Loss: 4.4950
Epoch [545/600] Loss: 71.98603773117065
Epoch [546/600]	 Step [0/16]	 Loss: 4.5089
Epoch [546/600] Loss: 71.03257894515991
Epoch [547/600]	 Step [0/16]	 Loss: 4.4112
Epoch [547/600] Loss: 72.02663850784302
Epoch [548/600]	 Step [0/16]	 Loss: 4.7373
Epoch [548/600] Loss: 72.3264274597168
Epoch [549/600]	 Step [0/16]	 Loss: 4.2802
Epoch [549/600] Loss: 71.77936315536499
Epoch [550/600]	 Step [0/16]	 Loss: 4.4431
Epoch [550/600] Loss: 71.46202278137207
Epoch [551/600]	 Step [0/16]	 Loss: 4.6179
Epoch [551/600] Loss: 71.00948286056519
Epoch [552/600]	 Step [0/16]	 Loss: 4.6511
Epoch [552/600] Loss: 71.10148429870605
Epoch [553/600]	 Step [0/16]	 Loss: 4.3259
Epoch [553/600] Loss: 71.78388404846191
Epoch [554/600]	 Step [0/16]	 Loss: 4.6362
Epoch [554/600] Loss: 71.57192039489746
Epoch [555/600]	 Step [0/16]	 Loss: 4.7711
Epoch [555/600] Loss: 70.73508787155151
Epoch [556/600]	 Step [0/16]	 Loss: 4.6013
Epoch [556/600] Loss: 71.07294845581055
Epoch [557/600]	 Step [0/16]	 Loss: 4.7470
Epoch [557/600] Loss: 71.82615947723389
Epoch [558/600]	 Step [0/16]	 Loss: 4.1679
Epoch [558/600] Loss: 70.7109751701355
Epoch [559/600]	 Step [0/16]	 Loss: 4.4379
Epoch [559/600] Loss: 71.5507698059082
Epoch [560/600]	 Step [0/16]	 Loss: 4.4616
Epoch [560/600] Loss: 73.08939504623413
Epoch [561/600]	 Step [0/16]	 Loss: 4.2638
Epoch [561/600] Loss: 71.5605902671814
Epoch [562/600]	 Step [0/16]	 Loss: 4.7467
Epoch [562/600] Loss: 71.01938819885254
Epoch [563/600]	 Step [0/16]	 Loss: 4.3876
Epoch [563/600] Loss: 71.70342445373535
Epoch [564/600]	 Step [0/16]	 Loss: 4.3695
Epoch [564/600] Loss: 71.06817293167114
Epoch [565/600]	 Step [0/16]	 Loss: 4.2909
Epoch [565/600] Loss: 71.44384098052979
Epoch [566/600]	 Step [0/16]	 Loss: 4.4880
Epoch [566/600] Loss: 71.53869485855103
Epoch [567/600]	 Step [0/16]	 Loss: 4.4378
Epoch [567/600] Loss: 72.31357479095459
Epoch [568/600]	 Step [0/16]	 Loss: 4.3864
Epoch [568/600] Loss: 71.88514423370361
Epoch [569/600]	 Step [0/16]	 Loss: 4.5016
Epoch [569/600] Loss: 70.53084754943848
Epoch [570/600]	 Step [0/16]	 Loss: 4.3161
Epoch [570/600] Loss: 71.74666738510132
Epoch [571/600]	 Step [0/16]	 Loss: 4.1517
Epoch [571/600] Loss: 71.11785888671875
Epoch [572/600]	 Step [0/16]	 Loss: 4.3141
Epoch [572/600] Loss: 70.58800411224365
Epoch [573/600]	 Step [0/16]	 Loss: 4.4391
Epoch [573/600] Loss: 71.2953667640686
Epoch [574/600]	 Step [0/16]	 Loss: 4.5592
Epoch [574/600] Loss: 71.41773462295532
Epoch [575/600]	 Step [0/16]	 Loss: 4.4070
Epoch [575/600] Loss: 70.53905582427979
Epoch [576/600]	 Step [0/16]	 Loss: 4.4908
Epoch [576/600] Loss: 71.38618230819702
Epoch [577/600]	 Step [0/16]	 Loss: 4.4467
Epoch [577/600] Loss: 70.98361921310425
Epoch [578/600]	 Step [0/16]	 Loss: 4.5403
Epoch [578/600] Loss: 70.53188419342041
Epoch [579/600]	 Step [0/16]	 Loss: 4.3323
Epoch [579/600] Loss: 71.52267456054688
Epoch [580/600]	 Step [0/16]	 Loss: 4.4827
Epoch [580/600] Loss: 71.1935863494873
Epoch [581/600]	 Step [0/16]	 Loss: 4.3397
Epoch [581/600] Loss: 70.9083890914917
Epoch [582/600]	 Step [0/16]	 Loss: 4.3519
Epoch [582/600] Loss: 71.16909790039062
Epoch [583/600]	 Step [0/16]	 Loss: 4.2325
Epoch [583/600] Loss: 70.83956336975098
Epoch [584/600]	 Step [0/16]	 Loss: 4.4842
Epoch [584/600] Loss: 71.4395694732666
Epoch [585/600]	 Step [0/16]	 Loss: 4.3332
Epoch [585/600] Loss: 70.39697980880737
Epoch [586/600]	 Step [0/16]	 Loss: 4.3573
Epoch [586/600] Loss: 71.64197063446045
Epoch [587/600]	 Step [0/16]	 Loss: 4.4762
Epoch [587/600] Loss: 71.77850341796875
Epoch [588/600]	 Step [0/16]	 Loss: 4.7904
Epoch [588/600] Loss: 70.2823257446289
Epoch [589/600]	 Step [0/16]	 Loss: 4.4733
Epoch [589/600] Loss: 70.75247955322266
Epoch [590/600]	 Step [0/16]	 Loss: 4.2755
Epoch [590/600] Loss: 70.01256275177002
Epoch [591/600]	 Step [0/16]	 Loss: 4.4998
Epoch [591/600] Loss: 70.81137323379517
Epoch [592/600]	 Step [0/16]	 Loss: 4.3827
Epoch [592/600] Loss: 72.04786014556885
Epoch [593/600]	 Step [0/16]	 Loss: 4.4475
Epoch [593/600] Loss: 70.67210006713867
Epoch [594/600]	 Step [0/16]	 Loss: 4.6740
Epoch [594/600] Loss: 71.88754510879517
Epoch [595/600]	 Step [0/16]	 Loss: 4.5680
Epoch [595/600] Loss: 72.03510761260986
Epoch [596/600]	 Step [0/16]	 Loss: 4.5461
Epoch [596/600] Loss: 71.49799060821533
Epoch [597/600]	 Step [0/16]	 Loss: 4.3304
Epoch [597/600] Loss: 71.12567281723022
Epoch [598/600]	 Step [0/16]	 Loss: 4.2365
Epoch [598/600] Loss: 71.27519369125366
Epoch [599/600]	 Step [0/16]	 Loss: 4.2349
Epoch [599/600] Loss: 70.01927852630615
range(0, 600)
training done Mon Jun 22 08:11:45 EDT 2026
