=== gate: anchors cover omics ===
gate passed: 446 patients
=== SKCM | head=linear | k=4 | Tue Aug 25 01:36:39 AM EDT 2026 ===
Head type    : linear
Cancer       : SKCM | bio_dim: 16 | lambda_bio: 0.1
Bio anchor   : data/bio_anchors/bio_anchors_SKCM_gsva_H40.csv
Cluster num  : 4
Epochs       : 200
[dataloader] Loaded bio-anchors from data/bio_anchors/bio_anchors_SKCM_gsva_H40.csv: torch.Size([446, 40])
Device       : cpu
Model params : 73,947,340
Epoch [0/200] Step [0/7] Loss: 6.8877 Bio: 1.0569 GateEnt: nan GateDiv: nan
Epoch [0/200] Total Loss: 48.1567
Epoch [1/200] Step [0/7] Loss: 6.8773 Bio: 0.9515 GateEnt: nan GateDiv: nan
Epoch [1/200] Total Loss: 48.1603
Epoch [2/200] Step [0/7] Loss: 6.8778 Bio: 0.9449 GateEnt: nan GateDiv: nan
Epoch [2/200] Total Loss: 48.1530
Epoch [3/200] Step [0/7] Loss: 6.8871 Bio: 1.0638 GateEnt: nan GateDiv: nan
Epoch [3/200] Total Loss: 48.0615
Epoch [4/200] Step [0/7] Loss: 6.7644 Bio: 0.9029 GateEnt: nan GateDiv: nan
Epoch [4/200] Total Loss: 47.8655
Epoch [5/200] Step [0/7] Loss: 6.8242 Bio: 0.9633 GateEnt: nan GateDiv: nan
Epoch [5/200] Total Loss: 47.8157
Epoch [6/200] Step [0/7] Loss: 6.8104 Bio: 1.0733 GateEnt: nan GateDiv: nan
Epoch [6/200] Total Loss: 47.6633
Epoch [7/200] Step [0/7] Loss: 6.7244 Bio: 1.0186 GateEnt: nan GateDiv: nan
Epoch [7/200] Total Loss: 46.8216
Epoch [8/200] Step [0/7] Loss: 6.6110 Bio: 1.0394 GateEnt: nan GateDiv: nan
Epoch [8/200] Total Loss: 45.9975
Epoch [9/200] Step [0/7] Loss: 6.7738 Bio: 0.9687 GateEnt: nan GateDiv: nan
Epoch [9/200] Total Loss: 46.1204
Epoch [10/200] Step [0/7] Loss: 6.5857 Bio: 1.0463 GateEnt: nan GateDiv: nan
Epoch [10/200] Total Loss: 44.9796
Epoch [11/200] Step [0/7] Loss: 6.4264 Bio: 1.0044 GateEnt: nan GateDiv: nan
Epoch [11/200] Total Loss: 46.0122
Epoch [12/200] Step [0/7] Loss: 6.4122 Bio: 0.9184 GateEnt: nan GateDiv: nan
Epoch [12/200] Total Loss: 46.1716
Epoch [13/200] Step [0/7] Loss: 7.0004 Bio: 1.0337 GateEnt: nan GateDiv: nan
Epoch [13/200] Total Loss: 45.6899
Epoch [14/200] Step [0/7] Loss: 6.4005 Bio: 0.8161 GateEnt: nan GateDiv: nan
Epoch [14/200] Total Loss: 44.5073
Epoch [15/200] Step [0/7] Loss: 6.4248 Bio: 0.9335 GateEnt: nan GateDiv: nan
Epoch [15/200] Total Loss: 44.6737
Epoch [16/200] Step [0/7] Loss: 6.1603 Bio: 0.8967 GateEnt: nan GateDiv: nan
Epoch [16/200] Total Loss: 43.5308
Epoch [17/200] Step [0/7] Loss: 6.5388 Bio: 0.9719 GateEnt: nan GateDiv: nan
Epoch [17/200] Total Loss: 43.9959
Epoch [18/200] Step [0/7] Loss: 6.2555 Bio: 0.9902 GateEnt: nan GateDiv: nan
Epoch [18/200] Total Loss: 43.7458
Epoch [19/200] Step [0/7] Loss: 6.1908 Bio: 0.9327 GateEnt: nan GateDiv: nan
Epoch [19/200] Total Loss: 43.4099
Epoch [20/200] Step [0/7] Loss: 5.9729 Bio: 0.9974 GateEnt: nan GateDiv: nan
Epoch [20/200] Total Loss: 43.5240
Epoch [21/200] Step [0/7] Loss: 6.3429 Bio: 0.9462 GateEnt: nan GateDiv: nan
Epoch [21/200] Total Loss: 43.5187
Epoch [22/200] Step [0/7] Loss: 6.2939 Bio: 1.0403 GateEnt: nan GateDiv: nan
Epoch [22/200] Total Loss: 43.2465
Epoch [23/200] Step [0/7] Loss: 6.0811 Bio: 1.0378 GateEnt: nan GateDiv: nan
Epoch [23/200] Total Loss: 42.9490
Epoch [24/200] Step [0/7] Loss: 6.0654 Bio: 1.0016 GateEnt: nan GateDiv: nan
Epoch [24/200] Total Loss: 42.8401
Epoch [25/200] Step [0/7] Loss: 5.9488 Bio: 1.0147 GateEnt: nan GateDiv: nan
Epoch [25/200] Total Loss: 42.6902
Epoch [26/200] Step [0/7] Loss: 6.1511 Bio: 1.1701 GateEnt: nan GateDiv: nan
Epoch [26/200] Total Loss: 42.4668
Epoch [27/200] Step [0/7] Loss: 6.0485 Bio: 1.1027 GateEnt: nan GateDiv: nan
Epoch [27/200] Total Loss: 43.0269
Epoch [28/200] Step [0/7] Loss: 5.8496 Bio: 1.0463 GateEnt: nan GateDiv: nan
Epoch [28/200] Total Loss: 42.4058
Epoch [29/200] Step [0/7] Loss: 6.0322 Bio: 0.9980 GateEnt: nan GateDiv: nan
Epoch [29/200] Total Loss: 42.4305
Epoch [30/200] Step [0/7] Loss: 5.8795 Bio: 0.9783 GateEnt: nan GateDiv: nan
Epoch [30/200] Total Loss: 42.2135
Epoch [31/200] Step [0/7] Loss: 6.1459 Bio: 1.0582 GateEnt: nan GateDiv: nan
Epoch [31/200] Total Loss: 43.0846
Epoch [32/200] Step [0/7] Loss: 6.3639 Bio: 0.9616 GateEnt: nan GateDiv: nan
Epoch [32/200] Total Loss: 42.2025
Epoch [33/200] Step [0/7] Loss: 6.3503 Bio: 1.0627 GateEnt: nan GateDiv: nan
Epoch [33/200] Total Loss: 42.6408
Epoch [34/200] Step [0/7] Loss: 6.0254 Bio: 0.9240 GateEnt: nan GateDiv: nan
Epoch [34/200] Total Loss: 41.8129
Epoch [35/200] Step [0/7] Loss: 5.9038 Bio: 1.0228 GateEnt: nan GateDiv: nan
Epoch [35/200] Total Loss: 41.6737
Epoch [36/200] Step [0/7] Loss: 6.1623 Bio: 1.0063 GateEnt: nan GateDiv: nan
Epoch [36/200] Total Loss: 42.3127
Epoch [37/200] Step [0/7] Loss: 5.8264 Bio: 0.9050 GateEnt: nan GateDiv: nan
Epoch [37/200] Total Loss: 42.1199
Epoch [38/200] Step [0/7] Loss: 5.7449 Bio: 0.9763 GateEnt: nan GateDiv: nan
Epoch [38/200] Total Loss: 41.5436
Epoch [39/200] Step [0/7] Loss: 6.0532 Bio: 0.9292 GateEnt: nan GateDiv: nan
Epoch [39/200] Total Loss: 41.6441
Epoch [40/200] Step [0/7] Loss: 5.9188 Bio: 0.9418 GateEnt: nan GateDiv: nan
Epoch [40/200] Total Loss: 41.0568
Epoch [41/200] Step [0/7] Loss: 5.9814 Bio: 0.8542 GateEnt: nan GateDiv: nan
Epoch [41/200] Total Loss: 41.7127
Epoch [42/200] Step [0/7] Loss: 5.8164 Bio: 1.1024 GateEnt: nan GateDiv: nan
Epoch [42/200] Total Loss: 41.5618
Epoch [43/200] Step [0/7] Loss: 5.9676 Bio: 1.0194 GateEnt: nan GateDiv: nan
Epoch [43/200] Total Loss: 41.1150
Epoch [44/200] Step [0/7] Loss: 5.9298 Bio: 1.0377 GateEnt: nan GateDiv: nan
Epoch [44/200] Total Loss: 41.7455
Epoch [45/200] Step [0/7] Loss: 5.9244 Bio: 0.9663 GateEnt: nan GateDiv: nan
Epoch [45/200] Total Loss: 40.7882
Epoch [46/200] Step [0/7] Loss: 5.8364 Bio: 0.9630 GateEnt: nan GateDiv: nan
Epoch [46/200] Total Loss: 40.8533
Epoch [47/200] Step [0/7] Loss: 5.9792 Bio: 0.9230 GateEnt: nan GateDiv: nan
Epoch [47/200] Total Loss: 40.6944
Epoch [48/200] Step [0/7] Loss: 6.1215 Bio: 0.8293 GateEnt: nan GateDiv: nan
Epoch [48/200] Total Loss: 40.9196
Epoch [49/200] Step [0/7] Loss: 6.0710 Bio: 0.9080 GateEnt: nan GateDiv: nan
Epoch [49/200] Total Loss: 40.9282
Epoch [50/200] Step [0/7] Loss: 6.0953 Bio: 0.9618 GateEnt: nan GateDiv: nan
Epoch [50/200] Total Loss: 40.8462
Epoch [51/200] Step [0/7] Loss: 5.8900 Bio: 0.9404 GateEnt: nan GateDiv: nan
Epoch [51/200] Total Loss: 40.8481
Epoch [52/200] Step [0/7] Loss: 5.7541 Bio: 1.0479 GateEnt: nan GateDiv: nan
Epoch [52/200] Total Loss: 40.8175
Epoch [53/200] Step [0/7] Loss: 5.9440 Bio: 1.0348 GateEnt: nan GateDiv: nan
Epoch [53/200] Total Loss: 40.6999
Epoch [54/200] Step [0/7] Loss: 5.9179 Bio: 0.9942 GateEnt: nan GateDiv: nan
Epoch [54/200] Total Loss: 40.4782
Epoch [55/200] Step [0/7] Loss: 5.9353 Bio: 1.0224 GateEnt: nan GateDiv: nan
Epoch [55/200] Total Loss: 40.9118
Epoch [56/200] Step [0/7] Loss: 5.7452 Bio: 0.9998 GateEnt: nan GateDiv: nan
Epoch [56/200] Total Loss: 40.0993
Epoch [57/200] Step [0/7] Loss: 5.6578 Bio: 1.0850 GateEnt: nan GateDiv: nan
Epoch [57/200] Total Loss: 40.2901
Epoch [58/200] Step [0/7] Loss: 5.6484 Bio: 0.9390 GateEnt: nan GateDiv: nan
Epoch [58/200] Total Loss: 40.3896
Epoch [59/200] Step [0/7] Loss: 6.0401 Bio: 0.9016 GateEnt: nan GateDiv: nan
Epoch [59/200] Total Loss: 40.5371
Epoch [60/200] Step [0/7] Loss: 5.6800 Bio: 0.9545 GateEnt: nan GateDiv: nan
Epoch [60/200] Total Loss: 40.3367
Epoch [61/200] Step [0/7] Loss: 5.8320 Bio: 1.0172 GateEnt: nan GateDiv: nan
Epoch [61/200] Total Loss: 40.4770
Epoch [62/200] Step [0/7] Loss: 5.9608 Bio: 0.9350 GateEnt: nan GateDiv: nan
Epoch [62/200] Total Loss: 40.5666
Epoch [63/200] Step [0/7] Loss: 5.8863 Bio: 0.9739 GateEnt: nan GateDiv: nan
Epoch [63/200] Total Loss: 40.7287
Epoch [64/200] Step [0/7] Loss: 5.7212 Bio: 1.0305 GateEnt: nan GateDiv: nan
Epoch [64/200] Total Loss: 39.8781
Epoch [65/200] Step [0/7] Loss: 5.7176 Bio: 0.9700 GateEnt: nan GateDiv: nan
Epoch [65/200] Total Loss: 40.3830
Epoch [66/200] Step [0/7] Loss: 5.8960 Bio: 1.0044 GateEnt: nan GateDiv: nan
Epoch [66/200] Total Loss: 40.8053
Epoch [67/200] Step [0/7] Loss: 5.8740 Bio: 0.8943 GateEnt: nan GateDiv: nan
Epoch [67/200] Total Loss: 40.1961
Epoch [68/200] Step [0/7] Loss: 5.7873 Bio: 0.9655 GateEnt: nan GateDiv: nan
Epoch [68/200] Total Loss: 39.9269
Epoch [69/200] Step [0/7] Loss: 5.5954 Bio: 0.9491 GateEnt: nan GateDiv: nan
Epoch [69/200] Total Loss: 39.3958
Epoch [70/200] Step [0/7] Loss: 5.7861 Bio: 0.8486 GateEnt: nan GateDiv: nan
Epoch [70/200] Total Loss: 40.1412
Epoch [71/200] Step [0/7] Loss: 5.6924 Bio: 0.9791 GateEnt: nan GateDiv: nan
Epoch [71/200] Total Loss: 39.9980
Epoch [72/200] Step [0/7] Loss: 6.0866 Bio: 0.8813 GateEnt: nan GateDiv: nan
Epoch [72/200] Total Loss: 39.9622
Epoch [73/200] Step [0/7] Loss: 5.5546 Bio: 0.8538 GateEnt: nan GateDiv: nan
Epoch [73/200] Total Loss: 39.2439
Epoch [74/200] Step [0/7] Loss: 5.7364 Bio: 0.9803 GateEnt: nan GateDiv: nan
Epoch [74/200] Total Loss: 39.7572
Epoch [75/200] Step [0/7] Loss: 5.8737 Bio: 1.0202 GateEnt: nan GateDiv: nan
Epoch [75/200] Total Loss: 40.1412
Epoch [76/200] Step [0/7] Loss: 6.1931 Bio: 1.0445 GateEnt: nan GateDiv: nan
Epoch [76/200] Total Loss: 40.6246
Epoch [77/200] Step [0/7] Loss: 5.6545 Bio: 0.8822 GateEnt: nan GateDiv: nan
Epoch [77/200] Total Loss: 39.6010
Epoch [78/200] Step [0/7] Loss: 5.7583 Bio: 0.9334 GateEnt: nan GateDiv: nan
Epoch [78/200] Total Loss: 39.8765
Epoch [79/200] Step [0/7] Loss: 5.7693 Bio: 0.9816 GateEnt: nan GateDiv: nan
Epoch [79/200] Total Loss: 39.7701
Epoch [80/200] Step [0/7] Loss: 5.8727 Bio: 0.9327 GateEnt: nan GateDiv: nan
Epoch [80/200] Total Loss: 39.5585
Epoch [81/200] Step [0/7] Loss: 5.3502 Bio: 0.9867 GateEnt: nan GateDiv: nan
Epoch [81/200] Total Loss: 39.1089
Epoch [82/200] Step [0/7] Loss: 5.6668 Bio: 0.8522 GateEnt: nan GateDiv: nan
Epoch [82/200] Total Loss: 39.3000
Epoch [83/200] Step [0/7] Loss: 5.4410 Bio: 0.9215 GateEnt: nan GateDiv: nan
Epoch [83/200] Total Loss: 39.0595
Epoch [84/200] Step [0/7] Loss: 5.6531 Bio: 0.9072 GateEnt: nan GateDiv: nan
Epoch [84/200] Total Loss: 38.8522
Epoch [85/200] Step [0/7] Loss: 5.6160 Bio: 0.8721 GateEnt: nan GateDiv: nan
Epoch [85/200] Total Loss: 39.6418
Epoch [86/200] Step [0/7] Loss: 5.6537 Bio: 0.8426 GateEnt: nan GateDiv: nan
Epoch [86/200] Total Loss: 39.0061
Epoch [87/200] Step [0/7] Loss: 5.7405 Bio: 0.9527 GateEnt: nan GateDiv: nan
Epoch [87/200] Total Loss: 39.4654
Epoch [88/200] Step [0/7] Loss: 5.5036 Bio: 0.9553 GateEnt: nan GateDiv: nan
Epoch [88/200] Total Loss: 38.7998
Epoch [89/200] Step [0/7] Loss: 5.6940 Bio: 0.9985 GateEnt: nan GateDiv: nan
Epoch [89/200] Total Loss: 38.9055
Epoch [90/200] Step [0/7] Loss: 5.5192 Bio: 0.9604 GateEnt: nan GateDiv: nan
Epoch [90/200] Total Loss: 38.8226
Epoch [91/200] Step [0/7] Loss: 5.4825 Bio: 1.0500 GateEnt: nan GateDiv: nan
Epoch [91/200] Total Loss: 38.3355
Epoch [92/200] Step [0/7] Loss: 5.8349 Bio: 1.0286 GateEnt: nan GateDiv: nan
Epoch [92/200] Total Loss: 39.4324
Epoch [93/200] Step [0/7] Loss: 5.3418 Bio: 0.9266 GateEnt: nan GateDiv: nan
Epoch [93/200] Total Loss: 38.9004
Epoch [94/200] Step [0/7] Loss: 5.6284 Bio: 1.0013 GateEnt: nan GateDiv: nan
Epoch [94/200] Total Loss: 38.8516
Epoch [95/200] Step [0/7] Loss: 5.5963 Bio: 1.0318 GateEnt: nan GateDiv: nan
Epoch [95/200] Total Loss: 38.8082
Epoch [96/200] Step [0/7] Loss: 5.4376 Bio: 0.9279 GateEnt: nan GateDiv: nan
Epoch [96/200] Total Loss: 38.3968
Epoch [97/200] Step [0/7] Loss: 5.3497 Bio: 0.9539 GateEnt: nan GateDiv: nan
Epoch [97/200] Total Loss: 38.9020
Epoch [98/200] Step [0/7] Loss: 5.4898 Bio: 0.9114 GateEnt: nan GateDiv: nan
Epoch [98/200] Total Loss: 38.8607
Epoch [99/200] Step [0/7] Loss: 5.4671 Bio: 0.9921 GateEnt: nan GateDiv: nan
Epoch [99/200] Total Loss: 38.3468
Epoch [100/200] Step [0/7] Loss: 5.3805 Bio: 0.9307 GateEnt: nan GateDiv: nan
Epoch [100/200] Total Loss: 38.7775
Epoch [101/200] Step [0/7] Loss: 5.6676 Bio: 0.8816 GateEnt: nan GateDiv: nan
Epoch [101/200] Total Loss: 38.6840
Epoch [102/200] Step [0/7] Loss: 5.3953 Bio: 0.8625 GateEnt: nan GateDiv: nan
Epoch [102/200] Total Loss: 38.7284
Epoch [103/200] Step [0/7] Loss: 5.4812 Bio: 0.9275 GateEnt: nan GateDiv: nan
Epoch [103/200] Total Loss: 38.6823
Epoch [104/200] Step [0/7] Loss: 5.5177 Bio: 0.8290 GateEnt: nan GateDiv: nan
Epoch [104/200] Total Loss: 38.7121
Epoch [105/200] Step [0/7] Loss: 5.6274 Bio: 0.8570 GateEnt: nan GateDiv: nan
Epoch [105/200] Total Loss: 38.7891
Epoch [106/200] Step [0/7] Loss: 5.3498 Bio: 0.8926 GateEnt: nan GateDiv: nan
Epoch [106/200] Total Loss: 37.7534
Epoch [107/200] Step [0/7] Loss: 5.5752 Bio: 0.8966 GateEnt: nan GateDiv: nan
Epoch [107/200] Total Loss: 38.3445
Epoch [108/200] Step [0/7] Loss: 5.6738 Bio: 0.9494 GateEnt: nan GateDiv: nan
Epoch [108/200] Total Loss: 38.3174
Epoch [109/200] Step [0/7] Loss: 5.6532 Bio: 1.0010 GateEnt: nan GateDiv: nan
Epoch [109/200] Total Loss: 38.6740
Epoch [110/200] Step [0/7] Loss: 5.6604 Bio: 0.9977 GateEnt: nan GateDiv: nan
Epoch [110/200] Total Loss: 38.4524
Epoch [111/200] Step [0/7] Loss: 5.4180 Bio: 0.8400 GateEnt: nan GateDiv: nan
Epoch [111/200] Total Loss: 38.6546
Epoch [112/200] Step [0/7] Loss: 5.2846 Bio: 0.9679 GateEnt: nan GateDiv: nan
Epoch [112/200] Total Loss: 38.1422
Epoch [113/200] Step [0/7] Loss: 5.4619 Bio: 0.8315 GateEnt: nan GateDiv: nan
Epoch [113/200] Total Loss: 39.1968
Epoch [114/200] Step [0/7] Loss: 5.3137 Bio: 0.8571 GateEnt: nan GateDiv: nan
Epoch [114/200] Total Loss: 38.3335
Epoch [115/200] Step [0/7] Loss: 5.6745 Bio: 0.9892 GateEnt: nan GateDiv: nan
Epoch [115/200] Total Loss: 37.9931
Epoch [116/200] Step [0/7] Loss: 5.6540 Bio: 1.0086 GateEnt: nan GateDiv: nan
Epoch [116/200] Total Loss: 39.0505
Epoch [117/200] Step [0/7] Loss: 5.3062 Bio: 0.7901 GateEnt: nan GateDiv: nan
Epoch [117/200] Total Loss: 38.6241
Epoch [118/200] Step [0/7] Loss: 5.5383 Bio: 0.8317 GateEnt: nan GateDiv: nan
Epoch [118/200] Total Loss: 37.9450
Epoch [119/200] Step [0/7] Loss: 5.6899 Bio: 0.7817 GateEnt: nan GateDiv: nan
Epoch [119/200] Total Loss: 38.2117
Epoch [120/200] Step [0/7] Loss: 5.5521 Bio: 0.9460 GateEnt: nan GateDiv: nan
Epoch [120/200] Total Loss: 38.2648
Epoch [121/200] Step [0/7] Loss: 5.3260 Bio: 0.8577 GateEnt: nan GateDiv: nan
Epoch [121/200] Total Loss: 38.2914
Epoch [122/200] Step [0/7] Loss: 5.5122 Bio: 0.9002 GateEnt: nan GateDiv: nan
Epoch [122/200] Total Loss: 38.7199
Epoch [123/200] Step [0/7] Loss: 5.4962 Bio: 0.9016 GateEnt: nan GateDiv: nan
Epoch [123/200] Total Loss: 37.6073
Epoch [124/200] Step [0/7] Loss: 5.8565 Bio: 0.8199 GateEnt: nan GateDiv: nan
Epoch [124/200] Total Loss: 38.1667
Epoch [125/200] Step [0/7] Loss: 5.3917 Bio: 0.8746 GateEnt: nan GateDiv: nan
Epoch [125/200] Total Loss: 37.9416
Epoch [126/200] Step [0/7] Loss: 5.3162 Bio: 0.8570 GateEnt: nan GateDiv: nan
Epoch [126/200] Total Loss: 37.9565
Epoch [127/200] Step [0/7] Loss: 5.3004 Bio: 0.8180 GateEnt: nan GateDiv: nan
Epoch [127/200] Total Loss: 37.8525
Epoch [128/200] Step [0/7] Loss: 5.3195 Bio: 0.9686 GateEnt: nan GateDiv: nan
Epoch [128/200] Total Loss: 38.0716
Epoch [129/200] Step [0/7] Loss: 5.5363 Bio: 0.7868 GateEnt: nan GateDiv: nan
Epoch [129/200] Total Loss: 37.9393
Epoch [130/200] Step [0/7] Loss: 5.4349 Bio: 0.7170 GateEnt: nan GateDiv: nan
Epoch [130/200] Total Loss: 38.1437
Epoch [131/200] Step [0/7] Loss: 5.1706 Bio: 0.8574 GateEnt: nan GateDiv: nan
Epoch [131/200] Total Loss: 37.7081
Epoch [132/200] Step [0/7] Loss: 5.5051 Bio: 0.8534 GateEnt: nan GateDiv: nan
Epoch [132/200] Total Loss: 37.8981
Epoch [133/200] Step [0/7] Loss: 5.3044 Bio: 0.8521 GateEnt: nan GateDiv: nan
Epoch [133/200] Total Loss: 37.6715
Epoch [134/200] Step [0/7] Loss: 5.5045 Bio: 0.7535 GateEnt: nan GateDiv: nan
Epoch [134/200] Total Loss: 37.8623
Epoch [135/200] Step [0/7] Loss: 5.2465 Bio: 0.7704 GateEnt: nan GateDiv: nan
Epoch [135/200] Total Loss: 37.8805
Epoch [136/200] Step [0/7] Loss: 5.2238 Bio: 0.8277 GateEnt: nan GateDiv: nan
Epoch [136/200] Total Loss: 37.9594
Epoch [137/200] Step [0/7] Loss: 5.3807 Bio: 0.8066 GateEnt: nan GateDiv: nan
Epoch [137/200] Total Loss: 38.2818
Epoch [138/200] Step [0/7] Loss: 5.4836 Bio: 0.8169 GateEnt: nan GateDiv: nan
Epoch [138/200] Total Loss: 38.0430
Epoch [139/200] Step [0/7] Loss: 5.4863 Bio: 0.7122 GateEnt: nan GateDiv: nan
Epoch [139/200] Total Loss: 38.2797
Epoch [140/200] Step [0/7] Loss: 5.2993 Bio: 0.8882 GateEnt: nan GateDiv: nan
Epoch [140/200] Total Loss: 38.3465
Epoch [141/200] Step [0/7] Loss: 5.5344 Bio: 0.8569 GateEnt: nan GateDiv: nan
Epoch [141/200] Total Loss: 37.4455
Epoch [142/200] Step [0/7] Loss: 5.3350 Bio: 0.8706 GateEnt: nan GateDiv: nan
Epoch [142/200] Total Loss: 38.0129
Epoch [143/200] Step [0/7] Loss: 5.3006 Bio: 0.8698 GateEnt: nan GateDiv: nan
Epoch [143/200] Total Loss: 38.2473
Epoch [144/200] Step [0/7] Loss: 5.5267 Bio: 0.8551 GateEnt: nan GateDiv: nan
Epoch [144/200] Total Loss: 38.1646
Epoch [145/200] Step [0/7] Loss: 5.2760 Bio: 0.8151 GateEnt: nan GateDiv: nan
Epoch [145/200] Total Loss: 37.6056
Epoch [146/200] Step [0/7] Loss: 5.4244 Bio: 0.9285 GateEnt: nan GateDiv: nan
Epoch [146/200] Total Loss: 37.8631
Epoch [147/200] Step [0/7] Loss: 5.2451 Bio: 0.8920 GateEnt: nan GateDiv: nan
Epoch [147/200] Total Loss: 37.3458
Epoch [148/200] Step [0/7] Loss: 5.3991 Bio: 0.8132 GateEnt: nan GateDiv: nan
Epoch [148/200] Total Loss: 37.8832
Epoch [149/200] Step [0/7] Loss: 5.4185 Bio: 0.7537 GateEnt: nan GateDiv: nan
Epoch [149/200] Total Loss: 37.4417
Epoch [150/200] Step [0/7] Loss: 5.2165 Bio: 0.8418 GateEnt: nan GateDiv: nan
Epoch [150/200] Total Loss: 37.8591
Epoch [151/200] Step [0/7] Loss: 5.2390 Bio: 0.9228 GateEnt: nan GateDiv: nan
Epoch [151/200] Total Loss: 37.7886
Epoch [152/200] Step [0/7] Loss: 5.3936 Bio: 0.8922 GateEnt: nan GateDiv: nan
Epoch [152/200] Total Loss: 37.6636
Epoch [153/200] Step [0/7] Loss: 5.3680 Bio: 0.8971 GateEnt: nan GateDiv: nan
Epoch [153/200] Total Loss: 37.3188
Epoch [154/200] Step [0/7] Loss: 5.3766 Bio: 0.8315 GateEnt: nan GateDiv: nan
Epoch [154/200] Total Loss: 37.5338
Epoch [155/200] Step [0/7] Loss: 5.2751 Bio: 0.9439 GateEnt: nan GateDiv: nan
Epoch [155/200] Total Loss: 37.9186
Epoch [156/200] Step [0/7] Loss: 5.2859 Bio: 0.8623 GateEnt: nan GateDiv: nan
Epoch [156/200] Total Loss: 37.7499
Epoch [157/200] Step [0/7] Loss: 5.2986 Bio: 0.9604 GateEnt: nan GateDiv: nan
Epoch [157/200] Total Loss: 37.5687
Epoch [158/200] Step [0/7] Loss: 5.2876 Bio: 0.8239 GateEnt: nan GateDiv: nan
Epoch [158/200] Total Loss: 37.3578
Epoch [159/200] Step [0/7] Loss: 5.3299 Bio: 0.7780 GateEnt: nan GateDiv: nan
Epoch [159/200] Total Loss: 37.6725
Epoch [160/200] Step [0/7] Loss: 5.2907 Bio: 0.8885 GateEnt: nan GateDiv: nan
Epoch [160/200] Total Loss: 37.2613
Epoch [161/200] Step [0/7] Loss: 5.2347 Bio: 0.8800 GateEnt: nan GateDiv: nan
Epoch [161/200] Total Loss: 38.2138
Epoch [162/200] Step [0/7] Loss: 5.2688 Bio: 0.9084 GateEnt: nan GateDiv: nan
Epoch [162/200] Total Loss: 37.1672
Epoch [163/200] Step [0/7] Loss: 5.2599 Bio: 0.8717 GateEnt: nan GateDiv: nan
Epoch [163/200] Total Loss: 37.4891
Epoch [164/200] Step [0/7] Loss: 5.2628 Bio: 0.9076 GateEnt: nan GateDiv: nan
Epoch [164/200] Total Loss: 36.9339
Epoch [165/200] Step [0/7] Loss: 5.3432 Bio: 0.8484 GateEnt: nan GateDiv: nan
Epoch [165/200] Total Loss: 37.4074
Epoch [166/200] Step [0/7] Loss: 5.4365 Bio: 0.7840 GateEnt: nan GateDiv: nan
Epoch [166/200] Total Loss: 37.5327
Epoch [167/200] Step [0/7] Loss: 5.4775 Bio: 0.9209 GateEnt: nan GateDiv: nan
Epoch [167/200] Total Loss: 37.4841
Epoch [168/200] Step [0/7] Loss: 5.6144 Bio: 0.7732 GateEnt: nan GateDiv: nan
Epoch [168/200] Total Loss: 37.0747
Epoch [169/200] Step [0/7] Loss: 5.2842 Bio: 0.9107 GateEnt: nan GateDiv: nan
Epoch [169/200] Total Loss: 37.2669
Epoch [170/200] Step [0/7] Loss: 5.3644 Bio: 0.8962 GateEnt: nan GateDiv: nan
Epoch [170/200] Total Loss: 37.3680
Epoch [171/200] Step [0/7] Loss: 5.0567 Bio: 0.9315 GateEnt: nan GateDiv: nan
Epoch [171/200] Total Loss: 37.3178
Epoch [172/200] Step [0/7] Loss: 5.4602 Bio: 0.9575 GateEnt: nan GateDiv: nan
Epoch [172/200] Total Loss: 37.8772
Epoch [173/200] Step [0/7] Loss: 5.4197 Bio: 0.8735 GateEnt: nan GateDiv: nan
Epoch [173/200] Total Loss: 37.7720
Epoch [174/200] Step [0/7] Loss: 5.6558 Bio: 0.7672 GateEnt: nan GateDiv: nan
Epoch [174/200] Total Loss: 37.4441
Epoch [175/200] Step [0/7] Loss: 5.4504 Bio: 0.8474 GateEnt: nan GateDiv: nan
Epoch [175/200] Total Loss: 37.4086
Epoch [176/200] Step [0/7] Loss: 5.3180 Bio: 0.8808 GateEnt: nan GateDiv: nan
Epoch [176/200] Total Loss: 36.8262
Epoch [177/200] Step [0/7] Loss: 5.2942 Bio: 0.8706 GateEnt: nan GateDiv: nan
Epoch [177/200] Total Loss: 37.1970
Epoch [178/200] Step [0/7] Loss: 5.2570 Bio: 0.8409 GateEnt: nan GateDiv: nan
Epoch [178/200] Total Loss: 37.1670
Epoch [179/200] Step [0/7] Loss: 5.4698 Bio: 0.7988 GateEnt: nan GateDiv: nan
Epoch [179/200] Total Loss: 37.1925
Epoch [180/200] Step [0/7] Loss: 5.3322 Bio: 0.9043 GateEnt: nan GateDiv: nan
Epoch [180/200] Total Loss: 37.3355
Epoch [181/200] Step [0/7] Loss: 5.3871 Bio: 0.8263 GateEnt: nan GateDiv: nan
Epoch [181/200] Total Loss: 37.5066
Epoch [182/200] Step [0/7] Loss: 5.2372 Bio: 0.8568 GateEnt: nan GateDiv: nan
Epoch [182/200] Total Loss: 37.3045
Epoch [183/200] Step [0/7] Loss: 5.3742 Bio: 0.9390 GateEnt: nan GateDiv: nan
Epoch [183/200] Total Loss: 37.2254
Epoch [184/200] Step [0/7] Loss: 5.3266 Bio: 0.7253 GateEnt: nan GateDiv: nan
Epoch [184/200] Total Loss: 37.9724
Epoch [185/200] Step [0/7] Loss: 5.3647 Bio: 0.7688 GateEnt: nan GateDiv: nan
Epoch [185/200] Total Loss: 37.3051
Epoch [186/200] Step [0/7] Loss: 5.2408 Bio: 0.8800 GateEnt: nan GateDiv: nan
Epoch [186/200] Total Loss: 36.7957
Epoch [187/200] Step [0/7] Loss: 5.3272 Bio: 0.8527 GateEnt: nan GateDiv: nan
Epoch [187/200] Total Loss: 37.2637
Epoch [188/200] Step [0/7] Loss: 5.1499 Bio: 0.8259 GateEnt: nan GateDiv: nan
Epoch [188/200] Total Loss: 37.2876
Epoch [189/200] Step [0/7] Loss: 5.2534 Bio: 0.7811 GateEnt: nan GateDiv: nan
Epoch [189/200] Total Loss: 37.1372
Epoch [190/200] Step [0/7] Loss: 5.1868 Bio: 0.8100 GateEnt: nan GateDiv: nan
Epoch [190/200] Total Loss: 37.0583
Epoch [191/200] Step [0/7] Loss: 5.1874 Bio: 0.8535 GateEnt: nan GateDiv: nan
Epoch [191/200] Total Loss: 37.4769
Epoch [192/200] Step [0/7] Loss: 5.2476 Bio: 0.8981 GateEnt: nan GateDiv: nan
Epoch [192/200] Total Loss: 37.1640
Epoch [193/200] Step [0/7] Loss: 5.2760 Bio: 0.8489 GateEnt: nan GateDiv: nan
Epoch [193/200] Total Loss: 37.6365
Epoch [194/200] Step [0/7] Loss: 5.3212 Bio: 0.8952 GateEnt: nan GateDiv: nan
Epoch [194/200] Total Loss: 36.8876
Epoch [195/200] Step [0/7] Loss: 5.1361 Bio: 0.8301 GateEnt: nan GateDiv: nan
Epoch [195/200] Total Loss: 36.8386
Epoch [196/200] Step [0/7] Loss: 5.2931 Bio: 0.7591 GateEnt: nan GateDiv: nan
Epoch [196/200] Total Loss: 36.8332
Epoch [197/200] Step [0/7] Loss: 5.3567 Bio: 0.7467 GateEnt: nan GateDiv: nan
Epoch [197/200] Total Loss: 36.7357
Epoch [198/200] Step [0/7] Loss: 5.1891 Bio: 0.8356 GateEnt: nan GateDiv: nan
Epoch [198/200] Total Loss: 36.9433
Epoch [199/200] Step [0/7] Loss: 5.2393 Bio: 0.8729 GateEnt: nan GateDiv: nan
Epoch [199/200] Total Loss: 36.9868

=== Loss Summary ===
  Epoch   1: 48.1567
  Epoch  51: 40.8462
  Epoch 101: 38.7775
  Epoch 151: 37.8591
  Epoch 200: 36.9868
  Delta (last 25% = 50 ep): -0.8723
  If delta > -1.0, model has converged
linear training complete.
=== DONE Tue Aug 25 02:15:44 AM EDT 2026 ===
