=== gate: anchors cover omics ===
gate passed: 80 patients
=== UVM | head=linear | k=4 | Tue Aug 25 12:45:33 AM EDT 2026 ===
Head type    : linear
Cancer       : UVM | bio_dim: 16 | lambda_bio: 0.1
Bio anchor   : data/bio_anchors/bio_anchors_UVM_gsva_H40.csv
Cluster num  : 4
Epochs       : 200
[dataloader] Loaded bio-anchors from data/bio_anchors/bio_anchors_UVM_gsva_H40.csv: torch.Size([80, 40])
Device       : cpu
Model params : 73,947,340
Epoch [0/200] Step [0/2] Loss: 6.8862 Bio: 1.0464 GateEnt: nan GateDiv: nan
Epoch [0/200] Total Loss: 12.3251
Epoch [1/200] Step [0/2] Loss: 6.8846 Bio: 1.0425 GateEnt: nan GateDiv: nan
Epoch [1/200] Total Loss: 12.3252
Epoch [2/200] Step [0/2] Loss: 6.8796 Bio: 0.9907 GateEnt: nan GateDiv: nan
Epoch [2/200] Total Loss: 12.3369
Epoch [3/200] Step [0/2] Loss: 6.8807 Bio: 1.0253 GateEnt: nan GateDiv: nan
Epoch [3/200] Total Loss: 12.3217
Epoch [4/200] Step [0/2] Loss: 6.8663 Bio: 1.0104 GateEnt: nan GateDiv: nan
Epoch [4/200] Total Loss: 12.2666
Epoch [5/200] Step [0/2] Loss: 6.7962 Bio: 1.0580 GateEnt: nan GateDiv: nan
Epoch [5/200] Total Loss: 12.2038
Epoch [6/200] Step [0/2] Loss: 6.8468 Bio: 1.0162 GateEnt: nan GateDiv: nan
Epoch [6/200] Total Loss: 12.0103
Epoch [7/200] Step [0/2] Loss: 6.6153 Bio: 1.0151 GateEnt: nan GateDiv: nan
Epoch [7/200] Total Loss: 11.6670
Epoch [8/200] Step [0/2] Loss: 6.6509 Bio: 1.0118 GateEnt: nan GateDiv: nan
Epoch [8/200] Total Loss: 11.7030
Epoch [9/200] Step [0/2] Loss: 6.4626 Bio: 0.9730 GateEnt: nan GateDiv: nan
Epoch [9/200] Total Loss: 11.2496
Epoch [10/200] Step [0/2] Loss: 6.3263 Bio: 0.9958 GateEnt: nan GateDiv: nan
Epoch [10/200] Total Loss: 11.5343
Epoch [11/200] Step [0/2] Loss: 6.5985 Bio: 0.9412 GateEnt: nan GateDiv: nan
Epoch [11/200] Total Loss: 11.5400
Epoch [12/200] Step [0/2] Loss: 6.4237 Bio: 1.0309 GateEnt: nan GateDiv: nan
Epoch [12/200] Total Loss: 11.4335
Epoch [13/200] Step [0/2] Loss: 6.3954 Bio: 0.9977 GateEnt: nan GateDiv: nan
Epoch [13/200] Total Loss: 11.3449
Epoch [14/200] Step [0/2] Loss: 6.2520 Bio: 1.0403 GateEnt: nan GateDiv: nan
Epoch [14/200] Total Loss: 10.8006
Epoch [15/200] Step [0/2] Loss: 6.3697 Bio: 1.0697 GateEnt: nan GateDiv: nan
Epoch [15/200] Total Loss: 11.1010
Epoch [16/200] Step [0/2] Loss: 6.0850 Bio: 1.0177 GateEnt: nan GateDiv: nan
Epoch [16/200] Total Loss: 10.6300
Epoch [17/200] Step [0/2] Loss: 6.0488 Bio: 1.0027 GateEnt: nan GateDiv: nan
Epoch [17/200] Total Loss: 10.6329
Epoch [18/200] Step [0/2] Loss: 6.0902 Bio: 1.0196 GateEnt: nan GateDiv: nan
Epoch [18/200] Total Loss: 10.8905
Epoch [19/200] Step [0/2] Loss: 5.9467 Bio: 1.0314 GateEnt: nan GateDiv: nan
Epoch [19/200] Total Loss: 10.3774
Epoch [20/200] Step [0/2] Loss: 5.9042 Bio: 1.0099 GateEnt: nan GateDiv: nan
Epoch [20/200] Total Loss: 10.6560
Epoch [21/200] Step [0/2] Loss: 5.8540 Bio: 1.0562 GateEnt: nan GateDiv: nan
Epoch [21/200] Total Loss: 11.1671
Epoch [22/200] Step [0/2] Loss: 5.9923 Bio: 1.0037 GateEnt: nan GateDiv: nan
Epoch [22/200] Total Loss: 10.4647
Epoch [23/200] Step [0/2] Loss: 6.0792 Bio: 1.0322 GateEnt: nan GateDiv: nan
Epoch [23/200] Total Loss: 10.3527
Epoch [24/200] Step [0/2] Loss: 5.8738 Bio: 0.9853 GateEnt: nan GateDiv: nan
Epoch [24/200] Total Loss: 11.0184
Epoch [25/200] Step [0/2] Loss: 5.9031 Bio: 1.0605 GateEnt: nan GateDiv: nan
Epoch [25/200] Total Loss: 10.5473
Epoch [26/200] Step [0/2] Loss: 5.9396 Bio: 1.0037 GateEnt: nan GateDiv: nan
Epoch [26/200] Total Loss: 10.5846
Epoch [27/200] Step [0/2] Loss: 5.8617 Bio: 1.0091 GateEnt: nan GateDiv: nan
Epoch [27/200] Total Loss: 10.3412
Epoch [28/200] Step [0/2] Loss: 5.8322 Bio: 1.0345 GateEnt: nan GateDiv: nan
Epoch [28/200] Total Loss: 10.3098
Epoch [29/200] Step [0/2] Loss: 6.1748 Bio: 1.0312 GateEnt: nan GateDiv: nan
Epoch [29/200] Total Loss: 10.8204
Epoch [30/200] Step [0/2] Loss: 5.7257 Bio: 1.0278 GateEnt: nan GateDiv: nan
Epoch [30/200] Total Loss: 10.8144
Epoch [31/200] Step [0/2] Loss: 5.9237 Bio: 0.9735 GateEnt: nan GateDiv: nan
Epoch [31/200] Total Loss: 10.7089
Epoch [32/200] Step [0/2] Loss: 5.9865 Bio: 0.9822 GateEnt: nan GateDiv: nan
Epoch [32/200] Total Loss: 10.5285
Epoch [33/200] Step [0/2] Loss: 5.7592 Bio: 1.0200 GateEnt: nan GateDiv: nan
Epoch [33/200] Total Loss: 10.3891
Epoch [34/200] Step [0/2] Loss: 5.9086 Bio: 0.9750 GateEnt: nan GateDiv: nan
Epoch [34/200] Total Loss: 10.5558
Epoch [35/200] Step [0/2] Loss: 6.0598 Bio: 1.0315 GateEnt: nan GateDiv: nan
Epoch [35/200] Total Loss: 10.0508
Epoch [36/200] Step [0/2] Loss: 5.7620 Bio: 1.0202 GateEnt: nan GateDiv: nan
Epoch [36/200] Total Loss: 10.1355
Epoch [37/200] Step [0/2] Loss: 5.8582 Bio: 0.9910 GateEnt: nan GateDiv: nan
Epoch [37/200] Total Loss: 10.2803
Epoch [38/200] Step [0/2] Loss: 6.0022 Bio: 0.9665 GateEnt: nan GateDiv: nan
Epoch [38/200] Total Loss: 10.4130
Epoch [39/200] Step [0/2] Loss: 5.7276 Bio: 1.0102 GateEnt: nan GateDiv: nan
Epoch [39/200] Total Loss: 10.2147
Epoch [40/200] Step [0/2] Loss: 5.9172 Bio: 1.0524 GateEnt: nan GateDiv: nan
Epoch [40/200] Total Loss: 10.6577
Epoch [41/200] Step [0/2] Loss: 5.7477 Bio: 0.9541 GateEnt: nan GateDiv: nan
Epoch [41/200] Total Loss: 10.4382
Epoch [42/200] Step [0/2] Loss: 5.7702 Bio: 1.0235 GateEnt: nan GateDiv: nan
Epoch [42/200] Total Loss: 9.9184
Epoch [43/200] Step [0/2] Loss: 5.7626 Bio: 1.0065 GateEnt: nan GateDiv: nan
Epoch [43/200] Total Loss: 10.3564
Epoch [44/200] Step [0/2] Loss: 5.8028 Bio: 0.9902 GateEnt: nan GateDiv: nan
Epoch [44/200] Total Loss: 10.0155
Epoch [45/200] Step [0/2] Loss: 5.6574 Bio: 1.0085 GateEnt: nan GateDiv: nan
Epoch [45/200] Total Loss: 9.6825
Epoch [46/200] Step [0/2] Loss: 6.0120 Bio: 0.9941 GateEnt: nan GateDiv: nan
Epoch [46/200] Total Loss: 10.4528
Epoch [47/200] Step [0/2] Loss: 6.0264 Bio: 1.0629 GateEnt: nan GateDiv: nan
Epoch [47/200] Total Loss: 9.9246
Epoch [48/200] Step [0/2] Loss: 5.7088 Bio: 0.9466 GateEnt: nan GateDiv: nan
Epoch [48/200] Total Loss: 10.1268
Epoch [49/200] Step [0/2] Loss: 5.7276 Bio: 1.0392 GateEnt: nan GateDiv: nan
Epoch [49/200] Total Loss: 10.3891
Epoch [50/200] Step [0/2] Loss: 5.6647 Bio: 1.0260 GateEnt: nan GateDiv: nan
Epoch [50/200] Total Loss: 10.1400
Epoch [51/200] Step [0/2] Loss: 5.7144 Bio: 0.9858 GateEnt: nan GateDiv: nan
Epoch [51/200] Total Loss: 9.9135
Epoch [52/200] Step [0/2] Loss: 5.7975 Bio: 0.9973 GateEnt: nan GateDiv: nan
Epoch [52/200] Total Loss: 10.5261
Epoch [53/200] Step [0/2] Loss: 5.7077 Bio: 1.0967 GateEnt: nan GateDiv: nan
Epoch [53/200] Total Loss: 9.8556
Epoch [54/200] Step [0/2] Loss: 5.7000 Bio: 1.0408 GateEnt: nan GateDiv: nan
Epoch [54/200] Total Loss: 9.9826
Epoch [55/200] Step [0/2] Loss: 5.6032 Bio: 0.9923 GateEnt: nan GateDiv: nan
Epoch [55/200] Total Loss: 10.0353
Epoch [56/200] Step [0/2] Loss: 5.9118 Bio: 1.0199 GateEnt: nan GateDiv: nan
Epoch [56/200] Total Loss: 10.0210
Epoch [57/200] Step [0/2] Loss: 5.7117 Bio: 0.9658 GateEnt: nan GateDiv: nan
Epoch [57/200] Total Loss: 9.9913
Epoch [58/200] Step [0/2] Loss: 5.6951 Bio: 1.0151 GateEnt: nan GateDiv: nan
Epoch [58/200] Total Loss: 9.7544
Epoch [59/200] Step [0/2] Loss: 5.6726 Bio: 1.0019 GateEnt: nan GateDiv: nan
Epoch [59/200] Total Loss: 9.8338
Epoch [60/200] Step [0/2] Loss: 5.5187 Bio: 0.9780 GateEnt: nan GateDiv: nan
Epoch [60/200] Total Loss: 9.5909
Epoch [61/200] Step [0/2] Loss: 5.5150 Bio: 1.0406 GateEnt: nan GateDiv: nan
Epoch [61/200] Total Loss: 10.1889
Epoch [62/200] Step [0/2] Loss: 5.5765 Bio: 0.9675 GateEnt: nan GateDiv: nan
Epoch [62/200] Total Loss: 9.8121
Epoch [63/200] Step [0/2] Loss: 5.7298 Bio: 0.9990 GateEnt: nan GateDiv: nan
Epoch [63/200] Total Loss: 10.0106
Epoch [64/200] Step [0/2] Loss: 5.5928 Bio: 1.0160 GateEnt: nan GateDiv: nan
Epoch [64/200] Total Loss: 9.7829
Epoch [65/200] Step [0/2] Loss: 5.4923 Bio: 0.9958 GateEnt: nan GateDiv: nan
Epoch [65/200] Total Loss: 9.6669
Epoch [66/200] Step [0/2] Loss: 5.5553 Bio: 1.0149 GateEnt: nan GateDiv: nan
Epoch [66/200] Total Loss: 9.4358
Epoch [67/200] Step [0/2] Loss: 5.5052 Bio: 0.9819 GateEnt: nan GateDiv: nan
Epoch [67/200] Total Loss: 9.9985
Epoch [68/200] Step [0/2] Loss: 5.5800 Bio: 1.0513 GateEnt: nan GateDiv: nan
Epoch [68/200] Total Loss: 9.8814
Epoch [69/200] Step [0/2] Loss: 5.6491 Bio: 0.9013 GateEnt: nan GateDiv: nan
Epoch [69/200] Total Loss: 9.5914
Epoch [70/200] Step [0/2] Loss: 5.4639 Bio: 1.0251 GateEnt: nan GateDiv: nan
Epoch [70/200] Total Loss: 9.9035
Epoch [71/200] Step [0/2] Loss: 5.4807 Bio: 0.9479 GateEnt: nan GateDiv: nan
Epoch [71/200] Total Loss: 9.9505
Epoch [72/200] Step [0/2] Loss: 5.7656 Bio: 1.0013 GateEnt: nan GateDiv: nan
Epoch [72/200] Total Loss: 9.9658
Epoch [73/200] Step [0/2] Loss: 5.6823 Bio: 0.9975 GateEnt: nan GateDiv: nan
Epoch [73/200] Total Loss: 9.7522
Epoch [74/200] Step [0/2] Loss: 5.7662 Bio: 1.0014 GateEnt: nan GateDiv: nan
Epoch [74/200] Total Loss: 9.8835
Epoch [75/200] Step [0/2] Loss: 5.7549 Bio: 1.0545 GateEnt: nan GateDiv: nan
Epoch [75/200] Total Loss: 10.5631
Epoch [76/200] Step [0/2] Loss: 5.6042 Bio: 1.0519 GateEnt: nan GateDiv: nan
Epoch [76/200] Total Loss: 10.5702
Epoch [77/200] Step [0/2] Loss: 5.6661 Bio: 1.0432 GateEnt: nan GateDiv: nan
Epoch [77/200] Total Loss: 9.7245
Epoch [78/200] Step [0/2] Loss: 5.8788 Bio: 1.0108 GateEnt: nan GateDiv: nan
Epoch [78/200] Total Loss: 10.1565
Epoch [79/200] Step [0/2] Loss: 5.6469 Bio: 1.0316 GateEnt: nan GateDiv: nan
Epoch [79/200] Total Loss: 9.8642
Epoch [80/200] Step [0/2] Loss: 5.7494 Bio: 0.9977 GateEnt: nan GateDiv: nan
Epoch [80/200] Total Loss: 9.6846
Epoch [81/200] Step [0/2] Loss: 5.6269 Bio: 0.9182 GateEnt: nan GateDiv: nan
Epoch [81/200] Total Loss: 9.8466
Epoch [82/200] Step [0/2] Loss: 5.7645 Bio: 1.0325 GateEnt: nan GateDiv: nan
Epoch [82/200] Total Loss: 10.9310
Epoch [83/200] Step [0/2] Loss: 5.7455 Bio: 1.0316 GateEnt: nan GateDiv: nan
Epoch [83/200] Total Loss: 10.6124
Epoch [84/200] Step [0/2] Loss: 5.7381 Bio: 1.0590 GateEnt: nan GateDiv: nan
Epoch [84/200] Total Loss: 9.6862
Epoch [85/200] Step [0/2] Loss: 5.7433 Bio: 1.0321 GateEnt: nan GateDiv: nan
Epoch [85/200] Total Loss: 9.8689
Epoch [86/200] Step [0/2] Loss: 5.5863 Bio: 1.0225 GateEnt: nan GateDiv: nan
Epoch [86/200] Total Loss: 9.3206
Epoch [87/200] Step [0/2] Loss: 5.5720 Bio: 1.0191 GateEnt: nan GateDiv: nan
Epoch [87/200] Total Loss: 9.8739
Epoch [88/200] Step [0/2] Loss: 5.8257 Bio: 0.9832 GateEnt: nan GateDiv: nan
Epoch [88/200] Total Loss: 10.0821
Epoch [89/200] Step [0/2] Loss: 5.7220 Bio: 1.0178 GateEnt: nan GateDiv: nan
Epoch [89/200] Total Loss: 10.1280
Epoch [90/200] Step [0/2] Loss: 5.5577 Bio: 1.0093 GateEnt: nan GateDiv: nan
Epoch [90/200] Total Loss: 9.6971
Epoch [91/200] Step [0/2] Loss: 5.5723 Bio: 0.9783 GateEnt: nan GateDiv: nan
Epoch [91/200] Total Loss: 9.9231
Epoch [92/200] Step [0/2] Loss: 5.7081 Bio: 0.9876 GateEnt: nan GateDiv: nan
Epoch [92/200] Total Loss: 9.9620
Epoch [93/200] Step [0/2] Loss: 5.4522 Bio: 0.9930 GateEnt: nan GateDiv: nan
Epoch [93/200] Total Loss: 9.5584
Epoch [94/200] Step [0/2] Loss: 5.5556 Bio: 0.9766 GateEnt: nan GateDiv: nan
Epoch [94/200] Total Loss: 10.1763
Epoch [95/200] Step [0/2] Loss: 5.5140 Bio: 1.0244 GateEnt: nan GateDiv: nan
Epoch [95/200] Total Loss: 9.9697
Epoch [96/200] Step [0/2] Loss: 5.3868 Bio: 1.0350 GateEnt: nan GateDiv: nan
Epoch [96/200] Total Loss: 9.4520
Epoch [97/200] Step [0/2] Loss: 5.5882 Bio: 1.0029 GateEnt: nan GateDiv: nan
Epoch [97/200] Total Loss: 9.6598
Epoch [98/200] Step [0/2] Loss: 5.7199 Bio: 1.0505 GateEnt: nan GateDiv: nan
Epoch [98/200] Total Loss: 10.0059
Epoch [99/200] Step [0/2] Loss: 5.6025 Bio: 1.0052 GateEnt: nan GateDiv: nan
Epoch [99/200] Total Loss: 9.4176
Epoch [100/200] Step [0/2] Loss: 5.6073 Bio: 0.9901 GateEnt: nan GateDiv: nan
Epoch [100/200] Total Loss: 9.6521
Epoch [101/200] Step [0/2] Loss: 5.7138 Bio: 0.9763 GateEnt: nan GateDiv: nan
Epoch [101/200] Total Loss: 9.5412
Epoch [102/200] Step [0/2] Loss: 5.4641 Bio: 1.0331 GateEnt: nan GateDiv: nan
Epoch [102/200] Total Loss: 9.7095
Epoch [103/200] Step [0/2] Loss: 5.5570 Bio: 0.9779 GateEnt: nan GateDiv: nan
Epoch [103/200] Total Loss: 9.7333
Epoch [104/200] Step [0/2] Loss: 5.5915 Bio: 1.0490 GateEnt: nan GateDiv: nan
Epoch [104/200] Total Loss: 10.0464
Epoch [105/200] Step [0/2] Loss: 5.5567 Bio: 1.0174 GateEnt: nan GateDiv: nan
Epoch [105/200] Total Loss: 10.2765
Epoch [106/200] Step [0/2] Loss: 5.5478 Bio: 1.0025 GateEnt: nan GateDiv: nan
Epoch [106/200] Total Loss: 9.4790
Epoch [107/200] Step [0/2] Loss: 5.4976 Bio: 0.9823 GateEnt: nan GateDiv: nan
Epoch [107/200] Total Loss: 9.6776
Epoch [108/200] Step [0/2] Loss: 5.5511 Bio: 0.9871 GateEnt: nan GateDiv: nan
Epoch [108/200] Total Loss: 9.7318
Epoch [109/200] Step [0/2] Loss: 5.5902 Bio: 1.0148 GateEnt: nan GateDiv: nan
Epoch [109/200] Total Loss: 9.7545
Epoch [110/200] Step [0/2] Loss: 5.5821 Bio: 0.9755 GateEnt: nan GateDiv: nan
Epoch [110/200] Total Loss: 9.6887
Epoch [111/200] Step [0/2] Loss: 5.4783 Bio: 1.0305 GateEnt: nan GateDiv: nan
Epoch [111/200] Total Loss: 9.4793
Epoch [112/200] Step [0/2] Loss: 5.5014 Bio: 1.0841 GateEnt: nan GateDiv: nan
Epoch [112/200] Total Loss: 9.5660
Epoch [113/200] Step [0/2] Loss: 5.5266 Bio: 1.0630 GateEnt: nan GateDiv: nan
Epoch [113/200] Total Loss: 9.7433
Epoch [114/200] Step [0/2] Loss: 5.5445 Bio: 0.9929 GateEnt: nan GateDiv: nan
Epoch [114/200] Total Loss: 10.0079
Epoch [115/200] Step [0/2] Loss: 5.4416 Bio: 1.0066 GateEnt: nan GateDiv: nan
Epoch [115/200] Total Loss: 9.5902
Epoch [116/200] Step [0/2] Loss: 5.4994 Bio: 1.0626 GateEnt: nan GateDiv: nan
Epoch [116/200] Total Loss: 9.5648
Epoch [117/200] Step [0/2] Loss: 5.5180 Bio: 1.0092 GateEnt: nan GateDiv: nan
Epoch [117/200] Total Loss: 9.7991
Epoch [118/200] Step [0/2] Loss: 5.5613 Bio: 1.0242 GateEnt: nan GateDiv: nan
Epoch [118/200] Total Loss: 9.4967
Epoch [119/200] Step [0/2] Loss: 5.3829 Bio: 0.9759 GateEnt: nan GateDiv: nan
Epoch [119/200] Total Loss: 9.5411
Epoch [120/200] Step [0/2] Loss: 5.5370 Bio: 1.0529 GateEnt: nan GateDiv: nan
Epoch [120/200] Total Loss: 9.2667
Epoch [121/200] Step [0/2] Loss: 5.5527 Bio: 1.0766 GateEnt: nan GateDiv: nan
Epoch [121/200] Total Loss: 9.4772
Epoch [122/200] Step [0/2] Loss: 5.4749 Bio: 1.0511 GateEnt: nan GateDiv: nan
Epoch [122/200] Total Loss: 10.1041
Epoch [123/200] Step [0/2] Loss: 5.4532 Bio: 1.0155 GateEnt: nan GateDiv: nan
Epoch [123/200] Total Loss: 10.0108
Epoch [124/200] Step [0/2] Loss: 5.5936 Bio: 1.0039 GateEnt: nan GateDiv: nan
Epoch [124/200] Total Loss: 9.7708
Epoch [125/200] Step [0/2] Loss: 5.5171 Bio: 0.9899 GateEnt: nan GateDiv: nan
Epoch [125/200] Total Loss: 9.5345
Epoch [126/200] Step [0/2] Loss: 5.3958 Bio: 1.0078 GateEnt: nan GateDiv: nan
Epoch [126/200] Total Loss: 9.3221
Epoch [127/200] Step [0/2] Loss: 5.5222 Bio: 1.0038 GateEnt: nan GateDiv: nan
Epoch [127/200] Total Loss: 10.2105
Epoch [128/200] Step [0/2] Loss: 5.3924 Bio: 1.0411 GateEnt: nan GateDiv: nan
Epoch [128/200] Total Loss: 9.7834
Epoch [129/200] Step [0/2] Loss: 5.5155 Bio: 1.0670 GateEnt: nan GateDiv: nan
Epoch [129/200] Total Loss: 9.6049
Epoch [130/200] Step [0/2] Loss: 5.4337 Bio: 1.0136 GateEnt: nan GateDiv: nan
Epoch [130/200] Total Loss: 9.7033
Epoch [131/200] Step [0/2] Loss: 5.6250 Bio: 1.0378 GateEnt: nan GateDiv: nan
Epoch [131/200] Total Loss: 9.8334
Epoch [132/200] Step [0/2] Loss: 5.5475 Bio: 0.9768 GateEnt: nan GateDiv: nan
Epoch [132/200] Total Loss: 9.9035
Epoch [133/200] Step [0/2] Loss: 5.2556 Bio: 1.0061 GateEnt: nan GateDiv: nan
Epoch [133/200] Total Loss: 10.0020
Epoch [134/200] Step [0/2] Loss: 5.3850 Bio: 1.0278 GateEnt: nan GateDiv: nan
Epoch [134/200] Total Loss: 9.2086
Epoch [135/200] Step [0/2] Loss: 5.4710 Bio: 0.9988 GateEnt: nan GateDiv: nan
Epoch [135/200] Total Loss: 9.9704
Epoch [136/200] Step [0/2] Loss: 5.6782 Bio: 0.9641 GateEnt: nan GateDiv: nan
Epoch [136/200] Total Loss: 9.5928
Epoch [137/200] Step [0/2] Loss: 5.5185 Bio: 0.9518 GateEnt: nan GateDiv: nan
Epoch [137/200] Total Loss: 9.4556
Epoch [138/200] Step [0/2] Loss: 5.4524 Bio: 1.0259 GateEnt: nan GateDiv: nan
Epoch [138/200] Total Loss: 9.8692
Epoch [139/200] Step [0/2] Loss: 5.4439 Bio: 1.0623 GateEnt: nan GateDiv: nan
Epoch [139/200] Total Loss: 9.5061
Epoch [140/200] Step [0/2] Loss: 5.4654 Bio: 1.0147 GateEnt: nan GateDiv: nan
Epoch [140/200] Total Loss: 9.4880
Epoch [141/200] Step [0/2] Loss: 5.3892 Bio: 1.0268 GateEnt: nan GateDiv: nan
Epoch [141/200] Total Loss: 9.3230
Epoch [142/200] Step [0/2] Loss: 5.3942 Bio: 1.0074 GateEnt: nan GateDiv: nan
Epoch [142/200] Total Loss: 9.3126
Epoch [143/200] Step [0/2] Loss: 5.5654 Bio: 1.0182 GateEnt: nan GateDiv: nan
Epoch [143/200] Total Loss: 9.6768
Epoch [144/200] Step [0/2] Loss: 5.3655 Bio: 1.0278 GateEnt: nan GateDiv: nan
Epoch [144/200] Total Loss: 9.1624
Epoch [145/200] Step [0/2] Loss: 5.4355 Bio: 0.9872 GateEnt: nan GateDiv: nan
Epoch [145/200] Total Loss: 9.1547
Epoch [146/200] Step [0/2] Loss: 5.3819 Bio: 0.9717 GateEnt: nan GateDiv: nan
Epoch [146/200] Total Loss: 9.2956
Epoch [147/200] Step [0/2] Loss: 5.3946 Bio: 0.9578 GateEnt: nan GateDiv: nan
Epoch [147/200] Total Loss: 9.0994
Epoch [148/200] Step [0/2] Loss: 5.5301 Bio: 1.0401 GateEnt: nan GateDiv: nan
Epoch [148/200] Total Loss: 9.5747
Epoch [149/200] Step [0/2] Loss: 5.4295 Bio: 1.0114 GateEnt: nan GateDiv: nan
Epoch [149/200] Total Loss: 9.3428
Epoch [150/200] Step [0/2] Loss: 5.3899 Bio: 1.0621 GateEnt: nan GateDiv: nan
Epoch [150/200] Total Loss: 9.8817
Epoch [151/200] Step [0/2] Loss: 5.1908 Bio: 1.0187 GateEnt: nan GateDiv: nan
Epoch [151/200] Total Loss: 9.1659
Epoch [152/200] Step [0/2] Loss: 5.4529 Bio: 1.0167 GateEnt: nan GateDiv: nan
Epoch [152/200] Total Loss: 9.6766
Epoch [153/200] Step [0/2] Loss: 5.2675 Bio: 0.9811 GateEnt: nan GateDiv: nan
Epoch [153/200] Total Loss: 9.2980
Epoch [154/200] Step [0/2] Loss: 5.5377 Bio: 1.0198 GateEnt: nan GateDiv: nan
Epoch [154/200] Total Loss: 9.9683
Epoch [155/200] Step [0/2] Loss: 5.4271 Bio: 1.0282 GateEnt: nan GateDiv: nan
Epoch [155/200] Total Loss: 9.3496
Epoch [156/200] Step [0/2] Loss: 5.3099 Bio: 0.9705 GateEnt: nan GateDiv: nan
Epoch [156/200] Total Loss: 9.3578
Epoch [157/200] Step [0/2] Loss: 5.3604 Bio: 0.9671 GateEnt: nan GateDiv: nan
Epoch [157/200] Total Loss: 9.8857
Epoch [158/200] Step [0/2] Loss: 5.4078 Bio: 1.0249 GateEnt: nan GateDiv: nan
Epoch [158/200] Total Loss: 9.3470
Epoch [159/200] Step [0/2] Loss: 5.5397 Bio: 0.9551 GateEnt: nan GateDiv: nan
Epoch [159/200] Total Loss: 10.0345
Epoch [160/200] Step [0/2] Loss: 5.4230 Bio: 0.9583 GateEnt: nan GateDiv: nan
Epoch [160/200] Total Loss: 9.4370
Epoch [161/200] Step [0/2] Loss: 5.2986 Bio: 0.9812 GateEnt: nan GateDiv: nan
Epoch [161/200] Total Loss: 9.4749
Epoch [162/200] Step [0/2] Loss: 5.4299 Bio: 0.9892 GateEnt: nan GateDiv: nan
Epoch [162/200] Total Loss: 9.7141
Epoch [163/200] Step [0/2] Loss: 5.3358 Bio: 1.0932 GateEnt: nan GateDiv: nan
Epoch [163/200] Total Loss: 9.6874
Epoch [164/200] Step [0/2] Loss: 5.5047 Bio: 0.9666 GateEnt: nan GateDiv: nan
Epoch [164/200] Total Loss: 9.4912
Epoch [165/200] Step [0/2] Loss: 5.4068 Bio: 1.0004 GateEnt: nan GateDiv: nan
Epoch [165/200] Total Loss: 9.3621
Epoch [166/200] Step [0/2] Loss: 5.3034 Bio: 1.0022 GateEnt: nan GateDiv: nan
Epoch [166/200] Total Loss: 9.2002
Epoch [167/200] Step [0/2] Loss: 5.3687 Bio: 1.0197 GateEnt: nan GateDiv: nan
Epoch [167/200] Total Loss: 9.9603
Epoch [168/200] Step [0/2] Loss: 5.3827 Bio: 1.0456 GateEnt: nan GateDiv: nan
Epoch [168/200] Total Loss: 9.4525
Epoch [169/200] Step [0/2] Loss: 5.4424 Bio: 0.9335 GateEnt: nan GateDiv: nan
Epoch [169/200] Total Loss: 9.6316
Epoch [170/200] Step [0/2] Loss: 5.3094 Bio: 0.9861 GateEnt: nan GateDiv: nan
Epoch [170/200] Total Loss: 9.3486
Epoch [171/200] Step [0/2] Loss: 5.4049 Bio: 0.9635 GateEnt: nan GateDiv: nan
Epoch [171/200] Total Loss: 9.6254
Epoch [172/200] Step [0/2] Loss: 5.3967 Bio: 1.0604 GateEnt: nan GateDiv: nan
Epoch [172/200] Total Loss: 9.5521
Epoch [173/200] Step [0/2] Loss: 5.4554 Bio: 0.9878 GateEnt: nan GateDiv: nan
Epoch [173/200] Total Loss: 9.8261
Epoch [174/200] Step [0/2] Loss: 5.2242 Bio: 1.0037 GateEnt: nan GateDiv: nan
Epoch [174/200] Total Loss: 9.4258
Epoch [175/200] Step [0/2] Loss: 5.4813 Bio: 1.0440 GateEnt: nan GateDiv: nan
Epoch [175/200] Total Loss: 9.6891
Epoch [176/200] Step [0/2] Loss: 5.3494 Bio: 0.9736 GateEnt: nan GateDiv: nan
Epoch [176/200] Total Loss: 9.7004
Epoch [177/200] Step [0/2] Loss: 5.4341 Bio: 1.0698 GateEnt: nan GateDiv: nan
Epoch [177/200] Total Loss: 9.4371
Epoch [178/200] Step [0/2] Loss: 5.4774 Bio: 0.9894 GateEnt: nan GateDiv: nan
Epoch [178/200] Total Loss: 9.3465
Epoch [179/200] Step [0/2] Loss: 5.3673 Bio: 1.0208 GateEnt: nan GateDiv: nan
Epoch [179/200] Total Loss: 9.0818
Epoch [180/200] Step [0/2] Loss: 5.2823 Bio: 1.0372 GateEnt: nan GateDiv: nan
Epoch [180/200] Total Loss: 9.4626
Epoch [181/200] Step [0/2] Loss: 5.4067 Bio: 0.9900 GateEnt: nan GateDiv: nan
Epoch [181/200] Total Loss: 9.1036
Epoch [182/200] Step [0/2] Loss: 5.2755 Bio: 1.0237 GateEnt: nan GateDiv: nan
Epoch [182/200] Total Loss: 9.3981
Epoch [183/200] Step [0/2] Loss: 5.2834 Bio: 1.0527 GateEnt: nan GateDiv: nan
Epoch [183/200] Total Loss: 9.3965
Epoch [184/200] Step [0/2] Loss: 5.4162 Bio: 1.0641 GateEnt: nan GateDiv: nan
Epoch [184/200] Total Loss: 9.1967
Epoch [185/200] Step [0/2] Loss: 5.2567 Bio: 1.0001 GateEnt: nan GateDiv: nan
Epoch [185/200] Total Loss: 9.4537
Epoch [186/200] Step [0/2] Loss: 5.0925 Bio: 1.0277 GateEnt: nan GateDiv: nan
Epoch [186/200] Total Loss: 8.9116
Epoch [187/200] Step [0/2] Loss: 5.2641 Bio: 1.0576 GateEnt: nan GateDiv: nan
Epoch [187/200] Total Loss: 9.1128
Epoch [188/200] Step [0/2] Loss: 5.2644 Bio: 1.0174 GateEnt: nan GateDiv: nan
Epoch [188/200] Total Loss: 9.1014
Epoch [189/200] Step [0/2] Loss: 5.4456 Bio: 1.0261 GateEnt: nan GateDiv: nan
Epoch [189/200] Total Loss: 9.7584
Epoch [190/200] Step [0/2] Loss: 5.2049 Bio: 1.0043 GateEnt: nan GateDiv: nan
Epoch [190/200] Total Loss: 8.9350
Epoch [191/200] Step [0/2] Loss: 5.2450 Bio: 1.0004 GateEnt: nan GateDiv: nan
Epoch [191/200] Total Loss: 9.2265
Epoch [192/200] Step [0/2] Loss: 5.2280 Bio: 0.9184 GateEnt: nan GateDiv: nan
Epoch [192/200] Total Loss: 9.1343
Epoch [193/200] Step [0/2] Loss: 5.2631 Bio: 1.0424 GateEnt: nan GateDiv: nan
Epoch [193/200] Total Loss: 10.0250
Epoch [194/200] Step [0/2] Loss: 5.2873 Bio: 1.0562 GateEnt: nan GateDiv: nan
Epoch [194/200] Total Loss: 10.3782
Epoch [195/200] Step [0/2] Loss: 5.2609 Bio: 0.9705 GateEnt: nan GateDiv: nan
Epoch [195/200] Total Loss: 8.8547
Epoch [196/200] Step [0/2] Loss: 5.2304 Bio: 1.0279 GateEnt: nan GateDiv: nan
Epoch [196/200] Total Loss: 9.2100
Epoch [197/200] Step [0/2] Loss: 5.2961 Bio: 0.9824 GateEnt: nan GateDiv: nan
Epoch [197/200] Total Loss: 8.8905
Epoch [198/200] Step [0/2] Loss: 5.2966 Bio: 1.0345 GateEnt: nan GateDiv: nan
Epoch [198/200] Total Loss: 8.9575
Epoch [199/200] Step [0/2] Loss: 5.2190 Bio: 1.0140 GateEnt: nan GateDiv: nan
Epoch [199/200] Total Loss: 8.9900

=== Loss Summary ===
  Epoch   1: 12.3251
  Epoch  51: 10.1400
  Epoch 101: 9.6521
  Epoch 151: 9.8817
  Epoch 200: 8.9900
  Delta (last 25% = 50 ep): -0.8917
  If delta > -1.0, model has converged
linear training complete.
=== DONE Tue Aug 25 12:54:36 AM EDT 2026 ===
