=== gate: anchors cover omics ===
gate passed: 510 patients
=== UCEC | head=attention_query_v3 | k=4 | Wed Aug 26 04:35:26 PM EDT 2026 ===
Head type    : attention_query_v3
Cancer       : UCEC | bio_dim: 16 | lambda_bio: 0.1
Bio anchor   : data/bio_anchors/bio_anchors_UCEC_gsva_H40.csv
Cluster num  : 4
Epochs       : 200
[dataloader] Loaded bio-anchors from data/bio_anchors/bio_anchors_UCEC_gsva_H40.csv: torch.Size([510, 40])
Device       : cpu
Model params : 73,967,375
Epoch [0/200] Step [0/8] Loss: 7.0693 Bio: 0.9044 GateEnt: 1.6089 GateDiv: 0.3000
Epoch [0/200] Total Loss: 56.3424
Epoch [1/200] Step [0/8] Loss: 7.0419 Bio: 0.8978 GateEnt: 1.5908 GateDiv: 0.3000
Epoch [1/200] Total Loss: 56.2709
Epoch [2/200] Step [0/8] Loss: 7.0415 Bio: 0.9609 GateEnt: 1.5703 GateDiv: 0.3000
Epoch [2/200] Total Loss: 56.2455
Epoch [3/200] Step [0/8] Loss: 7.0271 Bio: 0.8330 GateEnt: 1.5526 GateDiv: 0.3000
Epoch [3/200] Total Loss: 56.2291
Epoch [4/200] Step [0/8] Loss: 7.0437 Bio: 1.0196 GateEnt: 1.5350 GateDiv: 0.3000
Epoch [4/200] Total Loss: 56.2148
Epoch [5/200] Step [0/8] Loss: 7.0206 Bio: 0.8063 GateEnt: 1.5178 GateDiv: 0.3000
Epoch [5/200] Total Loss: 56.2001
Epoch [6/200] Step [0/8] Loss: 7.0220 Bio: 0.8366 GateEnt: 1.5001 GateDiv: 0.3000
Epoch [6/200] Total Loss: 56.1877
Epoch [7/200] Step [0/8] Loss: 7.0219 Bio: 0.8540 GateEnt: 1.4811 GateDiv: 0.3000
Epoch [7/200] Total Loss: 56.1697
Epoch [8/200] Step [0/8] Loss: 7.0362 Bio: 1.0190 GateEnt: 1.4595 GateDiv: 0.3000
Epoch [8/200] Total Loss: 56.1524
Epoch [9/200] Step [0/8] Loss: 7.0270 Bio: 0.9500 GateEnt: 1.4340 GateDiv: 0.3000
Epoch [9/200] Total Loss: 56.1295
Epoch [10/200] Step [0/8] Loss: 7.0148 Bio: 0.8605 GateEnt: 1.4027 GateDiv: 0.3000
Epoch [10/200] Total Loss: 56.1062
Epoch [11/200] Step [0/8] Loss: 7.0098 Bio: 0.8404 GateEnt: 1.3631 GateDiv: 0.3000
Epoch [11/200] Total Loss: 56.0704
Epoch [12/200] Step [0/8] Loss: 6.9984 Bio: 0.7775 GateEnt: 1.3163 GateDiv: 0.3000
Epoch [12/200] Total Loss: 56.0277
Epoch [13/200] Step [0/8] Loss: 6.9953 Bio: 0.8043 GateEnt: 1.2657 GateDiv: 0.3000
Epoch [13/200] Total Loss: 55.9845
Epoch [14/200] Step [0/8] Loss: 6.9847 Bio: 0.7503 GateEnt: 1.2129 GateDiv: 0.3000
Epoch [14/200] Total Loss: 55.9414
Epoch [15/200] Step [0/8] Loss: 6.9990 Bio: 0.9480 GateEnt: 1.1592 GateDiv: 0.3000
Epoch [15/200] Total Loss: 55.8969
Epoch [16/200] Step [0/8] Loss: 6.9968 Bio: 0.9797 GateEnt: 1.1055 GateDiv: 0.3000
Epoch [16/200] Total Loss: 55.8680
Epoch [17/200] Step [0/8] Loss: 6.9795 Bio: 0.8494 GateEnt: 1.0559 GateDiv: 0.3000
Epoch [17/200] Total Loss: 55.8190
Epoch [18/200] Step [0/8] Loss: 6.9732 Bio: 0.8444 GateEnt: 1.0021 GateDiv: 0.3000
Epoch [18/200] Total Loss: 55.7733
Epoch [19/200] Step [0/8] Loss: 6.9692 Bio: 0.8598 GateEnt: 0.9500 GateDiv: 0.3000
Epoch [19/200] Total Loss: 55.7297
Epoch [20/200] Step [0/8] Loss: 6.9698 Bio: 0.9182 GateEnt: 0.8978 GateDiv: 0.3000
Epoch [20/200] Total Loss: 55.6874
Epoch [21/200] Step [0/8] Loss: 6.9631 Bio: 0.9034 GateEnt: 0.8453 GateDiv: 0.3000
Epoch [21/200] Total Loss: 55.6452
Epoch [22/200] Step [0/8] Loss: 6.9608 Bio: 0.9341 GateEnt: 0.7919 GateDiv: 0.3000
Epoch [22/200] Total Loss: 55.6006
Epoch [23/200] Step [0/8] Loss: 6.9586 Bio: 0.9682 GateEnt: 0.7362 GateDiv: 0.3000
Epoch [23/200] Total Loss: 55.5544
Epoch [24/200] Step [0/8] Loss: 6.9400 Bio: 0.8427 GateEnt: 0.6754 GateDiv: 0.3000
Epoch [24/200] Total Loss: 55.5022
Epoch [25/200] Step [0/8] Loss: 6.9344 Bio: 0.8578 GateEnt: 0.6026 GateDiv: 0.3000
Epoch [25/200] Total Loss: 55.4430
Epoch [26/200] Step [0/8] Loss: 6.9421 Bio: 1.0249 GateEnt: 0.5004 GateDiv: 0.3000
Epoch [26/200] Total Loss: 55.3359
Epoch [27/200] Step [0/8] Loss: 6.9229 Bio: 0.9055 GateEnt: 0.3178 GateDiv: 0.3000
Epoch [27/200] Total Loss: 55.3420
Epoch [28/200] Step [0/8] Loss: 6.9221 Bio: 0.9890 GateEnt: 0.1980 GateDiv: 0.3000
Epoch [28/200] Total Loss: 55.1382
Epoch [29/200] Step [0/8] Loss: 6.8817 Bio: 0.8781 GateEnt: 0.0519 GateDiv: 0.3000
Epoch [29/200] Total Loss: 55.0010
Epoch [30/200] Step [0/8] Loss: 6.8863 Bio: 0.9623 GateEnt: 0.0108 GateDiv: 0.3000
Epoch [30/200] Total Loss: 55.0316
Epoch [31/200] Step [0/8] Loss: 6.8744 Bio: 0.8204 GateEnt: 0.0380 GateDiv: 0.3000
Epoch [31/200] Total Loss: 55.0294
Epoch [32/200] Step [0/8] Loss: 6.8810 Bio: 0.9273 GateEnt: 0.0000 GateDiv: 0.3000
Epoch [32/200] Total Loss: 54.9874
Epoch [33/200] Step [0/8] Loss: 6.8691 Bio: 0.8081 GateEnt: 0.0000 GateDiv: 0.3000
Epoch [33/200] Total Loss: 54.9868
Epoch [34/200] Step [0/8] Loss: 6.8731 Bio: 0.8501 GateEnt: 0.0000 GateDiv: 0.3000
Epoch [34/200] Total Loss: 54.9867
Epoch [35/200] Step [0/8] Loss: 6.8729 Bio: 0.8472 GateEnt: 0.0000 GateDiv: 0.3000
Epoch [35/200] Total Loss: 54.9862
Epoch [36/200] Step [0/8] Loss: 6.8767 Bio: 0.8874 GateEnt: 0.0000 GateDiv: 0.3000
Epoch [36/200] Total Loss: 54.9805
Epoch [37/200] Step [0/8] Loss: 6.8736 Bio: 0.8538 GateEnt: 0.0000 GateDiv: 0.3000
Epoch [37/200] Total Loss: 54.9868
Epoch [38/200] Step [0/8] Loss: 6.8684 Bio: 0.8018 GateEnt: 0.0000 GateDiv: 0.3000
Epoch [38/200] Total Loss: 54.9890
Epoch [39/200] Step [0/8] Loss: 6.8675 Bio: 0.7927 GateEnt: 0.0000 GateDiv: 0.3000
Epoch [39/200] Total Loss: 54.9861
Epoch [40/200] Step [0/8] Loss: 6.8849 Bio: 0.9684 GateEnt: 0.0000 GateDiv: 0.3000
Epoch [40/200] Total Loss: 54.9843
Epoch [41/200] Step [0/8] Loss: 6.8822 Bio: 0.9420 GateEnt: 0.0000 GateDiv: 0.3000
Epoch [41/200] Total Loss: 54.9808
Epoch [42/200] Step [0/8] Loss: 6.8727 Bio: 0.8605 GateEnt: 0.0000 GateDiv: 0.3000
Epoch [42/200] Total Loss: 54.6798
Epoch [43/200] Step [0/8] Loss: 6.8667 Bio: 0.9659 GateEnt: 0.0087 GateDiv: 0.3000
Epoch [43/200] Total Loss: 54.3324
Epoch [44/200] Step [0/8] Loss: 6.7724 Bio: 0.8167 GateEnt: 0.0000 GateDiv: 0.3000
Epoch [44/200] Total Loss: 54.7827
Epoch [45/200] Step [0/8] Loss: 6.7258 Bio: 0.8229 GateEnt: 0.0000 GateDiv: 0.2999
Epoch [45/200] Total Loss: 53.4737
Epoch [46/200] Step [0/8] Loss: 6.5809 Bio: 0.8996 GateEnt: 0.0000 GateDiv: 0.2997
Epoch [46/200] Total Loss: 52.5478
Epoch [47/200] Step [0/8] Loss: 6.2921 Bio: 0.9831 GateEnt: 0.0000 GateDiv: 0.2994
Epoch [47/200] Total Loss: 51.9300
Epoch [48/200] Step [0/8] Loss: 6.4646 Bio: 0.8670 GateEnt: 0.0000 GateDiv: 0.2996
Epoch [48/200] Total Loss: 53.2551
Epoch [49/200] Step [0/8] Loss: 6.5247 Bio: 0.9778 GateEnt: 0.0000 GateDiv: 0.2993
Epoch [49/200] Total Loss: 51.8589
Epoch [50/200] Step [0/8] Loss: 6.5050 Bio: 0.9725 GateEnt: 0.0000 GateDiv: 0.2991
Epoch [50/200] Total Loss: 51.1599
Epoch [51/200] Step [0/8] Loss: 6.1541 Bio: 0.9405 GateEnt: 0.0000 GateDiv: 0.2982
Epoch [51/200] Total Loss: 51.1172
Epoch [52/200] Step [0/8] Loss: 6.2456 Bio: 0.7903 GateEnt: 0.0000 GateDiv: 0.2978
Epoch [52/200] Total Loss: 50.5507
Epoch [53/200] Step [0/8] Loss: 6.3771 Bio: 0.9392 GateEnt: 0.0000 GateDiv: 0.2977
Epoch [53/200] Total Loss: 50.5697
Epoch [54/200] Step [0/8] Loss: 6.2977 Bio: 0.8854 GateEnt: 0.0000 GateDiv: 0.2974
Epoch [54/200] Total Loss: 50.5248
Epoch [55/200] Step [0/8] Loss: 6.3413 Bio: 0.8521 GateEnt: 0.0000 GateDiv: 0.2962
Epoch [55/200] Total Loss: 50.6335
Epoch [56/200] Step [0/8] Loss: 6.0274 Bio: 0.8550 GateEnt: 0.0000 GateDiv: 0.2962
Epoch [56/200] Total Loss: 50.5676
Epoch [57/200] Step [0/8] Loss: 6.1338 Bio: 0.8249 GateEnt: 0.0000 GateDiv: 0.2953
Epoch [57/200] Total Loss: 50.5135
Epoch [58/200] Step [0/8] Loss: 6.2357 Bio: 0.8070 GateEnt: 0.0000 GateDiv: 0.2944
Epoch [58/200] Total Loss: 50.0171
Epoch [59/200] Step [0/8] Loss: 6.3116 Bio: 0.8846 GateEnt: 0.0000 GateDiv: 0.2936
Epoch [59/200] Total Loss: 50.5221
Epoch [60/200] Step [0/8] Loss: 6.2397 Bio: 0.9313 GateEnt: 0.0000 GateDiv: 0.2936
Epoch [60/200] Total Loss: 50.3515
Epoch [61/200] Step [0/8] Loss: 6.4180 Bio: 0.9039 GateEnt: 0.0000 GateDiv: 0.2952
Epoch [61/200] Total Loss: 50.1601
Epoch [62/200] Step [0/8] Loss: 6.0716 Bio: 0.8733 GateEnt: 0.0000 GateDiv: 0.2948
Epoch [62/200] Total Loss: 49.8486
Epoch [63/200] Step [0/8] Loss: 6.7541 Bio: 0.8721 GateEnt: 0.0000 GateDiv: 0.2959
Epoch [63/200] Total Loss: 50.4017
Epoch [64/200] Step [0/8] Loss: 6.2070 Bio: 0.7467 GateEnt: 0.0000 GateDiv: 0.2930
Epoch [64/200] Total Loss: 49.6971
Epoch [65/200] Step [0/8] Loss: 6.1953 Bio: 1.0456 GateEnt: 0.0000 GateDiv: 0.2928
Epoch [65/200] Total Loss: 49.7097
Epoch [66/200] Step [0/8] Loss: 6.0840 Bio: 0.8064 GateEnt: 0.0000 GateDiv: 0.2927
Epoch [66/200] Total Loss: 49.4922
Epoch [67/200] Step [0/8] Loss: 6.1491 Bio: 0.8670 GateEnt: 0.0000 GateDiv: 0.2916
Epoch [67/200] Total Loss: 48.8725
Epoch [68/200] Step [0/8] Loss: 6.1631 Bio: 0.8812 GateEnt: 0.0000 GateDiv: 0.2927
Epoch [68/200] Total Loss: 49.2231
Epoch [69/200] Step [0/8] Loss: 6.2516 Bio: 0.9589 GateEnt: 0.0000 GateDiv: 0.2914
Epoch [69/200] Total Loss: 49.8370
Epoch [70/200] Step [0/8] Loss: 6.1331 Bio: 0.9573 GateEnt: 0.0000 GateDiv: 0.2924
Epoch [70/200] Total Loss: 48.8592
Epoch [71/200] Step [0/8] Loss: 6.0843 Bio: 1.0353 GateEnt: 0.0000 GateDiv: 0.2932
Epoch [71/200] Total Loss: 47.9527
Epoch [72/200] Step [0/8] Loss: 6.0720 Bio: 0.7877 GateEnt: 0.0000 GateDiv: 0.2933
Epoch [72/200] Total Loss: 48.6042
Epoch [73/200] Step [0/8] Loss: 6.3192 Bio: 0.9016 GateEnt: 0.0000 GateDiv: 0.2933
Epoch [73/200] Total Loss: 49.0446
Epoch [74/200] Step [0/8] Loss: 6.1263 Bio: 0.9762 GateEnt: 0.0000 GateDiv: 0.2916
Epoch [74/200] Total Loss: 48.9123
Epoch [75/200] Step [0/8] Loss: 6.1330 Bio: 0.8725 GateEnt: 0.0000 GateDiv: 0.2919
Epoch [75/200] Total Loss: 48.9773
Epoch [76/200] Step [0/8] Loss: 5.8876 Bio: 0.8276 GateEnt: 0.0000 GateDiv: 0.2924
Epoch [76/200] Total Loss: 48.2539
Epoch [77/200] Step [0/8] Loss: 6.0967 Bio: 0.9260 GateEnt: 0.0000 GateDiv: 0.2902
Epoch [77/200] Total Loss: 49.1389
Epoch [78/200] Step [0/8] Loss: 5.9784 Bio: 0.8614 GateEnt: 0.0000 GateDiv: 0.2895
Epoch [78/200] Total Loss: 48.3312
Epoch [79/200] Step [0/8] Loss: 6.1630 Bio: 0.8154 GateEnt: 0.0000 GateDiv: 0.2911
Epoch [79/200] Total Loss: 49.1189
Epoch [80/200] Step [0/8] Loss: 6.0730 Bio: 0.8954 GateEnt: 0.0000 GateDiv: 0.2909
Epoch [80/200] Total Loss: 48.3091
Epoch [81/200] Step [0/8] Loss: 5.8707 Bio: 0.8158 GateEnt: 0.0000 GateDiv: 0.2882
Epoch [81/200] Total Loss: 48.0630
Epoch [82/200] Step [0/8] Loss: 6.1465 Bio: 0.9167 GateEnt: 0.0000 GateDiv: 0.2914
Epoch [82/200] Total Loss: 49.3082
Epoch [83/200] Step [0/8] Loss: 6.0181 Bio: 0.8545 GateEnt: 0.0000 GateDiv: 0.2918
Epoch [83/200] Total Loss: 48.7584
Epoch [84/200] Step [0/8] Loss: 5.8949 Bio: 0.8262 GateEnt: 0.0000 GateDiv: 0.2907
Epoch [84/200] Total Loss: 48.5716
Epoch [85/200] Step [0/8] Loss: 5.9320 Bio: 0.8503 GateEnt: 0.0000 GateDiv: 0.2923
Epoch [85/200] Total Loss: 48.4979
Epoch [86/200] Step [0/8] Loss: 6.0136 Bio: 0.7934 GateEnt: 0.0000 GateDiv: 0.2900
Epoch [86/200] Total Loss: 48.5493
Epoch [87/200] Step [0/8] Loss: 5.9617 Bio: 0.8814 GateEnt: 0.0000 GateDiv: 0.2886
Epoch [87/200] Total Loss: 48.0429
Epoch [88/200] Step [0/8] Loss: 6.0329 Bio: 0.8383 GateEnt: 0.0000 GateDiv: 0.2882
Epoch [88/200] Total Loss: 47.8392
Epoch [89/200] Step [0/8] Loss: 6.0253 Bio: 0.9126 GateEnt: 0.0000 GateDiv: 0.2857
Epoch [89/200] Total Loss: 48.4089
Epoch [90/200] Step [0/8] Loss: 5.9399 Bio: 0.7898 GateEnt: 0.0000 GateDiv: 0.2838
Epoch [90/200] Total Loss: 47.8703
Epoch [91/200] Step [0/8] Loss: 6.0527 Bio: 0.8786 GateEnt: 0.0000 GateDiv: 0.2826
Epoch [91/200] Total Loss: 48.2133
Epoch [92/200] Step [0/8] Loss: 5.9633 Bio: 0.7213 GateEnt: 0.0000 GateDiv: 0.2835
Epoch [92/200] Total Loss: 47.9756
Epoch [93/200] Step [0/8] Loss: 5.9355 Bio: 0.8291 GateEnt: 0.0000 GateDiv: 0.2824
Epoch [93/200] Total Loss: 48.9271
Epoch [94/200] Step [0/8] Loss: 5.8849 Bio: 0.8503 GateEnt: 0.0000 GateDiv: 0.2820
Epoch [94/200] Total Loss: 47.7494
Epoch [95/200] Step [0/8] Loss: 6.0258 Bio: 0.9678 GateEnt: 0.0000 GateDiv: 0.2820
Epoch [95/200] Total Loss: 48.7805
Epoch [96/200] Step [0/8] Loss: 6.2327 Bio: 0.8476 GateEnt: 0.0000 GateDiv: 0.2811
Epoch [96/200] Total Loss: 48.6465
Epoch [97/200] Step [0/8] Loss: 6.1181 Bio: 0.8998 GateEnt: 0.0000 GateDiv: 0.2812
Epoch [97/200] Total Loss: 48.2848
Epoch [98/200] Step [0/8] Loss: 5.8546 Bio: 0.7455 GateEnt: 0.0000 GateDiv: 0.2787
Epoch [98/200] Total Loss: 47.8397
Epoch [99/200] Step [0/8] Loss: 6.0945 Bio: 0.8005 GateEnt: 0.0000 GateDiv: 0.2785
Epoch [99/200] Total Loss: 47.8288
Epoch [100/200] Step [0/8] Loss: 6.0160 Bio: 0.9389 GateEnt: 0.0000 GateDiv: 0.2806
Epoch [100/200] Total Loss: 47.9812
Epoch [101/200] Step [0/8] Loss: 5.9482 Bio: 0.8532 GateEnt: 0.0000 GateDiv: 0.2803
Epoch [101/200] Total Loss: 47.7373
Epoch [102/200] Step [0/8] Loss: 5.9447 Bio: 0.7623 GateEnt: 0.0000 GateDiv: 0.2782
Epoch [102/200] Total Loss: 48.0235
Epoch [103/200] Step [0/8] Loss: 6.1137 Bio: 0.8431 GateEnt: 0.0000 GateDiv: 0.2774
Epoch [103/200] Total Loss: 48.1456
Epoch [104/200] Step [0/8] Loss: 5.7709 Bio: 0.9623 GateEnt: 0.0000 GateDiv: 0.2716
Epoch [104/200] Total Loss: 47.5199
Epoch [105/200] Step [0/8] Loss: 5.8835 Bio: 0.8171 GateEnt: 0.0000 GateDiv: 0.2718
Epoch [105/200] Total Loss: 47.0703
Epoch [106/200] Step [0/8] Loss: 5.8383 Bio: 0.7529 GateEnt: 0.0000 GateDiv: 0.2663
Epoch [106/200] Total Loss: 47.3669
Epoch [107/200] Step [0/8] Loss: 6.1243 Bio: 0.8483 GateEnt: 0.0000 GateDiv: 0.2662
Epoch [107/200] Total Loss: 48.4389
Epoch [108/200] Step [0/8] Loss: 5.9706 Bio: 0.7997 GateEnt: 0.0000 GateDiv: 0.2640
Epoch [108/200] Total Loss: 47.1923
Epoch [109/200] Step [0/8] Loss: 5.9941 Bio: 0.8816 GateEnt: 0.0000 GateDiv: 0.2645
Epoch [109/200] Total Loss: 47.6508
Epoch [110/200] Step [0/8] Loss: 6.1959 Bio: 0.8845 GateEnt: 0.0000 GateDiv: 0.2667
Epoch [110/200] Total Loss: 47.9419
Epoch [111/200] Step [0/8] Loss: 6.1550 Bio: 0.7630 GateEnt: 0.0000 GateDiv: 0.2655
Epoch [111/200] Total Loss: 48.0507
Epoch [112/200] Step [0/8] Loss: 5.8205 Bio: 0.9215 GateEnt: 0.0000 GateDiv: 0.2603
Epoch [112/200] Total Loss: 47.6177
Epoch [113/200] Step [0/8] Loss: 6.1562 Bio: 0.8547 GateEnt: 0.0000 GateDiv: 0.2592
Epoch [113/200] Total Loss: 47.1971
Epoch [114/200] Step [0/8] Loss: 5.9675 Bio: 0.8912 GateEnt: 0.0000 GateDiv: 0.2528
Epoch [114/200] Total Loss: 47.2951
Epoch [115/200] Step [0/8] Loss: 5.8891 Bio: 0.9509 GateEnt: 0.0000 GateDiv: 0.2539
Epoch [115/200] Total Loss: 46.7692
Epoch [116/200] Step [0/8] Loss: 5.7839 Bio: 0.8061 GateEnt: 0.0000 GateDiv: 0.2491
Epoch [116/200] Total Loss: 47.9439
Epoch [117/200] Step [0/8] Loss: 5.9098 Bio: 0.7332 GateEnt: 0.0000 GateDiv: 0.2496
Epoch [117/200] Total Loss: 47.5985
Epoch [118/200] Step [0/8] Loss: 5.8755 Bio: 0.7530 GateEnt: 0.0000 GateDiv: 0.2403
Epoch [118/200] Total Loss: 47.4793
Epoch [119/200] Step [0/8] Loss: 6.2030 Bio: 0.9173 GateEnt: 0.0184 GateDiv: 0.2294
Epoch [119/200] Total Loss: 47.8420
Epoch [120/200] Step [0/8] Loss: 6.1038 Bio: 0.7697 GateEnt: 0.0000 GateDiv: 0.2303
Epoch [120/200] Total Loss: 47.9080
Epoch [121/200] Step [0/8] Loss: 5.9260 Bio: 0.7501 GateEnt: 0.0000 GateDiv: 0.2336
Epoch [121/200] Total Loss: 48.0937
Epoch [122/200] Step [0/8] Loss: 6.0686 Bio: 0.7246 GateEnt: 0.0000 GateDiv: 0.2265
Epoch [122/200] Total Loss: 47.2241
Epoch [123/200] Step [0/8] Loss: 5.8992 Bio: 0.8632 GateEnt: 0.0000 GateDiv: 0.2200
Epoch [123/200] Total Loss: 47.5533
Epoch [124/200] Step [0/8] Loss: 5.9958 Bio: 0.8305 GateEnt: 0.0000 GateDiv: 0.2059
Epoch [124/200] Total Loss: 47.3024
Epoch [125/200] Step [0/8] Loss: 5.9812 Bio: 0.7971 GateEnt: 0.0000 GateDiv: 0.1990
Epoch [125/200] Total Loss: 47.2441
Epoch [126/200] Step [0/8] Loss: 5.8856 Bio: 0.8211 GateEnt: 0.0000 GateDiv: 0.1774
Epoch [126/200] Total Loss: 47.4349
Epoch [127/200] Step [0/8] Loss: 5.8604 Bio: 0.8965 GateEnt: 0.0000 GateDiv: 0.1584
Epoch [127/200] Total Loss: 47.5690
Epoch [128/200] Step [0/8] Loss: 6.1151 Bio: 1.1020 GateEnt: 0.0309 GateDiv: 0.1434
Epoch [128/200] Total Loss: 47.7397
Epoch [129/200] Step [0/8] Loss: 6.0041 Bio: 0.6794 GateEnt: 0.0000 GateDiv: 0.1308
Epoch [129/200] Total Loss: 48.1084
Epoch [130/200] Step [0/8] Loss: 5.9653 Bio: 0.9125 GateEnt: 0.0000 GateDiv: 0.1105
Epoch [130/200] Total Loss: 47.2588
Epoch [131/200] Step [0/8] Loss: 6.0009 Bio: 0.8895 GateEnt: 0.0000 GateDiv: 0.0842
Epoch [131/200] Total Loss: 46.9892
Epoch [132/200] Step [0/8] Loss: 5.7796 Bio: 0.8260 GateEnt: 0.0000 GateDiv: 0.0626
Epoch [132/200] Total Loss: 47.3375
Epoch [133/200] Step [0/8] Loss: 6.0918 Bio: 0.8487 GateEnt: 0.0000 GateDiv: 0.0488
Epoch [133/200] Total Loss: 47.5738
Epoch [134/200] Step [0/8] Loss: 5.7921 Bio: 0.7502 GateEnt: 0.0000 GateDiv: 0.0028
Epoch [134/200] Total Loss: 47.2035
Epoch [135/200] Step [0/8] Loss: 6.0840 Bio: 0.8045 GateEnt: 0.0000 GateDiv: 0.0083
Epoch [135/200] Total Loss: 47.1635
Epoch [136/200] Step [0/8] Loss: 6.1305 Bio: 1.0404 GateEnt: 0.0000 GateDiv: 0.0000
Epoch [136/200] Total Loss: 47.5126
Epoch [137/200] Step [0/8] Loss: 5.9209 Bio: 0.8288 GateEnt: 0.0000 GateDiv: 0.0000
Epoch [137/200] Total Loss: 47.0276
Epoch [138/200] Step [0/8] Loss: 5.7413 Bio: 0.8950 GateEnt: 0.0000 GateDiv: 0.0000
Epoch [138/200] Total Loss: 46.6488
Epoch [139/200] Step [0/8] Loss: 5.9302 Bio: 0.9036 GateEnt: 0.0000 GateDiv: 0.0000
Epoch [139/200] Total Loss: 47.3608
Epoch [140/200] Step [0/8] Loss: 5.9641 Bio: 0.8602 GateEnt: 0.0000 GateDiv: 0.0000
Epoch [140/200] Total Loss: 47.2898
Epoch [141/200] Step [0/8] Loss: 5.5520 Bio: 0.9072 GateEnt: 0.0000 GateDiv: 0.0000
Epoch [141/200] Total Loss: 46.6850
Epoch [142/200] Step [0/8] Loss: 6.1340 Bio: 1.0074 GateEnt: 0.0000 GateDiv: 0.0000
Epoch [142/200] Total Loss: 47.0945
Epoch [143/200] Step [0/8] Loss: 5.8987 Bio: 0.7896 GateEnt: 0.0000 GateDiv: 0.0000
Epoch [143/200] Total Loss: 47.0656
Epoch [144/200] Step [0/8] Loss: 5.9628 Bio: 0.9282 GateEnt: 0.0000 GateDiv: 0.0000
Epoch [144/200] Total Loss: 47.4022
Epoch [145/200] Step [0/8] Loss: 5.7223 Bio: 0.8892 GateEnt: 0.0000 GateDiv: 0.0000
Epoch [145/200] Total Loss: 47.3039
Epoch [146/200] Step [0/8] Loss: 5.7928 Bio: 0.8366 GateEnt: 0.0000 GateDiv: 0.0000
Epoch [146/200] Total Loss: 47.0484
Epoch [147/200] Step [0/8] Loss: 5.9849 Bio: 0.9164 GateEnt: 0.0000 GateDiv: 0.0000
Epoch [147/200] Total Loss: 46.6129
Epoch [148/200] Step [0/8] Loss: 5.8069 Bio: 0.8407 GateEnt: 0.0000 GateDiv: 0.0000
Epoch [148/200] Total Loss: 47.2914
Epoch [149/200] Step [0/8] Loss: 5.8373 Bio: 1.0528 GateEnt: 0.0000 GateDiv: 0.0000
Epoch [149/200] Total Loss: 47.3947
Epoch [150/200] Step [0/8] Loss: 6.0536 Bio: 0.7370 GateEnt: 0.0000 GateDiv: 0.0000
Epoch [150/200] Total Loss: 46.7816
Epoch [151/200] Step [0/8] Loss: 5.7502 Bio: 0.7796 GateEnt: 0.0000 GateDiv: 0.0000
Epoch [151/200] Total Loss: 47.2111
Epoch [152/200] Step [0/8] Loss: 5.8650 Bio: 0.9565 GateEnt: 0.0000 GateDiv: 0.0000
Epoch [152/200] Total Loss: 47.2123
Epoch [153/200] Step [0/8] Loss: 5.6783 Bio: 0.8264 GateEnt: 0.0000 GateDiv: 0.0000
Epoch [153/200] Total Loss: 46.1605
Epoch [154/200] Step [0/8] Loss: 5.8916 Bio: 0.8517 GateEnt: 0.0000 GateDiv: 0.0000
Epoch [154/200] Total Loss: 48.0714
Epoch [155/200] Step [0/8] Loss: 5.9321 Bio: 0.8714 GateEnt: 0.0000 GateDiv: 0.0000
Epoch [155/200] Total Loss: 47.1237
Epoch [156/200] Step [0/8] Loss: 5.7909 Bio: 0.7773 GateEnt: 0.0000 GateDiv: 0.0000
Epoch [156/200] Total Loss: 46.3820
Epoch [157/200] Step [0/8] Loss: 5.8088 Bio: 0.8106 GateEnt: 0.0000 GateDiv: 0.0000
Epoch [157/200] Total Loss: 46.6397
Epoch [158/200] Step [0/8] Loss: 5.9184 Bio: 0.9240 GateEnt: 0.0000 GateDiv: 0.0000
Epoch [158/200] Total Loss: 46.6786
Epoch [159/200] Step [0/8] Loss: 5.7374 Bio: 0.7038 GateEnt: 0.0000 GateDiv: 0.0000
Epoch [159/200] Total Loss: 46.9675
Epoch [160/200] Step [0/8] Loss: 5.8881 Bio: 0.8904 GateEnt: 0.0000 GateDiv: 0.0000
Epoch [160/200] Total Loss: 47.0978
Epoch [161/200] Step [0/8] Loss: 5.7070 Bio: 0.8974 GateEnt: 0.0000 GateDiv: 0.0000
Epoch [161/200] Total Loss: 46.4387
Epoch [162/200] Step [0/8] Loss: 5.8559 Bio: 0.8192 GateEnt: 0.0000 GateDiv: 0.0000
Epoch [162/200] Total Loss: 46.5223
Epoch [163/200] Step [0/8] Loss: 5.9348 Bio: 0.9458 GateEnt: 0.0000 GateDiv: 0.0000
Epoch [163/200] Total Loss: 46.6937
Epoch [164/200] Step [0/8] Loss: 5.7760 Bio: 0.8598 GateEnt: 0.0000 GateDiv: 0.0000
Epoch [164/200] Total Loss: 46.6492
Epoch [165/200] Step [0/8] Loss: 5.6673 Bio: 0.8245 GateEnt: 0.0000 GateDiv: 0.0000
Epoch [165/200] Total Loss: 46.8939
Epoch [166/200] Step [0/8] Loss: 5.8944 Bio: 0.7818 GateEnt: 0.0000 GateDiv: 0.0000
Epoch [166/200] Total Loss: 47.2188
Epoch [167/200] Step [0/8] Loss: 5.6518 Bio: 0.8787 GateEnt: 0.0000 GateDiv: 0.0000
Epoch [167/200] Total Loss: 46.1212
Epoch [168/200] Step [0/8] Loss: 5.9644 Bio: 0.7921 GateEnt: 0.0000 GateDiv: 0.0000
Epoch [168/200] Total Loss: 47.0065
Epoch [169/200] Step [0/8] Loss: 5.7178 Bio: 0.8878 GateEnt: 0.0000 GateDiv: 0.0000
Epoch [169/200] Total Loss: 46.7262
Epoch [170/200] Step [0/8] Loss: 5.4779 Bio: 0.8398 GateEnt: 0.0000 GateDiv: 0.0000
Epoch [170/200] Total Loss: 46.0350
Epoch [171/200] Step [0/8] Loss: 5.7555 Bio: 0.6929 GateEnt: 0.0000 GateDiv: 0.0000
Epoch [171/200] Total Loss: 46.0505
Epoch [172/200] Step [0/8] Loss: 5.6167 Bio: 0.7345 GateEnt: 0.0000 GateDiv: 0.0000
Epoch [172/200] Total Loss: 46.7405
Epoch [173/200] Step [0/8] Loss: 5.8401 Bio: 0.8400 GateEnt: 0.0000 GateDiv: 0.0000
Epoch [173/200] Total Loss: 46.2381
Epoch [174/200] Step [0/8] Loss: 5.9080 Bio: 0.9641 GateEnt: 0.0000 GateDiv: 0.0000
Epoch [174/200] Total Loss: 46.9188
Epoch [175/200] Step [0/8] Loss: 5.8551 Bio: 0.9223 GateEnt: 0.0000 GateDiv: 0.0000
Epoch [175/200] Total Loss: 46.6661
Epoch [176/200] Step [0/8] Loss: 5.7175 Bio: 0.8439 GateEnt: 0.0000 GateDiv: 0.0000
Epoch [176/200] Total Loss: 46.5661
Epoch [177/200] Step [0/8] Loss: 5.8007 Bio: 0.7384 GateEnt: 0.0000 GateDiv: 0.0000
Epoch [177/200] Total Loss: 46.2120
Epoch [178/200] Step [0/8] Loss: 5.8980 Bio: 0.7635 GateEnt: 0.0000 GateDiv: 0.0012
Epoch [178/200] Total Loss: 46.6313
Epoch [179/200] Step [0/8] Loss: 5.9569 Bio: 0.7696 GateEnt: 0.0000 GateDiv: 0.0000
Epoch [179/200] Total Loss: 46.1199
Epoch [180/200] Step [0/8] Loss: 5.9692 Bio: 0.8815 GateEnt: 0.0000 GateDiv: 0.0000
Epoch [180/200] Total Loss: 46.6674
Epoch [181/200] Step [0/8] Loss: 6.0385 Bio: 0.9419 GateEnt: 0.0000 GateDiv: 0.0000
Epoch [181/200] Total Loss: 46.7878
Epoch [182/200] Step [0/8] Loss: 5.9720 Bio: 0.7499 GateEnt: 0.0000 GateDiv: 0.0000
Epoch [182/200] Total Loss: 46.7409
Epoch [183/200] Step [0/8] Loss: 5.6832 Bio: 0.8252 GateEnt: 0.0000 GateDiv: 0.0000
Epoch [183/200] Total Loss: 45.8672
Epoch [184/200] Step [0/8] Loss: 5.7062 Bio: 0.8027 GateEnt: 0.0000 GateDiv: 0.0000
Epoch [184/200] Total Loss: 46.7548
Epoch [185/200] Step [0/8] Loss: 5.8408 Bio: 1.0481 GateEnt: 0.0000 GateDiv: 0.0000
Epoch [185/200] Total Loss: 46.4078
Epoch [186/200] Step [0/8] Loss: 6.0617 Bio: 0.7625 GateEnt: 0.0000 GateDiv: 0.0000
Epoch [186/200] Total Loss: 46.8083
Epoch [187/200] Step [0/8] Loss: 5.9119 Bio: 0.7551 GateEnt: 0.0000 GateDiv: 0.0000
Epoch [187/200] Total Loss: 46.1868
Epoch [188/200] Step [0/8] Loss: 5.7368 Bio: 0.7644 GateEnt: 0.0000 GateDiv: 0.0000
Epoch [188/200] Total Loss: 46.7183
Epoch [189/200] Step [0/8] Loss: 5.9763 Bio: 0.8189 GateEnt: 0.0000 GateDiv: 0.0000
Epoch [189/200] Total Loss: 46.7164
Epoch [190/200] Step [0/8] Loss: 5.6647 Bio: 0.7990 GateEnt: 0.0000 GateDiv: 0.0000
Epoch [190/200] Total Loss: 46.2112
Epoch [191/200] Step [0/8] Loss: 5.7411 Bio: 0.7138 GateEnt: 0.0000 GateDiv: 0.0000
Epoch [191/200] Total Loss: 46.9381
Epoch [192/200] Step [0/8] Loss: 5.8789 Bio: 0.9693 GateEnt: 0.0000 GateDiv: 0.0000
Epoch [192/200] Total Loss: 46.5745
Epoch [193/200] Step [0/8] Loss: 5.6777 Bio: 0.9093 GateEnt: 0.0000 GateDiv: 0.0000
Epoch [193/200] Total Loss: 46.3513
Epoch [194/200] Step [0/8] Loss: 5.8086 Bio: 0.8093 GateEnt: 0.0000 GateDiv: 0.0000
Epoch [194/200] Total Loss: 46.6317
Epoch [195/200] Step [0/8] Loss: 5.6399 Bio: 0.7956 GateEnt: 0.0000 GateDiv: 0.0000
Epoch [195/200] Total Loss: 46.8146
Epoch [196/200] Step [0/8] Loss: 5.6047 Bio: 0.7239 GateEnt: 0.0000 GateDiv: 0.0000
Epoch [196/200] Total Loss: 45.8612
Epoch [197/200] Step [0/8] Loss: 5.5632 Bio: 0.7534 GateEnt: 0.0000 GateDiv: 0.0000
Epoch [197/200] Total Loss: 45.7786
Epoch [198/200] Step [0/8] Loss: 6.0177 Bio: 0.7318 GateEnt: 0.0000 GateDiv: 0.0000
Epoch [198/200] Total Loss: 46.5907
Epoch [199/200] Step [0/8] Loss: 5.5118 Bio: 0.6695 GateEnt: 0.0000 GateDiv: 0.0000
Epoch [199/200] Total Loss: 45.6365

=== Loss Summary ===
  Epoch   1: 56.3424
  Epoch  51: 51.1599
  Epoch 101: 47.9812
  Epoch 151: 46.7816
  Epoch 200: 45.6365
  Delta (last 25% = 50 ep): -1.1452
  If delta > -1.0, model has converged
attention_query_v3 training complete.
=== DONE Wed Aug 26 05:23:55 PM EDT 2026 ===
