=== gate: anchors cover omics ===
gate passed: 1031 patients
=== BRCA | head=attention_query_v3 | k=5 | Wed Aug 26 02:19:17 PM EDT 2026 ===
Head type    : attention_query_v3
Cancer       : BRCA | bio_dim: 16 | lambda_bio: 0.1
Bio anchor   : data/bio_anchors/bio_anchors_BRCA_gsva_H40.csv
Cluster num  : 5
Epochs       : 200
[dataloader] Loaded bio-anchors from data/bio_anchors/bio_anchors_BRCA_gsva_H40.csv: torch.Size([1031, 40])
Device       : cpu
Model params : 73,968,944
Epoch [0/200] Step [0/17] Loss: 7.3298 Bio: 0.9297 GateEnt: 1.6089 GateDiv: 0.3000
Epoch [0/200] Total Loss: 121.6808
Epoch [1/200] Step [0/17] Loss: 7.2927 Bio: 0.9436 GateEnt: 1.5717 GateDiv: 0.3000
Epoch [1/200] Total Loss: 121.5498
Epoch [2/200] Step [0/17] Loss: 7.2955 Bio: 1.0129 GateEnt: 1.5460 GateDiv: 0.3000
Epoch [2/200] Total Loss: 121.4863
Epoch [3/200] Step [0/17] Loss: 7.2796 Bio: 0.8892 GateEnt: 1.5113 GateDiv: 0.3000
Epoch [3/200] Total Loss: 121.4423
Epoch [4/200] Step [0/17] Loss: 7.2814 Bio: 0.9512 GateEnt: 1.4680 GateDiv: 0.3000
Epoch [4/200] Total Loss: 121.3876
Epoch [5/200] Step [0/17] Loss: 7.2747 Bio: 0.9337 GateEnt: 1.4138 GateDiv: 0.3000
Epoch [5/200] Total Loss: 121.2179
Epoch [6/200] Step [0/17] Loss: 7.2567 Bio: 0.8288 GateEnt: 1.3431 GateDiv: 0.3000
Epoch [6/200] Total Loss: 121.1047
Epoch [7/200] Step [0/17] Loss: 7.2507 Bio: 0.8551 GateEnt: 1.2313 GateDiv: 0.3000
Epoch [7/200] Total Loss: 120.9761
Epoch [8/200] Step [0/17] Loss: 7.2421 Bio: 0.9265 GateEnt: 1.0985 GateDiv: 0.3000
Epoch [8/200] Total Loss: 120.6170
Epoch [9/200] Step [0/17] Loss: 7.2179 Bio: 0.8666 GateEnt: 0.9167 GateDiv: 0.3000
Epoch [9/200] Total Loss: 120.2932
Epoch [10/200] Step [0/17] Loss: 7.2169 Bio: 1.0169 GateEnt: 0.7567 GateDiv: 0.3000
Epoch [10/200] Total Loss: 120.0444
Epoch [11/200] Step [0/17] Loss: 7.1957 Bio: 0.9463 GateEnt: 0.6155 GateDiv: 0.3000
Epoch [11/200] Total Loss: 119.8175
Epoch [12/200] Step [0/17] Loss: 7.1719 Bio: 0.8329 GateEnt: 0.4915 GateDiv: 0.3000
Epoch [12/200] Total Loss: 119.5924
Epoch [13/200] Step [0/17] Loss: 7.1619 Bio: 0.8485 GateEnt: 0.3769 GateDiv: 0.3000
Epoch [13/200] Total Loss: 119.1026
Epoch [14/200] Step [0/17] Loss: 7.0073 Bio: 1.0011 GateEnt: 0.4664 GateDiv: 0.3000
Epoch [14/200] Total Loss: 116.8935
Epoch [15/200] Step [0/17] Loss: 7.2936 Bio: 0.8779 GateEnt: 0.1795 GateDiv: 0.3000
Epoch [15/200] Total Loss: 117.5409
Epoch [16/200] Step [0/17] Loss: 7.2733 Bio: 0.8606 GateEnt: 0.0000 GateDiv: 0.2999
Epoch [16/200] Total Loss: 116.6914
Epoch [17/200] Step [0/17] Loss: 6.9424 Bio: 0.7978 GateEnt: 0.0000 GateDiv: 0.2999
Epoch [17/200] Total Loss: 112.5717
Epoch [18/200] Step [0/17] Loss: 6.7567 Bio: 0.9444 GateEnt: 0.0000 GateDiv: 0.2997
Epoch [18/200] Total Loss: 112.2423
Epoch [19/200] Step [0/17] Loss: 6.6073 Bio: 0.7843 GateEnt: 0.0000 GateDiv: 0.2997
Epoch [19/200] Total Loss: 111.7218
Epoch [20/200] Step [0/17] Loss: 6.8717 Bio: 0.8455 GateEnt: 0.0000 GateDiv: 0.2996
Epoch [20/200] Total Loss: 110.3196
Epoch [21/200] Step [0/17] Loss: 6.8092 Bio: 0.9107 GateEnt: 0.0000 GateDiv: 0.2999
Epoch [21/200] Total Loss: 110.5248
Epoch [22/200] Step [0/17] Loss: 6.3752 Bio: 0.9048 GateEnt: 0.0000 GateDiv: 0.2999
Epoch [22/200] Total Loss: 109.5844
Epoch [23/200] Step [0/17] Loss: 6.5638 Bio: 0.8979 GateEnt: 0.0000 GateDiv: 0.2999
Epoch [23/200] Total Loss: 109.9297
Epoch [24/200] Step [0/17] Loss: 6.7287 Bio: 0.8592 GateEnt: 0.0000 GateDiv: 0.2999
Epoch [24/200] Total Loss: 109.6055
Epoch [25/200] Step [0/17] Loss: 6.3980 Bio: 0.8735 GateEnt: 0.0000 GateDiv: 0.2998
Epoch [25/200] Total Loss: 108.1405
Epoch [26/200] Step [0/17] Loss: 6.2625 Bio: 0.8989 GateEnt: 0.0000 GateDiv: 0.2998
Epoch [26/200] Total Loss: 107.1870
Epoch [27/200] Step [0/17] Loss: 6.3291 Bio: 0.8662 GateEnt: 0.0000 GateDiv: 0.2998
Epoch [27/200] Total Loss: 106.0340
Epoch [28/200] Step [0/17] Loss: 6.1901 Bio: 0.9018 GateEnt: 0.0000 GateDiv: 0.2996
Epoch [28/200] Total Loss: 106.6476
Epoch [29/200] Step [0/17] Loss: 6.4660 Bio: 0.8415 GateEnt: 0.0000 GateDiv: 0.2996
Epoch [29/200] Total Loss: 105.1960
Epoch [30/200] Step [0/17] Loss: 6.3318 Bio: 0.8576 GateEnt: 0.0000 GateDiv: 0.2997
Epoch [30/200] Total Loss: 105.3080
Epoch [31/200] Step [0/17] Loss: 6.3434 Bio: 0.8385 GateEnt: 0.0000 GateDiv: 0.2996
Epoch [31/200] Total Loss: 104.5570
Epoch [32/200] Step [0/17] Loss: 6.3613 Bio: 0.8163 GateEnt: 0.0000 GateDiv: 0.2995
Epoch [32/200] Total Loss: 105.3245
Epoch [33/200] Step [0/17] Loss: 6.2047 Bio: 0.8898 GateEnt: 0.0000 GateDiv: 0.2994
Epoch [33/200] Total Loss: 104.8102
Epoch [34/200] Step [0/17] Loss: 6.4176 Bio: 0.8534 GateEnt: 0.0000 GateDiv: 0.2994
Epoch [34/200] Total Loss: 103.9030
Epoch [35/200] Step [0/17] Loss: 6.0955 Bio: 0.8279 GateEnt: 0.0000 GateDiv: 0.2992
Epoch [35/200] Total Loss: 102.9919
Epoch [36/200] Step [0/17] Loss: 6.2699 Bio: 0.8241 GateEnt: 0.0000 GateDiv: 0.2990
Epoch [36/200] Total Loss: 102.7496
Epoch [37/200] Step [0/17] Loss: 6.3999 Bio: 0.9271 GateEnt: 0.0000 GateDiv: 0.2981
Epoch [37/200] Total Loss: 102.7574
Epoch [38/200] Step [0/17] Loss: 6.2379 Bio: 0.8344 GateEnt: 0.0000 GateDiv: 0.2987
Epoch [38/200] Total Loss: 102.8561
Epoch [39/200] Step [0/17] Loss: 6.0838 Bio: 0.9183 GateEnt: 0.0088 GateDiv: 0.2974
Epoch [39/200] Total Loss: 102.9679
Epoch [40/200] Step [0/17] Loss: 6.2535 Bio: 0.6470 GateEnt: 0.0000 GateDiv: 0.2984
Epoch [40/200] Total Loss: 101.9573
Epoch [41/200] Step [0/17] Loss: 6.0769 Bio: 0.7609 GateEnt: 0.0000 GateDiv: 0.2982
Epoch [41/200] Total Loss: 101.9269
Epoch [42/200] Step [0/17] Loss: 6.0842 Bio: 0.8592 GateEnt: 0.0000 GateDiv: 0.2978
Epoch [42/200] Total Loss: 103.5472
Epoch [43/200] Step [0/17] Loss: 6.1510 Bio: 0.7959 GateEnt: 0.0000 GateDiv: 0.2977
Epoch [43/200] Total Loss: 102.2919
Epoch [44/200] Step [0/17] Loss: 6.1106 Bio: 0.7307 GateEnt: 0.0000 GateDiv: 0.2970
Epoch [44/200] Total Loss: 101.4545
Epoch [45/200] Step [0/17] Loss: 6.0458 Bio: 0.8500 GateEnt: 0.0000 GateDiv: 0.2967
Epoch [45/200] Total Loss: 101.4365
Epoch [46/200] Step [0/17] Loss: 6.1567 Bio: 0.7727 GateEnt: 0.0000 GateDiv: 0.2958
Epoch [46/200] Total Loss: 101.4103
Epoch [47/200] Step [0/17] Loss: 5.9615 Bio: 0.7673 GateEnt: 0.0000 GateDiv: 0.2947
Epoch [47/200] Total Loss: 101.3649
Epoch [48/200] Step [0/17] Loss: 6.1384 Bio: 0.7127 GateEnt: 0.0000 GateDiv: 0.2940
Epoch [48/200] Total Loss: 100.7289
Epoch [49/200] Step [0/17] Loss: 6.0996 Bio: 0.8211 GateEnt: 0.0000 GateDiv: 0.2924
Epoch [49/200] Total Loss: 101.3935
Epoch [50/200] Step [0/17] Loss: 6.2309 Bio: 0.8282 GateEnt: 0.0000 GateDiv: 0.2926
Epoch [50/200] Total Loss: 101.3387
Epoch [51/200] Step [0/17] Loss: 6.1102 Bio: 0.8140 GateEnt: 0.0000 GateDiv: 0.2909
Epoch [51/200] Total Loss: 100.2105
Epoch [52/200] Step [0/17] Loss: 5.9889 Bio: 0.6765 GateEnt: 0.0000 GateDiv: 0.2880
Epoch [52/200] Total Loss: 100.9467
Epoch [53/200] Step [0/17] Loss: 5.9037 Bio: 0.7186 GateEnt: 0.0000 GateDiv: 0.2853
Epoch [53/200] Total Loss: 100.2140
Epoch [54/200] Step [0/17] Loss: 5.9326 Bio: 0.8056 GateEnt: 0.0000 GateDiv: 0.2852
Epoch [54/200] Total Loss: 102.0685
Epoch [55/200] Step [0/17] Loss: 6.0398 Bio: 0.7381 GateEnt: 0.0000 GateDiv: 0.2827
Epoch [55/200] Total Loss: 101.2758
Epoch [56/200] Step [0/17] Loss: 6.1726 Bio: 0.7159 GateEnt: 0.0000 GateDiv: 0.2780
Epoch [56/200] Total Loss: 100.5943
Epoch [57/200] Step [0/17] Loss: 5.8326 Bio: 0.8121 GateEnt: 0.0000 GateDiv: 0.2800
Epoch [57/200] Total Loss: 100.2344
Epoch [58/200] Step [0/17] Loss: 6.0536 Bio: 0.7606 GateEnt: 0.0000 GateDiv: 0.2763
Epoch [58/200] Total Loss: 99.8647
Epoch [59/200] Step [0/17] Loss: 6.2049 Bio: 0.7795 GateEnt: 0.0000 GateDiv: 0.2704
Epoch [59/200] Total Loss: 102.0711
Epoch [60/200] Step [0/17] Loss: 6.0253 Bio: 0.7462 GateEnt: 0.0000 GateDiv: 0.2704
Epoch [60/200] Total Loss: 99.6986
Epoch [61/200] Step [0/17] Loss: 5.8726 Bio: 0.7343 GateEnt: 0.0000 GateDiv: 0.2620
Epoch [61/200] Total Loss: 99.2379
Epoch [62/200] Step [0/17] Loss: 6.0661 Bio: 0.8419 GateEnt: 0.0000 GateDiv: 0.2570
Epoch [62/200] Total Loss: 99.7599
Epoch [63/200] Step [0/17] Loss: 5.8668 Bio: 0.6892 GateEnt: 0.0000 GateDiv: 0.2575
Epoch [63/200] Total Loss: 100.0192
Epoch [64/200] Step [0/17] Loss: 5.8960 Bio: 0.7614 GateEnt: 0.0000 GateDiv: 0.2426
Epoch [64/200] Total Loss: 100.2019
Epoch [65/200] Step [0/17] Loss: 5.9928 Bio: 0.7411 GateEnt: 0.0000 GateDiv: 0.2364
Epoch [65/200] Total Loss: 98.7723
Epoch [66/200] Step [0/17] Loss: 5.8453 Bio: 0.7363 GateEnt: 0.0000 GateDiv: 0.2292
Epoch [66/200] Total Loss: 98.8462
Epoch [67/200] Step [0/17] Loss: 6.0112 Bio: 0.7958 GateEnt: 0.0000 GateDiv: 0.2232
Epoch [67/200] Total Loss: 98.5896
Epoch [68/200] Step [0/17] Loss: 5.8878 Bio: 0.8075 GateEnt: 0.0000 GateDiv: 0.1985
Epoch [68/200] Total Loss: 98.5283
Epoch [69/200] Step [0/17] Loss: 5.9797 Bio: 0.7056 GateEnt: 0.0000 GateDiv: 0.2041
Epoch [69/200] Total Loss: 98.2957
Epoch [70/200] Step [0/17] Loss: 5.8470 Bio: 0.6778 GateEnt: 0.0000 GateDiv: 0.1612
Epoch [70/200] Total Loss: 97.7620
Epoch [71/200] Step [0/17] Loss: 5.8811 Bio: 0.7623 GateEnt: 0.0000 GateDiv: 0.1868
Epoch [71/200] Total Loss: 98.0883
Epoch [72/200] Step [0/17] Loss: 6.1195 Bio: 0.6354 GateEnt: 0.0000 GateDiv: 0.1632
Epoch [72/200] Total Loss: 99.4993
Epoch [73/200] Step [0/17] Loss: 5.8748 Bio: 0.6812 GateEnt: 0.0000 GateDiv: 0.1260
Epoch [73/200] Total Loss: 96.7869
Epoch [74/200] Step [0/17] Loss: 5.8997 Bio: 0.8235 GateEnt: 0.0000 GateDiv: 0.0375
Epoch [74/200] Total Loss: 98.8974
Epoch [75/200] Step [0/17] Loss: 6.0435 Bio: 0.6695 GateEnt: 0.0000 GateDiv: 0.0392
Epoch [75/200] Total Loss: 98.3775
Epoch [76/200] Step [0/17] Loss: 5.8802 Bio: 0.7930 GateEnt: 0.0000 GateDiv: 0.0000
Epoch [76/200] Total Loss: 98.7839
Epoch [77/200] Step [0/17] Loss: 5.7686 Bio: 0.7870 GateEnt: 0.0000 GateDiv: 0.0000
Epoch [77/200] Total Loss: 98.4146
Epoch [78/200] Step [0/17] Loss: 5.8254 Bio: 0.6475 GateEnt: 0.0000 GateDiv: 0.0000
Epoch [78/200] Total Loss: 96.6155
Epoch [79/200] Step [0/17] Loss: 5.9245 Bio: 0.7479 GateEnt: 0.0000 GateDiv: 0.0000
Epoch [79/200] Total Loss: 98.2494
Epoch [80/200] Step [0/17] Loss: 5.7154 Bio: 0.7619 GateEnt: 0.0000 GateDiv: 0.0000
Epoch [80/200] Total Loss: 97.6068
Epoch [81/200] Step [0/17] Loss: 5.7575 Bio: 0.7079 GateEnt: 0.0000 GateDiv: 0.0000
Epoch [81/200] Total Loss: 97.3827
Epoch [82/200] Step [0/17] Loss: 5.9332 Bio: 0.6602 GateEnt: 0.0000 GateDiv: 0.0000
Epoch [82/200] Total Loss: 97.5488
Epoch [83/200] Step [0/17] Loss: 5.7270 Bio: 0.7104 GateEnt: 0.0000 GateDiv: 0.0000
Epoch [83/200] Total Loss: 97.8384
Epoch [84/200] Step [0/17] Loss: 5.8111 Bio: 0.6822 GateEnt: 0.0000 GateDiv: 0.0000
Epoch [84/200] Total Loss: 97.5764
Epoch [85/200] Step [0/17] Loss: 5.9128 Bio: 0.7983 GateEnt: 0.0000 GateDiv: 0.0000
Epoch [85/200] Total Loss: 98.0373
Epoch [86/200] Step [0/17] Loss: 5.6177 Bio: 0.6598 GateEnt: 0.0000 GateDiv: 0.0000
Epoch [86/200] Total Loss: 97.4389
Epoch [87/200] Step [0/17] Loss: 5.7202 Bio: 0.6496 GateEnt: 0.0000 GateDiv: 0.0000
Epoch [87/200] Total Loss: 98.2582
Epoch [88/200] Step [0/17] Loss: 6.0576 Bio: 0.6968 GateEnt: 0.0000 GateDiv: 0.0000
Epoch [88/200] Total Loss: 97.7998
Epoch [89/200] Step [0/17] Loss: 6.0213 Bio: 0.7088 GateEnt: 0.0000 GateDiv: 0.0000
Epoch [89/200] Total Loss: 96.4947
Epoch [90/200] Step [0/17] Loss: 5.9626 Bio: 0.7546 GateEnt: 0.0000 GateDiv: 0.0000
Epoch [90/200] Total Loss: 98.0747
Epoch [91/200] Step [0/17] Loss: 5.9488 Bio: 0.7639 GateEnt: 0.0000 GateDiv: 0.0000
Epoch [91/200] Total Loss: 98.0021
Epoch [92/200] Step [0/17] Loss: 5.6173 Bio: 0.7139 GateEnt: 0.0000 GateDiv: 0.0000
Epoch [92/200] Total Loss: 97.9541
Epoch [93/200] Step [0/17] Loss: 5.8169 Bio: 0.7782 GateEnt: 0.0000 GateDiv: 0.0000
Epoch [93/200] Total Loss: 97.2137
Epoch [94/200] Step [0/17] Loss: 5.6864 Bio: 0.6673 GateEnt: 0.0000 GateDiv: 0.0000
Epoch [94/200] Total Loss: 99.7823
Epoch [95/200] Step [0/17] Loss: 5.8828 Bio: 0.6280 GateEnt: 0.0000 GateDiv: 0.0000
Epoch [95/200] Total Loss: 98.2161
Epoch [96/200] Step [0/17] Loss: 6.1378 Bio: 0.6992 GateEnt: 0.0000 GateDiv: 0.0000
Epoch [96/200] Total Loss: 95.9668
Epoch [97/200] Step [0/17] Loss: 5.7545 Bio: 0.6442 GateEnt: 0.0000 GateDiv: 0.0000
Epoch [97/200] Total Loss: 97.7411
Epoch [98/200] Step [0/17] Loss: 6.0293 Bio: 0.6504 GateEnt: 0.0000 GateDiv: 0.0000
Epoch [98/200] Total Loss: 96.5650
Epoch [99/200] Step [0/17] Loss: 5.8635 Bio: 0.7176 GateEnt: 0.0000 GateDiv: 0.0000
Epoch [99/200] Total Loss: 97.0437
Epoch [100/200] Step [0/17] Loss: 5.9973 Bio: 0.7295 GateEnt: 0.0000 GateDiv: 0.0000
Epoch [100/200] Total Loss: 98.5580
Epoch [101/200] Step [0/17] Loss: 5.9968 Bio: 0.6405 GateEnt: 0.0000 GateDiv: 0.0000
Epoch [101/200] Total Loss: 97.4812
Epoch [102/200] Step [0/17] Loss: 5.8886 Bio: 0.7530 GateEnt: 0.0000 GateDiv: 0.0409
Epoch [102/200] Total Loss: 95.9103
Epoch [103/200] Step [0/17] Loss: 5.7115 Bio: 0.6865 GateEnt: 0.0000 GateDiv: 0.0000
Epoch [103/200] Total Loss: 96.3330
Epoch [104/200] Step [0/17] Loss: 5.7444 Bio: 0.6485 GateEnt: 0.0000 GateDiv: 0.0000
Epoch [104/200] Total Loss: 97.5556
Epoch [105/200] Step [0/17] Loss: 5.7915 Bio: 0.6733 GateEnt: 0.0000 GateDiv: 0.0000
Epoch [105/200] Total Loss: 97.6460
Epoch [106/200] Step [0/17] Loss: 5.6363 Bio: 0.6314 GateEnt: 0.0000 GateDiv: 0.0000
Epoch [106/200] Total Loss: 97.6510
Epoch [107/200] Step [0/17] Loss: 5.7776 Bio: 0.7385 GateEnt: 0.0000 GateDiv: 0.0000
Epoch [107/200] Total Loss: 96.0003
Epoch [108/200] Step [0/17] Loss: 5.6498 Bio: 0.6439 GateEnt: 0.0000 GateDiv: 0.0000
Epoch [108/200] Total Loss: 96.0880
Epoch [109/200] Step [0/17] Loss: 5.8837 Bio: 0.6690 GateEnt: 0.0000 GateDiv: 0.0000
Epoch [109/200] Total Loss: 96.9442
Epoch [110/200] Step [0/17] Loss: 5.8570 Bio: 0.7022 GateEnt: 0.0000 GateDiv: 0.0000
Epoch [110/200] Total Loss: 97.5539
Epoch [111/200] Step [0/17] Loss: 5.7324 Bio: 0.6496 GateEnt: 0.0000 GateDiv: 0.0000
Epoch [111/200] Total Loss: 97.0738
Epoch [112/200] Step [0/17] Loss: 5.8025 Bio: 0.7405 GateEnt: 0.0000 GateDiv: 0.0000
Epoch [112/200] Total Loss: 95.6005
Epoch [113/200] Step [0/17] Loss: 5.6645 Bio: 0.6596 GateEnt: 0.0000 GateDiv: 0.0000
Epoch [113/200] Total Loss: 96.2251
Epoch [114/200] Step [0/17] Loss: 5.8457 Bio: 0.7363 GateEnt: 0.0000 GateDiv: 0.0000
Epoch [114/200] Total Loss: 97.5220
Epoch [115/200] Step [0/17] Loss: 5.8438 Bio: 0.6542 GateEnt: 0.0000 GateDiv: 0.0000
Epoch [115/200] Total Loss: 96.2837
Epoch [116/200] Step [0/17] Loss: 6.0803 Bio: 0.6616 GateEnt: 0.0000 GateDiv: 0.0000
Epoch [116/200] Total Loss: 96.9063
Epoch [117/200] Step [0/17] Loss: 5.7758 Bio: 0.7198 GateEnt: 0.0000 GateDiv: 0.0000
Epoch [117/200] Total Loss: 95.8997
Epoch [118/200] Step [0/17] Loss: 6.0457 Bio: 0.6734 GateEnt: 0.0000 GateDiv: 0.0000
Epoch [118/200] Total Loss: 97.3507
Epoch [119/200] Step [0/17] Loss: 5.6748 Bio: 0.7885 GateEnt: 0.0000 GateDiv: 0.0000
Epoch [119/200] Total Loss: 96.4023
Epoch [120/200] Step [0/17] Loss: 5.8836 Bio: 0.6945 GateEnt: 0.0000 GateDiv: 0.0000
Epoch [120/200] Total Loss: 96.6618
Epoch [121/200] Step [0/17] Loss: 5.5701 Bio: 0.6447 GateEnt: 0.0000 GateDiv: 0.0000
Epoch [121/200] Total Loss: 96.2366
Epoch [122/200] Step [0/17] Loss: 5.6172 Bio: 0.6716 GateEnt: 0.0000 GateDiv: 0.0000
Epoch [122/200] Total Loss: 95.9447
Epoch [123/200] Step [0/17] Loss: 5.7988 Bio: 0.7399 GateEnt: 0.0000 GateDiv: 0.0000
Epoch [123/200] Total Loss: 96.8049
Epoch [124/200] Step [0/17] Loss: 5.8475 Bio: 0.6833 GateEnt: 0.0000 GateDiv: 0.0000
Epoch [124/200] Total Loss: 95.9702
Epoch [125/200] Step [0/17] Loss: 5.6636 Bio: 0.6730 GateEnt: 0.0000 GateDiv: 0.0000
Epoch [125/200] Total Loss: 96.3591
Epoch [126/200] Step [0/17] Loss: 5.7993 Bio: 0.7858 GateEnt: 0.0000 GateDiv: 0.0000
Epoch [126/200] Total Loss: 96.4334
Epoch [127/200] Step [0/17] Loss: 5.7615 Bio: 0.6831 GateEnt: 0.0000 GateDiv: 0.0000
Epoch [127/200] Total Loss: 95.2999
Epoch [128/200] Step [0/17] Loss: 5.7150 Bio: 0.7447 GateEnt: 0.0000 GateDiv: 0.0000
Epoch [128/200] Total Loss: 95.6417
Epoch [129/200] Step [0/17] Loss: 5.6967 Bio: 0.7189 GateEnt: 0.0000 GateDiv: 0.0000
Epoch [129/200] Total Loss: 95.9478
Epoch [130/200] Step [0/17] Loss: 5.7256 Bio: 0.6823 GateEnt: 0.0000 GateDiv: 0.0000
Epoch [130/200] Total Loss: 94.9623
Epoch [131/200] Step [0/17] Loss: 5.8202 Bio: 0.6283 GateEnt: 0.0000 GateDiv: 0.0000
Epoch [131/200] Total Loss: 96.2019
Epoch [132/200] Step [0/17] Loss: 5.9310 Bio: 0.7037 GateEnt: 0.0000 GateDiv: 0.0000
Epoch [132/200] Total Loss: 95.4461
Epoch [133/200] Step [0/17] Loss: 5.8651 Bio: 0.6772 GateEnt: 0.0000 GateDiv: 0.0000
Epoch [133/200] Total Loss: 95.8046
Epoch [134/200] Step [0/17] Loss: 5.7406 Bio: 0.7214 GateEnt: 0.0000 GateDiv: 0.0000
Epoch [134/200] Total Loss: 96.0718
Epoch [135/200] Step [0/17] Loss: 5.9841 Bio: 0.6355 GateEnt: 0.0000 GateDiv: 0.0000
Epoch [135/200] Total Loss: 95.7051
Epoch [136/200] Step [0/17] Loss: 5.6193 Bio: 0.7488 GateEnt: 0.0000 GateDiv: 0.0000
Epoch [136/200] Total Loss: 96.9124
Epoch [137/200] Step [0/17] Loss: 5.5868 Bio: 0.6940 GateEnt: 0.0000 GateDiv: 0.0000
Epoch [137/200] Total Loss: 95.2526
Epoch [138/200] Step [0/17] Loss: 5.7494 Bio: 0.6674 GateEnt: 0.0000 GateDiv: 0.0000
Epoch [138/200] Total Loss: 96.0054
Epoch [139/200] Step [0/17] Loss: 5.8436 Bio: 0.6739 GateEnt: 0.0000 GateDiv: 0.0000
Epoch [139/200] Total Loss: 95.4049
Epoch [140/200] Step [0/17] Loss: 5.6612 Bio: 0.6022 GateEnt: 0.0000 GateDiv: 0.0000
Epoch [140/200] Total Loss: 96.1505
Epoch [141/200] Step [0/17] Loss: 5.5670 Bio: 0.5931 GateEnt: 0.0000 GateDiv: 0.0000
Epoch [141/200] Total Loss: 96.6991
Epoch [142/200] Step [0/17] Loss: 5.6891 Bio: 0.6461 GateEnt: 0.0000 GateDiv: 0.0000
Epoch [142/200] Total Loss: 96.0783
Epoch [143/200] Step [0/17] Loss: 5.6384 Bio: 0.7199 GateEnt: 0.0000 GateDiv: 0.0000
Epoch [143/200] Total Loss: 95.4008
Epoch [144/200] Step [0/17] Loss: 5.8602 Bio: 0.6909 GateEnt: 0.0000 GateDiv: 0.0000
Epoch [144/200] Total Loss: 97.2010
Epoch [145/200] Step [0/17] Loss: 5.6302 Bio: 0.6433 GateEnt: 0.0000 GateDiv: 0.0000
Epoch [145/200] Total Loss: 95.9009
Epoch [146/200] Step [0/17] Loss: 5.4141 Bio: 0.6827 GateEnt: 0.0000 GateDiv: 0.0000
Epoch [146/200] Total Loss: 96.3569
Epoch [147/200] Step [0/17] Loss: 5.7085 Bio: 0.7899 GateEnt: 0.0000 GateDiv: 0.0000
Epoch [147/200] Total Loss: 94.0278
Epoch [148/200] Step [0/17] Loss: 5.9628 Bio: 0.6170 GateEnt: 0.0000 GateDiv: 0.0000
Epoch [148/200] Total Loss: 94.0588
Epoch [149/200] Step [0/17] Loss: 5.6436 Bio: 0.6868 GateEnt: 0.0000 GateDiv: 0.0000
Epoch [149/200] Total Loss: 94.3398
Epoch [150/200] Step [0/17] Loss: 5.6564 Bio: 0.5966 GateEnt: 0.0000 GateDiv: 0.0000
Epoch [150/200] Total Loss: 95.1907
Epoch [151/200] Step [0/17] Loss: 5.6168 Bio: 0.6122 GateEnt: 0.0000 GateDiv: 0.0000
Epoch [151/200] Total Loss: 94.5895
Epoch [152/200] Step [0/17] Loss: 5.8744 Bio: 0.6406 GateEnt: 0.0000 GateDiv: 0.0000
Epoch [152/200] Total Loss: 95.3949
Epoch [153/200] Step [0/17] Loss: 5.7883 Bio: 0.6876 GateEnt: 0.0000 GateDiv: 0.0000
Epoch [153/200] Total Loss: 94.9301
Epoch [154/200] Step [0/17] Loss: 5.7988 Bio: 0.6997 GateEnt: 0.0000 GateDiv: 0.0000
Epoch [154/200] Total Loss: 94.2129
Epoch [155/200] Step [0/17] Loss: 5.6109 Bio: 0.6642 GateEnt: 0.0000 GateDiv: 0.0000
Epoch [155/200] Total Loss: 95.6292
Epoch [156/200] Step [0/17] Loss: 5.9122 Bio: 0.7599 GateEnt: 0.0000 GateDiv: 0.0000
Epoch [156/200] Total Loss: 94.6147
Epoch [157/200] Step [0/17] Loss: 5.7479 Bio: 0.6840 GateEnt: 0.0000 GateDiv: 0.0000
Epoch [157/200] Total Loss: 95.8608
Epoch [158/200] Step [0/17] Loss: 5.6765 Bio: 0.6196 GateEnt: 0.0000 GateDiv: 0.0000
Epoch [158/200] Total Loss: 95.0644
Epoch [159/200] Step [0/17] Loss: 5.7659 Bio: 0.5898 GateEnt: 0.0000 GateDiv: 0.0000
Epoch [159/200] Total Loss: 95.1895
Epoch [160/200] Step [0/17] Loss: 5.6287 Bio: 0.5774 GateEnt: 0.0000 GateDiv: 0.0000
Epoch [160/200] Total Loss: 95.7880
Epoch [161/200] Step [0/17] Loss: 5.7029 Bio: 0.6314 GateEnt: 0.0000 GateDiv: 0.0000
Epoch [161/200] Total Loss: 96.9251
Epoch [162/200] Step [0/17] Loss: 5.6140 Bio: 0.6160 GateEnt: 0.0000 GateDiv: 0.0000
Epoch [162/200] Total Loss: 95.0444
Epoch [163/200] Step [0/17] Loss: 5.8979 Bio: 0.6772 GateEnt: 0.0000 GateDiv: 0.0000
Epoch [163/200] Total Loss: 96.0747
Epoch [164/200] Step [0/17] Loss: 5.8025 Bio: 0.6969 GateEnt: 0.0000 GateDiv: 0.0000
Epoch [164/200] Total Loss: 94.0799
Epoch [165/200] Step [0/17] Loss: 5.7093 Bio: 0.6507 GateEnt: 0.0000 GateDiv: 0.0000
Epoch [165/200] Total Loss: 95.8962
Epoch [166/200] Step [0/17] Loss: 5.5795 Bio: 0.6308 GateEnt: 0.0000 GateDiv: 0.0000
Epoch [166/200] Total Loss: 94.7371
Epoch [167/200] Step [0/17] Loss: 5.7730 Bio: 0.6987 GateEnt: 0.0000 GateDiv: 0.0000
Epoch [167/200] Total Loss: 96.0220
Epoch [168/200] Step [0/17] Loss: 5.7336 Bio: 0.6595 GateEnt: 0.0000 GateDiv: 0.0000
Epoch [168/200] Total Loss: 96.8350
Epoch [169/200] Step [0/17] Loss: 5.8624 Bio: 0.6144 GateEnt: 0.0000 GateDiv: 0.0000
Epoch [169/200] Total Loss: 95.4035
Epoch [170/200] Step [0/17] Loss: 5.8322 Bio: 0.6847 GateEnt: 0.0000 GateDiv: 0.0000
Epoch [170/200] Total Loss: 95.6326
Epoch [171/200] Step [0/17] Loss: 5.6605 Bio: 0.6944 GateEnt: 0.0000 GateDiv: 0.0000
Epoch [171/200] Total Loss: 95.2309
Epoch [172/200] Step [0/17] Loss: 5.9475 Bio: 0.6019 GateEnt: 0.0000 GateDiv: 0.0000
Epoch [172/200] Total Loss: 96.2343
Epoch [173/200] Step [0/17] Loss: 5.5723 Bio: 0.6130 GateEnt: 0.0000 GateDiv: 0.0000
Epoch [173/200] Total Loss: 95.6525
Epoch [174/200] Step [0/17] Loss: 5.6384 Bio: 0.6083 GateEnt: 0.0000 GateDiv: 0.0000
Epoch [174/200] Total Loss: 94.3568
Epoch [175/200] Step [0/17] Loss: 5.5163 Bio: 0.6463 GateEnt: 0.0000 GateDiv: 0.0000
Epoch [175/200] Total Loss: 94.8177
Epoch [176/200] Step [0/17] Loss: 5.7303 Bio: 0.6225 GateEnt: 0.0000 GateDiv: 0.0000
Epoch [176/200] Total Loss: 95.0622
Epoch [177/200] Step [0/17] Loss: 5.5530 Bio: 0.6121 GateEnt: 0.0000 GateDiv: 0.0000
Epoch [177/200] Total Loss: 95.2287
Epoch [178/200] Step [0/17] Loss: 5.7779 Bio: 0.6634 GateEnt: 0.0000 GateDiv: 0.0000
Epoch [178/200] Total Loss: 95.0680
Epoch [179/200] Step [0/17] Loss: 5.7031 Bio: 0.6104 GateEnt: 0.0000 GateDiv: 0.0000
Epoch [179/200] Total Loss: 94.3313
Epoch [180/200] Step [0/17] Loss: 5.6529 Bio: 0.6659 GateEnt: 0.0000 GateDiv: 0.0000
Epoch [180/200] Total Loss: 94.7471
Epoch [181/200] Step [0/17] Loss: 5.6233 Bio: 0.6607 GateEnt: 0.0000 GateDiv: 0.0000
Epoch [181/200] Total Loss: 94.7124
Epoch [182/200] Step [0/17] Loss: 5.9386 Bio: 0.6911 GateEnt: 0.0000 GateDiv: 0.0000
Epoch [182/200] Total Loss: 95.4694
Epoch [183/200] Step [0/17] Loss: 5.8515 Bio: 0.6356 GateEnt: 0.0000 GateDiv: 0.0000
Epoch [183/200] Total Loss: 95.6058
Epoch [184/200] Step [0/17] Loss: 5.6817 Bio: 0.6736 GateEnt: 0.0000 GateDiv: 0.0000
Epoch [184/200] Total Loss: 94.9126
Epoch [185/200] Step [0/17] Loss: 5.6188 Bio: 0.5915 GateEnt: 0.0000 GateDiv: 0.0000
Epoch [185/200] Total Loss: 94.0055
Epoch [186/200] Step [0/17] Loss: 5.8928 Bio: 0.5627 GateEnt: 0.0000 GateDiv: 0.0000
Epoch [186/200] Total Loss: 95.4243
Epoch [187/200] Step [0/17] Loss: 5.7310 Bio: 0.6987 GateEnt: 0.0000 GateDiv: 0.0000
Epoch [187/200] Total Loss: 95.0122
Epoch [188/200] Step [0/17] Loss: 5.7275 Bio: 0.6681 GateEnt: 0.0000 GateDiv: 0.0000
Epoch [188/200] Total Loss: 94.7139
Epoch [189/200] Step [0/17] Loss: 5.7595 Bio: 0.6110 GateEnt: 0.0000 GateDiv: 0.0000
Epoch [189/200] Total Loss: 93.5585
Epoch [190/200] Step [0/17] Loss: 5.5391 Bio: 0.5911 GateEnt: 0.0000 GateDiv: 0.0000
Epoch [190/200] Total Loss: 94.2039
Epoch [191/200] Step [0/17] Loss: 5.8389 Bio: 0.6345 GateEnt: 0.0000 GateDiv: 0.0000
Epoch [191/200] Total Loss: 94.9480
Epoch [192/200] Step [0/17] Loss: 5.8696 Bio: 0.7055 GateEnt: 0.0000 GateDiv: 0.0000
Epoch [192/200] Total Loss: 95.5887
Epoch [193/200] Step [0/17] Loss: 5.6212 Bio: 0.6552 GateEnt: 0.0000 GateDiv: 0.0000
Epoch [193/200] Total Loss: 94.8837
Epoch [194/200] Step [0/17] Loss: 5.9023 Bio: 0.6037 GateEnt: 0.0000 GateDiv: 0.0000
Epoch [194/200] Total Loss: 96.2724
Epoch [195/200] Step [0/17] Loss: 5.5284 Bio: 0.7147 GateEnt: 0.0000 GateDiv: 0.0000
Epoch [195/200] Total Loss: 94.2507
Epoch [196/200] Step [0/17] Loss: 5.6182 Bio: 0.6722 GateEnt: 0.0000 GateDiv: 0.0000
Epoch [196/200] Total Loss: 94.8443
Epoch [197/200] Step [0/17] Loss: 5.5156 Bio: 0.5953 GateEnt: 0.0000 GateDiv: 0.0000
Epoch [197/200] Total Loss: 94.5406
Epoch [198/200] Step [0/17] Loss: 5.7812 Bio: 0.6196 GateEnt: 0.0000 GateDiv: 0.0000
Epoch [198/200] Total Loss: 95.2767
Epoch [199/200] Step [0/17] Loss: 5.6787 Bio: 0.6728 GateEnt: 0.0000 GateDiv: 0.0000
Epoch [199/200] Total Loss: 94.5618

=== Loss Summary ===
  Epoch   1: 121.6808
  Epoch  51: 101.3387
  Epoch 101: 98.5580
  Epoch 151: 95.1907
  Epoch 200: 94.5618
  Delta (last 25% = 50 ep): -0.6288
  If delta > -1.0, model has converged
attention_query_v3 training complete.
=== DONE Wed Aug 26 04:04:08 PM EDT 2026 ===
