=== gate: anchors cover omics ===
gate passed: 407 patients
=== STAD | head=linear | k=4 | Tue Aug 25 01:36:41 AM EDT 2026 ===
Head type    : linear
Cancer       : STAD | bio_dim: 16 | lambda_bio: 0.1
Bio anchor   : data/bio_anchors/bio_anchors_STAD_gsva_H40.csv
Cluster num  : 4
Epochs       : 200
[dataloader] Loaded bio-anchors from data/bio_anchors/bio_anchors_STAD_gsva_H40.csv: torch.Size([407, 40])
Device       : cpu
Model params : 73,947,340
Epoch [0/200] Step [0/7] Loss: 6.8775 Bio: 0.9517 GateEnt: nan GateDiv: nan
Epoch [0/200] Total Loss: 47.0645
Epoch [1/200] Step [0/7] Loss: 6.8737 Bio: 0.9041 GateEnt: nan GateDiv: nan
Epoch [1/200] Total Loss: 47.0617
Epoch [2/200] Step [0/7] Loss: 6.8590 Bio: 0.8607 GateEnt: nan GateDiv: nan
Epoch [2/200] Total Loss: 46.7910
Epoch [3/200] Step [0/7] Loss: 6.8653 Bio: 0.9407 GateEnt: nan GateDiv: nan
Epoch [3/200] Total Loss: 46.6681
Epoch [4/200] Step [0/7] Loss: 6.6671 Bio: 0.9330 GateEnt: nan GateDiv: nan
Epoch [4/200] Total Loss: 45.7356
Epoch [5/200] Step [0/7] Loss: 6.6409 Bio: 0.8387 GateEnt: nan GateDiv: nan
Epoch [5/200] Total Loss: 44.9439
Epoch [6/200] Step [0/7] Loss: 6.5719 Bio: 0.8962 GateEnt: nan GateDiv: nan
Epoch [6/200] Total Loss: 43.9567
Epoch [7/200] Step [0/7] Loss: 6.5188 Bio: 0.8906 GateEnt: nan GateDiv: nan
Epoch [7/200] Total Loss: 43.5068
Epoch [8/200] Step [0/7] Loss: 6.2686 Bio: 0.8969 GateEnt: nan GateDiv: nan
Epoch [8/200] Total Loss: 42.9779
Epoch [9/200] Step [0/7] Loss: 6.3333 Bio: 0.8036 GateEnt: nan GateDiv: nan
Epoch [9/200] Total Loss: 42.6803
Epoch [10/200] Step [0/7] Loss: 6.2413 Bio: 0.9640 GateEnt: nan GateDiv: nan
Epoch [10/200] Total Loss: 42.9967
Epoch [11/200] Step [0/7] Loss: 6.2914 Bio: 0.9650 GateEnt: nan GateDiv: nan
Epoch [11/200] Total Loss: 41.9677
Epoch [12/200] Step [0/7] Loss: 6.1093 Bio: 0.9131 GateEnt: nan GateDiv: nan
Epoch [12/200] Total Loss: 41.8489
Epoch [13/200] Step [0/7] Loss: 6.2040 Bio: 0.9244 GateEnt: nan GateDiv: nan
Epoch [13/200] Total Loss: 42.9982
Epoch [14/200] Step [0/7] Loss: 6.1831 Bio: 0.8943 GateEnt: nan GateDiv: nan
Epoch [14/200] Total Loss: 41.9661
Epoch [15/200] Step [0/7] Loss: 6.5833 Bio: 0.9985 GateEnt: nan GateDiv: nan
Epoch [15/200] Total Loss: 42.3629
Epoch [16/200] Step [0/7] Loss: 6.0834 Bio: 1.0904 GateEnt: nan GateDiv: nan
Epoch [16/200] Total Loss: 41.9601
Epoch [17/200] Step [0/7] Loss: 6.0692 Bio: 0.9922 GateEnt: nan GateDiv: nan
Epoch [17/200] Total Loss: 42.2191
Epoch [18/200] Step [0/7] Loss: 6.1274 Bio: 0.9496 GateEnt: nan GateDiv: nan
Epoch [18/200] Total Loss: 41.8600
Epoch [19/200] Step [0/7] Loss: 6.1022 Bio: 0.9089 GateEnt: nan GateDiv: nan
Epoch [19/200] Total Loss: 41.6083
Epoch [20/200] Step [0/7] Loss: 6.0096 Bio: 0.8917 GateEnt: nan GateDiv: nan
Epoch [20/200] Total Loss: 41.5262
Epoch [21/200] Step [0/7] Loss: 6.1781 Bio: 1.0249 GateEnt: nan GateDiv: nan
Epoch [21/200] Total Loss: 41.8443
Epoch [22/200] Step [0/7] Loss: 5.8168 Bio: 0.8840 GateEnt: nan GateDiv: nan
Epoch [22/200] Total Loss: 40.7935
Epoch [23/200] Step [0/7] Loss: 5.8792 Bio: 0.9259 GateEnt: nan GateDiv: nan
Epoch [23/200] Total Loss: 41.1727
Epoch [24/200] Step [0/7] Loss: 5.7432 Bio: 0.8204 GateEnt: nan GateDiv: nan
Epoch [24/200] Total Loss: 40.1158
Epoch [25/200] Step [0/7] Loss: 6.1819 Bio: 1.0081 GateEnt: nan GateDiv: nan
Epoch [25/200] Total Loss: 41.2013
Epoch [26/200] Step [0/7] Loss: 5.9963 Bio: 0.9606 GateEnt: nan GateDiv: nan
Epoch [26/200] Total Loss: 40.7053
Epoch [27/200] Step [0/7] Loss: 5.8642 Bio: 0.8469 GateEnt: nan GateDiv: nan
Epoch [27/200] Total Loss: 40.3275
Epoch [28/200] Step [0/7] Loss: 5.9794 Bio: 0.8921 GateEnt: nan GateDiv: nan
Epoch [28/200] Total Loss: 40.9710
Epoch [29/200] Step [0/7] Loss: 6.0682 Bio: 0.8345 GateEnt: nan GateDiv: nan
Epoch [29/200] Total Loss: 41.1592
Epoch [30/200] Step [0/7] Loss: 5.8660 Bio: 0.9032 GateEnt: nan GateDiv: nan
Epoch [30/200] Total Loss: 40.7665
Epoch [31/200] Step [0/7] Loss: 5.5447 Bio: 0.9508 GateEnt: nan GateDiv: nan
Epoch [31/200] Total Loss: 41.1942
Epoch [32/200] Step [0/7] Loss: 5.9042 Bio: 0.9109 GateEnt: nan GateDiv: nan
Epoch [32/200] Total Loss: 40.9902
Epoch [33/200] Step [0/7] Loss: 6.1096 Bio: 0.9178 GateEnt: nan GateDiv: nan
Epoch [33/200] Total Loss: 40.4992
Epoch [34/200] Step [0/7] Loss: 6.1876 Bio: 0.9171 GateEnt: nan GateDiv: nan
Epoch [34/200] Total Loss: 41.2789
Epoch [35/200] Step [0/7] Loss: 5.7064 Bio: 0.8553 GateEnt: nan GateDiv: nan
Epoch [35/200] Total Loss: 39.6910
Epoch [36/200] Step [0/7] Loss: 5.8904 Bio: 0.9428 GateEnt: nan GateDiv: nan
Epoch [36/200] Total Loss: 39.9231
Epoch [37/200] Step [0/7] Loss: 5.7046 Bio: 0.9514 GateEnt: nan GateDiv: nan
Epoch [37/200] Total Loss: 39.6359
Epoch [38/200] Step [0/7] Loss: 5.9252 Bio: 0.9464 GateEnt: nan GateDiv: nan
Epoch [38/200] Total Loss: 40.0384
Epoch [39/200] Step [0/7] Loss: 5.7031 Bio: 0.8787 GateEnt: nan GateDiv: nan
Epoch [39/200] Total Loss: 39.2222
Epoch [40/200] Step [0/7] Loss: 5.7731 Bio: 1.0131 GateEnt: nan GateDiv: nan
Epoch [40/200] Total Loss: 39.8235
Epoch [41/200] Step [0/7] Loss: 5.7434 Bio: 0.8469 GateEnt: nan GateDiv: nan
Epoch [41/200] Total Loss: 39.2023
Epoch [42/200] Step [0/7] Loss: 5.8810 Bio: 1.0187 GateEnt: nan GateDiv: nan
Epoch [42/200] Total Loss: 39.1982
Epoch [43/200] Step [0/7] Loss: 5.8676 Bio: 0.8248 GateEnt: nan GateDiv: nan
Epoch [43/200] Total Loss: 39.4078
Epoch [44/200] Step [0/7] Loss: 5.8429 Bio: 0.9745 GateEnt: nan GateDiv: nan
Epoch [44/200] Total Loss: 40.3038
Epoch [45/200] Step [0/7] Loss: 5.8250 Bio: 0.7496 GateEnt: nan GateDiv: nan
Epoch [45/200] Total Loss: 39.4662
Epoch [46/200] Step [0/7] Loss: 5.8183 Bio: 0.8768 GateEnt: nan GateDiv: nan
Epoch [46/200] Total Loss: 39.8908
Epoch [47/200] Step [0/7] Loss: 5.7175 Bio: 1.0187 GateEnt: nan GateDiv: nan
Epoch [47/200] Total Loss: 39.5964
Epoch [48/200] Step [0/7] Loss: 5.7281 Bio: 0.8830 GateEnt: nan GateDiv: nan
Epoch [48/200] Total Loss: 39.0938
Epoch [49/200] Step [0/7] Loss: 5.7429 Bio: 0.9312 GateEnt: nan GateDiv: nan
Epoch [49/200] Total Loss: 39.0718
Epoch [50/200] Step [0/7] Loss: 5.4804 Bio: 0.9230 GateEnt: nan GateDiv: nan
Epoch [50/200] Total Loss: 39.8564
Epoch [51/200] Step [0/7] Loss: 5.9683 Bio: 0.9093 GateEnt: nan GateDiv: nan
Epoch [51/200] Total Loss: 39.8372
Epoch [52/200] Step [0/7] Loss: 5.6435 Bio: 0.8097 GateEnt: nan GateDiv: nan
Epoch [52/200] Total Loss: 39.0160
Epoch [53/200] Step [0/7] Loss: 5.9378 Bio: 0.8400 GateEnt: nan GateDiv: nan
Epoch [53/200] Total Loss: 39.5192
Epoch [54/200] Step [0/7] Loss: 5.6860 Bio: 1.0812 GateEnt: nan GateDiv: nan
Epoch [54/200] Total Loss: 38.9377
Epoch [55/200] Step [0/7] Loss: 5.7518 Bio: 0.9298 GateEnt: nan GateDiv: nan
Epoch [55/200] Total Loss: 39.8625
Epoch [56/200] Step [0/7] Loss: 5.9463 Bio: 0.8429 GateEnt: nan GateDiv: nan
Epoch [56/200] Total Loss: 39.0405
Epoch [57/200] Step [0/7] Loss: 5.5720 Bio: 0.8950 GateEnt: nan GateDiv: nan
Epoch [57/200] Total Loss: 39.2474
Epoch [58/200] Step [0/7] Loss: 6.0580 Bio: 0.7819 GateEnt: nan GateDiv: nan
Epoch [58/200] Total Loss: 39.2698
Epoch [59/200] Step [0/7] Loss: 5.8052 Bio: 0.9705 GateEnt: nan GateDiv: nan
Epoch [59/200] Total Loss: 39.6430
Epoch [60/200] Step [0/7] Loss: 5.9725 Bio: 0.8248 GateEnt: nan GateDiv: nan
Epoch [60/200] Total Loss: 39.5087
Epoch [61/200] Step [0/7] Loss: 5.6538 Bio: 1.0255 GateEnt: nan GateDiv: nan
Epoch [61/200] Total Loss: 38.7346
Epoch [62/200] Step [0/7] Loss: 5.6446 Bio: 0.8502 GateEnt: nan GateDiv: nan
Epoch [62/200] Total Loss: 39.4808
Epoch [63/200] Step [0/7] Loss: 6.1810 Bio: 0.9158 GateEnt: nan GateDiv: nan
Epoch [63/200] Total Loss: 39.4299
Epoch [64/200] Step [0/7] Loss: 5.8799 Bio: 0.8923 GateEnt: nan GateDiv: nan
Epoch [64/200] Total Loss: 39.3797
Epoch [65/200] Step [0/7] Loss: 5.7028 Bio: 0.9285 GateEnt: nan GateDiv: nan
Epoch [65/200] Total Loss: 38.6854
Epoch [66/200] Step [0/7] Loss: 6.2300 Bio: 0.7937 GateEnt: nan GateDiv: nan
Epoch [66/200] Total Loss: 39.3077
Epoch [67/200] Step [0/7] Loss: 5.4348 Bio: 0.8923 GateEnt: nan GateDiv: nan
Epoch [67/200] Total Loss: 39.0345
Epoch [68/200] Step [0/7] Loss: 5.4778 Bio: 0.9158 GateEnt: nan GateDiv: nan
Epoch [68/200] Total Loss: 38.8348
Epoch [69/200] Step [0/7] Loss: 5.6612 Bio: 0.9271 GateEnt: nan GateDiv: nan
Epoch [69/200] Total Loss: 38.9605
Epoch [70/200] Step [0/7] Loss: 5.7212 Bio: 0.8096 GateEnt: nan GateDiv: nan
Epoch [70/200] Total Loss: 39.2566
Epoch [71/200] Step [0/7] Loss: 5.6246 Bio: 0.9323 GateEnt: nan GateDiv: nan
Epoch [71/200] Total Loss: 39.6133
Epoch [72/200] Step [0/7] Loss: 5.7361 Bio: 0.8534 GateEnt: nan GateDiv: nan
Epoch [72/200] Total Loss: 39.0808
Epoch [73/200] Step [0/7] Loss: 5.3856 Bio: 0.7972 GateEnt: nan GateDiv: nan
Epoch [73/200] Total Loss: 39.0488
Epoch [74/200] Step [0/7] Loss: 5.6025 Bio: 0.8355 GateEnt: nan GateDiv: nan
Epoch [74/200] Total Loss: 38.5172
Epoch [75/200] Step [0/7] Loss: 5.7730 Bio: 0.8505 GateEnt: nan GateDiv: nan
Epoch [75/200] Total Loss: 38.7802
Epoch [76/200] Step [0/7] Loss: 5.6973 Bio: 0.8587 GateEnt: nan GateDiv: nan
Epoch [76/200] Total Loss: 38.4468
Epoch [77/200] Step [0/7] Loss: 5.5774 Bio: 0.9697 GateEnt: nan GateDiv: nan
Epoch [77/200] Total Loss: 38.0668
Epoch [78/200] Step [0/7] Loss: 5.8935 Bio: 0.8012 GateEnt: nan GateDiv: nan
Epoch [78/200] Total Loss: 38.9084
Epoch [79/200] Step [0/7] Loss: 6.0488 Bio: 0.8620 GateEnt: nan GateDiv: nan
Epoch [79/200] Total Loss: 39.0992
Epoch [80/200] Step [0/7] Loss: 5.7236 Bio: 0.8951 GateEnt: nan GateDiv: nan
Epoch [80/200] Total Loss: 38.8701
Epoch [81/200] Step [0/7] Loss: 5.6908 Bio: 0.8679 GateEnt: nan GateDiv: nan
Epoch [81/200] Total Loss: 38.9154
Epoch [82/200] Step [0/7] Loss: 5.8041 Bio: 0.8562 GateEnt: nan GateDiv: nan
Epoch [82/200] Total Loss: 38.8038
Epoch [83/200] Step [0/7] Loss: 5.6077 Bio: 0.8532 GateEnt: nan GateDiv: nan
Epoch [83/200] Total Loss: 38.8193
Epoch [84/200] Step [0/7] Loss: 5.6564 Bio: 0.9422 GateEnt: nan GateDiv: nan
Epoch [84/200] Total Loss: 39.3368
Epoch [85/200] Step [0/7] Loss: 5.6080 Bio: 0.8905 GateEnt: nan GateDiv: nan
Epoch [85/200] Total Loss: 38.7869
Epoch [86/200] Step [0/7] Loss: 5.6591 Bio: 0.9538 GateEnt: nan GateDiv: nan
Epoch [86/200] Total Loss: 38.3453
Epoch [87/200] Step [0/7] Loss: 5.5089 Bio: 0.9062 GateEnt: nan GateDiv: nan
Epoch [87/200] Total Loss: 38.5904
Epoch [88/200] Step [0/7] Loss: 5.4477 Bio: 0.9501 GateEnt: nan GateDiv: nan
Epoch [88/200] Total Loss: 38.0393
Epoch [89/200] Step [0/7] Loss: 5.7195 Bio: 0.8005 GateEnt: nan GateDiv: nan
Epoch [89/200] Total Loss: 38.5447
Epoch [90/200] Step [0/7] Loss: 5.5203 Bio: 0.8902 GateEnt: nan GateDiv: nan
Epoch [90/200] Total Loss: 38.4638
Epoch [91/200] Step [0/7] Loss: 5.6583 Bio: 0.9476 GateEnt: nan GateDiv: nan
Epoch [91/200] Total Loss: 38.6986
Epoch [92/200] Step [0/7] Loss: 5.7163 Bio: 0.9568 GateEnt: nan GateDiv: nan
Epoch [92/200] Total Loss: 39.1654
Epoch [93/200] Step [0/7] Loss: 5.7055 Bio: 0.7124 GateEnt: nan GateDiv: nan
Epoch [93/200] Total Loss: 38.5681
Epoch [94/200] Step [0/7] Loss: 5.6540 Bio: 0.9204 GateEnt: nan GateDiv: nan
Epoch [94/200] Total Loss: 38.1964
Epoch [95/200] Step [0/7] Loss: 5.7225 Bio: 0.8883 GateEnt: nan GateDiv: nan
Epoch [95/200] Total Loss: 39.0155
Epoch [96/200] Step [0/7] Loss: 5.5317 Bio: 1.0529 GateEnt: nan GateDiv: nan
Epoch [96/200] Total Loss: 38.4772
Epoch [97/200] Step [0/7] Loss: 5.6750 Bio: 0.8793 GateEnt: nan GateDiv: nan
Epoch [97/200] Total Loss: 38.3585
Epoch [98/200] Step [0/7] Loss: 5.6676 Bio: 0.8890 GateEnt: nan GateDiv: nan
Epoch [98/200] Total Loss: 39.0074
Epoch [99/200] Step [0/7] Loss: 5.7574 Bio: 0.9946 GateEnt: nan GateDiv: nan
Epoch [99/200] Total Loss: 38.4642
Epoch [100/200] Step [0/7] Loss: 5.6211 Bio: 0.8699 GateEnt: nan GateDiv: nan
Epoch [100/200] Total Loss: 38.4202
Epoch [101/200] Step [0/7] Loss: 5.6954 Bio: 0.8028 GateEnt: nan GateDiv: nan
Epoch [101/200] Total Loss: 38.7509
Epoch [102/200] Step [0/7] Loss: 5.4256 Bio: 0.8810 GateEnt: nan GateDiv: nan
Epoch [102/200] Total Loss: 38.4861
Epoch [103/200] Step [0/7] Loss: 5.6186 Bio: 0.9352 GateEnt: nan GateDiv: nan
Epoch [103/200] Total Loss: 38.4104
Epoch [104/200] Step [0/7] Loss: 5.8466 Bio: 0.9287 GateEnt: nan GateDiv: nan
Epoch [104/200] Total Loss: 38.1385
Epoch [105/200] Step [0/7] Loss: 5.4169 Bio: 0.8369 GateEnt: nan GateDiv: nan
Epoch [105/200] Total Loss: 38.3900
Epoch [106/200] Step [0/7] Loss: 5.7337 Bio: 0.8929 GateEnt: nan GateDiv: nan
Epoch [106/200] Total Loss: 38.2140
Epoch [107/200] Step [0/7] Loss: 5.5165 Bio: 0.8388 GateEnt: nan GateDiv: nan
Epoch [107/200] Total Loss: 38.5685
Epoch [108/200] Step [0/7] Loss: 5.4788 Bio: 0.8968 GateEnt: nan GateDiv: nan
Epoch [108/200] Total Loss: 37.7309
Epoch [109/200] Step [0/7] Loss: 5.4428 Bio: 0.7838 GateEnt: nan GateDiv: nan
Epoch [109/200] Total Loss: 36.8582
Epoch [110/200] Step [0/7] Loss: 5.4396 Bio: 0.8989 GateEnt: nan GateDiv: nan
Epoch [110/200] Total Loss: 37.6127
Epoch [111/200] Step [0/7] Loss: 5.5988 Bio: 0.9548 GateEnt: nan GateDiv: nan
Epoch [111/200] Total Loss: 37.7190
Epoch [112/200] Step [0/7] Loss: 5.5677 Bio: 0.8652 GateEnt: nan GateDiv: nan
Epoch [112/200] Total Loss: 37.9402
Epoch [113/200] Step [0/7] Loss: 5.6214 Bio: 0.8496 GateEnt: nan GateDiv: nan
Epoch [113/200] Total Loss: 37.8170
Epoch [114/200] Step [0/7] Loss: 5.3907 Bio: 0.8962 GateEnt: nan GateDiv: nan
Epoch [114/200] Total Loss: 36.6479
Epoch [115/200] Step [0/7] Loss: 5.3833 Bio: 0.7395 GateEnt: nan GateDiv: nan
Epoch [115/200] Total Loss: 36.9596
Epoch [116/200] Step [0/7] Loss: 5.3785 Bio: 0.8884 GateEnt: nan GateDiv: nan
Epoch [116/200] Total Loss: 37.0208
Epoch [117/200] Step [0/7] Loss: 5.6865 Bio: 0.9516 GateEnt: nan GateDiv: nan
Epoch [117/200] Total Loss: 37.4121
Epoch [118/200] Step [0/7] Loss: 5.4103 Bio: 1.0326 GateEnt: nan GateDiv: nan
Epoch [118/200] Total Loss: 36.7010
Epoch [119/200] Step [0/7] Loss: 5.3803 Bio: 0.9296 GateEnt: nan GateDiv: nan
Epoch [119/200] Total Loss: 37.0868
Epoch [120/200] Step [0/7] Loss: 5.7785 Bio: 0.9533 GateEnt: nan GateDiv: nan
Epoch [120/200] Total Loss: 37.7258
Epoch [121/200] Step [0/7] Loss: 5.2404 Bio: 0.8484 GateEnt: nan GateDiv: nan
Epoch [121/200] Total Loss: 36.4673
Epoch [122/200] Step [0/7] Loss: 5.4492 Bio: 0.8986 GateEnt: nan GateDiv: nan
Epoch [122/200] Total Loss: 37.0544
Epoch [123/200] Step [0/7] Loss: 5.3396 Bio: 0.9359 GateEnt: nan GateDiv: nan
Epoch [123/200] Total Loss: 36.8389
Epoch [124/200] Step [0/7] Loss: 5.5263 Bio: 0.9386 GateEnt: nan GateDiv: nan
Epoch [124/200] Total Loss: 37.9257
Epoch [125/200] Step [0/7] Loss: 5.6458 Bio: 0.7723 GateEnt: nan GateDiv: nan
Epoch [125/200] Total Loss: 38.2063
Epoch [126/200] Step [0/7] Loss: 5.5772 Bio: 0.8392 GateEnt: nan GateDiv: nan
Epoch [126/200] Total Loss: 38.0578
Epoch [127/200] Step [0/7] Loss: 5.4240 Bio: 0.9262 GateEnt: nan GateDiv: nan
Epoch [127/200] Total Loss: 37.8178
Epoch [128/200] Step [0/7] Loss: 5.3286 Bio: 0.7762 GateEnt: nan GateDiv: nan
Epoch [128/200] Total Loss: 36.8926
Epoch [129/200] Step [0/7] Loss: 5.4365 Bio: 0.8973 GateEnt: nan GateDiv: nan
Epoch [129/200] Total Loss: 36.9136
Epoch [130/200] Step [0/7] Loss: 5.6371 Bio: 0.9001 GateEnt: nan GateDiv: nan
Epoch [130/200] Total Loss: 36.6537
Epoch [131/200] Step [0/7] Loss: 5.3136 Bio: 0.9390 GateEnt: nan GateDiv: nan
Epoch [131/200] Total Loss: 37.3512
Epoch [132/200] Step [0/7] Loss: 5.3994 Bio: 0.9082 GateEnt: nan GateDiv: nan
Epoch [132/200] Total Loss: 36.5308
Epoch [133/200] Step [0/7] Loss: 5.3877 Bio: 0.8114 GateEnt: nan GateDiv: nan
Epoch [133/200] Total Loss: 36.6725
Epoch [134/200] Step [0/7] Loss: 5.2937 Bio: 0.8335 GateEnt: nan GateDiv: nan
Epoch [134/200] Total Loss: 36.4953
Epoch [135/200] Step [0/7] Loss: 5.3046 Bio: 0.8489 GateEnt: nan GateDiv: nan
Epoch [135/200] Total Loss: 36.5126
Epoch [136/200] Step [0/7] Loss: 5.4753 Bio: 1.0041 GateEnt: nan GateDiv: nan
Epoch [136/200] Total Loss: 36.3190
Epoch [137/200] Step [0/7] Loss: 5.2899 Bio: 0.8019 GateEnt: nan GateDiv: nan
Epoch [137/200] Total Loss: 36.9780
Epoch [138/200] Step [0/7] Loss: 5.2963 Bio: 0.8135 GateEnt: nan GateDiv: nan
Epoch [138/200] Total Loss: 36.4006
Epoch [139/200] Step [0/7] Loss: 5.3180 Bio: 0.9743 GateEnt: nan GateDiv: nan
Epoch [139/200] Total Loss: 36.6016
Epoch [140/200] Step [0/7] Loss: 5.4901 Bio: 0.7957 GateEnt: nan GateDiv: nan
Epoch [140/200] Total Loss: 37.2095
Epoch [141/200] Step [0/7] Loss: 5.2775 Bio: 0.8523 GateEnt: nan GateDiv: nan
Epoch [141/200] Total Loss: 36.7608
Epoch [142/200] Step [0/7] Loss: 5.1531 Bio: 0.9821 GateEnt: nan GateDiv: nan
Epoch [142/200] Total Loss: 36.5411
Epoch [143/200] Step [0/7] Loss: 5.4081 Bio: 0.8951 GateEnt: nan GateDiv: nan
Epoch [143/200] Total Loss: 36.2528
Epoch [144/200] Step [0/7] Loss: 5.6221 Bio: 0.8780 GateEnt: nan GateDiv: nan
Epoch [144/200] Total Loss: 36.8684
Epoch [145/200] Step [0/7] Loss: 5.3256 Bio: 0.8365 GateEnt: nan GateDiv: nan
Epoch [145/200] Total Loss: 36.1814
Epoch [146/200] Step [0/7] Loss: 5.6540 Bio: 0.8534 GateEnt: nan GateDiv: nan
Epoch [146/200] Total Loss: 36.6970
Epoch [147/200] Step [0/7] Loss: 5.3630 Bio: 0.8754 GateEnt: nan GateDiv: nan
Epoch [147/200] Total Loss: 36.5071
Epoch [148/200] Step [0/7] Loss: 5.3481 Bio: 0.8701 GateEnt: nan GateDiv: nan
Epoch [148/200] Total Loss: 36.3133
Epoch [149/200] Step [0/7] Loss: 5.2724 Bio: 1.0013 GateEnt: nan GateDiv: nan
Epoch [149/200] Total Loss: 36.1077
Epoch [150/200] Step [0/7] Loss: 5.1521 Bio: 0.8494 GateEnt: nan GateDiv: nan
Epoch [150/200] Total Loss: 36.2358
Epoch [151/200] Step [0/7] Loss: 5.4368 Bio: 0.9071 GateEnt: nan GateDiv: nan
Epoch [151/200] Total Loss: 36.4655
Epoch [152/200] Step [0/7] Loss: 5.3543 Bio: 0.8679 GateEnt: nan GateDiv: nan
Epoch [152/200] Total Loss: 35.6323
Epoch [153/200] Step [0/7] Loss: 5.1240 Bio: 1.0562 GateEnt: nan GateDiv: nan
Epoch [153/200] Total Loss: 36.5900
Epoch [154/200] Step [0/7] Loss: 5.3773 Bio: 0.9990 GateEnt: nan GateDiv: nan
Epoch [154/200] Total Loss: 36.8618
Epoch [155/200] Step [0/7] Loss: 5.1761 Bio: 0.7428 GateEnt: nan GateDiv: nan
Epoch [155/200] Total Loss: 35.9095
Epoch [156/200] Step [0/7] Loss: 5.3138 Bio: 0.9349 GateEnt: nan GateDiv: nan
Epoch [156/200] Total Loss: 36.3194
Epoch [157/200] Step [0/7] Loss: 5.3331 Bio: 0.7803 GateEnt: nan GateDiv: nan
Epoch [157/200] Total Loss: 36.2141
Epoch [158/200] Step [0/7] Loss: 5.0905 Bio: 0.8241 GateEnt: nan GateDiv: nan
Epoch [158/200] Total Loss: 36.1482
Epoch [159/200] Step [0/7] Loss: 5.3923 Bio: 0.9665 GateEnt: nan GateDiv: nan
Epoch [159/200] Total Loss: 36.8005
Epoch [160/200] Step [0/7] Loss: 5.4350 Bio: 0.9674 GateEnt: nan GateDiv: nan
Epoch [160/200] Total Loss: 36.1664
Epoch [161/200] Step [0/7] Loss: 5.2215 Bio: 0.9121 GateEnt: nan GateDiv: nan
Epoch [161/200] Total Loss: 35.9580
Epoch [162/200] Step [0/7] Loss: 5.3052 Bio: 0.9600 GateEnt: nan GateDiv: nan
Epoch [162/200] Total Loss: 36.0076
Epoch [163/200] Step [0/7] Loss: 5.4624 Bio: 1.0571 GateEnt: nan GateDiv: nan
Epoch [163/200] Total Loss: 36.2421
Epoch [164/200] Step [0/7] Loss: 5.1332 Bio: 0.8955 GateEnt: nan GateDiv: nan
Epoch [164/200] Total Loss: 35.7359
Epoch [165/200] Step [0/7] Loss: 5.2126 Bio: 0.7867 GateEnt: nan GateDiv: nan
Epoch [165/200] Total Loss: 35.4698
Epoch [166/200] Step [0/7] Loss: 5.4730 Bio: 0.7898 GateEnt: nan GateDiv: nan
Epoch [166/200] Total Loss: 36.4469
Epoch [167/200] Step [0/7] Loss: 5.6311 Bio: 0.9058 GateEnt: nan GateDiv: nan
Epoch [167/200] Total Loss: 36.4827
Epoch [168/200] Step [0/7] Loss: 5.3442 Bio: 0.7354 GateEnt: nan GateDiv: nan
Epoch [168/200] Total Loss: 36.0775
Epoch [169/200] Step [0/7] Loss: 5.1800 Bio: 0.8404 GateEnt: nan GateDiv: nan
Epoch [169/200] Total Loss: 35.7158
Epoch [170/200] Step [0/7] Loss: 5.1035 Bio: 0.8562 GateEnt: nan GateDiv: nan
Epoch [170/200] Total Loss: 36.0021
Epoch [171/200] Step [0/7] Loss: 5.1383 Bio: 0.8025 GateEnt: nan GateDiv: nan
Epoch [171/200] Total Loss: 35.5368
Epoch [172/200] Step [0/7] Loss: 5.3889 Bio: 0.9293 GateEnt: nan GateDiv: nan
Epoch [172/200] Total Loss: 36.1839
Epoch [173/200] Step [0/7] Loss: 5.3339 Bio: 0.8608 GateEnt: nan GateDiv: nan
Epoch [173/200] Total Loss: 35.4433
Epoch [174/200] Step [0/7] Loss: 5.4031 Bio: 0.9804 GateEnt: nan GateDiv: nan
Epoch [174/200] Total Loss: 36.3063
Epoch [175/200] Step [0/7] Loss: 5.3901 Bio: 0.8815 GateEnt: nan GateDiv: nan
Epoch [175/200] Total Loss: 35.2713
Epoch [176/200] Step [0/7] Loss: 5.4357 Bio: 0.8331 GateEnt: nan GateDiv: nan
Epoch [176/200] Total Loss: 36.9207
Epoch [177/200] Step [0/7] Loss: 5.4379 Bio: 0.9589 GateEnt: nan GateDiv: nan
Epoch [177/200] Total Loss: 35.7089
Epoch [178/200] Step [0/7] Loss: 5.2036 Bio: 0.7862 GateEnt: nan GateDiv: nan
Epoch [178/200] Total Loss: 35.5504
Epoch [179/200] Step [0/7] Loss: 5.2311 Bio: 0.8701 GateEnt: nan GateDiv: nan
Epoch [179/200] Total Loss: 35.1265
Epoch [180/200] Step [0/7] Loss: 5.3422 Bio: 0.8256 GateEnt: nan GateDiv: nan
Epoch [180/200] Total Loss: 35.9260
Epoch [181/200] Step [0/7] Loss: 5.2391 Bio: 0.8893 GateEnt: nan GateDiv: nan
Epoch [181/200] Total Loss: 35.2066
Epoch [182/200] Step [0/7] Loss: 5.3333 Bio: 0.8472 GateEnt: nan GateDiv: nan
Epoch [182/200] Total Loss: 35.5849
Epoch [183/200] Step [0/7] Loss: 5.0281 Bio: 0.8216 GateEnt: nan GateDiv: nan
Epoch [183/200] Total Loss: 35.5841
Epoch [184/200] Step [0/7] Loss: 5.2041 Bio: 0.9724 GateEnt: nan GateDiv: nan
Epoch [184/200] Total Loss: 35.3810
Epoch [185/200] Step [0/7] Loss: 5.1922 Bio: 0.8706 GateEnt: nan GateDiv: nan
Epoch [185/200] Total Loss: 35.5399
Epoch [186/200] Step [0/7] Loss: 5.1054 Bio: 0.9563 GateEnt: nan GateDiv: nan
Epoch [186/200] Total Loss: 35.8425
Epoch [187/200] Step [0/7] Loss: 5.2664 Bio: 0.8695 GateEnt: nan GateDiv: nan
Epoch [187/200] Total Loss: 35.6542
Epoch [188/200] Step [0/7] Loss: 5.1987 Bio: 0.9037 GateEnt: nan GateDiv: nan
Epoch [188/200] Total Loss: 35.8990
Epoch [189/200] Step [0/7] Loss: 5.2255 Bio: 0.8600 GateEnt: nan GateDiv: nan
Epoch [189/200] Total Loss: 35.6882
Epoch [190/200] Step [0/7] Loss: 5.1566 Bio: 0.8302 GateEnt: nan GateDiv: nan
Epoch [190/200] Total Loss: 35.4864
Epoch [191/200] Step [0/7] Loss: 5.2073 Bio: 0.8244 GateEnt: nan GateDiv: nan
Epoch [191/200] Total Loss: 35.8339
Epoch [192/200] Step [0/7] Loss: 5.2843 Bio: 0.7514 GateEnt: nan GateDiv: nan
Epoch [192/200] Total Loss: 35.5035
Epoch [193/200] Step [0/7] Loss: 5.3035 Bio: 0.8913 GateEnt: nan GateDiv: nan
Epoch [193/200] Total Loss: 36.2163
Epoch [194/200] Step [0/7] Loss: 5.3036 Bio: 0.7417 GateEnt: nan GateDiv: nan
Epoch [194/200] Total Loss: 35.4800
Epoch [195/200] Step [0/7] Loss: 5.2669 Bio: 0.7962 GateEnt: nan GateDiv: nan
Epoch [195/200] Total Loss: 36.1856
Epoch [196/200] Step [0/7] Loss: 5.2732 Bio: 0.9105 GateEnt: nan GateDiv: nan
Epoch [196/200] Total Loss: 35.8281
Epoch [197/200] Step [0/7] Loss: 4.9745 Bio: 0.9336 GateEnt: nan GateDiv: nan
Epoch [197/200] Total Loss: 35.2400
Epoch [198/200] Step [0/7] Loss: 5.1968 Bio: 0.8408 GateEnt: nan GateDiv: nan
Epoch [198/200] Total Loss: 35.5115
Epoch [199/200] Step [0/7] Loss: 5.2764 Bio: 0.8571 GateEnt: nan GateDiv: nan
Epoch [199/200] Total Loss: 35.7825

=== Loss Summary ===
  Epoch   1: 47.0645
  Epoch  51: 39.8564
  Epoch 101: 38.4202
  Epoch 151: 36.2358
  Epoch 200: 35.7825
  Delta (last 25% = 50 ep): -0.4532
  If delta > -1.0, model has converged
linear training complete.
=== DONE Tue Aug 25 02:13:53 AM EDT 2026 ===
