=== gate: anchors cover omics ===
gate passed: 510 patients
=== UCEC | head=mlp | k=4 | Wed Aug 26 02:19:16 PM EDT 2026 ===
Head type    : mlp
Cancer       : UCEC | bio_dim: 16 | lambda_bio: 0.1
Bio anchor   : data/bio_anchors/bio_anchors_UCEC_gsva_H40.csv
Cluster num  : 4
Epochs       : 200
[dataloader] Loaded bio-anchors from data/bio_anchors/bio_anchors_UCEC_gsva_H40.csv: torch.Size([510, 40])
Device       : cpu
Model params : 73,950,348
Epoch [0/200] Step [0/8] Loss: 6.8758 Bio: 0.9412 GateEnt: nan GateDiv: nan
Epoch [0/200] Total Loss: 54.9502
Epoch [1/200] Step [0/8] Loss: 6.8717 Bio: 0.8834 GateEnt: nan GateDiv: nan
Epoch [1/200] Total Loss: 54.9549
Epoch [2/200] Step [0/8] Loss: 6.8740 Bio: 0.9243 GateEnt: nan GateDiv: nan
Epoch [2/200] Total Loss: 54.9424
Epoch [3/200] Step [0/8] Loss: 6.8613 Bio: 0.8057 GateEnt: nan GateDiv: nan
Epoch [3/200] Total Loss: 54.6581
Epoch [4/200] Step [0/8] Loss: 6.8609 Bio: 0.8947 GateEnt: nan GateDiv: nan
Epoch [4/200] Total Loss: 54.6805
Epoch [5/200] Step [0/8] Loss: 6.7408 Bio: 0.8172 GateEnt: nan GateDiv: nan
Epoch [5/200] Total Loss: 54.3070
Epoch [6/200] Step [0/8] Loss: 6.8097 Bio: 0.7863 GateEnt: nan GateDiv: nan
Epoch [6/200] Total Loss: 53.6277
Epoch [7/200] Step [0/8] Loss: 6.7467 Bio: 0.9138 GateEnt: nan GateDiv: nan
Epoch [7/200] Total Loss: 52.4367
Epoch [8/200] Step [0/8] Loss: 6.5303 Bio: 1.0380 GateEnt: nan GateDiv: nan
Epoch [8/200] Total Loss: 52.3433
Epoch [9/200] Step [0/8] Loss: 6.4569 Bio: 0.8593 GateEnt: nan GateDiv: nan
Epoch [9/200] Total Loss: 51.7834
Epoch [10/200] Step [0/8] Loss: 6.3988 Bio: 0.8757 GateEnt: nan GateDiv: nan
Epoch [10/200] Total Loss: 51.2723
Epoch [11/200] Step [0/8] Loss: 6.3479 Bio: 0.9903 GateEnt: nan GateDiv: nan
Epoch [11/200] Total Loss: 51.4226
Epoch [12/200] Step [0/8] Loss: 6.2773 Bio: 0.9114 GateEnt: nan GateDiv: nan
Epoch [12/200] Total Loss: 51.6552
Epoch [13/200] Step [0/8] Loss: 6.2251 Bio: 0.8207 GateEnt: nan GateDiv: nan
Epoch [13/200] Total Loss: 51.4175
Epoch [14/200] Step [0/8] Loss: 6.3896 Bio: 0.7779 GateEnt: nan GateDiv: nan
Epoch [14/200] Total Loss: 51.2893
Epoch [15/200] Step [0/8] Loss: 6.3737 Bio: 0.9633 GateEnt: nan GateDiv: nan
Epoch [15/200] Total Loss: 50.6667
Epoch [16/200] Step [0/8] Loss: 6.1145 Bio: 0.8812 GateEnt: nan GateDiv: nan
Epoch [16/200] Total Loss: 50.8230
Epoch [17/200] Step [0/8] Loss: 6.4818 Bio: 0.8216 GateEnt: nan GateDiv: nan
Epoch [17/200] Total Loss: 50.2138
Epoch [18/200] Step [0/8] Loss: 6.2301 Bio: 0.9053 GateEnt: nan GateDiv: nan
Epoch [18/200] Total Loss: 50.2424
Epoch [19/200] Step [0/8] Loss: 6.2585 Bio: 0.9522 GateEnt: nan GateDiv: nan
Epoch [19/200] Total Loss: 50.4035
Epoch [20/200] Step [0/8] Loss: 6.2366 Bio: 0.8092 GateEnt: nan GateDiv: nan
Epoch [20/200] Total Loss: 49.6255
Epoch [21/200] Step [0/8] Loss: 6.4450 Bio: 0.8771 GateEnt: nan GateDiv: nan
Epoch [21/200] Total Loss: 50.1183
Epoch [22/200] Step [0/8] Loss: 6.1785 Bio: 0.7977 GateEnt: nan GateDiv: nan
Epoch [22/200] Total Loss: 49.4745
Epoch [23/200] Step [0/8] Loss: 6.2191 Bio: 1.0238 GateEnt: nan GateDiv: nan
Epoch [23/200] Total Loss: 49.4397
Epoch [24/200] Step [0/8] Loss: 6.2538 Bio: 0.7857 GateEnt: nan GateDiv: nan
Epoch [24/200] Total Loss: 49.9975
Epoch [25/200] Step [0/8] Loss: 6.3690 Bio: 0.7750 GateEnt: nan GateDiv: nan
Epoch [25/200] Total Loss: 50.0236
Epoch [26/200] Step [0/8] Loss: 6.0664 Bio: 0.9784 GateEnt: nan GateDiv: nan
Epoch [26/200] Total Loss: 49.1498
Epoch [27/200] Step [0/8] Loss: 6.1235 Bio: 0.9122 GateEnt: nan GateDiv: nan
Epoch [27/200] Total Loss: 49.4030
Epoch [28/200] Step [0/8] Loss: 6.1908 Bio: 0.7687 GateEnt: nan GateDiv: nan
Epoch [28/200] Total Loss: 49.4178
Epoch [29/200] Step [0/8] Loss: 6.2775 Bio: 0.8232 GateEnt: nan GateDiv: nan
Epoch [29/200] Total Loss: 49.3641
Epoch [30/200] Step [0/8] Loss: 5.8376 Bio: 0.9503 GateEnt: nan GateDiv: nan
Epoch [30/200] Total Loss: 48.8136
Epoch [31/200] Step [0/8] Loss: 6.4089 Bio: 0.7613 GateEnt: nan GateDiv: nan
Epoch [31/200] Total Loss: 49.7387
Epoch [32/200] Step [0/8] Loss: 6.2096 Bio: 0.8857 GateEnt: nan GateDiv: nan
Epoch [32/200] Total Loss: 49.8401
Epoch [33/200] Step [0/8] Loss: 6.1009 Bio: 0.8908 GateEnt: nan GateDiv: nan
Epoch [33/200] Total Loss: 48.9576
Epoch [34/200] Step [0/8] Loss: 6.2709 Bio: 0.7560 GateEnt: nan GateDiv: nan
Epoch [34/200] Total Loss: 49.9846
Epoch [35/200] Step [0/8] Loss: 6.2785 Bio: 0.8041 GateEnt: nan GateDiv: nan
Epoch [35/200] Total Loss: 50.1174
Epoch [36/200] Step [0/8] Loss: 6.0958 Bio: 0.7245 GateEnt: nan GateDiv: nan
Epoch [36/200] Total Loss: 49.1419
Epoch [37/200] Step [0/8] Loss: 6.0861 Bio: 0.7761 GateEnt: nan GateDiv: nan
Epoch [37/200] Total Loss: 49.3053
Epoch [38/200] Step [0/8] Loss: 6.0494 Bio: 0.8452 GateEnt: nan GateDiv: nan
Epoch [38/200] Total Loss: 48.7686
Epoch [39/200] Step [0/8] Loss: 6.2247 Bio: 0.8507 GateEnt: nan GateDiv: nan
Epoch [39/200] Total Loss: 50.0621
Epoch [40/200] Step [0/8] Loss: 6.1577 Bio: 0.7696 GateEnt: nan GateDiv: nan
Epoch [40/200] Total Loss: 49.1713
Epoch [41/200] Step [0/8] Loss: 6.2710 Bio: 0.8134 GateEnt: nan GateDiv: nan
Epoch [41/200] Total Loss: 49.3623
Epoch [42/200] Step [0/8] Loss: 6.1326 Bio: 0.9308 GateEnt: nan GateDiv: nan
Epoch [42/200] Total Loss: 48.7086
Epoch [43/200] Step [0/8] Loss: 6.0402 Bio: 0.9198 GateEnt: nan GateDiv: nan
Epoch [43/200] Total Loss: 48.4755
Epoch [44/200] Step [0/8] Loss: 5.8701 Bio: 0.9190 GateEnt: nan GateDiv: nan
Epoch [44/200] Total Loss: 48.5483
Epoch [45/200] Step [0/8] Loss: 6.1243 Bio: 0.9012 GateEnt: nan GateDiv: nan
Epoch [45/200] Total Loss: 49.1080
Epoch [46/200] Step [0/8] Loss: 5.9061 Bio: 0.7464 GateEnt: nan GateDiv: nan
Epoch [46/200] Total Loss: 48.2591
Epoch [47/200] Step [0/8] Loss: 6.0154 Bio: 0.6933 GateEnt: nan GateDiv: nan
Epoch [47/200] Total Loss: 48.5865
Epoch [48/200] Step [0/8] Loss: 5.9697 Bio: 0.7837 GateEnt: nan GateDiv: nan
Epoch [48/200] Total Loss: 48.9698
Epoch [49/200] Step [0/8] Loss: 6.1202 Bio: 0.9313 GateEnt: nan GateDiv: nan
Epoch [49/200] Total Loss: 48.3007
Epoch [50/200] Step [0/8] Loss: 6.0210 Bio: 0.8267 GateEnt: nan GateDiv: nan
Epoch [50/200] Total Loss: 48.4937
Epoch [51/200] Step [0/8] Loss: 5.9663 Bio: 0.8430 GateEnt: nan GateDiv: nan
Epoch [51/200] Total Loss: 48.4724
Epoch [52/200] Step [0/8] Loss: 5.9466 Bio: 0.9230 GateEnt: nan GateDiv: nan
Epoch [52/200] Total Loss: 48.4352
Epoch [53/200] Step [0/8] Loss: 6.1572 Bio: 0.8560 GateEnt: nan GateDiv: nan
Epoch [53/200] Total Loss: 48.2262
Epoch [54/200] Step [0/8] Loss: 6.0153 Bio: 0.7697 GateEnt: nan GateDiv: nan
Epoch [54/200] Total Loss: 48.4601
Epoch [55/200] Step [0/8] Loss: 5.9511 Bio: 0.7390 GateEnt: nan GateDiv: nan
Epoch [55/200] Total Loss: 48.6785
Epoch [56/200] Step [0/8] Loss: 6.0699 Bio: 0.8272 GateEnt: nan GateDiv: nan
Epoch [56/200] Total Loss: 48.5215
Epoch [57/200] Step [0/8] Loss: 5.8994 Bio: 0.8956 GateEnt: nan GateDiv: nan
Epoch [57/200] Total Loss: 47.7912
Epoch [58/200] Step [0/8] Loss: 6.2240 Bio: 0.8419 GateEnt: nan GateDiv: nan
Epoch [58/200] Total Loss: 48.5109
Epoch [59/200] Step [0/8] Loss: 5.7471 Bio: 0.7990 GateEnt: nan GateDiv: nan
Epoch [59/200] Total Loss: 47.9678
Epoch [60/200] Step [0/8] Loss: 5.9917 Bio: 0.9423 GateEnt: nan GateDiv: nan
Epoch [60/200] Total Loss: 48.1443
Epoch [61/200] Step [0/8] Loss: 5.8852 Bio: 0.7438 GateEnt: nan GateDiv: nan
Epoch [61/200] Total Loss: 47.6040
Epoch [62/200] Step [0/8] Loss: 6.1208 Bio: 1.0474 GateEnt: nan GateDiv: nan
Epoch [62/200] Total Loss: 48.4059
Epoch [63/200] Step [0/8] Loss: 6.0259 Bio: 0.7750 GateEnt: nan GateDiv: nan
Epoch [63/200] Total Loss: 47.7882
Epoch [64/200] Step [0/8] Loss: 5.8418 Bio: 0.9201 GateEnt: nan GateDiv: nan
Epoch [64/200] Total Loss: 47.9990
Epoch [65/200] Step [0/8] Loss: 5.9607 Bio: 0.8667 GateEnt: nan GateDiv: nan
Epoch [65/200] Total Loss: 47.6683
Epoch [66/200] Step [0/8] Loss: 5.9509 Bio: 0.8419 GateEnt: nan GateDiv: nan
Epoch [66/200] Total Loss: 48.3350
Epoch [67/200] Step [0/8] Loss: 5.9886 Bio: 0.9182 GateEnt: nan GateDiv: nan
Epoch [67/200] Total Loss: 47.6625
Epoch [68/200] Step [0/8] Loss: 5.8471 Bio: 0.6937 GateEnt: nan GateDiv: nan
Epoch [68/200] Total Loss: 47.9519
Epoch [69/200] Step [0/8] Loss: 5.9228 Bio: 0.7540 GateEnt: nan GateDiv: nan
Epoch [69/200] Total Loss: 48.4156
Epoch [70/200] Step [0/8] Loss: 6.1045 Bio: 0.7751 GateEnt: nan GateDiv: nan
Epoch [70/200] Total Loss: 47.6191
Epoch [71/200] Step [0/8] Loss: 5.9198 Bio: 0.7213 GateEnt: nan GateDiv: nan
Epoch [71/200] Total Loss: 47.9935
Epoch [72/200] Step [0/8] Loss: 6.0560 Bio: 0.8787 GateEnt: nan GateDiv: nan
Epoch [72/200] Total Loss: 48.1440
Epoch [73/200] Step [0/8] Loss: 6.0123 Bio: 0.7530 GateEnt: nan GateDiv: nan
Epoch [73/200] Total Loss: 47.8785
Epoch [74/200] Step [0/8] Loss: 5.8569 Bio: 0.7493 GateEnt: nan GateDiv: nan
Epoch [74/200] Total Loss: 47.2897
Epoch [75/200] Step [0/8] Loss: 6.1068 Bio: 0.8287 GateEnt: nan GateDiv: nan
Epoch [75/200] Total Loss: 47.5556
Epoch [76/200] Step [0/8] Loss: 5.8956 Bio: 0.8066 GateEnt: nan GateDiv: nan
Epoch [76/200] Total Loss: 48.0207
Epoch [77/200] Step [0/8] Loss: 5.9527 Bio: 0.8967 GateEnt: nan GateDiv: nan
Epoch [77/200] Total Loss: 47.5496
Epoch [78/200] Step [0/8] Loss: 6.0390 Bio: 0.8753 GateEnt: nan GateDiv: nan
Epoch [78/200] Total Loss: 48.2907
Epoch [79/200] Step [0/8] Loss: 6.1843 Bio: 0.8543 GateEnt: nan GateDiv: nan
Epoch [79/200] Total Loss: 47.8893
Epoch [80/200] Step [0/8] Loss: 5.9365 Bio: 0.6979 GateEnt: nan GateDiv: nan
Epoch [80/200] Total Loss: 47.6626
Epoch [81/200] Step [0/8] Loss: 6.0656 Bio: 0.8396 GateEnt: nan GateDiv: nan
Epoch [81/200] Total Loss: 47.8797
Epoch [82/200] Step [0/8] Loss: 5.7017 Bio: 0.7924 GateEnt: nan GateDiv: nan
Epoch [82/200] Total Loss: 47.4960
Epoch [83/200] Step [0/8] Loss: 6.1116 Bio: 0.8717 GateEnt: nan GateDiv: nan
Epoch [83/200] Total Loss: 47.6010
Epoch [84/200] Step [0/8] Loss: 6.1051 Bio: 0.8471 GateEnt: nan GateDiv: nan
Epoch [84/200] Total Loss: 48.1606
Epoch [85/200] Step [0/8] Loss: 5.9383 Bio: 0.9307 GateEnt: nan GateDiv: nan
Epoch [85/200] Total Loss: 48.3456
Epoch [86/200] Step [0/8] Loss: 5.9165 Bio: 0.8337 GateEnt: nan GateDiv: nan
Epoch [86/200] Total Loss: 47.8580
Epoch [87/200] Step [0/8] Loss: 5.8058 Bio: 0.8451 GateEnt: nan GateDiv: nan
Epoch [87/200] Total Loss: 47.8978
Epoch [88/200] Step [0/8] Loss: 6.0155 Bio: 1.0076 GateEnt: nan GateDiv: nan
Epoch [88/200] Total Loss: 47.4808
Epoch [89/200] Step [0/8] Loss: 5.7658 Bio: 0.8216 GateEnt: nan GateDiv: nan
Epoch [89/200] Total Loss: 47.1126
Epoch [90/200] Step [0/8] Loss: 5.9986 Bio: 0.9739 GateEnt: nan GateDiv: nan
Epoch [90/200] Total Loss: 47.7890
Epoch [91/200] Step [0/8] Loss: 5.7463 Bio: 0.7261 GateEnt: nan GateDiv: nan
Epoch [91/200] Total Loss: 47.7886
Epoch [92/200] Step [0/8] Loss: 5.9271 Bio: 0.8669 GateEnt: nan GateDiv: nan
Epoch [92/200] Total Loss: 47.2608
Epoch [93/200] Step [0/8] Loss: 6.0224 Bio: 0.8186 GateEnt: nan GateDiv: nan
Epoch [93/200] Total Loss: 47.7148
Epoch [94/200] Step [0/8] Loss: 5.9924 Bio: 0.6807 GateEnt: nan GateDiv: nan
Epoch [94/200] Total Loss: 47.7176
Epoch [95/200] Step [0/8] Loss: 5.7854 Bio: 0.8306 GateEnt: nan GateDiv: nan
Epoch [95/200] Total Loss: 48.2204
Epoch [96/200] Step [0/8] Loss: 6.0585 Bio: 0.7977 GateEnt: nan GateDiv: nan
Epoch [96/200] Total Loss: 47.8488
Epoch [97/200] Step [0/8] Loss: 6.0331 Bio: 0.9188 GateEnt: nan GateDiv: nan
Epoch [97/200] Total Loss: 47.2542
Epoch [98/200] Step [0/8] Loss: 6.1588 Bio: 1.0669 GateEnt: nan GateDiv: nan
Epoch [98/200] Total Loss: 47.8679
Epoch [99/200] Step [0/8] Loss: 5.8716 Bio: 0.7971 GateEnt: nan GateDiv: nan
Epoch [99/200] Total Loss: 47.5507
Epoch [100/200] Step [0/8] Loss: 6.0121 Bio: 0.7870 GateEnt: nan GateDiv: nan
Epoch [100/200] Total Loss: 47.5337
Epoch [101/200] Step [0/8] Loss: 5.8682 Bio: 0.8183 GateEnt: nan GateDiv: nan
Epoch [101/200] Total Loss: 47.1648
Epoch [102/200] Step [0/8] Loss: 5.9319 Bio: 0.7664 GateEnt: nan GateDiv: nan
Epoch [102/200] Total Loss: 47.7939
Epoch [103/200] Step [0/8] Loss: 5.8081 Bio: 0.8446 GateEnt: nan GateDiv: nan
Epoch [103/200] Total Loss: 48.0992
Epoch [104/200] Step [0/8] Loss: 5.8839 Bio: 0.9201 GateEnt: nan GateDiv: nan
Epoch [104/200] Total Loss: 47.1416
Epoch [105/200] Step [0/8] Loss: 5.8862 Bio: 0.8095 GateEnt: nan GateDiv: nan
Epoch [105/200] Total Loss: 46.8965
Epoch [106/200] Step [0/8] Loss: 5.8718 Bio: 0.7755 GateEnt: nan GateDiv: nan
Epoch [106/200] Total Loss: 47.6849
Epoch [107/200] Step [0/8] Loss: 6.2160 Bio: 0.8641 GateEnt: nan GateDiv: nan
Epoch [107/200] Total Loss: 47.4125
Epoch [108/200] Step [0/8] Loss: 6.0025 Bio: 0.8132 GateEnt: nan GateDiv: nan
Epoch [108/200] Total Loss: 47.2848
Epoch [109/200] Step [0/8] Loss: 5.8806 Bio: 0.8029 GateEnt: nan GateDiv: nan
Epoch [109/200] Total Loss: 46.9891
Epoch [110/200] Step [0/8] Loss: 5.7843 Bio: 0.7718 GateEnt: nan GateDiv: nan
Epoch [110/200] Total Loss: 47.2371
Epoch [111/200] Step [0/8] Loss: 5.8062 Bio: 0.8210 GateEnt: nan GateDiv: nan
Epoch [111/200] Total Loss: 47.3496
Epoch [112/200] Step [0/8] Loss: 5.8406 Bio: 0.7883 GateEnt: nan GateDiv: nan
Epoch [112/200] Total Loss: 48.1247
Epoch [113/200] Step [0/8] Loss: 5.9551 Bio: 0.8286 GateEnt: nan GateDiv: nan
Epoch [113/200] Total Loss: 47.2983
Epoch [114/200] Step [0/8] Loss: 5.8241 Bio: 0.7431 GateEnt: nan GateDiv: nan
Epoch [114/200] Total Loss: 48.0402
Epoch [115/200] Step [0/8] Loss: 5.8255 Bio: 0.7985 GateEnt: nan GateDiv: nan
Epoch [115/200] Total Loss: 47.8882
Epoch [116/200] Step [0/8] Loss: 6.0533 Bio: 0.8142 GateEnt: nan GateDiv: nan
Epoch [116/200] Total Loss: 47.1595
Epoch [117/200] Step [0/8] Loss: 5.9323 Bio: 0.8315 GateEnt: nan GateDiv: nan
Epoch [117/200] Total Loss: 47.1129
Epoch [118/200] Step [0/8] Loss: 5.6955 Bio: 0.7699 GateEnt: nan GateDiv: nan
Epoch [118/200] Total Loss: 47.4943
Epoch [119/200] Step [0/8] Loss: 5.8488 Bio: 1.0546 GateEnt: nan GateDiv: nan
Epoch [119/200] Total Loss: 47.5691
Epoch [120/200] Step [0/8] Loss: 6.0384 Bio: 0.8232 GateEnt: nan GateDiv: nan
Epoch [120/200] Total Loss: 47.6975
Epoch [121/200] Step [0/8] Loss: 5.9670 Bio: 0.8332 GateEnt: nan GateDiv: nan
Epoch [121/200] Total Loss: 47.1316
Epoch [122/200] Step [0/8] Loss: 6.0503 Bio: 0.6921 GateEnt: nan GateDiv: nan
Epoch [122/200] Total Loss: 47.4429
Epoch [123/200] Step [0/8] Loss: 5.6510 Bio: 0.8367 GateEnt: nan GateDiv: nan
Epoch [123/200] Total Loss: 46.9894
Epoch [124/200] Step [0/8] Loss: 5.9791 Bio: 0.8728 GateEnt: nan GateDiv: nan
Epoch [124/200] Total Loss: 46.5439
Epoch [125/200] Step [0/8] Loss: 5.7667 Bio: 0.7515 GateEnt: nan GateDiv: nan
Epoch [125/200] Total Loss: 47.1904
Epoch [126/200] Step [0/8] Loss: 6.4322 Bio: 0.8203 GateEnt: nan GateDiv: nan
Epoch [126/200] Total Loss: 48.1072
Epoch [127/200] Step [0/8] Loss: 5.9422 Bio: 0.9526 GateEnt: nan GateDiv: nan
Epoch [127/200] Total Loss: 46.8819
Epoch [128/200] Step [0/8] Loss: 5.8286 Bio: 0.7758 GateEnt: nan GateDiv: nan
Epoch [128/200] Total Loss: 47.1379
Epoch [129/200] Step [0/8] Loss: 5.8397 Bio: 0.7892 GateEnt: nan GateDiv: nan
Epoch [129/200] Total Loss: 46.7923
Epoch [130/200] Step [0/8] Loss: 5.7535 Bio: 0.8118 GateEnt: nan GateDiv: nan
Epoch [130/200] Total Loss: 47.3164
Epoch [131/200] Step [0/8] Loss: 6.3251 Bio: 0.6897 GateEnt: nan GateDiv: nan
Epoch [131/200] Total Loss: 47.3977
Epoch [132/200] Step [0/8] Loss: 6.0078 Bio: 0.8228 GateEnt: nan GateDiv: nan
Epoch [132/200] Total Loss: 47.8905
Epoch [133/200] Step [0/8] Loss: 5.8196 Bio: 0.9888 GateEnt: nan GateDiv: nan
Epoch [133/200] Total Loss: 47.0343
Epoch [134/200] Step [0/8] Loss: 5.8967 Bio: 0.7853 GateEnt: nan GateDiv: nan
Epoch [134/200] Total Loss: 46.9297
Epoch [135/200] Step [0/8] Loss: 5.8289 Bio: 0.8317 GateEnt: nan GateDiv: nan
Epoch [135/200] Total Loss: 47.1395
Epoch [136/200] Step [0/8] Loss: 5.8123 Bio: 1.0169 GateEnt: nan GateDiv: nan
Epoch [136/200] Total Loss: 47.1704
Epoch [137/200] Step [0/8] Loss: 5.7703 Bio: 0.9013 GateEnt: nan GateDiv: nan
Epoch [137/200] Total Loss: 47.5747
Epoch [138/200] Step [0/8] Loss: 5.9696 Bio: 0.8136 GateEnt: nan GateDiv: nan
Epoch [138/200] Total Loss: 46.7171
Epoch [139/200] Step [0/8] Loss: 5.8702 Bio: 0.7801 GateEnt: nan GateDiv: nan
Epoch [139/200] Total Loss: 46.8833
Epoch [140/200] Step [0/8] Loss: 5.8294 Bio: 0.8856 GateEnt: nan GateDiv: nan
Epoch [140/200] Total Loss: 46.4567
Epoch [141/200] Step [0/8] Loss: 5.8632 Bio: 0.7906 GateEnt: nan GateDiv: nan
Epoch [141/200] Total Loss: 47.0109
Epoch [142/200] Step [0/8] Loss: 5.8094 Bio: 0.8308 GateEnt: nan GateDiv: nan
Epoch [142/200] Total Loss: 47.3008
Epoch [143/200] Step [0/8] Loss: 6.1078 Bio: 0.7642 GateEnt: nan GateDiv: nan
Epoch [143/200] Total Loss: 47.3547
Epoch [144/200] Step [0/8] Loss: 5.9064 Bio: 0.8385 GateEnt: nan GateDiv: nan
Epoch [144/200] Total Loss: 47.0589
Epoch [145/200] Step [0/8] Loss: 5.7344 Bio: 0.9137 GateEnt: nan GateDiv: nan
Epoch [145/200] Total Loss: 46.3866
Epoch [146/200] Step [0/8] Loss: 5.8027 Bio: 0.8475 GateEnt: nan GateDiv: nan
Epoch [146/200] Total Loss: 46.2571
Epoch [147/200] Step [0/8] Loss: 5.6463 Bio: 0.7241 GateEnt: nan GateDiv: nan
Epoch [147/200] Total Loss: 46.2507
Epoch [148/200] Step [0/8] Loss: 5.7704 Bio: 0.7952 GateEnt: nan GateDiv: nan
Epoch [148/200] Total Loss: 47.0013
Epoch [149/200] Step [0/8] Loss: 5.8851 Bio: 0.8665 GateEnt: nan GateDiv: nan
Epoch [149/200] Total Loss: 46.7184
Epoch [150/200] Step [0/8] Loss: 5.6261 Bio: 0.7722 GateEnt: nan GateDiv: nan
Epoch [150/200] Total Loss: 46.4920
Epoch [151/200] Step [0/8] Loss: 5.6644 Bio: 0.8374 GateEnt: nan GateDiv: nan
Epoch [151/200] Total Loss: 46.5317
Epoch [152/200] Step [0/8] Loss: 5.8368 Bio: 0.7272 GateEnt: nan GateDiv: nan
Epoch [152/200] Total Loss: 46.9738
Epoch [153/200] Step [0/8] Loss: 5.6096 Bio: 0.7565 GateEnt: nan GateDiv: nan
Epoch [153/200] Total Loss: 46.5178
Epoch [154/200] Step [0/8] Loss: 5.8612 Bio: 0.7523 GateEnt: nan GateDiv: nan
Epoch [154/200] Total Loss: 46.1618
Epoch [155/200] Step [0/8] Loss: 5.6917 Bio: 0.8474 GateEnt: nan GateDiv: nan
Epoch [155/200] Total Loss: 46.2879
Epoch [156/200] Step [0/8] Loss: 5.5626 Bio: 0.7999 GateEnt: nan GateDiv: nan
Epoch [156/200] Total Loss: 46.6311
Epoch [157/200] Step [0/8] Loss: 5.7887 Bio: 0.8719 GateEnt: nan GateDiv: nan
Epoch [157/200] Total Loss: 46.6256
Epoch [158/200] Step [0/8] Loss: 5.9980 Bio: 0.7549 GateEnt: nan GateDiv: nan
Epoch [158/200] Total Loss: 46.3667
Epoch [159/200] Step [0/8] Loss: 5.5677 Bio: 0.8092 GateEnt: nan GateDiv: nan
Epoch [159/200] Total Loss: 46.0394
Epoch [160/200] Step [0/8] Loss: 5.7733 Bio: 0.8727 GateEnt: nan GateDiv: nan
Epoch [160/200] Total Loss: 46.6277
Epoch [161/200] Step [0/8] Loss: 5.4933 Bio: 0.7575 GateEnt: nan GateDiv: nan
Epoch [161/200] Total Loss: 45.8672
Epoch [162/200] Step [0/8] Loss: 5.9224 Bio: 0.9012 GateEnt: nan GateDiv: nan
Epoch [162/200] Total Loss: 45.7931
Epoch [163/200] Step [0/8] Loss: 5.6086 Bio: 0.8006 GateEnt: nan GateDiv: nan
Epoch [163/200] Total Loss: 45.4549
Epoch [164/200] Step [0/8] Loss: 5.6025 Bio: 0.7934 GateEnt: nan GateDiv: nan
Epoch [164/200] Total Loss: 45.9787
Epoch [165/200] Step [0/8] Loss: 5.6515 Bio: 0.7647 GateEnt: nan GateDiv: nan
Epoch [165/200] Total Loss: 45.8507
Epoch [166/200] Step [0/8] Loss: 5.7761 Bio: 0.8542 GateEnt: nan GateDiv: nan
Epoch [166/200] Total Loss: 46.3898
Epoch [167/200] Step [0/8] Loss: 5.6016 Bio: 0.7195 GateEnt: nan GateDiv: nan
Epoch [167/200] Total Loss: 45.4163
Epoch [168/200] Step [0/8] Loss: 5.8402 Bio: 0.7676 GateEnt: nan GateDiv: nan
Epoch [168/200] Total Loss: 46.1166
Epoch [169/200] Step [0/8] Loss: 5.8205 Bio: 0.8902 GateEnt: nan GateDiv: nan
Epoch [169/200] Total Loss: 45.7152
Epoch [170/200] Step [0/8] Loss: 6.0069 Bio: 1.0489 GateEnt: nan GateDiv: nan
Epoch [170/200] Total Loss: 45.8310
Epoch [171/200] Step [0/8] Loss: 5.6678 Bio: 0.7490 GateEnt: nan GateDiv: nan
Epoch [171/200] Total Loss: 46.0301
Epoch [172/200] Step [0/8] Loss: 6.0935 Bio: 0.7724 GateEnt: nan GateDiv: nan
Epoch [172/200] Total Loss: 45.6285
Epoch [173/200] Step [0/8] Loss: 5.7216 Bio: 0.7493 GateEnt: nan GateDiv: nan
Epoch [173/200] Total Loss: 45.2664
Epoch [174/200] Step [0/8] Loss: 6.0380 Bio: 0.7854 GateEnt: nan GateDiv: nan
Epoch [174/200] Total Loss: 46.3154
Epoch [175/200] Step [0/8] Loss: 5.5986 Bio: 0.8746 GateEnt: nan GateDiv: nan
Epoch [175/200] Total Loss: 45.5541
Epoch [176/200] Step [0/8] Loss: 5.5947 Bio: 0.8607 GateEnt: nan GateDiv: nan
Epoch [176/200] Total Loss: 45.2618
Epoch [177/200] Step [0/8] Loss: 5.7720 Bio: 0.8436 GateEnt: nan GateDiv: nan
Epoch [177/200] Total Loss: 45.4108
Epoch [178/200] Step [0/8] Loss: 5.8200 Bio: 0.7794 GateEnt: nan GateDiv: nan
Epoch [178/200] Total Loss: 45.8919
Epoch [179/200] Step [0/8] Loss: 5.6792 Bio: 0.7333 GateEnt: nan GateDiv: nan
Epoch [179/200] Total Loss: 45.2576
Epoch [180/200] Step [0/8] Loss: 5.5584 Bio: 0.8308 GateEnt: nan GateDiv: nan
Epoch [180/200] Total Loss: 45.4986
Epoch [181/200] Step [0/8] Loss: 5.4210 Bio: 0.7158 GateEnt: nan GateDiv: nan
Epoch [181/200] Total Loss: 44.7078
Epoch [182/200] Step [0/8] Loss: 5.8028 Bio: 0.9408 GateEnt: nan GateDiv: nan
Epoch [182/200] Total Loss: 45.2500
Epoch [183/200] Step [0/8] Loss: 5.5431 Bio: 0.7970 GateEnt: nan GateDiv: nan
Epoch [183/200] Total Loss: 45.5120
Epoch [184/200] Step [0/8] Loss: 5.4797 Bio: 0.6771 GateEnt: nan GateDiv: nan
Epoch [184/200] Total Loss: 45.4526
Epoch [185/200] Step [0/8] Loss: 5.6538 Bio: 0.6835 GateEnt: nan GateDiv: nan
Epoch [185/200] Total Loss: 45.6929
Epoch [186/200] Step [0/8] Loss: 5.5901 Bio: 0.7756 GateEnt: nan GateDiv: nan
Epoch [186/200] Total Loss: 45.4050
Epoch [187/200] Step [0/8] Loss: 5.6958 Bio: 0.8845 GateEnt: nan GateDiv: nan
Epoch [187/200] Total Loss: 45.5112
Epoch [188/200] Step [0/8] Loss: 5.4807 Bio: 0.7191 GateEnt: nan GateDiv: nan
Epoch [188/200] Total Loss: 45.0305
Epoch [189/200] Step [0/8] Loss: 5.4507 Bio: 0.7417 GateEnt: nan GateDiv: nan
Epoch [189/200] Total Loss: 44.7321
Epoch [190/200] Step [0/8] Loss: 5.6826 Bio: 0.7667 GateEnt: nan GateDiv: nan
Epoch [190/200] Total Loss: 44.3923
Epoch [191/200] Step [0/8] Loss: 5.7616 Bio: 0.6627 GateEnt: nan GateDiv: nan
Epoch [191/200] Total Loss: 45.0789
Epoch [192/200] Step [0/8] Loss: 5.5770 Bio: 0.8960 GateEnt: nan GateDiv: nan
Epoch [192/200] Total Loss: 44.8376
Epoch [193/200] Step [0/8] Loss: 5.7493 Bio: 0.8472 GateEnt: nan GateDiv: nan
Epoch [193/200] Total Loss: 45.1240
Epoch [194/200] Step [0/8] Loss: 5.8564 Bio: 0.7153 GateEnt: nan GateDiv: nan
Epoch [194/200] Total Loss: 45.1548
Epoch [195/200] Step [0/8] Loss: 5.7717 Bio: 0.8089 GateEnt: nan GateDiv: nan
Epoch [195/200] Total Loss: 44.8964
Epoch [196/200] Step [0/8] Loss: 5.6620 Bio: 0.7902 GateEnt: nan GateDiv: nan
Epoch [196/200] Total Loss: 44.8778
Epoch [197/200] Step [0/8] Loss: 5.3760 Bio: 0.8224 GateEnt: nan GateDiv: nan
Epoch [197/200] Total Loss: 44.7013
Epoch [198/200] Step [0/8] Loss: 5.4976 Bio: 0.7504 GateEnt: nan GateDiv: nan
Epoch [198/200] Total Loss: 45.0133
Epoch [199/200] Step [0/8] Loss: 5.7067 Bio: 0.7887 GateEnt: nan GateDiv: nan
Epoch [199/200] Total Loss: 45.2809

=== Loss Summary ===
  Epoch   1: 54.9502
  Epoch  51: 48.4937
  Epoch 101: 47.5337
  Epoch 151: 46.4920
  Epoch 200: 45.2809
  Delta (last 25% = 50 ep): -1.2112
  If delta > -1.0, model has converged
mlp training complete.
=== DONE Wed Aug 26 03:03:12 PM EDT 2026 ===
