=== gate: anchors cover omics ===
gate passed: 490 patients
=== LUAD | head=linear | k=3 | Tue Aug 25 12:45:33 AM EDT 2026 ===
Head type    : linear
Cancer       : LUAD | bio_dim: 16 | lambda_bio: 0.1
Bio anchor   : data/bio_anchors/bio_anchors_LUAD_gsva_H40.csv
Cluster num  : 3
Epochs       : 200
[dataloader] Loaded bio-anchors from data/bio_anchors/bio_anchors_LUAD_gsva_H40.csv: torch.Size([490, 40])
Device       : cpu
Model params : 73,947,083
Epoch [0/200] Step [0/8] Loss: 6.5516 Bio: 1.0632 GateEnt: nan GateDiv: nan
Epoch [0/200] Total Loss: 51.9051
Epoch [1/200] Step [0/8] Loss: 6.5545 Bio: 1.0832 GateEnt: nan GateDiv: nan
Epoch [1/200] Total Loss: 51.8949
Epoch [2/200] Step [0/8] Loss: 6.5374 Bio: 1.0214 GateEnt: nan GateDiv: nan
Epoch [2/200] Total Loss: 51.8271
Epoch [3/200] Step [0/8] Loss: 6.5410 Bio: 0.9544 GateEnt: nan GateDiv: nan
Epoch [3/200] Total Loss: 51.9015
Epoch [4/200] Step [0/8] Loss: 6.5491 Bio: 1.0414 GateEnt: nan GateDiv: nan
Epoch [4/200] Total Loss: 51.8875
Epoch [5/200] Step [0/8] Loss: 6.5316 Bio: 1.0781 GateEnt: nan GateDiv: nan
Epoch [5/200] Total Loss: 51.8691
Epoch [6/200] Step [0/8] Loss: 6.5502 Bio: 1.0195 GateEnt: nan GateDiv: nan
Epoch [6/200] Total Loss: 51.9374
Epoch [7/200] Step [0/8] Loss: 6.5466 Bio: 1.0096 GateEnt: nan GateDiv: nan
Epoch [7/200] Total Loss: 51.9107
Epoch [8/200] Step [0/8] Loss: 6.5356 Bio: 0.9504 GateEnt: nan GateDiv: nan
Epoch [8/200] Total Loss: 51.7786
Epoch [9/200] Step [0/8] Loss: 6.5037 Bio: 0.9028 GateEnt: nan GateDiv: nan
Epoch [9/200] Total Loss: 50.7843
Epoch [10/200] Step [0/8] Loss: 6.2963 Bio: 0.9884 GateEnt: nan GateDiv: nan
Epoch [10/200] Total Loss: 49.8432
Epoch [11/200] Step [0/8] Loss: 6.0754 Bio: 0.9166 GateEnt: nan GateDiv: nan
Epoch [11/200] Total Loss: 49.7945
Epoch [12/200] Step [0/8] Loss: 6.4296 Bio: 1.0346 GateEnt: nan GateDiv: nan
Epoch [12/200] Total Loss: 49.5720
Epoch [13/200] Step [0/8] Loss: 6.2270 Bio: 0.8080 GateEnt: nan GateDiv: nan
Epoch [13/200] Total Loss: 49.6711
Epoch [14/200] Step [0/8] Loss: 6.1588 Bio: 0.8854 GateEnt: nan GateDiv: nan
Epoch [14/200] Total Loss: 48.6889
Epoch [15/200] Step [0/8] Loss: 6.0434 Bio: 0.9042 GateEnt: nan GateDiv: nan
Epoch [15/200] Total Loss: 48.9115
Epoch [16/200] Step [0/8] Loss: 6.3228 Bio: 0.9587 GateEnt: nan GateDiv: nan
Epoch [16/200] Total Loss: 49.3524
Epoch [17/200] Step [0/8] Loss: 6.2583 Bio: 1.1022 GateEnt: nan GateDiv: nan
Epoch [17/200] Total Loss: 50.7110
Epoch [18/200] Step [0/8] Loss: 6.1524 Bio: 0.9850 GateEnt: nan GateDiv: nan
Epoch [18/200] Total Loss: 49.3547
Epoch [19/200] Step [0/8] Loss: 6.0137 Bio: 1.0489 GateEnt: nan GateDiv: nan
Epoch [19/200] Total Loss: 48.4932
Epoch [20/200] Step [0/8] Loss: 5.9088 Bio: 1.0134 GateEnt: nan GateDiv: nan
Epoch [20/200] Total Loss: 48.0794
Epoch [21/200] Step [0/8] Loss: 5.9610 Bio: 0.9630 GateEnt: nan GateDiv: nan
Epoch [21/200] Total Loss: 49.5885
Epoch [22/200] Step [0/8] Loss: 6.2235 Bio: 0.8442 GateEnt: nan GateDiv: nan
Epoch [22/200] Total Loss: 47.7800
Epoch [23/200] Step [0/8] Loss: 5.8679 Bio: 1.0193 GateEnt: nan GateDiv: nan
Epoch [23/200] Total Loss: 48.7552
Epoch [24/200] Step [0/8] Loss: 5.8667 Bio: 0.9336 GateEnt: nan GateDiv: nan
Epoch [24/200] Total Loss: 47.2447
Epoch [25/200] Step [0/8] Loss: 6.0874 Bio: 0.9886 GateEnt: nan GateDiv: nan
Epoch [25/200] Total Loss: 48.3004
Epoch [26/200] Step [0/8] Loss: 5.9047 Bio: 1.0812 GateEnt: nan GateDiv: nan
Epoch [26/200] Total Loss: 47.2728
Epoch [27/200] Step [0/8] Loss: 5.8844 Bio: 0.8857 GateEnt: nan GateDiv: nan
Epoch [27/200] Total Loss: 47.5084
Epoch [28/200] Step [0/8] Loss: 5.9949 Bio: 1.0400 GateEnt: nan GateDiv: nan
Epoch [28/200] Total Loss: 48.0406
Epoch [29/200] Step [0/8] Loss: 5.9189 Bio: 1.0043 GateEnt: nan GateDiv: nan
Epoch [29/200] Total Loss: 47.4695
Epoch [30/200] Step [0/8] Loss: 6.0627 Bio: 1.0627 GateEnt: nan GateDiv: nan
Epoch [30/200] Total Loss: 47.3613
Epoch [31/200] Step [0/8] Loss: 6.1641 Bio: 1.0433 GateEnt: nan GateDiv: nan
Epoch [31/200] Total Loss: 47.8592
Epoch [32/200] Step [0/8] Loss: 5.9937 Bio: 1.1243 GateEnt: nan GateDiv: nan
Epoch [32/200] Total Loss: 47.1994
Epoch [33/200] Step [0/8] Loss: 6.0821 Bio: 1.0719 GateEnt: nan GateDiv: nan
Epoch [33/200] Total Loss: 47.3952
Epoch [34/200] Step [0/8] Loss: 5.9708 Bio: 0.9388 GateEnt: nan GateDiv: nan
Epoch [34/200] Total Loss: 47.0545
Epoch [35/200] Step [0/8] Loss: 6.0849 Bio: 1.0888 GateEnt: nan GateDiv: nan
Epoch [35/200] Total Loss: 46.9820
Epoch [36/200] Step [0/8] Loss: 6.1957 Bio: 0.8864 GateEnt: nan GateDiv: nan
Epoch [36/200] Total Loss: 47.6171
Epoch [37/200] Step [0/8] Loss: 5.9089 Bio: 1.0272 GateEnt: nan GateDiv: nan
Epoch [37/200] Total Loss: 46.5984
Epoch [38/200] Step [0/8] Loss: 5.6727 Bio: 0.9866 GateEnt: nan GateDiv: nan
Epoch [38/200] Total Loss: 47.1429
Epoch [39/200] Step [0/8] Loss: 5.9587 Bio: 0.9717 GateEnt: nan GateDiv: nan
Epoch [39/200] Total Loss: 47.2517
Epoch [40/200] Step [0/8] Loss: 5.8737 Bio: 0.9215 GateEnt: nan GateDiv: nan
Epoch [40/200] Total Loss: 46.6976
Epoch [41/200] Step [0/8] Loss: 5.8905 Bio: 1.0697 GateEnt: nan GateDiv: nan
Epoch [41/200] Total Loss: 47.0952
Epoch [42/200] Step [0/8] Loss: 6.0375 Bio: 0.9631 GateEnt: nan GateDiv: nan
Epoch [42/200] Total Loss: 46.7961
Epoch [43/200] Step [0/8] Loss: 5.8983 Bio: 0.8425 GateEnt: nan GateDiv: nan
Epoch [43/200] Total Loss: 46.6471
Epoch [44/200] Step [0/8] Loss: 5.6559 Bio: 0.9283 GateEnt: nan GateDiv: nan
Epoch [44/200] Total Loss: 46.6128
Epoch [45/200] Step [0/8] Loss: 5.8902 Bio: 0.9153 GateEnt: nan GateDiv: nan
Epoch [45/200] Total Loss: 46.7266
Epoch [46/200] Step [0/8] Loss: 5.9508 Bio: 0.8410 GateEnt: nan GateDiv: nan
Epoch [46/200] Total Loss: 46.6704
Epoch [47/200] Step [0/8] Loss: 6.0475 Bio: 0.8719 GateEnt: nan GateDiv: nan
Epoch [47/200] Total Loss: 46.4580
Epoch [48/200] Step [0/8] Loss: 5.7481 Bio: 1.0035 GateEnt: nan GateDiv: nan
Epoch [48/200] Total Loss: 46.7260
Epoch [49/200] Step [0/8] Loss: 6.0268 Bio: 0.9631 GateEnt: nan GateDiv: nan
Epoch [49/200] Total Loss: 47.0336
Epoch [50/200] Step [0/8] Loss: 5.9735 Bio: 1.0613 GateEnt: nan GateDiv: nan
Epoch [50/200] Total Loss: 46.2633
Epoch [51/200] Step [0/8] Loss: 5.7928 Bio: 0.9372 GateEnt: nan GateDiv: nan
Epoch [51/200] Total Loss: 46.3753
Epoch [52/200] Step [0/8] Loss: 5.8616 Bio: 0.9380 GateEnt: nan GateDiv: nan
Epoch [52/200] Total Loss: 46.3815
Epoch [53/200] Step [0/8] Loss: 5.6617 Bio: 0.9091 GateEnt: nan GateDiv: nan
Epoch [53/200] Total Loss: 46.2751
Epoch [54/200] Step [0/8] Loss: 5.8699 Bio: 0.8808 GateEnt: nan GateDiv: nan
Epoch [54/200] Total Loss: 46.3002
Epoch [55/200] Step [0/8] Loss: 5.7840 Bio: 0.9795 GateEnt: nan GateDiv: nan
Epoch [55/200] Total Loss: 46.3485
Epoch [56/200] Step [0/8] Loss: 5.8813 Bio: 1.0042 GateEnt: nan GateDiv: nan
Epoch [56/200] Total Loss: 46.2808
Epoch [57/200] Step [0/8] Loss: 5.7635 Bio: 1.0175 GateEnt: nan GateDiv: nan
Epoch [57/200] Total Loss: 46.8572
Epoch [58/200] Step [0/8] Loss: 5.8453 Bio: 0.9653 GateEnt: nan GateDiv: nan
Epoch [58/200] Total Loss: 46.1071
Epoch [59/200] Step [0/8] Loss: 5.7594 Bio: 0.7689 GateEnt: nan GateDiv: nan
Epoch [59/200] Total Loss: 46.4330
Epoch [60/200] Step [0/8] Loss: 5.8399 Bio: 0.8739 GateEnt: nan GateDiv: nan
Epoch [60/200] Total Loss: 45.9190
Epoch [61/200] Step [0/8] Loss: 5.8765 Bio: 0.9360 GateEnt: nan GateDiv: nan
Epoch [61/200] Total Loss: 46.7045
Epoch [62/200] Step [0/8] Loss: 5.7164 Bio: 0.9180 GateEnt: nan GateDiv: nan
Epoch [62/200] Total Loss: 46.3057
Epoch [63/200] Step [0/8] Loss: 5.8073 Bio: 0.9656 GateEnt: nan GateDiv: nan
Epoch [63/200] Total Loss: 45.9272
Epoch [64/200] Step [0/8] Loss: 6.1064 Bio: 0.9391 GateEnt: nan GateDiv: nan
Epoch [64/200] Total Loss: 46.3161
Epoch [65/200] Step [0/8] Loss: 5.8995 Bio: 0.9033 GateEnt: nan GateDiv: nan
Epoch [65/200] Total Loss: 45.7029
Epoch [66/200] Step [0/8] Loss: 5.8560 Bio: 1.1038 GateEnt: nan GateDiv: nan
Epoch [66/200] Total Loss: 45.8999
Epoch [67/200] Step [0/8] Loss: 5.7710 Bio: 0.9237 GateEnt: nan GateDiv: nan
Epoch [67/200] Total Loss: 46.2471
Epoch [68/200] Step [0/8] Loss: 5.8338 Bio: 0.9773 GateEnt: nan GateDiv: nan
Epoch [68/200] Total Loss: 45.5697
Epoch [69/200] Step [0/8] Loss: 5.6922 Bio: 0.8727 GateEnt: nan GateDiv: nan
Epoch [69/200] Total Loss: 46.0618
Epoch [70/200] Step [0/8] Loss: 5.6322 Bio: 0.9740 GateEnt: nan GateDiv: nan
Epoch [70/200] Total Loss: 45.7697
Epoch [71/200] Step [0/8] Loss: 5.8749 Bio: 0.8302 GateEnt: nan GateDiv: nan
Epoch [71/200] Total Loss: 46.5936
Epoch [72/200] Step [0/8] Loss: 5.8514 Bio: 1.0094 GateEnt: nan GateDiv: nan
Epoch [72/200] Total Loss: 46.5173
Epoch [73/200] Step [0/8] Loss: 5.7693 Bio: 1.0947 GateEnt: nan GateDiv: nan
Epoch [73/200] Total Loss: 45.6602
Epoch [74/200] Step [0/8] Loss: 5.8088 Bio: 1.0630 GateEnt: nan GateDiv: nan
Epoch [74/200] Total Loss: 45.5164
Epoch [75/200] Step [0/8] Loss: 5.8904 Bio: 0.9716 GateEnt: nan GateDiv: nan
Epoch [75/200] Total Loss: 46.8629
Epoch [76/200] Step [0/8] Loss: 5.8956 Bio: 0.9389 GateEnt: nan GateDiv: nan
Epoch [76/200] Total Loss: 45.9318
Epoch [77/200] Step [0/8] Loss: 5.8979 Bio: 0.8491 GateEnt: nan GateDiv: nan
Epoch [77/200] Total Loss: 46.4051
Epoch [78/200] Step [0/8] Loss: 5.9209 Bio: 1.0312 GateEnt: nan GateDiv: nan
Epoch [78/200] Total Loss: 46.1376
Epoch [79/200] Step [0/8] Loss: 5.6883 Bio: 1.0563 GateEnt: nan GateDiv: nan
Epoch [79/200] Total Loss: 45.8410
Epoch [80/200] Step [0/8] Loss: 6.0007 Bio: 1.0315 GateEnt: nan GateDiv: nan
Epoch [80/200] Total Loss: 46.4185
Epoch [81/200] Step [0/8] Loss: 5.7089 Bio: 0.8522 GateEnt: nan GateDiv: nan
Epoch [81/200] Total Loss: 45.8844
Epoch [82/200] Step [0/8] Loss: 5.8103 Bio: 0.8393 GateEnt: nan GateDiv: nan
Epoch [82/200] Total Loss: 45.6001
Epoch [83/200] Step [0/8] Loss: 5.6991 Bio: 0.9589 GateEnt: nan GateDiv: nan
Epoch [83/200] Total Loss: 45.3872
Epoch [84/200] Step [0/8] Loss: 5.9779 Bio: 0.9692 GateEnt: nan GateDiv: nan
Epoch [84/200] Total Loss: 45.9414
Epoch [85/200] Step [0/8] Loss: 5.7423 Bio: 0.7644 GateEnt: nan GateDiv: nan
Epoch [85/200] Total Loss: 45.9039
Epoch [86/200] Step [0/8] Loss: 5.7943 Bio: 0.9834 GateEnt: nan GateDiv: nan
Epoch [86/200] Total Loss: 45.9485
Epoch [87/200] Step [0/8] Loss: 5.7865 Bio: 0.9510 GateEnt: nan GateDiv: nan
Epoch [87/200] Total Loss: 45.8834
Epoch [88/200] Step [0/8] Loss: 5.5733 Bio: 0.9853 GateEnt: nan GateDiv: nan
Epoch [88/200] Total Loss: 46.2858
Epoch [89/200] Step [0/8] Loss: 5.9373 Bio: 1.0900 GateEnt: nan GateDiv: nan
Epoch [89/200] Total Loss: 45.5402
Epoch [90/200] Step [0/8] Loss: 5.9799 Bio: 0.8674 GateEnt: nan GateDiv: nan
Epoch [90/200] Total Loss: 46.0747
Epoch [91/200] Step [0/8] Loss: 5.6497 Bio: 1.0372 GateEnt: nan GateDiv: nan
Epoch [91/200] Total Loss: 44.8163
Epoch [92/200] Step [0/8] Loss: 5.7143 Bio: 0.8901 GateEnt: nan GateDiv: nan
Epoch [92/200] Total Loss: 45.2952
Epoch [93/200] Step [0/8] Loss: 5.4425 Bio: 0.8003 GateEnt: nan GateDiv: nan
Epoch [93/200] Total Loss: 45.6284
Epoch [94/200] Step [0/8] Loss: 5.8083 Bio: 1.0423 GateEnt: nan GateDiv: nan
Epoch [94/200] Total Loss: 46.0010
Epoch [95/200] Step [0/8] Loss: 5.7353 Bio: 0.8986 GateEnt: nan GateDiv: nan
Epoch [95/200] Total Loss: 45.4922
Epoch [96/200] Step [0/8] Loss: 5.5721 Bio: 0.9657 GateEnt: nan GateDiv: nan
Epoch [96/200] Total Loss: 45.1345
Epoch [97/200] Step [0/8] Loss: 5.5796 Bio: 0.9165 GateEnt: nan GateDiv: nan
Epoch [97/200] Total Loss: 46.1493
Epoch [98/200] Step [0/8] Loss: 5.6062 Bio: 0.8942 GateEnt: nan GateDiv: nan
Epoch [98/200] Total Loss: 45.6378
Epoch [99/200] Step [0/8] Loss: 5.7921 Bio: 0.8897 GateEnt: nan GateDiv: nan
Epoch [99/200] Total Loss: 45.0571
Epoch [100/200] Step [0/8] Loss: 5.7174 Bio: 0.9485 GateEnt: nan GateDiv: nan
Epoch [100/200] Total Loss: 45.1973
Epoch [101/200] Step [0/8] Loss: 5.6421 Bio: 0.9895 GateEnt: nan GateDiv: nan
Epoch [101/200] Total Loss: 45.5514
Epoch [102/200] Step [0/8] Loss: 5.7156 Bio: 0.9591 GateEnt: nan GateDiv: nan
Epoch [102/200] Total Loss: 46.0694
Epoch [103/200] Step [0/8] Loss: 5.7809 Bio: 0.8541 GateEnt: nan GateDiv: nan
Epoch [103/200] Total Loss: 45.2979
Epoch [104/200] Step [0/8] Loss: 5.5783 Bio: 0.8951 GateEnt: nan GateDiv: nan
Epoch [104/200] Total Loss: 45.1589
Epoch [105/200] Step [0/8] Loss: 5.6819 Bio: 0.9184 GateEnt: nan GateDiv: nan
Epoch [105/200] Total Loss: 45.4729
Epoch [106/200] Step [0/8] Loss: 5.7941 Bio: 0.9869 GateEnt: nan GateDiv: nan
Epoch [106/200] Total Loss: 45.4321
Epoch [107/200] Step [0/8] Loss: 5.9119 Bio: 1.0087 GateEnt: nan GateDiv: nan
Epoch [107/200] Total Loss: 45.3117
Epoch [108/200] Step [0/8] Loss: 5.7954 Bio: 0.9080 GateEnt: nan GateDiv: nan
Epoch [108/200] Total Loss: 45.0104
Epoch [109/200] Step [0/8] Loss: 5.6940 Bio: 0.9071 GateEnt: nan GateDiv: nan
Epoch [109/200] Total Loss: 45.0590
Epoch [110/200] Step [0/8] Loss: 5.5015 Bio: 0.8634 GateEnt: nan GateDiv: nan
Epoch [110/200] Total Loss: 45.3868
Epoch [111/200] Step [0/8] Loss: 5.7379 Bio: 0.9460 GateEnt: nan GateDiv: nan
Epoch [111/200] Total Loss: 45.4560
Epoch [112/200] Step [0/8] Loss: 5.6390 Bio: 0.9275 GateEnt: nan GateDiv: nan
Epoch [112/200] Total Loss: 46.2268
Epoch [113/200] Step [0/8] Loss: 5.7190 Bio: 0.8929 GateEnt: nan GateDiv: nan
Epoch [113/200] Total Loss: 45.6725
Epoch [114/200] Step [0/8] Loss: 5.6112 Bio: 0.8957 GateEnt: nan GateDiv: nan
Epoch [114/200] Total Loss: 45.2084
Epoch [115/200] Step [0/8] Loss: 5.8051 Bio: 0.9342 GateEnt: nan GateDiv: nan
Epoch [115/200] Total Loss: 45.5347
Epoch [116/200] Step [0/8] Loss: 5.5498 Bio: 0.9254 GateEnt: nan GateDiv: nan
Epoch [116/200] Total Loss: 44.9567
Epoch [117/200] Step [0/8] Loss: 5.9392 Bio: 0.9860 GateEnt: nan GateDiv: nan
Epoch [117/200] Total Loss: 45.2375
Epoch [118/200] Step [0/8] Loss: 5.5817 Bio: 0.8891 GateEnt: nan GateDiv: nan
Epoch [118/200] Total Loss: 45.1648
Epoch [119/200] Step [0/8] Loss: 5.6058 Bio: 0.9333 GateEnt: nan GateDiv: nan
Epoch [119/200] Total Loss: 44.8092
Epoch [120/200] Step [0/8] Loss: 5.8126 Bio: 0.8973 GateEnt: nan GateDiv: nan
Epoch [120/200] Total Loss: 45.5591
Epoch [121/200] Step [0/8] Loss: 5.6380 Bio: 0.8741 GateEnt: nan GateDiv: nan
Epoch [121/200] Total Loss: 45.0750
Epoch [122/200] Step [0/8] Loss: 5.6206 Bio: 1.0240 GateEnt: nan GateDiv: nan
Epoch [122/200] Total Loss: 45.2889
Epoch [123/200] Step [0/8] Loss: 5.6992 Bio: 0.9977 GateEnt: nan GateDiv: nan
Epoch [123/200] Total Loss: 45.4118
Epoch [124/200] Step [0/8] Loss: 5.5969 Bio: 0.9238 GateEnt: nan GateDiv: nan
Epoch [124/200] Total Loss: 44.5909
Epoch [125/200] Step [0/8] Loss: 5.6448 Bio: 0.9799 GateEnt: nan GateDiv: nan
Epoch [125/200] Total Loss: 44.8728
Epoch [126/200] Step [0/8] Loss: 5.6866 Bio: 0.9615 GateEnt: nan GateDiv: nan
Epoch [126/200] Total Loss: 44.9054
Epoch [127/200] Step [0/8] Loss: 5.7872 Bio: 0.9026 GateEnt: nan GateDiv: nan
Epoch [127/200] Total Loss: 45.9577
Epoch [128/200] Step [0/8] Loss: 5.9198 Bio: 1.0904 GateEnt: nan GateDiv: nan
Epoch [128/200] Total Loss: 44.8547
Epoch [129/200] Step [0/8] Loss: 5.8662 Bio: 1.0304 GateEnt: nan GateDiv: nan
Epoch [129/200] Total Loss: 44.3395
Epoch [130/200] Step [0/8] Loss: 5.6396 Bio: 0.9403 GateEnt: nan GateDiv: nan
Epoch [130/200] Total Loss: 44.6479
Epoch [131/200] Step [0/8] Loss: 5.6054 Bio: 0.9299 GateEnt: nan GateDiv: nan
Epoch [131/200] Total Loss: 45.0261
Epoch [132/200] Step [0/8] Loss: 5.7229 Bio: 0.9029 GateEnt: nan GateDiv: nan
Epoch [132/200] Total Loss: 45.0840
Epoch [133/200] Step [0/8] Loss: 5.6566 Bio: 0.9909 GateEnt: nan GateDiv: nan
Epoch [133/200] Total Loss: 44.4901
Epoch [134/200] Step [0/8] Loss: 5.7406 Bio: 0.9715 GateEnt: nan GateDiv: nan
Epoch [134/200] Total Loss: 45.0718
Epoch [135/200] Step [0/8] Loss: 5.6753 Bio: 0.8796 GateEnt: nan GateDiv: nan
Epoch [135/200] Total Loss: 44.9493
Epoch [136/200] Step [0/8] Loss: 5.5573 Bio: 0.9825 GateEnt: nan GateDiv: nan
Epoch [136/200] Total Loss: 45.0014
Epoch [137/200] Step [0/8] Loss: 5.5972 Bio: 0.9826 GateEnt: nan GateDiv: nan
Epoch [137/200] Total Loss: 44.9535
Epoch [138/200] Step [0/8] Loss: 5.9327 Bio: 0.8871 GateEnt: nan GateDiv: nan
Epoch [138/200] Total Loss: 45.3578
Epoch [139/200] Step [0/8] Loss: 5.9974 Bio: 0.9570 GateEnt: nan GateDiv: nan
Epoch [139/200] Total Loss: 44.9456
Epoch [140/200] Step [0/8] Loss: 5.6898 Bio: 0.9387 GateEnt: nan GateDiv: nan
Epoch [140/200] Total Loss: 44.9598
Epoch [141/200] Step [0/8] Loss: 5.8333 Bio: 0.8944 GateEnt: nan GateDiv: nan
Epoch [141/200] Total Loss: 45.0346
Epoch [142/200] Step [0/8] Loss: 5.8545 Bio: 0.9144 GateEnt: nan GateDiv: nan
Epoch [142/200] Total Loss: 44.4299
Epoch [143/200] Step [0/8] Loss: 5.7287 Bio: 0.9975 GateEnt: nan GateDiv: nan
Epoch [143/200] Total Loss: 44.5148
Epoch [144/200] Step [0/8] Loss: 5.4287 Bio: 0.9056 GateEnt: nan GateDiv: nan
Epoch [144/200] Total Loss: 44.5565
Epoch [145/200] Step [0/8] Loss: 5.4333 Bio: 0.9977 GateEnt: nan GateDiv: nan
Epoch [145/200] Total Loss: 43.9367
Epoch [146/200] Step [0/8] Loss: 5.7465 Bio: 1.0977 GateEnt: nan GateDiv: nan
Epoch [146/200] Total Loss: 44.8891
Epoch [147/200] Step [0/8] Loss: 5.8899 Bio: 1.0508 GateEnt: nan GateDiv: nan
Epoch [147/200] Total Loss: 45.3738
Epoch [148/200] Step [0/8] Loss: 5.6718 Bio: 0.9126 GateEnt: nan GateDiv: nan
Epoch [148/200] Total Loss: 44.6191
Epoch [149/200] Step [0/8] Loss: 5.6294 Bio: 0.8944 GateEnt: nan GateDiv: nan
Epoch [149/200] Total Loss: 44.6037
Epoch [150/200] Step [0/8] Loss: 5.4564 Bio: 0.8292 GateEnt: nan GateDiv: nan
Epoch [150/200] Total Loss: 43.3777
Epoch [151/200] Step [0/8] Loss: 5.1824 Bio: 0.9690 GateEnt: nan GateDiv: nan
Epoch [151/200] Total Loss: 42.8152
Epoch [152/200] Step [0/8] Loss: 5.5741 Bio: 0.9244 GateEnt: nan GateDiv: nan
Epoch [152/200] Total Loss: 43.4074
Epoch [153/200] Step [0/8] Loss: 5.4067 Bio: 0.9284 GateEnt: nan GateDiv: nan
Epoch [153/200] Total Loss: 43.3615
Epoch [154/200] Step [0/8] Loss: 5.3272 Bio: 0.9077 GateEnt: nan GateDiv: nan
Epoch [154/200] Total Loss: 43.2306
Epoch [155/200] Step [0/8] Loss: 5.4280 Bio: 0.8027 GateEnt: nan GateDiv: nan
Epoch [155/200] Total Loss: 42.5680
Epoch [156/200] Step [0/8] Loss: 5.4615 Bio: 0.8830 GateEnt: nan GateDiv: nan
Epoch [156/200] Total Loss: 43.4281
Epoch [157/200] Step [0/8] Loss: 5.6570 Bio: 0.7953 GateEnt: nan GateDiv: nan
Epoch [157/200] Total Loss: 43.7202
Epoch [158/200] Step [0/8] Loss: 5.4072 Bio: 0.9099 GateEnt: nan GateDiv: nan
Epoch [158/200] Total Loss: 43.0226
Epoch [159/200] Step [0/8] Loss: 5.5057 Bio: 0.9479 GateEnt: nan GateDiv: nan
Epoch [159/200] Total Loss: 43.0649
Epoch [160/200] Step [0/8] Loss: 5.3406 Bio: 0.9755 GateEnt: nan GateDiv: nan
Epoch [160/200] Total Loss: 42.8337
Epoch [161/200] Step [0/8] Loss: 5.4230 Bio: 0.9576 GateEnt: nan GateDiv: nan
Epoch [161/200] Total Loss: 42.8690
Epoch [162/200] Step [0/8] Loss: 5.2616 Bio: 1.0022 GateEnt: nan GateDiv: nan
Epoch [162/200] Total Loss: 42.8961
Epoch [163/200] Step [0/8] Loss: 5.3021 Bio: 0.9492 GateEnt: nan GateDiv: nan
Epoch [163/200] Total Loss: 42.2941
Epoch [164/200] Step [0/8] Loss: 5.4616 Bio: 0.8494 GateEnt: nan GateDiv: nan
Epoch [164/200] Total Loss: 42.8620
Epoch [165/200] Step [0/8] Loss: 5.3855 Bio: 1.0136 GateEnt: nan GateDiv: nan
Epoch [165/200] Total Loss: 42.9052
Epoch [166/200] Step [0/8] Loss: 5.2796 Bio: 0.9633 GateEnt: nan GateDiv: nan
Epoch [166/200] Total Loss: 42.0161
Epoch [167/200] Step [0/8] Loss: 5.2993 Bio: 0.9602 GateEnt: nan GateDiv: nan
Epoch [167/200] Total Loss: 42.0581
Epoch [168/200] Step [0/8] Loss: 5.5252 Bio: 0.8544 GateEnt: nan GateDiv: nan
Epoch [168/200] Total Loss: 42.4532
Epoch [169/200] Step [0/8] Loss: 5.4156 Bio: 0.9108 GateEnt: nan GateDiv: nan
Epoch [169/200] Total Loss: 42.8219
Epoch [170/200] Step [0/8] Loss: 5.4136 Bio: 0.9070 GateEnt: nan GateDiv: nan
Epoch [170/200] Total Loss: 41.9858
Epoch [171/200] Step [0/8] Loss: 5.3522 Bio: 0.9843 GateEnt: nan GateDiv: nan
Epoch [171/200] Total Loss: 42.2038
Epoch [172/200] Step [0/8] Loss: 5.3201 Bio: 0.9442 GateEnt: nan GateDiv: nan
Epoch [172/200] Total Loss: 42.1560
Epoch [173/200] Step [0/8] Loss: 5.3835 Bio: 0.8688 GateEnt: nan GateDiv: nan
Epoch [173/200] Total Loss: 41.9200
Epoch [174/200] Step [0/8] Loss: 5.3708 Bio: 1.0952 GateEnt: nan GateDiv: nan
Epoch [174/200] Total Loss: 41.9085
Epoch [175/200] Step [0/8] Loss: 5.3081 Bio: 0.8470 GateEnt: nan GateDiv: nan
Epoch [175/200] Total Loss: 42.4574
Epoch [176/200] Step [0/8] Loss: 5.1531 Bio: 0.9507 GateEnt: nan GateDiv: nan
Epoch [176/200] Total Loss: 41.6954
Epoch [177/200] Step [0/8] Loss: 5.3437 Bio: 1.0036 GateEnt: nan GateDiv: nan
Epoch [177/200] Total Loss: 42.0543
Epoch [178/200] Step [0/8] Loss: 5.2730 Bio: 0.9653 GateEnt: nan GateDiv: nan
Epoch [178/200] Total Loss: 42.6060
Epoch [179/200] Step [0/8] Loss: 5.3263 Bio: 0.9112 GateEnt: nan GateDiv: nan
Epoch [179/200] Total Loss: 42.1702
Epoch [180/200] Step [0/8] Loss: 5.3453 Bio: 0.8924 GateEnt: nan GateDiv: nan
Epoch [180/200] Total Loss: 42.4450
Epoch [181/200] Step [0/8] Loss: 5.3329 Bio: 1.0059 GateEnt: nan GateDiv: nan
Epoch [181/200] Total Loss: 42.0235
Epoch [182/200] Step [0/8] Loss: 5.1548 Bio: 0.9469 GateEnt: nan GateDiv: nan
Epoch [182/200] Total Loss: 41.5604
Epoch [183/200] Step [0/8] Loss: 5.5210 Bio: 0.9812 GateEnt: nan GateDiv: nan
Epoch [183/200] Total Loss: 42.3813
Epoch [184/200] Step [0/8] Loss: 5.2281 Bio: 0.8839 GateEnt: nan GateDiv: nan
Epoch [184/200] Total Loss: 42.1174
Epoch [185/200] Step [0/8] Loss: 5.3357 Bio: 0.8174 GateEnt: nan GateDiv: nan
Epoch [185/200] Total Loss: 41.5734
Epoch [186/200] Step [0/8] Loss: 5.3301 Bio: 0.9124 GateEnt: nan GateDiv: nan
Epoch [186/200] Total Loss: 42.1288
Epoch [187/200] Step [0/8] Loss: 5.2595 Bio: 0.9805 GateEnt: nan GateDiv: nan
Epoch [187/200] Total Loss: 42.1891
Epoch [188/200] Step [0/8] Loss: 5.3285 Bio: 0.9259 GateEnt: nan GateDiv: nan
Epoch [188/200] Total Loss: 41.3646
Epoch [189/200] Step [0/8] Loss: 5.3717 Bio: 0.9746 GateEnt: nan GateDiv: nan
Epoch [189/200] Total Loss: 42.0944
Epoch [190/200] Step [0/8] Loss: 5.4343 Bio: 0.9737 GateEnt: nan GateDiv: nan
Epoch [190/200] Total Loss: 42.0244
Epoch [191/200] Step [0/8] Loss: 5.3321 Bio: 0.8893 GateEnt: nan GateDiv: nan
Epoch [191/200] Total Loss: 42.4436
Epoch [192/200] Step [0/8] Loss: 5.3624 Bio: 0.9453 GateEnt: nan GateDiv: nan
Epoch [192/200] Total Loss: 42.0189
Epoch [193/200] Step [0/8] Loss: 5.2379 Bio: 0.9546 GateEnt: nan GateDiv: nan
Epoch [193/200] Total Loss: 41.9030
Epoch [194/200] Step [0/8] Loss: 5.2734 Bio: 0.9446 GateEnt: nan GateDiv: nan
Epoch [194/200] Total Loss: 42.0827
Epoch [195/200] Step [0/8] Loss: 5.1523 Bio: 0.9597 GateEnt: nan GateDiv: nan
Epoch [195/200] Total Loss: 41.9349
Epoch [196/200] Step [0/8] Loss: 5.3190 Bio: 0.9362 GateEnt: nan GateDiv: nan
Epoch [196/200] Total Loss: 41.7848
Epoch [197/200] Step [0/8] Loss: 5.1962 Bio: 0.8523 GateEnt: nan GateDiv: nan
Epoch [197/200] Total Loss: 41.8127
Epoch [198/200] Step [0/8] Loss: 5.1849 Bio: 0.9913 GateEnt: nan GateDiv: nan
Epoch [198/200] Total Loss: 41.6261
Epoch [199/200] Step [0/8] Loss: 5.2906 Bio: 0.8774 GateEnt: nan GateDiv: nan
Epoch [199/200] Total Loss: 41.5637

=== Loss Summary ===
  Epoch   1: 51.9051
  Epoch  51: 46.2633
  Epoch 101: 45.1973
  Epoch 151: 43.3777
  Epoch 200: 41.5637
  Delta (last 25% = 50 ep): -1.8140
  If delta > -1.0, model has converged
linear training complete.
=== DONE Tue Aug 25 01:29:56 AM EDT 2026 ===
