=== gate: anchors cover omics ===
gate passed: 510 patients
=== UCEC | head=linear | k=4 | Fri Aug 28 04:37:16 PM EDT 2026 ===
Head type    : linear
Cancer       : UCEC | bio_dim: 4 | lambda_bio: 0.1
Bio anchor   : data/bio_anchors/bio_anchors_UCEC_gsva_H40.csv
Cluster num  : 4
Epochs       : 200
[dataloader] Loaded bio-anchors from data/bio_anchors/bio_anchors_UCEC_gsva_H40.csv: torch.Size([510, 40])
Device       : cpu
Model params : 73,946,860
Epoch [0/200] Step [0/8] Loss: 6.8840 Bio: 1.0102 GateEnt: nan GateDiv: nan
Epoch [0/200] Total Loss: 55.0077
Epoch [1/200] Step [0/8] Loss: 6.8942 Bio: 1.1105 GateEnt: nan GateDiv: nan
Epoch [1/200] Total Loss: 55.0158
Epoch [2/200] Step [0/8] Loss: 6.8767 Bio: 0.9468 GateEnt: nan GateDiv: nan
Epoch [2/200] Total Loss: 54.9982
Epoch [3/200] Step [0/8] Loss: 6.8725 Bio: 0.9738 GateEnt: nan GateDiv: nan
Epoch [3/200] Total Loss: 54.9995
Epoch [4/200] Step [0/8] Loss: 6.8862 Bio: 1.0720 GateEnt: nan GateDiv: nan
Epoch [4/200] Total Loss: 54.9558
Epoch [5/200] Step [0/8] Loss: 6.8725 Bio: 0.9838 GateEnt: nan GateDiv: nan
Epoch [5/200] Total Loss: 54.4620
Epoch [6/200] Step [0/8] Loss: 6.8092 Bio: 0.8896 GateEnt: nan GateDiv: nan
Epoch [6/200] Total Loss: 54.1396
Epoch [7/200] Step [0/8] Loss: 6.8613 Bio: 1.1268 GateEnt: nan GateDiv: nan
Epoch [7/200] Total Loss: 54.3880
Epoch [8/200] Step [0/8] Loss: 6.7079 Bio: 1.0943 GateEnt: nan GateDiv: nan
Epoch [8/200] Total Loss: 53.4167
Epoch [9/200] Step [0/8] Loss: 6.6615 Bio: 0.9926 GateEnt: nan GateDiv: nan
Epoch [9/200] Total Loss: 52.8154
Epoch [10/200] Step [0/8] Loss: 6.4356 Bio: 0.9150 GateEnt: nan GateDiv: nan
Epoch [10/200] Total Loss: 51.5473
Epoch [11/200] Step [0/8] Loss: 6.3743 Bio: 0.9403 GateEnt: nan GateDiv: nan
Epoch [11/200] Total Loss: 51.2030
Epoch [12/200] Step [0/8] Loss: 6.4643 Bio: 0.8429 GateEnt: nan GateDiv: nan
Epoch [12/200] Total Loss: 51.4475
Epoch [13/200] Step [0/8] Loss: 6.5887 Bio: 1.0450 GateEnt: nan GateDiv: nan
Epoch [13/200] Total Loss: 51.3453
Epoch [14/200] Step [0/8] Loss: 6.6124 Bio: 0.9733 GateEnt: nan GateDiv: nan
Epoch [14/200] Total Loss: 50.9575
Epoch [15/200] Step [0/8] Loss: 6.2655 Bio: 0.8970 GateEnt: nan GateDiv: nan
Epoch [15/200] Total Loss: 50.1991
Epoch [16/200] Step [0/8] Loss: 6.3958 Bio: 0.9438 GateEnt: nan GateDiv: nan
Epoch [16/200] Total Loss: 51.0931
Epoch [17/200] Step [0/8] Loss: 6.3819 Bio: 1.0227 GateEnt: nan GateDiv: nan
Epoch [17/200] Total Loss: 50.7910
Epoch [18/200] Step [0/8] Loss: 6.3686 Bio: 1.0083 GateEnt: nan GateDiv: nan
Epoch [18/200] Total Loss: 50.3785
Epoch [19/200] Step [0/8] Loss: 6.1605 Bio: 0.9337 GateEnt: nan GateDiv: nan
Epoch [19/200] Total Loss: 50.3060
Epoch [20/200] Step [0/8] Loss: 6.1540 Bio: 1.0788 GateEnt: nan GateDiv: nan
Epoch [20/200] Total Loss: 50.5394
Epoch [21/200] Step [0/8] Loss: 6.1377 Bio: 0.7721 GateEnt: nan GateDiv: nan
Epoch [21/200] Total Loss: 50.2269
Epoch [22/200] Step [0/8] Loss: 6.4639 Bio: 0.9161 GateEnt: nan GateDiv: nan
Epoch [22/200] Total Loss: 51.3167
Epoch [23/200] Step [0/8] Loss: 6.4091 Bio: 0.8513 GateEnt: nan GateDiv: nan
Epoch [23/200] Total Loss: 50.9102
Epoch [24/200] Step [0/8] Loss: 6.1831 Bio: 0.8898 GateEnt: nan GateDiv: nan
Epoch [24/200] Total Loss: 50.5295
Epoch [25/200] Step [0/8] Loss: 6.0962 Bio: 1.0379 GateEnt: nan GateDiv: nan
Epoch [25/200] Total Loss: 49.6384
Epoch [26/200] Step [0/8] Loss: 6.0836 Bio: 0.8350 GateEnt: nan GateDiv: nan
Epoch [26/200] Total Loss: 49.6013
Epoch [27/200] Step [0/8] Loss: 6.1906 Bio: 0.9400 GateEnt: nan GateDiv: nan
Epoch [27/200] Total Loss: 49.5951
Epoch [28/200] Step [0/8] Loss: 6.2440 Bio: 0.9175 GateEnt: nan GateDiv: nan
Epoch [28/200] Total Loss: 49.2981
Epoch [29/200] Step [0/8] Loss: 6.2411 Bio: 0.7906 GateEnt: nan GateDiv: nan
Epoch [29/200] Total Loss: 49.1847
Epoch [30/200] Step [0/8] Loss: 6.2583 Bio: 0.8438 GateEnt: nan GateDiv: nan
Epoch [30/200] Total Loss: 49.0231
Epoch [31/200] Step [0/8] Loss: 6.3102 Bio: 0.9498 GateEnt: nan GateDiv: nan
Epoch [31/200] Total Loss: 49.3175
Epoch [32/200] Step [0/8] Loss: 5.9807 Bio: 1.0354 GateEnt: nan GateDiv: nan
Epoch [32/200] Total Loss: 49.0499
Epoch [33/200] Step [0/8] Loss: 6.3063 Bio: 1.0007 GateEnt: nan GateDiv: nan
Epoch [33/200] Total Loss: 49.1369
Epoch [34/200] Step [0/8] Loss: 6.0558 Bio: 1.1135 GateEnt: nan GateDiv: nan
Epoch [34/200] Total Loss: 48.8396
Epoch [35/200] Step [0/8] Loss: 6.1958 Bio: 1.0166 GateEnt: nan GateDiv: nan
Epoch [35/200] Total Loss: 48.7853
Epoch [36/200] Step [0/8] Loss: 6.4379 Bio: 0.9632 GateEnt: nan GateDiv: nan
Epoch [36/200] Total Loss: 49.2387
Epoch [37/200] Step [0/8] Loss: 6.0703 Bio: 1.0521 GateEnt: nan GateDiv: nan
Epoch [37/200] Total Loss: 49.2597
Epoch [38/200] Step [0/8] Loss: 6.3871 Bio: 0.9674 GateEnt: nan GateDiv: nan
Epoch [38/200] Total Loss: 49.0571
Epoch [39/200] Step [0/8] Loss: 6.2690 Bio: 0.8279 GateEnt: nan GateDiv: nan
Epoch [39/200] Total Loss: 49.2820
Epoch [40/200] Step [0/8] Loss: 6.0918 Bio: 1.0228 GateEnt: nan GateDiv: nan
Epoch [40/200] Total Loss: 48.4589
Epoch [41/200] Step [0/8] Loss: 6.4720 Bio: 0.9609 GateEnt: nan GateDiv: nan
Epoch [41/200] Total Loss: 49.0685
Epoch [42/200] Step [0/8] Loss: 6.2979 Bio: 0.8819 GateEnt: nan GateDiv: nan
Epoch [42/200] Total Loss: 49.1654
Epoch [43/200] Step [0/8] Loss: 6.1510 Bio: 0.8643 GateEnt: nan GateDiv: nan
Epoch [43/200] Total Loss: 48.7612
Epoch [44/200] Step [0/8] Loss: 6.0133 Bio: 0.9363 GateEnt: nan GateDiv: nan
Epoch [44/200] Total Loss: 48.7340
Epoch [45/200] Step [0/8] Loss: 6.1613 Bio: 0.9690 GateEnt: nan GateDiv: nan
Epoch [45/200] Total Loss: 48.9364
Epoch [46/200] Step [0/8] Loss: 6.2782 Bio: 0.9527 GateEnt: nan GateDiv: nan
Epoch [46/200] Total Loss: 48.4062
Epoch [47/200] Step [0/8] Loss: 6.1325 Bio: 0.9990 GateEnt: nan GateDiv: nan
Epoch [47/200] Total Loss: 48.2182
Epoch [48/200] Step [0/8] Loss: 5.9688 Bio: 1.0094 GateEnt: nan GateDiv: nan
Epoch [48/200] Total Loss: 48.4869
Epoch [49/200] Step [0/8] Loss: 6.0228 Bio: 0.9013 GateEnt: nan GateDiv: nan
Epoch [49/200] Total Loss: 48.4992
Epoch [50/200] Step [0/8] Loss: 6.0525 Bio: 0.8682 GateEnt: nan GateDiv: nan
Epoch [50/200] Total Loss: 48.8073
Epoch [51/200] Step [0/8] Loss: 5.8217 Bio: 0.8788 GateEnt: nan GateDiv: nan
Epoch [51/200] Total Loss: 48.6812
Epoch [52/200] Step [0/8] Loss: 5.8337 Bio: 0.9109 GateEnt: nan GateDiv: nan
Epoch [52/200] Total Loss: 48.5941
Epoch [53/200] Step [0/8] Loss: 6.1033 Bio: 0.8996 GateEnt: nan GateDiv: nan
Epoch [53/200] Total Loss: 48.8039
Epoch [54/200] Step [0/8] Loss: 6.1783 Bio: 0.8582 GateEnt: nan GateDiv: nan
Epoch [54/200] Total Loss: 48.3603
Epoch [55/200] Step [0/8] Loss: 5.9131 Bio: 0.9745 GateEnt: nan GateDiv: nan
Epoch [55/200] Total Loss: 48.0159
Epoch [56/200] Step [0/8] Loss: 6.0937 Bio: 0.8972 GateEnt: nan GateDiv: nan
Epoch [56/200] Total Loss: 48.0024
Epoch [57/200] Step [0/8] Loss: 5.8988 Bio: 0.9834 GateEnt: nan GateDiv: nan
Epoch [57/200] Total Loss: 48.1159
Epoch [58/200] Step [0/8] Loss: 5.8905 Bio: 0.9043 GateEnt: nan GateDiv: nan
Epoch [58/200] Total Loss: 47.7041
Epoch [59/200] Step [0/8] Loss: 6.1695 Bio: 1.0834 GateEnt: nan GateDiv: nan
Epoch [59/200] Total Loss: 48.3897
Epoch [60/200] Step [0/8] Loss: 6.2291 Bio: 0.8620 GateEnt: nan GateDiv: nan
Epoch [60/200] Total Loss: 47.9363
Epoch [61/200] Step [0/8] Loss: 6.1182 Bio: 0.9424 GateEnt: nan GateDiv: nan
Epoch [61/200] Total Loss: 48.1503
Epoch [62/200] Step [0/8] Loss: 5.9204 Bio: 0.9432 GateEnt: nan GateDiv: nan
Epoch [62/200] Total Loss: 47.7942
Epoch [63/200] Step [0/8] Loss: 5.8536 Bio: 0.8433 GateEnt: nan GateDiv: nan
Epoch [63/200] Total Loss: 47.8194
Epoch [64/200] Step [0/8] Loss: 5.9086 Bio: 0.8733 GateEnt: nan GateDiv: nan
Epoch [64/200] Total Loss: 48.2212
Epoch [65/200] Step [0/8] Loss: 5.9686 Bio: 1.0296 GateEnt: nan GateDiv: nan
Epoch [65/200] Total Loss: 47.9866
Epoch [66/200] Step [0/8] Loss: 6.1872 Bio: 0.8562 GateEnt: nan GateDiv: nan
Epoch [66/200] Total Loss: 48.3731
Epoch [67/200] Step [0/8] Loss: 6.0539 Bio: 0.9359 GateEnt: nan GateDiv: nan
Epoch [67/200] Total Loss: 48.1677
Epoch [68/200] Step [0/8] Loss: 5.9792 Bio: 1.0633 GateEnt: nan GateDiv: nan
Epoch [68/200] Total Loss: 47.7326
Epoch [69/200] Step [0/8] Loss: 5.8083 Bio: 0.9047 GateEnt: nan GateDiv: nan
Epoch [69/200] Total Loss: 48.0977
Epoch [70/200] Step [0/8] Loss: 5.9251 Bio: 0.8314 GateEnt: nan GateDiv: nan
Epoch [70/200] Total Loss: 47.8123
Epoch [71/200] Step [0/8] Loss: 5.9153 Bio: 0.9651 GateEnt: nan GateDiv: nan
Epoch [71/200] Total Loss: 48.0833
Epoch [72/200] Step [0/8] Loss: 6.0219 Bio: 0.8088 GateEnt: nan GateDiv: nan
Epoch [72/200] Total Loss: 48.2271
Epoch [73/200] Step [0/8] Loss: 5.9195 Bio: 0.8998 GateEnt: nan GateDiv: nan
Epoch [73/200] Total Loss: 47.5739
Epoch [74/200] Step [0/8] Loss: 6.0549 Bio: 0.8967 GateEnt: nan GateDiv: nan
Epoch [74/200] Total Loss: 47.6979
Epoch [75/200] Step [0/8] Loss: 6.1252 Bio: 0.9141 GateEnt: nan GateDiv: nan
Epoch [75/200] Total Loss: 47.9672
Epoch [76/200] Step [0/8] Loss: 5.9617 Bio: 0.8778 GateEnt: nan GateDiv: nan
Epoch [76/200] Total Loss: 48.0077
Epoch [77/200] Step [0/8] Loss: 6.0973 Bio: 0.9096 GateEnt: nan GateDiv: nan
Epoch [77/200] Total Loss: 47.3298
Epoch [78/200] Step [0/8] Loss: 5.7814 Bio: 0.9219 GateEnt: nan GateDiv: nan
Epoch [78/200] Total Loss: 46.9268
Epoch [79/200] Step [0/8] Loss: 6.3458 Bio: 0.9503 GateEnt: nan GateDiv: nan
Epoch [79/200] Total Loss: 48.2977
Epoch [80/200] Step [0/8] Loss: 6.0248 Bio: 0.8619 GateEnt: nan GateDiv: nan
Epoch [80/200] Total Loss: 47.4868
Epoch [81/200] Step [0/8] Loss: 5.7984 Bio: 1.0232 GateEnt: nan GateDiv: nan
Epoch [81/200] Total Loss: 47.3048
Epoch [82/200] Step [0/8] Loss: 5.9897 Bio: 0.9584 GateEnt: nan GateDiv: nan
Epoch [82/200] Total Loss: 47.3582
Epoch [83/200] Step [0/8] Loss: 5.9390 Bio: 0.9496 GateEnt: nan GateDiv: nan
Epoch [83/200] Total Loss: 48.0878
Epoch [84/200] Step [0/8] Loss: 6.0454 Bio: 0.8689 GateEnt: nan GateDiv: nan
Epoch [84/200] Total Loss: 48.8690
Epoch [85/200] Step [0/8] Loss: 6.0128 Bio: 0.9707 GateEnt: nan GateDiv: nan
Epoch [85/200] Total Loss: 47.7070
Epoch [86/200] Step [0/8] Loss: 5.8966 Bio: 0.9301 GateEnt: nan GateDiv: nan
Epoch [86/200] Total Loss: 47.3040
Epoch [87/200] Step [0/8] Loss: 5.9743 Bio: 0.8485 GateEnt: nan GateDiv: nan
Epoch [87/200] Total Loss: 47.8725
Epoch [88/200] Step [0/8] Loss: 5.8659 Bio: 0.8184 GateEnt: nan GateDiv: nan
Epoch [88/200] Total Loss: 48.1336
Epoch [89/200] Step [0/8] Loss: 5.9858 Bio: 0.9342 GateEnt: nan GateDiv: nan
Epoch [89/200] Total Loss: 47.7746
Epoch [90/200] Step [0/8] Loss: 5.8856 Bio: 0.8478 GateEnt: nan GateDiv: nan
Epoch [90/200] Total Loss: 47.4981
Epoch [91/200] Step [0/8] Loss: 5.8759 Bio: 0.8716 GateEnt: nan GateDiv: nan
Epoch [91/200] Total Loss: 47.3115
Epoch [92/200] Step [0/8] Loss: 5.8150 Bio: 0.8954 GateEnt: nan GateDiv: nan
Epoch [92/200] Total Loss: 46.8411
Epoch [93/200] Step [0/8] Loss: 6.0122 Bio: 0.8916 GateEnt: nan GateDiv: nan
Epoch [93/200] Total Loss: 47.0427
Epoch [94/200] Step [0/8] Loss: 5.8786 Bio: 1.0162 GateEnt: nan GateDiv: nan
Epoch [94/200] Total Loss: 47.5688
Epoch [95/200] Step [0/8] Loss: 5.9234 Bio: 0.9481 GateEnt: nan GateDiv: nan
Epoch [95/200] Total Loss: 48.0412
Epoch [96/200] Step [0/8] Loss: 5.8821 Bio: 0.8886 GateEnt: nan GateDiv: nan
Epoch [96/200] Total Loss: 47.6634
Epoch [97/200] Step [0/8] Loss: 5.8678 Bio: 1.0096 GateEnt: nan GateDiv: nan
Epoch [97/200] Total Loss: 47.1301
Epoch [98/200] Step [0/8] Loss: 5.8416 Bio: 0.8880 GateEnt: nan GateDiv: nan
Epoch [98/200] Total Loss: 47.2425
Epoch [99/200] Step [0/8] Loss: 5.7463 Bio: 0.9440 GateEnt: nan GateDiv: nan
Epoch [99/200] Total Loss: 46.9887
Epoch [100/200] Step [0/8] Loss: 5.8998 Bio: 0.9401 GateEnt: nan GateDiv: nan
Epoch [100/200] Total Loss: 47.2203
Epoch [101/200] Step [0/8] Loss: 6.0361 Bio: 0.8712 GateEnt: nan GateDiv: nan
Epoch [101/200] Total Loss: 46.7991
Epoch [102/200] Step [0/8] Loss: 5.6735 Bio: 0.8033 GateEnt: nan GateDiv: nan
Epoch [102/200] Total Loss: 46.6603
Epoch [103/200] Step [0/8] Loss: 5.7595 Bio: 0.8946 GateEnt: nan GateDiv: nan
Epoch [103/200] Total Loss: 46.3546
Epoch [104/200] Step [0/8] Loss: 5.9050 Bio: 0.8637 GateEnt: nan GateDiv: nan
Epoch [104/200] Total Loss: 46.6429
Epoch [105/200] Step [0/8] Loss: 5.8761 Bio: 0.8867 GateEnt: nan GateDiv: nan
Epoch [105/200] Total Loss: 47.0861
Epoch [106/200] Step [0/8] Loss: 5.9960 Bio: 0.9574 GateEnt: nan GateDiv: nan
Epoch [106/200] Total Loss: 47.0464
Epoch [107/200] Step [0/8] Loss: 5.9940 Bio: 0.9871 GateEnt: nan GateDiv: nan
Epoch [107/200] Total Loss: 47.0526
Epoch [108/200] Step [0/8] Loss: 5.8824 Bio: 0.8971 GateEnt: nan GateDiv: nan
Epoch [108/200] Total Loss: 46.7461
Epoch [109/200] Step [0/8] Loss: 5.7939 Bio: 1.0022 GateEnt: nan GateDiv: nan
Epoch [109/200] Total Loss: 46.3190
Epoch [110/200] Step [0/8] Loss: 6.2407 Bio: 0.9214 GateEnt: nan GateDiv: nan
Epoch [110/200] Total Loss: 46.8303
Epoch [111/200] Step [0/8] Loss: 5.8511 Bio: 0.8987 GateEnt: nan GateDiv: nan
Epoch [111/200] Total Loss: 46.7747
Epoch [112/200] Step [0/8] Loss: 5.7636 Bio: 0.8488 GateEnt: nan GateDiv: nan
Epoch [112/200] Total Loss: 46.3974
Epoch [113/200] Step [0/8] Loss: 5.9885 Bio: 0.8724 GateEnt: nan GateDiv: nan
Epoch [113/200] Total Loss: 46.2484
Epoch [114/200] Step [0/8] Loss: 5.8351 Bio: 0.8343 GateEnt: nan GateDiv: nan
Epoch [114/200] Total Loss: 46.3519
Epoch [115/200] Step [0/8] Loss: 5.7942 Bio: 1.0046 GateEnt: nan GateDiv: nan
Epoch [115/200] Total Loss: 46.3115
Epoch [116/200] Step [0/8] Loss: 5.8517 Bio: 0.9466 GateEnt: nan GateDiv: nan
Epoch [116/200] Total Loss: 46.4223
Epoch [117/200] Step [0/8] Loss: 6.0268 Bio: 1.0291 GateEnt: nan GateDiv: nan
Epoch [117/200] Total Loss: 47.3111
Epoch [118/200] Step [0/8] Loss: 5.9887 Bio: 0.9664 GateEnt: nan GateDiv: nan
Epoch [118/200] Total Loss: 46.3530
Epoch [119/200] Step [0/8] Loss: 5.8783 Bio: 0.8707 GateEnt: nan GateDiv: nan
Epoch [119/200] Total Loss: 45.8205
Epoch [120/200] Step [0/8] Loss: 5.7798 Bio: 0.9431 GateEnt: nan GateDiv: nan
Epoch [120/200] Total Loss: 46.0056
Epoch [121/200] Step [0/8] Loss: 5.3994 Bio: 0.9237 GateEnt: nan GateDiv: nan
Epoch [121/200] Total Loss: 45.8338
Epoch [122/200] Step [0/8] Loss: 6.0072 Bio: 0.8861 GateEnt: nan GateDiv: nan
Epoch [122/200] Total Loss: 46.0016
Epoch [123/200] Step [0/8] Loss: 5.6977 Bio: 0.8476 GateEnt: nan GateDiv: nan
Epoch [123/200] Total Loss: 46.2754
Epoch [124/200] Step [0/8] Loss: 5.6505 Bio: 0.9960 GateEnt: nan GateDiv: nan
Epoch [124/200] Total Loss: 45.3996
Epoch [125/200] Step [0/8] Loss: 5.4606 Bio: 1.0102 GateEnt: nan GateDiv: nan
Epoch [125/200] Total Loss: 45.7278
Epoch [126/200] Step [0/8] Loss: 5.6577 Bio: 1.0186 GateEnt: nan GateDiv: nan
Epoch [126/200] Total Loss: 45.6237
Epoch [127/200] Step [0/8] Loss: 5.7283 Bio: 0.9717 GateEnt: nan GateDiv: nan
Epoch [127/200] Total Loss: 45.7671
Epoch [128/200] Step [0/8] Loss: 5.7280 Bio: 0.9426 GateEnt: nan GateDiv: nan
Epoch [128/200] Total Loss: 46.0097
Epoch [129/200] Step [0/8] Loss: 5.5303 Bio: 0.9689 GateEnt: nan GateDiv: nan
Epoch [129/200] Total Loss: 45.8192
Epoch [130/200] Step [0/8] Loss: 5.5761 Bio: 0.9176 GateEnt: nan GateDiv: nan
Epoch [130/200] Total Loss: 46.4664
Epoch [131/200] Step [0/8] Loss: 5.6120 Bio: 0.8707 GateEnt: nan GateDiv: nan
Epoch [131/200] Total Loss: 45.6242
Epoch [132/200] Step [0/8] Loss: 5.6598 Bio: 1.0553 GateEnt: nan GateDiv: nan
Epoch [132/200] Total Loss: 45.0014
Epoch [133/200] Step [0/8] Loss: 5.6582 Bio: 0.9145 GateEnt: nan GateDiv: nan
Epoch [133/200] Total Loss: 45.8528
Epoch [134/200] Step [0/8] Loss: 5.5247 Bio: 0.8632 GateEnt: nan GateDiv: nan
Epoch [134/200] Total Loss: 45.5241
Epoch [135/200] Step [0/8] Loss: 5.6493 Bio: 0.8917 GateEnt: nan GateDiv: nan
Epoch [135/200] Total Loss: 45.2057
Epoch [136/200] Step [0/8] Loss: 5.6822 Bio: 0.8854 GateEnt: nan GateDiv: nan
Epoch [136/200] Total Loss: 45.6451
Epoch [137/200] Step [0/8] Loss: 5.5888 Bio: 0.9092 GateEnt: nan GateDiv: nan
Epoch [137/200] Total Loss: 46.1198
Epoch [138/200] Step [0/8] Loss: 5.7240 Bio: 0.9446 GateEnt: nan GateDiv: nan
Epoch [138/200] Total Loss: 45.2030
Epoch [139/200] Step [0/8] Loss: 5.6707 Bio: 0.8903 GateEnt: nan GateDiv: nan
Epoch [139/200] Total Loss: 45.9548
Epoch [140/200] Step [0/8] Loss: 5.7978 Bio: 0.8104 GateEnt: nan GateDiv: nan
Epoch [140/200] Total Loss: 45.8800
Epoch [141/200] Step [0/8] Loss: 5.6548 Bio: 0.8216 GateEnt: nan GateDiv: nan
Epoch [141/200] Total Loss: 45.3415
Epoch [142/200] Step [0/8] Loss: 5.5338 Bio: 0.9153 GateEnt: nan GateDiv: nan
Epoch [142/200] Total Loss: 44.9248
Epoch [143/200] Step [0/8] Loss: 5.5593 Bio: 0.9399 GateEnt: nan GateDiv: nan
Epoch [143/200] Total Loss: 45.5415
Epoch [144/200] Step [0/8] Loss: 5.5366 Bio: 0.8097 GateEnt: nan GateDiv: nan
Epoch [144/200] Total Loss: 45.4803
Epoch [145/200] Step [0/8] Loss: 5.6669 Bio: 0.9733 GateEnt: nan GateDiv: nan
Epoch [145/200] Total Loss: 45.4586
Epoch [146/200] Step [0/8] Loss: 5.6720 Bio: 0.8444 GateEnt: nan GateDiv: nan
Epoch [146/200] Total Loss: 45.6525
Epoch [147/200] Step [0/8] Loss: 5.5252 Bio: 0.8908 GateEnt: nan GateDiv: nan
Epoch [147/200] Total Loss: 45.4505
Epoch [148/200] Step [0/8] Loss: 5.9395 Bio: 0.9267 GateEnt: nan GateDiv: nan
Epoch [148/200] Total Loss: 45.4714
Epoch [149/200] Step [0/8] Loss: 5.7055 Bio: 0.8824 GateEnt: nan GateDiv: nan
Epoch [149/200] Total Loss: 45.6064
Epoch [150/200] Step [0/8] Loss: 5.6294 Bio: 0.8729 GateEnt: nan GateDiv: nan
Epoch [150/200] Total Loss: 45.0051
Epoch [151/200] Step [0/8] Loss: 5.6552 Bio: 0.9537 GateEnt: nan GateDiv: nan
Epoch [151/200] Total Loss: 46.2599
Epoch [152/200] Step [0/8] Loss: 5.5736 Bio: 0.9709 GateEnt: nan GateDiv: nan
Epoch [152/200] Total Loss: 44.9001
Epoch [153/200] Step [0/8] Loss: 5.5355 Bio: 1.0244 GateEnt: nan GateDiv: nan
Epoch [153/200] Total Loss: 44.9201
Epoch [154/200] Step [0/8] Loss: 5.8934 Bio: 0.8805 GateEnt: nan GateDiv: nan
Epoch [154/200] Total Loss: 44.8940
Epoch [155/200] Step [0/8] Loss: 5.4815 Bio: 0.9706 GateEnt: nan GateDiv: nan
Epoch [155/200] Total Loss: 45.7734
Epoch [156/200] Step [0/8] Loss: 5.4434 Bio: 0.9852 GateEnt: nan GateDiv: nan
Epoch [156/200] Total Loss: 44.7601
Epoch [157/200] Step [0/8] Loss: 5.5190 Bio: 1.0054 GateEnt: nan GateDiv: nan
Epoch [157/200] Total Loss: 44.7333
Epoch [158/200] Step [0/8] Loss: 5.7316 Bio: 0.8867 GateEnt: nan GateDiv: nan
Epoch [158/200] Total Loss: 45.4750
Epoch [159/200] Step [0/8] Loss: 5.4400 Bio: 0.9312 GateEnt: nan GateDiv: nan
Epoch [159/200] Total Loss: 44.8936
Epoch [160/200] Step [0/8] Loss: 5.6486 Bio: 0.9579 GateEnt: nan GateDiv: nan
Epoch [160/200] Total Loss: 44.8422
Epoch [161/200] Step [0/8] Loss: 5.4982 Bio: 0.7934 GateEnt: nan GateDiv: nan
Epoch [161/200] Total Loss: 45.0656
Epoch [162/200] Step [0/8] Loss: 5.6635 Bio: 0.8655 GateEnt: nan GateDiv: nan
Epoch [162/200] Total Loss: 45.0863
Epoch [163/200] Step [0/8] Loss: 5.5421 Bio: 0.9070 GateEnt: nan GateDiv: nan
Epoch [163/200] Total Loss: 45.0874
Epoch [164/200] Step [0/8] Loss: 5.7518 Bio: 0.8161 GateEnt: nan GateDiv: nan
Epoch [164/200] Total Loss: 45.0627
Epoch [165/200] Step [0/8] Loss: 5.7352 Bio: 1.0012 GateEnt: nan GateDiv: nan
Epoch [165/200] Total Loss: 44.6718
Epoch [166/200] Step [0/8] Loss: 5.3936 Bio: 0.8549 GateEnt: nan GateDiv: nan
Epoch [166/200] Total Loss: 45.7363
Epoch [167/200] Step [0/8] Loss: 5.5402 Bio: 0.9561 GateEnt: nan GateDiv: nan
Epoch [167/200] Total Loss: 44.8070
Epoch [168/200] Step [0/8] Loss: 5.4228 Bio: 0.8949 GateEnt: nan GateDiv: nan
Epoch [168/200] Total Loss: 44.3764
Epoch [169/200] Step [0/8] Loss: 5.8048 Bio: 1.1719 GateEnt: nan GateDiv: nan
Epoch [169/200] Total Loss: 45.2768
Epoch [170/200] Step [0/8] Loss: 5.5854 Bio: 0.9689 GateEnt: nan GateDiv: nan
Epoch [170/200] Total Loss: 44.7027
Epoch [171/200] Step [0/8] Loss: 5.7417 Bio: 0.9069 GateEnt: nan GateDiv: nan
Epoch [171/200] Total Loss: 44.9909
Epoch [172/200] Step [0/8] Loss: 5.9370 Bio: 0.8441 GateEnt: nan GateDiv: nan
Epoch [172/200] Total Loss: 44.7925
Epoch [173/200] Step [0/8] Loss: 5.5959 Bio: 0.9028 GateEnt: nan GateDiv: nan
Epoch [173/200] Total Loss: 45.3366
Epoch [174/200] Step [0/8] Loss: 5.5113 Bio: 0.9375 GateEnt: nan GateDiv: nan
Epoch [174/200] Total Loss: 44.6676
Epoch [175/200] Step [0/8] Loss: 5.9157 Bio: 0.8564 GateEnt: nan GateDiv: nan
Epoch [175/200] Total Loss: 45.1258
Epoch [176/200] Step [0/8] Loss: 5.6886 Bio: 0.8452 GateEnt: nan GateDiv: nan
Epoch [176/200] Total Loss: 44.8666
Epoch [177/200] Step [0/8] Loss: 5.6369 Bio: 0.8972 GateEnt: nan GateDiv: nan
Epoch [177/200] Total Loss: 44.9382
Epoch [178/200] Step [0/8] Loss: 5.7268 Bio: 0.8681 GateEnt: nan GateDiv: nan
Epoch [178/200] Total Loss: 44.4415
Epoch [179/200] Step [0/8] Loss: 5.5595 Bio: 0.9100 GateEnt: nan GateDiv: nan
Epoch [179/200] Total Loss: 44.5315
Epoch [180/200] Step [0/8] Loss: 5.9735 Bio: 0.8321 GateEnt: nan GateDiv: nan
Epoch [180/200] Total Loss: 44.8684
Epoch [181/200] Step [0/8] Loss: 5.6246 Bio: 0.9576 GateEnt: nan GateDiv: nan
Epoch [181/200] Total Loss: 44.3433
Epoch [182/200] Step [0/8] Loss: 5.4575 Bio: 0.8047 GateEnt: nan GateDiv: nan
Epoch [182/200] Total Loss: 45.3420
Epoch [183/200] Step [0/8] Loss: 5.7299 Bio: 0.8046 GateEnt: nan GateDiv: nan
Epoch [183/200] Total Loss: 44.9112
Epoch [184/200] Step [0/8] Loss: 5.5589 Bio: 0.9360 GateEnt: nan GateDiv: nan
Epoch [184/200] Total Loss: 45.0937
Epoch [185/200] Step [0/8] Loss: 5.5160 Bio: 0.8545 GateEnt: nan GateDiv: nan
Epoch [185/200] Total Loss: 44.6784
Epoch [186/200] Step [0/8] Loss: 5.5949 Bio: 0.8689 GateEnt: nan GateDiv: nan
Epoch [186/200] Total Loss: 45.0643
Epoch [187/200] Step [0/8] Loss: 5.6628 Bio: 0.7375 GateEnt: nan GateDiv: nan
Epoch [187/200] Total Loss: 45.4224
Epoch [188/200] Step [0/8] Loss: 5.4963 Bio: 0.8422 GateEnt: nan GateDiv: nan
Epoch [188/200] Total Loss: 44.4258
Epoch [189/200] Step [0/8] Loss: 5.6940 Bio: 0.8191 GateEnt: nan GateDiv: nan
Epoch [189/200] Total Loss: 44.8306
Epoch [190/200] Step [0/8] Loss: 5.4868 Bio: 0.8796 GateEnt: nan GateDiv: nan
Epoch [190/200] Total Loss: 44.7814
Epoch [191/200] Step [0/8] Loss: 5.5008 Bio: 0.8247 GateEnt: nan GateDiv: nan
Epoch [191/200] Total Loss: 44.8567
Epoch [192/200] Step [0/8] Loss: 5.8440 Bio: 0.8749 GateEnt: nan GateDiv: nan
Epoch [192/200] Total Loss: 44.6161
Epoch [193/200] Step [0/8] Loss: 5.4458 Bio: 0.8268 GateEnt: nan GateDiv: nan
Epoch [193/200] Total Loss: 44.5389
Epoch [194/200] Step [0/8] Loss: 5.6819 Bio: 0.8614 GateEnt: nan GateDiv: nan
Epoch [194/200] Total Loss: 43.9944
Epoch [195/200] Step [0/8] Loss: 5.3838 Bio: 0.8816 GateEnt: nan GateDiv: nan
Epoch [195/200] Total Loss: 44.4213
Epoch [196/200] Step [0/8] Loss: 5.6846 Bio: 0.9288 GateEnt: nan GateDiv: nan
Epoch [196/200] Total Loss: 44.2597
Epoch [197/200] Step [0/8] Loss: 5.7016 Bio: 0.9106 GateEnt: nan GateDiv: nan
Epoch [197/200] Total Loss: 44.3410
Epoch [198/200] Step [0/8] Loss: 5.5464 Bio: 0.8540 GateEnt: nan GateDiv: nan
Epoch [198/200] Total Loss: 44.6888
Epoch [199/200] Step [0/8] Loss: 5.7510 Bio: 0.8644 GateEnt: nan GateDiv: nan
Epoch [199/200] Total Loss: 44.8128

=== Loss Summary ===
  Epoch   1: 55.0077
  Epoch  51: 48.8073
  Epoch 101: 47.2203
  Epoch 151: 45.0051
  Epoch 200: 44.8128
  Delta (last 25% = 50 ep): -0.1923
  If delta > -1.0, model has converged
linear training complete.
=== DONE Fri Aug 28 05:22:26 PM EDT 2026 ===
