start Fri Jul 10 01:19:46 EDT 2026 on hpc-m35-6-7.local
=== UCEC H50 GSVA (50 pathways) ===
[INFO] Loading mRNA from: data/raw/UCEC_HiSeqV2_symbols.tsv.gz
[INFO] Loaded shape: (36820, 585)
[INFO] Sample gene names (index): ['TSPAN6', 'TNMD', 'DPM1', 'SCYL3', 'C1orf112']
[INFO] Sample patient IDs (columns): ['TCGA-FI-A3PX-01', 'TCGA-BG-A221-01', 'TCGA-EY-A1GK-01']
[GSVA] 50 anchors | 585 samples x 36820 genes
[GSVA] Anchors: ['HALLMARK_ADIPOGENESIS', 'HALLMARK_ALLOGRAFT_REJECTION', 'HALLMARK_ANDROGEN_RESPONSE', 'HALLMARK_ANGIOGENESIS', 'HALLMARK_APICAL_JUNCTION', 'HALLMARK_APICAL_SURFACE', 'HALLMARK_APOPTOSIS', 'HALLMARK_BILE_ACID_METABOLISM', 'HALLMARK_CHOLESTEROL_HOMEOSTASIS', 'HALLMARK_COAGULATION', 'HALLMARK_COMPLEMENT', 'HALLMARK_DNA_REPAIR', 'HALLMARK_E2F_TARGETS', 'HALLMARK_EPITHELIAL_MESENCHYMAL_TRANSITION', 'HALLMARK_ESTROGEN_RESPONSE_EARLY', 'HALLMARK_ESTROGEN_RESPONSE_LATE', 'HALLMARK_FATTY_ACID_METABOLISM', 'HALLMARK_G2M_CHECKPOINT', 'HALLMARK_GLYCOLYSIS', 'HALLMARK_HEDGEHOG_SIGNALING', 'HALLMARK_HEME_METABOLISM', 'HALLMARK_HYPOXIA', 'HALLMARK_IL2_STAT5_SIGNALING', 'HALLMARK_IL6_JAK_STAT3_SIGNALING', 'HALLMARK_INFLAMMATORY_RESPONSE', 'HALLMARK_INTERFERON_ALPHA_RESPONSE', 'HALLMARK_INTERFERON_GAMMA_RESPONSE', 'HALLMARK_KRAS_SIGNALING_DN', 'HALLMARK_KRAS_SIGNALING_UP', 'HALLMARK_MITOTIC_SPINDLE', 'HALLMARK_MTORC1_SIGNALING', 'HALLMARK_MYC_TARGETS_V1', 'HALLMARK_MYC_TARGETS_V2', 'HALLMARK_MYOGENESIS', 'HALLMARK_NOTCH_SIGNALING', 'HALLMARK_OXIDATIVE_PHOSPHORYLATION', 'HALLMARK_P53_PATHWAY', 'HALLMARK_PANCREAS_BETA_CELLS', 'HALLMARK_PEROXISOME', 'HALLMARK_PI3K_AKT_MTOR_SIGNALING', 'HALLMARK_PROTEIN_SECRETION', 'HALLMARK_REACTIVE_OXYGEN_SPECIES_PATHWAY', 'HALLMARK_SPERMATOGENESIS', 'HALLMARK_TGF_BETA_SIGNALING', 'HALLMARK_TNFA_SIGNALING_VIA_NFKB', 'HALLMARK_UNFOLDED_PROTEIN_RESPONSE', 'HALLMARK_UV_RESPONSE_DN', 'HALLMARK_UV_RESPONSE_UP', 'HALLMARK_WNT_BETA_CATENIN_SIGNALING', 'HALLMARK_XENOBIOTIC_METABOLISM']
  [OK] HALLMARK_ADIPOGENESIS: 199/200 genes (100%)
  [OK] HALLMARK_ALLOGRAFT_REJECTION: 197/200 genes (98%)
  [OK] HALLMARK_ANDROGEN_RESPONSE: 98/101 genes (97%)
  [OK] HALLMARK_ANGIOGENESIS: 36/36 genes (100%)
  [OK] HALLMARK_APICAL_JUNCTION: 195/200 genes (98%)
  [OK] HALLMARK_APICAL_SURFACE: 43/44 genes (98%)
  [OK] HALLMARK_APOPTOSIS: 160/161 genes (99%)
  [OK] HALLMARK_BILE_ACID_METABOLISM: 112/112 genes (100%)
  [OK] HALLMARK_CHOLESTEROL_HOMEOSTASIS: 74/74 genes (100%)
  [OK] HALLMARK_COAGULATION: 134/138 genes (97%)
  [OK] HALLMARK_COMPLEMENT: 195/200 genes (98%)
  [OK] HALLMARK_DNA_REPAIR: 148/150 genes (99%)
  [OK] HALLMARK_E2F_TARGETS: 199/200 genes (100%)
  [OK] HALLMARK_EPITHELIAL_MESENCHYMAL_TRANSITION: 198/200 genes (99%)
  [OK] HALLMARK_ESTROGEN_RESPONSE_EARLY: 197/200 genes (98%)
  [OK] HALLMARK_ESTROGEN_RESPONSE_LATE: 198/200 genes (99%)
  [OK] HALLMARK_FATTY_ACID_METABOLISM: 157/158 genes (99%)
  [OK] HALLMARK_G2M_CHECKPOINT: 198/200 genes (99%)
  [OK] HALLMARK_GLYCOLYSIS: 200/200 genes (100%)
  [OK] HALLMARK_HEDGEHOG_SIGNALING: 36/36 genes (100%)
  [OK] HALLMARK_HEME_METABOLISM: 197/200 genes (98%)
  [OK] HALLMARK_HYPOXIA: 200/200 genes (100%)
  [OK] HALLMARK_IL2_STAT5_SIGNALING: 197/199 genes (99%)
  [OK] HALLMARK_IL6_JAK_STAT3_SIGNALING: 86/87 genes (99%)
  [OK] HALLMARK_INFLAMMATORY_RESPONSE: 196/200 genes (98%)
  [OK] HALLMARK_INTERFERON_ALPHA_RESPONSE: 96/97 genes (99%)
  [OK] HALLMARK_INTERFERON_GAMMA_RESPONSE: 196/200 genes (98%)
  [OK] HALLMARK_KRAS_SIGNALING_DN: 197/200 genes (98%)
  [OK] HALLMARK_KRAS_SIGNALING_UP: 196/200 genes (98%)
  [OK] HALLMARK_MITOTIC_SPINDLE: 196/199 genes (98%)
  [OK] HALLMARK_MTORC1_SIGNALING: 197/200 genes (98%)
  [OK] HALLMARK_MYC_TARGETS_V1: 198/200 genes (99%)
  [OK] HALLMARK_MYC_TARGETS_V2: 57/58 genes (98%)
  [OK] HALLMARK_MYOGENESIS: 195/200 genes (98%)
  [OK] HALLMARK_NOTCH_SIGNALING: 32/32 genes (100%)
  [OK] HALLMARK_OXIDATIVE_PHOSPHORYLATION: 199/200 genes (100%)
  [OK] HALLMARK_P53_PATHWAY: 197/200 genes (98%)
  [OK] HALLMARK_PANCREAS_BETA_CELLS: 39/40 genes (98%)
  [OK] HALLMARK_PEROXISOME: 104/104 genes (100%)
  [OK] HALLMARK_PI3K_AKT_MTOR_SIGNALING: 104/105 genes (99%)
  [OK] HALLMARK_PROTEIN_SECRETION: 95/96 genes (99%)
  [OK] HALLMARK_REACTIVE_OXYGEN_SPECIES_PATHWAY: 47/49 genes (96%)
  [OK] HALLMARK_SPERMATOGENESIS: 134/135 genes (99%)
  [OK] HALLMARK_TGF_BETA_SIGNALING: 54/54 genes (100%)
  [OK] HALLMARK_TNFA_SIGNALING_VIA_NFKB: 196/200 genes (98%)
  [OK] HALLMARK_UNFOLDED_PROTEIN_RESPONSE: 111/113 genes (98%)
  [OK] HALLMARK_UV_RESPONSE_DN: 143/144 genes (99%)
  [OK] HALLMARK_UV_RESPONSE_UP: 156/158 genes (99%)
  [OK] HALLMARK_WNT_BETA_CATENIN_SIGNALING: 42/42 genes (100%)
  [OK] HALLMARK_XENOBIOTIC_METABOLISM: 199/200 genes (100%)
[GSVA] Running ssGSEA... (~3-5 min on full TCGA-BRCA)
[GSVA] Scores shape: (585, 50) | range [0.074, 1.074]
[GSVA] Z-score normalized.
[GSVA] Saved to gsva_cache_UCEC_H50.pkl

[INFO] Anchor matrix: (585, 50)
[INFO] Saved: data/bio_anchors/bio_anchors_UCEC_gsva_H50.csv  shape=(545, 51)
[INFO] Columns: ['patient_id', 'HALLMARK_ADIPOGENESIS', 'HALLMARK_ALLOGRAFT_REJECTION', 'HALLMARK_ANDROGEN_RESPONSE', 'HALLMARK_ANGIOGENESIS', 'HALLMARK_APICAL_JUNCTION', 'HALLMARK_APICAL_SURFACE', 'HALLMARK_APOPTOSIS', 'HALLMARK_BILE_ACID_METABOLISM', 'HALLMARK_CHOLESTEROL_HOMEOSTASIS', 'HALLMARK_COAGULATION', 'HALLMARK_COMPLEMENT', 'HALLMARK_DNA_REPAIR', 'HALLMARK_E2F_TARGETS', 'HALLMARK_EPITHELIAL_MESENCHYMAL_TRANSITION', 'HALLMARK_ESTROGEN_RESPONSE_EARLY', 'HALLMARK_ESTROGEN_RESPONSE_LATE', 'HALLMARK_FATTY_ACID_METABOLISM', 'HALLMARK_G2M_CHECKPOINT', 'HALLMARK_GLYCOLYSIS', 'HALLMARK_HEDGEHOG_SIGNALING', 'HALLMARK_HEME_METABOLISM', 'HALLMARK_HYPOXIA', 'HALLMARK_IL2_STAT5_SIGNALING', 'HALLMARK_IL6_JAK_STAT3_SIGNALING', 'HALLMARK_INFLAMMATORY_RESPONSE', 'HALLMARK_INTERFERON_ALPHA_RESPONSE', 'HALLMARK_INTERFERON_GAMMA_RESPONSE', 'HALLMARK_KRAS_SIGNALING_DN', 'HALLMARK_KRAS_SIGNALING_UP', 'HALLMARK_MITOTIC_SPINDLE', 'HALLMARK_MTORC1_SIGNALING', 'HALLMARK_MYC_TARGETS_V1', 'HALLMARK_MYC_TARGETS_V2', 'HALLMARK_MYOGENESIS', 'HALLMARK_NOTCH_SIGNALING', 'HALLMARK_OXIDATIVE_PHOSPHORYLATION', 'HALLMARK_P53_PATHWAY', 'HALLMARK_PANCREAS_BETA_CELLS', 'HALLMARK_PEROXISOME', 'HALLMARK_PI3K_AKT_MTOR_SIGNALING', 'HALLMARK_PROTEIN_SECRETION', 'HALLMARK_REACTIVE_OXYGEN_SPECIES_PATHWAY', 'HALLMARK_SPERMATOGENESIS', 'HALLMARK_TGF_BETA_SIGNALING', 'HALLMARK_TNFA_SIGNALING_VIA_NFKB', 'HALLMARK_UNFOLDED_PROTEIN_RESPONSE', 'HALLMARK_UV_RESPONSE_DN', 'HALLMARK_UV_RESPONSE_UP', 'HALLMARK_WNT_BETA_CATENIN_SIGNALING', 'HALLMARK_XENOBIOTIC_METABOLISM']

First 3 rows:
  patient_id  HALLMARK_ADIPOGENESIS  HALLMARK_ALLOGRAFT_REJECTION  HALLMARK_ANDROGEN_RESPONSE  HALLMARK_ANGIOGENESIS  HALLMARK_APICAL_JUNCTION  HALLMARK_APICAL_SURFACE  HALLMARK_APOPTOSIS  HALLMARK_BILE_ACID_METABOLISM  HALLMARK_CHOLESTEROL_HOMEOSTASIS  HALLMARK_COAGULATION  HALLMARK_COMPLEMENT  HALLMARK_DNA_REPAIR  HALLMARK_E2F_TARGETS  HALLMARK_EPITHELIAL_MESENCHYMAL_TRANSITION  HALLMARK_ESTROGEN_RESPONSE_EARLY  HALLMARK_ESTROGEN_RESPONSE_LATE  HALLMARK_FATTY_ACID_METABOLISM  HALLMARK_G2M_CHECKPOINT  HALLMARK_GLYCOLYSIS  HALLMARK_HEDGEHOG_SIGNALING  HALLMARK_HEME_METABOLISM  HALLMARK_HYPOXIA  HALLMARK_IL2_STAT5_SIGNALING  HALLMARK_IL6_JAK_STAT3_SIGNALING  HALLMARK_INFLAMMATORY_RESPONSE  HALLMARK_INTERFERON_ALPHA_RESPONSE  HALLMARK_INTERFERON_GAMMA_RESPONSE  HALLMARK_KRAS_SIGNALING_DN  HALLMARK_KRAS_SIGNALING_UP  HALLMARK_MITOTIC_SPINDLE  HALLMARK_MTORC1_SIGNALING  HALLMARK_MYC_TARGETS_V1  HALLMARK_MYC_TARGETS_V2  HALLMARK_MYOGENESIS  HALLMARK_NOTCH_SIGNALING  HALLMARK_OXIDATIVE_PHOSPHORYLATION  HALLMARK_P53_PATHWAY  HALLMARK_PANCREAS_BETA_CELLS  HALLMARK_PEROXISOME  HALLMARK_PI3K_AKT_MTOR_SIGNALING  HALLMARK_PROTEIN_SECRETION  HALLMARK_REACTIVE_OXYGEN_SPECIES_PATHWAY  HALLMARK_SPERMATOGENESIS  HALLMARK_TGF_BETA_SIGNALING  HALLMARK_TNFA_SIGNALING_VIA_NFKB  HALLMARK_UNFOLDED_PROTEIN_RESPONSE  HALLMARK_UV_RESPONSE_DN  HALLMARK_UV_RESPONSE_UP  HALLMARK_WNT_BETA_CATENIN_SIGNALING  HALLMARK_XENOBIOTIC_METABOLISM
TCGA-FI-A3PX              -0.669012                     -1.020668                   -1.202528              -2.430154                 -0.846374                -0.649911           -1.280167                      -1.645435                         -0.511846             -2.167966            -1.013231             1.036850              1.446067                                   -1.504054                         -2.199841                        -1.929426                       -1.193880                 1.428449            -0.437778                    -1.273033                  0.174234         -0.646035                     -1.044020                         -0.753743                       -0.942027                            1.839411                            0.942870                   -0.366264                   -1.257153                  1.664190                   0.488998                 1.138111                 1.056303            -0.564468                 -2.517372                            0.722579             -1.451670                     -0.115783            -1.813371                         -1.198103                    0.389666                                 -1.596051                  1.465433                    -1.434221                         -1.312362                            1.159721                -0.978401                 0.420725                            -1.839854                       -1.398053
TCGA-BG-A221               0.787502                      1.426341                    0.463310               1.498048                  1.626819                 1.738135            1.305596                       1.077787                          2.275688              1.925643             1.713864             0.059351              0.179858                                    1.141625                          0.377009                         0.982510                       -0.401906                 0.289126             1.316916                    -0.054484                  1.007454          1.940831                      1.249729                          1.977290                        1.594543                            2.246468                            2.242833                    1.510216                    1.320937                 -0.027539                   1.513958                 0.245404                 0.738626             0.680553                 -0.579292                            0.162242              1.623313                      1.304830             0.194234                          1.161130                    0.080078                                  0.751535                 -0.099246                     0.830806                          1.498493                            1.711710                 0.254536                 1.913415                            -0.057139                        1.414891
TCGA-EY-A1GK               0.711023                      0.579169                    0.942627              -0.014834                 -0.688059                 0.311655           -0.437382                       0.075117                         -0.493694             -0.940189             0.010749             0.061190             -0.176167                                   -0.323318                          0.225305                        -0.000131                        0.623057                -0.081537            -0.055475                    -0.923981                 -0.560512         -0.081673                      0.133324                         -0.339151                       -0.000321                           -0.484893                           -0.313447                   -1.370330                   -0.428608                  0.282772                   0.606235                 0.243556                -0.239385            -0.746023                 -0.628963                            1.162694             -1.108380                     -0.430658             0.948183                          1.261295                    1.308504                                  0.496999                 -0.799905                    -0.186350                         -0.546036                            0.729367                -0.098483                -0.516532                            -0.543308                       -0.344013

[VERIFY] Reading data/bio_anchors/bio_anchors_UCEC_gsva_H50.csv
  Shape      : (545, 51)
  Columns    : ['patient_id', 'HALLMARK_ADIPOGENESIS', 'HALLMARK_ALLOGRAFT_REJECTION', 'HALLMARK_ANDROGEN_RESPONSE', 'HALLMARK_ANGIOGENESIS', 'HALLMARK_APICAL_JUNCTION', 'HALLMARK_APICAL_SURFACE', 'HALLMARK_APOPTOSIS', 'HALLMARK_BILE_ACID_METABOLISM', 'HALLMARK_CHOLESTEROL_HOMEOSTASIS', 'HALLMARK_COAGULATION', 'HALLMARK_COMPLEMENT', 'HALLMARK_DNA_REPAIR', 'HALLMARK_E2F_TARGETS', 'HALLMARK_EPITHELIAL_MESENCHYMAL_TRANSITION', 'HALLMARK_ESTROGEN_RESPONSE_EARLY', 'HALLMARK_ESTROGEN_RESPONSE_LATE', 'HALLMARK_FATTY_ACID_METABOLISM', 'HALLMARK_G2M_CHECKPOINT', 'HALLMARK_GLYCOLYSIS', 'HALLMARK_HEDGEHOG_SIGNALING', 'HALLMARK_HEME_METABOLISM', 'HALLMARK_HYPOXIA', 'HALLMARK_IL2_STAT5_SIGNALING', 'HALLMARK_IL6_JAK_STAT3_SIGNALING', 'HALLMARK_INFLAMMATORY_RESPONSE', 'HALLMARK_INTERFERON_ALPHA_RESPONSE', 'HALLMARK_INTERFERON_GAMMA_RESPONSE', 'HALLMARK_KRAS_SIGNALING_DN', 'HALLMARK_KRAS_SIGNALING_UP', 'HALLMARK_MITOTIC_SPINDLE', 'HALLMARK_MTORC1_SIGNALING', 'HALLMARK_MYC_TARGETS_V1', 'HALLMARK_MYC_TARGETS_V2', 'HALLMARK_MYOGENESIS', 'HALLMARK_NOTCH_SIGNALING', 'HALLMARK_OXIDATIVE_PHOSPHORYLATION', 'HALLMARK_P53_PATHWAY', 'HALLMARK_PANCREAS_BETA_CELLS', 'HALLMARK_PEROXISOME', 'HALLMARK_PI3K_AKT_MTOR_SIGNALING', 'HALLMARK_PROTEIN_SECRETION', 'HALLMARK_REACTIVE_OXYGEN_SPECIES_PATHWAY', 'HALLMARK_SPERMATOGENESIS', 'HALLMARK_TGF_BETA_SIGNALING', 'HALLMARK_TNFA_SIGNALING_VIA_NFKB', 'HALLMARK_UNFOLDED_PROTEIN_RESPONSE', 'HALLMARK_UV_RESPONSE_DN', 'HALLMARK_UV_RESPONSE_UP', 'HALLMARK_WNT_BETA_CATENIN_SIGNALING', 'HALLMARK_XENOBIOTIC_METABOLISM']
  patient_id sample: ['TCGA-FI-A3PX', 'TCGA-BG-A221', 'TCGA-EY-A1GK']
  Value range: [-6.233, 4.913]
  Any NaN    : False
  [SKIP] CN.fea check (not provided or not found)

[VERIFY] Done.

Done. Next steps:
  1. Update your SLURM script:
       --bio_anchor_file data/bio_anchors/bio_anchors_UCEC_gsva_H50.csv \
       --bio_dim 50

  2. That's it. network.py and train_bioanchor.py need no changes.

=== BRCA H50 GSVA (50 pathways) ===
[INFO] Loading mRNA from: data/raw/BRCA_HiSeqV2_full.tsv.gz
[INFO] Loaded shape: (20530, 1218)
[INFO] Sample gene names (index): ['ARHGEF10L', 'HIF3A', 'RNF17', 'RNF10', 'RNF11']
[INFO] Sample patient IDs (columns): ['TCGA-AR-A5QQ-01', 'TCGA-D8-A1JA-01', 'TCGA-BH-A0BQ-01']
[GSVA] 50 anchors | 1218 samples x 20530 genes
[GSVA] Anchors: ['HALLMARK_ADIPOGENESIS', 'HALLMARK_ALLOGRAFT_REJECTION', 'HALLMARK_ANDROGEN_RESPONSE', 'HALLMARK_ANGIOGENESIS', 'HALLMARK_APICAL_JUNCTION', 'HALLMARK_APICAL_SURFACE', 'HALLMARK_APOPTOSIS', 'HALLMARK_BILE_ACID_METABOLISM', 'HALLMARK_CHOLESTEROL_HOMEOSTASIS', 'HALLMARK_COAGULATION', 'HALLMARK_COMPLEMENT', 'HALLMARK_DNA_REPAIR', 'HALLMARK_E2F_TARGETS', 'HALLMARK_EPITHELIAL_MESENCHYMAL_TRANSITION', 'HALLMARK_ESTROGEN_RESPONSE_EARLY', 'HALLMARK_ESTROGEN_RESPONSE_LATE', 'HALLMARK_FATTY_ACID_METABOLISM', 'HALLMARK_G2M_CHECKPOINT', 'HALLMARK_GLYCOLYSIS', 'HALLMARK_HEDGEHOG_SIGNALING', 'HALLMARK_HEME_METABOLISM', 'HALLMARK_HYPOXIA', 'HALLMARK_IL2_STAT5_SIGNALING', 'HALLMARK_IL6_JAK_STAT3_SIGNALING', 'HALLMARK_INFLAMMATORY_RESPONSE', 'HALLMARK_INTERFERON_ALPHA_RESPONSE', 'HALLMARK_INTERFERON_GAMMA_RESPONSE', 'HALLMARK_KRAS_SIGNALING_DN', 'HALLMARK_KRAS_SIGNALING_UP', 'HALLMARK_MITOTIC_SPINDLE', 'HALLMARK_MTORC1_SIGNALING', 'HALLMARK_MYC_TARGETS_V1', 'HALLMARK_MYC_TARGETS_V2', 'HALLMARK_MYOGENESIS', 'HALLMARK_NOTCH_SIGNALING', 'HALLMARK_OXIDATIVE_PHOSPHORYLATION', 'HALLMARK_P53_PATHWAY', 'HALLMARK_PANCREAS_BETA_CELLS', 'HALLMARK_PEROXISOME', 'HALLMARK_PI3K_AKT_MTOR_SIGNALING', 'HALLMARK_PROTEIN_SECRETION', 'HALLMARK_REACTIVE_OXYGEN_SPECIES_PATHWAY', 'HALLMARK_SPERMATOGENESIS', 'HALLMARK_TGF_BETA_SIGNALING', 'HALLMARK_TNFA_SIGNALING_VIA_NFKB', 'HALLMARK_UNFOLDED_PROTEIN_RESPONSE', 'HALLMARK_UV_RESPONSE_DN', 'HALLMARK_UV_RESPONSE_UP', 'HALLMARK_WNT_BETA_CATENIN_SIGNALING', 'HALLMARK_XENOBIOTIC_METABOLISM']
  [OK] HALLMARK_ADIPOGENESIS: 189/200 genes (94%)
  [OK] HALLMARK_ALLOGRAFT_REJECTION: 195/200 genes (98%)
  [OK] HALLMARK_ANDROGEN_RESPONSE: 97/101 genes (96%)
  [OK] HALLMARK_ANGIOGENESIS: 36/36 genes (100%)
  [OK] HALLMARK_APICAL_JUNCTION: 192/200 genes (96%)
  [OK] HALLMARK_APICAL_SURFACE: 43/44 genes (98%)
  [OK] HALLMARK_APOPTOSIS: 158/161 genes (98%)
  [OK] HALLMARK_BILE_ACID_METABOLISM: 112/112 genes (100%)
  [OK] HALLMARK_CHOLESTEROL_HOMEOSTASIS: 72/74 genes (97%)
  [OK] HALLMARK_COAGULATION: 136/138 genes (99%)
  [OK] HALLMARK_COMPLEMENT: 195/200 genes (98%)
  [OK] HALLMARK_DNA_REPAIR: 139/150 genes (93%)
  [OK] HALLMARK_E2F_TARGETS: 187/200 genes (94%)
  [OK] HALLMARK_EPITHELIAL_MESENCHYMAL_TRANSITION: 194/200 genes (97%)
  [OK] HALLMARK_ESTROGEN_RESPONSE_EARLY: 190/200 genes (95%)
  [OK] HALLMARK_ESTROGEN_RESPONSE_LATE: 193/200 genes (96%)
  [OK] HALLMARK_FATTY_ACID_METABOLISM: 153/158 genes (97%)
  [OK] HALLMARK_G2M_CHECKPOINT: 183/200 genes (92%)
  [OK] HALLMARK_GLYCOLYSIS: 195/200 genes (98%)
  [OK] HALLMARK_HEDGEHOG_SIGNALING: 35/36 genes (97%)
  [OK] HALLMARK_HEME_METABOLISM: 190/200 genes (95%)
  [OK] HALLMARK_HYPOXIA: 190/200 genes (95%)
  [OK] HALLMARK_IL2_STAT5_SIGNALING: 193/199 genes (97%)
  [OK] HALLMARK_IL6_JAK_STAT3_SIGNALING: 87/87 genes (100%)
  [OK] HALLMARK_INFLAMMATORY_RESPONSE: 197/200 genes (98%)
  [OK] HALLMARK_INTERFERON_ALPHA_RESPONSE: 92/97 genes (95%)
  [OK] HALLMARK_INTERFERON_GAMMA_RESPONSE: 194/200 genes (97%)
  [OK] HALLMARK_KRAS_SIGNALING_DN: 188/200 genes (94%)
  [OK] HALLMARK_KRAS_SIGNALING_UP: 193/200 genes (96%)
  [OK] HALLMARK_MITOTIC_SPINDLE: 196/199 genes (98%)
  [OK] HALLMARK_MTORC1_SIGNALING: 191/200 genes (96%)
  [OK] HALLMARK_MYC_TARGETS_V1: 187/200 genes (94%)
  [OK] HALLMARK_MYC_TARGETS_V2: 57/58 genes (98%)
  [OK] HALLMARK_MYOGENESIS: 197/200 genes (98%)
  [OK] HALLMARK_NOTCH_SIGNALING: 32/32 genes (100%)
  [OK] HALLMARK_OXIDATIVE_PHOSPHORYLATION: 182/200 genes (91%)
  [OK] HALLMARK_P53_PATHWAY: 190/200 genes (95%)
  [OK] HALLMARK_PANCREAS_BETA_CELLS: 40/40 genes (100%)
  [OK] HALLMARK_PEROXISOME: 101/104 genes (97%)
  [OK] HALLMARK_PI3K_AKT_MTOR_SIGNALING: 104/105 genes (99%)
  [OK] HALLMARK_PROTEIN_SECRETION: 95/96 genes (99%)
  [OK] HALLMARK_REACTIVE_OXYGEN_SPECIES_PATHWAY: 45/49 genes (92%)
  [OK] HALLMARK_SPERMATOGENESIS: 131/135 genes (97%)
  [OK] HALLMARK_TGF_BETA_SIGNALING: 54/54 genes (100%)
  [OK] HALLMARK_TNFA_SIGNALING_VIA_NFKB: 196/200 genes (98%)
  [OK] HALLMARK_UNFOLDED_PROTEIN_RESPONSE: 105/113 genes (93%)
  [OK] HALLMARK_UV_RESPONSE_DN: 137/144 genes (95%)
  [OK] HALLMARK_UV_RESPONSE_UP: 152/158 genes (96%)
  [OK] HALLMARK_WNT_BETA_CATENIN_SIGNALING: 42/42 genes (100%)
  [OK] HALLMARK_XENOBIOTIC_METABOLISM: 196/200 genes (98%)
[GSVA] Running ssGSEA... (~3-5 min on full TCGA-BRCA)
[GSVA] Scores shape: (1218, 50) | range [-0.205, 0.795]
[GSVA] Z-score normalized.
[GSVA] Saved to gsva_cache_BRCA_H50.pkl

[INFO] Anchor matrix: (1218, 50)
[INFO] Saved: data/bio_anchors/bio_anchors_BRCA_gsva_H50.csv  shape=(1097, 51)
[INFO] Columns: ['patient_id', 'HALLMARK_ADIPOGENESIS', 'HALLMARK_ALLOGRAFT_REJECTION', 'HALLMARK_ANDROGEN_RESPONSE', 'HALLMARK_ANGIOGENESIS', 'HALLMARK_APICAL_JUNCTION', 'HALLMARK_APICAL_SURFACE', 'HALLMARK_APOPTOSIS', 'HALLMARK_BILE_ACID_METABOLISM', 'HALLMARK_CHOLESTEROL_HOMEOSTASIS', 'HALLMARK_COAGULATION', 'HALLMARK_COMPLEMENT', 'HALLMARK_DNA_REPAIR', 'HALLMARK_E2F_TARGETS', 'HALLMARK_EPITHELIAL_MESENCHYMAL_TRANSITION', 'HALLMARK_ESTROGEN_RESPONSE_EARLY', 'HALLMARK_ESTROGEN_RESPONSE_LATE', 'HALLMARK_FATTY_ACID_METABOLISM', 'HALLMARK_G2M_CHECKPOINT', 'HALLMARK_GLYCOLYSIS', 'HALLMARK_HEDGEHOG_SIGNALING', 'HALLMARK_HEME_METABOLISM', 'HALLMARK_HYPOXIA', 'HALLMARK_IL2_STAT5_SIGNALING', 'HALLMARK_IL6_JAK_STAT3_SIGNALING', 'HALLMARK_INFLAMMATORY_RESPONSE', 'HALLMARK_INTERFERON_ALPHA_RESPONSE', 'HALLMARK_INTERFERON_GAMMA_RESPONSE', 'HALLMARK_KRAS_SIGNALING_DN', 'HALLMARK_KRAS_SIGNALING_UP', 'HALLMARK_MITOTIC_SPINDLE', 'HALLMARK_MTORC1_SIGNALING', 'HALLMARK_MYC_TARGETS_V1', 'HALLMARK_MYC_TARGETS_V2', 'HALLMARK_MYOGENESIS', 'HALLMARK_NOTCH_SIGNALING', 'HALLMARK_OXIDATIVE_PHOSPHORYLATION', 'HALLMARK_P53_PATHWAY', 'HALLMARK_PANCREAS_BETA_CELLS', 'HALLMARK_PEROXISOME', 'HALLMARK_PI3K_AKT_MTOR_SIGNALING', 'HALLMARK_PROTEIN_SECRETION', 'HALLMARK_REACTIVE_OXYGEN_SPECIES_PATHWAY', 'HALLMARK_SPERMATOGENESIS', 'HALLMARK_TGF_BETA_SIGNALING', 'HALLMARK_TNFA_SIGNALING_VIA_NFKB', 'HALLMARK_UNFOLDED_PROTEIN_RESPONSE', 'HALLMARK_UV_RESPONSE_DN', 'HALLMARK_UV_RESPONSE_UP', 'HALLMARK_WNT_BETA_CATENIN_SIGNALING', 'HALLMARK_XENOBIOTIC_METABOLISM']

First 3 rows:
  patient_id  HALLMARK_ADIPOGENESIS  HALLMARK_ALLOGRAFT_REJECTION  HALLMARK_ANDROGEN_RESPONSE  HALLMARK_ANGIOGENESIS  HALLMARK_APICAL_JUNCTION  HALLMARK_APICAL_SURFACE  HALLMARK_APOPTOSIS  HALLMARK_BILE_ACID_METABOLISM  HALLMARK_CHOLESTEROL_HOMEOSTASIS  HALLMARK_COAGULATION  HALLMARK_COMPLEMENT  HALLMARK_DNA_REPAIR  HALLMARK_E2F_TARGETS  HALLMARK_EPITHELIAL_MESENCHYMAL_TRANSITION  HALLMARK_ESTROGEN_RESPONSE_EARLY  HALLMARK_ESTROGEN_RESPONSE_LATE  HALLMARK_FATTY_ACID_METABOLISM  HALLMARK_G2M_CHECKPOINT  HALLMARK_GLYCOLYSIS  HALLMARK_HEDGEHOG_SIGNALING  HALLMARK_HEME_METABOLISM  HALLMARK_HYPOXIA  HALLMARK_IL2_STAT5_SIGNALING  HALLMARK_IL6_JAK_STAT3_SIGNALING  HALLMARK_INFLAMMATORY_RESPONSE  HALLMARK_INTERFERON_ALPHA_RESPONSE  HALLMARK_INTERFERON_GAMMA_RESPONSE  HALLMARK_KRAS_SIGNALING_DN  HALLMARK_KRAS_SIGNALING_UP  HALLMARK_MITOTIC_SPINDLE  HALLMARK_MTORC1_SIGNALING  HALLMARK_MYC_TARGETS_V1  HALLMARK_MYC_TARGETS_V2  HALLMARK_MYOGENESIS  HALLMARK_NOTCH_SIGNALING  HALLMARK_OXIDATIVE_PHOSPHORYLATION  HALLMARK_P53_PATHWAY  HALLMARK_PANCREAS_BETA_CELLS  HALLMARK_PEROXISOME  HALLMARK_PI3K_AKT_MTOR_SIGNALING  HALLMARK_PROTEIN_SECRETION  HALLMARK_REACTIVE_OXYGEN_SPECIES_PATHWAY  HALLMARK_SPERMATOGENESIS  HALLMARK_TGF_BETA_SIGNALING  HALLMARK_TNFA_SIGNALING_VIA_NFKB  HALLMARK_UNFOLDED_PROTEIN_RESPONSE  HALLMARK_UV_RESPONSE_DN  HALLMARK_UV_RESPONSE_UP  HALLMARK_WNT_BETA_CATENIN_SIGNALING  HALLMARK_XENOBIOTIC_METABOLISM
TCGA-AR-A5QQ              -0.888372                      2.034758                   -0.697004               1.549798                  1.366613                 2.222457            2.369497                      -1.837580                          0.649067              1.748583             2.210131             1.862127              1.495389                                    1.347141                         -1.312847                        -0.299552                       -0.057910                 1.273147             2.312180                     0.878815                 -0.895591          1.871637                      2.297449                          2.180086                        2.508472                            1.304202                            1.618112                   -0.051074                    1.816572                  0.340694                   1.993215                 2.064324                 1.925166            -0.514177                  0.884587                            1.002773              3.170457                      0.316563            -1.297652                          1.686973                   -0.893456                                  1.572550                 -0.208944                     0.471219                          2.655219                            1.025684                -0.781329                 2.049918                             0.611303                        0.571054
TCGA-D8-A1JA              -0.829356                     -0.281390                    1.070581               0.097991                 -0.727039                 0.732354           -0.559147                      -0.836255                          0.279233             -0.152650             0.602357            -1.341097             -0.156078                                    0.307029                         -0.722647                        -0.768585                       -1.198985                 0.212124             1.422278                     0.689101                  0.745135          1.303554                      0.098519                          0.161585                        0.839820                            0.528520                            0.532038                   -0.584784                    0.392926                 -0.094463                   0.905468                -0.897918                -1.278121            -1.499721                  0.476599                           -1.520314             -0.901097                      1.201270            -0.747202                          1.763248                    1.997658                                 -0.318177                  1.022486                     0.843502                          0.676724                            0.149436                 0.962370                -1.675643                            -2.406208                       -0.902487
TCGA-BH-A0BQ               0.796700                      0.541284                   -0.040131               0.411095                  1.337156                 1.419818            1.388411                       0.460224                          0.892055              1.434823             0.469785            -0.055149             -0.829629                                    1.379375                          0.889830                         1.079658                       -0.012310                -0.804006             0.570607                     0.267637                 -0.713914          0.850056                      0.723252                          0.693919                        0.881730                            0.866197                            0.697903                    0.714313                    1.033761                 -0.873323                  -0.216112                -0.236083                -0.106126             0.536294                  0.982348                            0.292817              1.402445                      0.126495             0.220566                         -0.218030                   -0.278254                                  0.776501                 -1.280119                     0.409553                          1.301474                            0.231124                 0.605041                 0.268860                             0.610486                        0.861125

[VERIFY] Reading data/bio_anchors/bio_anchors_BRCA_gsva_H50.csv
  Shape      : (1097, 51)
  Columns    : ['patient_id', 'HALLMARK_ADIPOGENESIS', 'HALLMARK_ALLOGRAFT_REJECTION', 'HALLMARK_ANDROGEN_RESPONSE', 'HALLMARK_ANGIOGENESIS', 'HALLMARK_APICAL_JUNCTION', 'HALLMARK_APICAL_SURFACE', 'HALLMARK_APOPTOSIS', 'HALLMARK_BILE_ACID_METABOLISM', 'HALLMARK_CHOLESTEROL_HOMEOSTASIS', 'HALLMARK_COAGULATION', 'HALLMARK_COMPLEMENT', 'HALLMARK_DNA_REPAIR', 'HALLMARK_E2F_TARGETS', 'HALLMARK_EPITHELIAL_MESENCHYMAL_TRANSITION', 'HALLMARK_ESTROGEN_RESPONSE_EARLY', 'HALLMARK_ESTROGEN_RESPONSE_LATE', 'HALLMARK_FATTY_ACID_METABOLISM', 'HALLMARK_G2M_CHECKPOINT', 'HALLMARK_GLYCOLYSIS', 'HALLMARK_HEDGEHOG_SIGNALING', 'HALLMARK_HEME_METABOLISM', 'HALLMARK_HYPOXIA', 'HALLMARK_IL2_STAT5_SIGNALING', 'HALLMARK_IL6_JAK_STAT3_SIGNALING', 'HALLMARK_INFLAMMATORY_RESPONSE', 'HALLMARK_INTERFERON_ALPHA_RESPONSE', 'HALLMARK_INTERFERON_GAMMA_RESPONSE', 'HALLMARK_KRAS_SIGNALING_DN', 'HALLMARK_KRAS_SIGNALING_UP', 'HALLMARK_MITOTIC_SPINDLE', 'HALLMARK_MTORC1_SIGNALING', 'HALLMARK_MYC_TARGETS_V1', 'HALLMARK_MYC_TARGETS_V2', 'HALLMARK_MYOGENESIS', 'HALLMARK_NOTCH_SIGNALING', 'HALLMARK_OXIDATIVE_PHOSPHORYLATION', 'HALLMARK_P53_PATHWAY', 'HALLMARK_PANCREAS_BETA_CELLS', 'HALLMARK_PEROXISOME', 'HALLMARK_PI3K_AKT_MTOR_SIGNALING', 'HALLMARK_PROTEIN_SECRETION', 'HALLMARK_REACTIVE_OXYGEN_SPECIES_PATHWAY', 'HALLMARK_SPERMATOGENESIS', 'HALLMARK_TGF_BETA_SIGNALING', 'HALLMARK_TNFA_SIGNALING_VIA_NFKB', 'HALLMARK_UNFOLDED_PROTEIN_RESPONSE', 'HALLMARK_UV_RESPONSE_DN', 'HALLMARK_UV_RESPONSE_UP', 'HALLMARK_WNT_BETA_CATENIN_SIGNALING', 'HALLMARK_XENOBIOTIC_METABOLISM']
  patient_id sample: ['TCGA-AR-A5QQ', 'TCGA-D8-A1JA', 'TCGA-BH-A0BQ']
  Value range: [-5.183, 6.926]
  Any NaN    : False
  [SKIP] CN.fea check (not provided or not found)

[VERIFY] Done.

Done. Next steps:
  1. Update your SLURM script:
       --bio_anchor_file data/bio_anchors/bio_anchors_BRCA_gsva_H50.csv \
       --bio_dim 50

  2. That's it. network.py and train_bioanchor.py need no changes.

done Fri Jul 10 01:33:15 EDT 2026
