=== STAD H50 GSVA | Mon Aug 24 11:48:25 PM EDT 2026 ===
[INFO] Loading mRNA from: data/raw/STAD_HiSeqV2_symbols.tsv.gz
[INFO] Loaded shape: (20530, 450)
[INFO] Sample gene names (index): ['ARHGEF10L', 'HIF3A', 'RNF17', 'RNF10', 'RNF11']
[INFO] Sample patient IDs (columns): ['TCGA-FP-A4BE-01', 'TCGA-BR-8081-01', 'TCGA-HU-A4GP-11']
[GSVA] 50 anchors | 450 samples x 20530 genes
[GSVA] Anchors: ['HALLMARK_ADIPOGENESIS', 'HALLMARK_ALLOGRAFT_REJECTION', 'HALLMARK_ANDROGEN_RESPONSE', 'HALLMARK_ANGIOGENESIS', 'HALLMARK_APICAL_JUNCTION', 'HALLMARK_APICAL_SURFACE', 'HALLMARK_APOPTOSIS', 'HALLMARK_BILE_ACID_METABOLISM', 'HALLMARK_CHOLESTEROL_HOMEOSTASIS', 'HALLMARK_COAGULATION', 'HALLMARK_COMPLEMENT', 'HALLMARK_DNA_REPAIR', 'HALLMARK_E2F_TARGETS', 'HALLMARK_EPITHELIAL_MESENCHYMAL_TRANSITION', 'HALLMARK_ESTROGEN_RESPONSE_EARLY', 'HALLMARK_ESTROGEN_RESPONSE_LATE', 'HALLMARK_FATTY_ACID_METABOLISM', 'HALLMARK_G2M_CHECKPOINT', 'HALLMARK_GLYCOLYSIS', 'HALLMARK_HEDGEHOG_SIGNALING', 'HALLMARK_HEME_METABOLISM', 'HALLMARK_HYPOXIA', 'HALLMARK_IL2_STAT5_SIGNALING', 'HALLMARK_IL6_JAK_STAT3_SIGNALING', 'HALLMARK_INFLAMMATORY_RESPONSE', 'HALLMARK_INTERFERON_ALPHA_RESPONSE', 'HALLMARK_INTERFERON_GAMMA_RESPONSE', 'HALLMARK_KRAS_SIGNALING_DN', 'HALLMARK_KRAS_SIGNALING_UP', 'HALLMARK_MITOTIC_SPINDLE', 'HALLMARK_MTORC1_SIGNALING', 'HALLMARK_MYC_TARGETS_V1', 'HALLMARK_MYC_TARGETS_V2', 'HALLMARK_MYOGENESIS', 'HALLMARK_NOTCH_SIGNALING', 'HALLMARK_OXIDATIVE_PHOSPHORYLATION', 'HALLMARK_P53_PATHWAY', 'HALLMARK_PANCREAS_BETA_CELLS', 'HALLMARK_PEROXISOME', 'HALLMARK_PI3K_AKT_MTOR_SIGNALING', 'HALLMARK_PROTEIN_SECRETION', 'HALLMARK_REACTIVE_OXYGEN_SPECIES_PATHWAY', 'HALLMARK_SPERMATOGENESIS', 'HALLMARK_TGF_BETA_SIGNALING', 'HALLMARK_TNFA_SIGNALING_VIA_NFKB', 'HALLMARK_UNFOLDED_PROTEIN_RESPONSE', 'HALLMARK_UV_RESPONSE_DN', 'HALLMARK_UV_RESPONSE_UP', 'HALLMARK_WNT_BETA_CATENIN_SIGNALING', 'HALLMARK_XENOBIOTIC_METABOLISM']
  [OK] HALLMARK_ADIPOGENESIS: 189/200 genes (94%)
  [OK] HALLMARK_ALLOGRAFT_REJECTION: 195/200 genes (98%)
  [OK] HALLMARK_ANDROGEN_RESPONSE: 97/101 genes (96%)
  [OK] HALLMARK_ANGIOGENESIS: 36/36 genes (100%)
  [OK] HALLMARK_APICAL_JUNCTION: 192/200 genes (96%)
  [OK] HALLMARK_APICAL_SURFACE: 43/44 genes (98%)
  [OK] HALLMARK_APOPTOSIS: 158/161 genes (98%)
  [OK] HALLMARK_BILE_ACID_METABOLISM: 112/112 genes (100%)
  [OK] HALLMARK_CHOLESTEROL_HOMEOSTASIS: 72/74 genes (97%)
  [OK] HALLMARK_COAGULATION: 136/138 genes (99%)
  [OK] HALLMARK_COMPLEMENT: 195/200 genes (98%)
  [OK] HALLMARK_DNA_REPAIR: 139/150 genes (93%)
  [OK] HALLMARK_E2F_TARGETS: 187/200 genes (94%)
  [OK] HALLMARK_EPITHELIAL_MESENCHYMAL_TRANSITION: 194/200 genes (97%)
  [OK] HALLMARK_ESTROGEN_RESPONSE_EARLY: 190/200 genes (95%)
  [OK] HALLMARK_ESTROGEN_RESPONSE_LATE: 193/200 genes (96%)
  [OK] HALLMARK_FATTY_ACID_METABOLISM: 153/158 genes (97%)
  [OK] HALLMARK_G2M_CHECKPOINT: 183/200 genes (92%)
  [OK] HALLMARK_GLYCOLYSIS: 195/200 genes (98%)
  [OK] HALLMARK_HEDGEHOG_SIGNALING: 35/36 genes (97%)
  [OK] HALLMARK_HEME_METABOLISM: 190/200 genes (95%)
  [OK] HALLMARK_HYPOXIA: 190/200 genes (95%)
  [OK] HALLMARK_IL2_STAT5_SIGNALING: 193/199 genes (97%)
  [OK] HALLMARK_IL6_JAK_STAT3_SIGNALING: 87/87 genes (100%)
  [OK] HALLMARK_INFLAMMATORY_RESPONSE: 197/200 genes (98%)
  [OK] HALLMARK_INTERFERON_ALPHA_RESPONSE: 92/97 genes (95%)
  [OK] HALLMARK_INTERFERON_GAMMA_RESPONSE: 194/200 genes (97%)
  [OK] HALLMARK_KRAS_SIGNALING_DN: 188/200 genes (94%)
  [OK] HALLMARK_KRAS_SIGNALING_UP: 193/200 genes (96%)
  [OK] HALLMARK_MITOTIC_SPINDLE: 196/199 genes (98%)
  [OK] HALLMARK_MTORC1_SIGNALING: 191/200 genes (96%)
  [OK] HALLMARK_MYC_TARGETS_V1: 187/200 genes (94%)
  [OK] HALLMARK_MYC_TARGETS_V2: 57/58 genes (98%)
  [OK] HALLMARK_MYOGENESIS: 197/200 genes (98%)
  [OK] HALLMARK_NOTCH_SIGNALING: 32/32 genes (100%)
  [OK] HALLMARK_OXIDATIVE_PHOSPHORYLATION: 182/200 genes (91%)
  [OK] HALLMARK_P53_PATHWAY: 190/200 genes (95%)
  [OK] HALLMARK_PANCREAS_BETA_CELLS: 40/40 genes (100%)
  [OK] HALLMARK_PEROXISOME: 101/104 genes (97%)
  [OK] HALLMARK_PI3K_AKT_MTOR_SIGNALING: 104/105 genes (99%)
  [OK] HALLMARK_PROTEIN_SECRETION: 95/96 genes (99%)
  [OK] HALLMARK_REACTIVE_OXYGEN_SPECIES_PATHWAY: 45/49 genes (92%)
  [OK] HALLMARK_SPERMATOGENESIS: 131/135 genes (97%)
  [OK] HALLMARK_TGF_BETA_SIGNALING: 54/54 genes (100%)
  [OK] HALLMARK_TNFA_SIGNALING_VIA_NFKB: 196/200 genes (98%)
  [OK] HALLMARK_UNFOLDED_PROTEIN_RESPONSE: 105/113 genes (93%)
  [OK] HALLMARK_UV_RESPONSE_DN: 137/144 genes (95%)
  [OK] HALLMARK_UV_RESPONSE_UP: 152/158 genes (96%)
  [OK] HALLMARK_WNT_BETA_CATENIN_SIGNALING: 42/42 genes (100%)
  [OK] HALLMARK_XENOBIOTIC_METABOLISM: 196/200 genes (98%)
[GSVA] Running ssGSEA... (~3-5 min on full TCGA-BRCA)
[GSVA] Scores shape: (450, 50) | range [-0.237, 0.763]
[GSVA] Z-score normalized.
[GSVA] Saved to gsva_cache_STAD_H50.pkl

[INFO] Anchor matrix: (450, 50)
[INFO] Saved: data/bio_anchors/bio_anchors_STAD_gsva_H50.csv  shape=(415, 51)
[INFO] Columns: ['patient_id', 'HALLMARK_ADIPOGENESIS', 'HALLMARK_ALLOGRAFT_REJECTION', 'HALLMARK_ANDROGEN_RESPONSE', 'HALLMARK_ANGIOGENESIS', 'HALLMARK_APICAL_JUNCTION', 'HALLMARK_APICAL_SURFACE', 'HALLMARK_APOPTOSIS', 'HALLMARK_BILE_ACID_METABOLISM', 'HALLMARK_CHOLESTEROL_HOMEOSTASIS', 'HALLMARK_COAGULATION', 'HALLMARK_COMPLEMENT', 'HALLMARK_DNA_REPAIR', 'HALLMARK_E2F_TARGETS', 'HALLMARK_EPITHELIAL_MESENCHYMAL_TRANSITION', 'HALLMARK_ESTROGEN_RESPONSE_EARLY', 'HALLMARK_ESTROGEN_RESPONSE_LATE', 'HALLMARK_FATTY_ACID_METABOLISM', 'HALLMARK_G2M_CHECKPOINT', 'HALLMARK_GLYCOLYSIS', 'HALLMARK_HEDGEHOG_SIGNALING', 'HALLMARK_HEME_METABOLISM', 'HALLMARK_HYPOXIA', 'HALLMARK_IL2_STAT5_SIGNALING', 'HALLMARK_IL6_JAK_STAT3_SIGNALING', 'HALLMARK_INFLAMMATORY_RESPONSE', 'HALLMARK_INTERFERON_ALPHA_RESPONSE', 'HALLMARK_INTERFERON_GAMMA_RESPONSE', 'HALLMARK_KRAS_SIGNALING_DN', 'HALLMARK_KRAS_SIGNALING_UP', 'HALLMARK_MITOTIC_SPINDLE', 'HALLMARK_MTORC1_SIGNALING', 'HALLMARK_MYC_TARGETS_V1', 'HALLMARK_MYC_TARGETS_V2', 'HALLMARK_MYOGENESIS', 'HALLMARK_NOTCH_SIGNALING', 'HALLMARK_OXIDATIVE_PHOSPHORYLATION', 'HALLMARK_P53_PATHWAY', 'HALLMARK_PANCREAS_BETA_CELLS', 'HALLMARK_PEROXISOME', 'HALLMARK_PI3K_AKT_MTOR_SIGNALING', 'HALLMARK_PROTEIN_SECRETION', 'HALLMARK_REACTIVE_OXYGEN_SPECIES_PATHWAY', 'HALLMARK_SPERMATOGENESIS', 'HALLMARK_TGF_BETA_SIGNALING', 'HALLMARK_TNFA_SIGNALING_VIA_NFKB', 'HALLMARK_UNFOLDED_PROTEIN_RESPONSE', 'HALLMARK_UV_RESPONSE_DN', 'HALLMARK_UV_RESPONSE_UP', 'HALLMARK_WNT_BETA_CATENIN_SIGNALING', 'HALLMARK_XENOBIOTIC_METABOLISM']

First 3 rows:
  patient_id  HALLMARK_ADIPOGENESIS  HALLMARK_ALLOGRAFT_REJECTION  HALLMARK_ANDROGEN_RESPONSE  HALLMARK_ANGIOGENESIS  HALLMARK_APICAL_JUNCTION  HALLMARK_APICAL_SURFACE  HALLMARK_APOPTOSIS  HALLMARK_BILE_ACID_METABOLISM  HALLMARK_CHOLESTEROL_HOMEOSTASIS  HALLMARK_COAGULATION  HALLMARK_COMPLEMENT  HALLMARK_DNA_REPAIR  HALLMARK_E2F_TARGETS  HALLMARK_EPITHELIAL_MESENCHYMAL_TRANSITION  HALLMARK_ESTROGEN_RESPONSE_EARLY  HALLMARK_ESTROGEN_RESPONSE_LATE  HALLMARK_FATTY_ACID_METABOLISM  HALLMARK_G2M_CHECKPOINT  HALLMARK_GLYCOLYSIS  HALLMARK_HEDGEHOG_SIGNALING  HALLMARK_HEME_METABOLISM  HALLMARK_HYPOXIA  HALLMARK_IL2_STAT5_SIGNALING  HALLMARK_IL6_JAK_STAT3_SIGNALING  HALLMARK_INFLAMMATORY_RESPONSE  HALLMARK_INTERFERON_ALPHA_RESPONSE  HALLMARK_INTERFERON_GAMMA_RESPONSE  HALLMARK_KRAS_SIGNALING_DN  HALLMARK_KRAS_SIGNALING_UP  HALLMARK_MITOTIC_SPINDLE  HALLMARK_MTORC1_SIGNALING  HALLMARK_MYC_TARGETS_V1  HALLMARK_MYC_TARGETS_V2  HALLMARK_MYOGENESIS  HALLMARK_NOTCH_SIGNALING  HALLMARK_OXIDATIVE_PHOSPHORYLATION  HALLMARK_P53_PATHWAY  HALLMARK_PANCREAS_BETA_CELLS  HALLMARK_PEROXISOME  HALLMARK_PI3K_AKT_MTOR_SIGNALING  HALLMARK_PROTEIN_SECRETION  HALLMARK_REACTIVE_OXYGEN_SPECIES_PATHWAY  HALLMARK_SPERMATOGENESIS  HALLMARK_TGF_BETA_SIGNALING  HALLMARK_TNFA_SIGNALING_VIA_NFKB  HALLMARK_UNFOLDED_PROTEIN_RESPONSE  HALLMARK_UV_RESPONSE_DN  HALLMARK_UV_RESPONSE_UP  HALLMARK_WNT_BETA_CATENIN_SIGNALING  HALLMARK_XENOBIOTIC_METABOLISM
TCGA-FP-A4BE               0.538148                      0.736852                   -0.276322              -0.612642                 -0.930439                 0.173149            0.328222                       1.107401                          1.245152             -0.376281             0.396380             0.513324              0.954004                                   -0.836006                         -0.514295                        -0.308454                        1.138728                 0.954541             0.555933                    -0.541650                  0.660366         -0.615552                      0.211788                          0.163782                        0.180524                            0.619455                            0.527283                   -0.167776                   -0.408533                  0.269895                   1.351190                 1.017313                 0.817641            -0.938428                 -0.843985                            0.940585              0.127395                     -0.672486             1.489713                          0.703270                   -0.102225                                  0.842493                  0.392637                    -1.793802                          0.110322                            0.928938                -1.682965                 1.244253                            -0.614758                        0.063180
TCGA-BR-8081               1.051128                      1.601559                    0.388411               0.915722                  0.525913                 0.686992            1.482632                       0.112106                          0.943823              0.707136             1.644914             0.485424              0.716235                                    0.889465                         -0.217518                        -0.124063                        0.463743                 0.706590             0.485780                    -0.359386                 -0.297303          0.574788                      1.409619                          1.787891                        1.573370                            1.368097                            1.632405                   -0.885618                    1.063908                  0.381236                   1.217689                 0.847056                 0.620280            -0.107078                  0.085733                            0.776423              0.466500                     -0.774632             0.373831                          1.428990                   -0.440234                                  1.167699                  0.153799                    -0.051125                          1.295868                            0.787490                 0.189172                 1.240436                             0.157048                        0.840278
TCGA-IN-7806               0.199165                     -1.428127                   -0.756850              -1.295852                 -0.605804                 0.432977           -0.987598                       0.147687                         -1.146948             -1.098816            -1.567364            -0.668793             -0.754165                                   -1.064715                          0.525623                         0.009436                       -0.228597                -0.747531            -0.507063                     0.340215                 -0.521664         -0.976465                     -1.659509                         -2.023728                       -2.073442                           -1.368082                           -1.639270                    1.122537                   -1.151556                 -0.244446                  -1.701735                -0.444114                 0.669346             0.100918                  0.225431                           -0.367127              0.012647                      1.894850             0.315465                         -1.462811                   -1.532060                                 -0.782350                 -0.829914                    -1.231851                         -1.797236                           -1.687067                -0.557682                -1.269171                             0.731721                       -0.127235

[VERIFY] Reading data/bio_anchors/bio_anchors_STAD_gsva_H50.csv
  Shape      : (415, 51)
  Columns    : ['patient_id', 'HALLMARK_ADIPOGENESIS', 'HALLMARK_ALLOGRAFT_REJECTION', 'HALLMARK_ANDROGEN_RESPONSE', 'HALLMARK_ANGIOGENESIS', 'HALLMARK_APICAL_JUNCTION', 'HALLMARK_APICAL_SURFACE', 'HALLMARK_APOPTOSIS', 'HALLMARK_BILE_ACID_METABOLISM', 'HALLMARK_CHOLESTEROL_HOMEOSTASIS', 'HALLMARK_COAGULATION', 'HALLMARK_COMPLEMENT', 'HALLMARK_DNA_REPAIR', 'HALLMARK_E2F_TARGETS', 'HALLMARK_EPITHELIAL_MESENCHYMAL_TRANSITION', 'HALLMARK_ESTROGEN_RESPONSE_EARLY', 'HALLMARK_ESTROGEN_RESPONSE_LATE', 'HALLMARK_FATTY_ACID_METABOLISM', 'HALLMARK_G2M_CHECKPOINT', 'HALLMARK_GLYCOLYSIS', 'HALLMARK_HEDGEHOG_SIGNALING', 'HALLMARK_HEME_METABOLISM', 'HALLMARK_HYPOXIA', 'HALLMARK_IL2_STAT5_SIGNALING', 'HALLMARK_IL6_JAK_STAT3_SIGNALING', 'HALLMARK_INFLAMMATORY_RESPONSE', 'HALLMARK_INTERFERON_ALPHA_RESPONSE', 'HALLMARK_INTERFERON_GAMMA_RESPONSE', 'HALLMARK_KRAS_SIGNALING_DN', 'HALLMARK_KRAS_SIGNALING_UP', 'HALLMARK_MITOTIC_SPINDLE', 'HALLMARK_MTORC1_SIGNALING', 'HALLMARK_MYC_TARGETS_V1', 'HALLMARK_MYC_TARGETS_V2', 'HALLMARK_MYOGENESIS', 'HALLMARK_NOTCH_SIGNALING', 'HALLMARK_OXIDATIVE_PHOSPHORYLATION', 'HALLMARK_P53_PATHWAY', 'HALLMARK_PANCREAS_BETA_CELLS', 'HALLMARK_PEROXISOME', 'HALLMARK_PI3K_AKT_MTOR_SIGNALING', 'HALLMARK_PROTEIN_SECRETION', 'HALLMARK_REACTIVE_OXYGEN_SPECIES_PATHWAY', 'HALLMARK_SPERMATOGENESIS', 'HALLMARK_TGF_BETA_SIGNALING', 'HALLMARK_TNFA_SIGNALING_VIA_NFKB', 'HALLMARK_UNFOLDED_PROTEIN_RESPONSE', 'HALLMARK_UV_RESPONSE_DN', 'HALLMARK_UV_RESPONSE_UP', 'HALLMARK_WNT_BETA_CATENIN_SIGNALING', 'HALLMARK_XENOBIOTIC_METABOLISM']
  patient_id sample: ['TCGA-FP-A4BE', 'TCGA-BR-8081', 'TCGA-IN-7806']
  Value range: [-5.777, 5.524]
  Any NaN    : False
  [SKIP] CN.fea check (not provided or not found)

[VERIFY] Done.

Done. Next steps:
  1. Update your SLURM script:
       --bio_anchor_file data/bio_anchors/bio_anchors_STAD_gsva_H50.csv \
       --bio_dim 50

  2. That's it. network.py and train_bioanchor.py need no changes.

=== STAD H50 -> H40 filter ===
data/bio_anchors/bio_anchors_STAD_gsva_H50.csv  ->  data/bio_anchors/bio_anchors_STAD_gsva_H40.csv
  patients: 415   anchors: 50 -> 40
  dropped (10): HALLMARK_ADIPOGENESIS, HALLMARK_APICAL_SURFACE, HALLMARK_BILE_ACID_METABOLISM, HALLMARK_COAGULATION, HALLMARK_HEME_METABOLISM, HALLMARK_MYOGENESIS, HALLMARK_PANCREAS_BETA_CELLS, HALLMARK_PEROXISOME, HALLMARK_PROTEIN_SECRETION, HALLMARK_SPERMATOGENESIS
  NaNs in output: 0
=== STAD coverage gate vs omics cohort ===
anchors: (415, 40) | omics patients: 407 | missing: 0
=== DONE Mon Aug 24 11:51:27 PM EDT 2026 ===
