=== SKCM H50 GSVA | Tue Aug 25 12:30:30 AM EDT 2026 ===
[INFO] Loading mRNA from: data/raw/SKCM_HiSeqV2_symbols.tsv.gz
[INFO] Loaded shape: (20530, 474)
[INFO] Sample gene names (index): ['ARHGEF10L', 'HIF3A', 'RNF17', 'RNF10', 'RNF11']
[INFO] Sample patient IDs (columns): ['TCGA-YD-A89C-06', 'TCGA-Z2-AA3V-06', 'TCGA-EB-A3Y6-01']
[GSVA] 50 anchors | 474 samples x 20530 genes
[GSVA] Anchors: ['HALLMARK_ADIPOGENESIS', 'HALLMARK_ALLOGRAFT_REJECTION', 'HALLMARK_ANDROGEN_RESPONSE', 'HALLMARK_ANGIOGENESIS', 'HALLMARK_APICAL_JUNCTION', 'HALLMARK_APICAL_SURFACE', 'HALLMARK_APOPTOSIS', 'HALLMARK_BILE_ACID_METABOLISM', 'HALLMARK_CHOLESTEROL_HOMEOSTASIS', 'HALLMARK_COAGULATION', 'HALLMARK_COMPLEMENT', 'HALLMARK_DNA_REPAIR', 'HALLMARK_E2F_TARGETS', 'HALLMARK_EPITHELIAL_MESENCHYMAL_TRANSITION', 'HALLMARK_ESTROGEN_RESPONSE_EARLY', 'HALLMARK_ESTROGEN_RESPONSE_LATE', 'HALLMARK_FATTY_ACID_METABOLISM', 'HALLMARK_G2M_CHECKPOINT', 'HALLMARK_GLYCOLYSIS', 'HALLMARK_HEDGEHOG_SIGNALING', 'HALLMARK_HEME_METABOLISM', 'HALLMARK_HYPOXIA', 'HALLMARK_IL2_STAT5_SIGNALING', 'HALLMARK_IL6_JAK_STAT3_SIGNALING', 'HALLMARK_INFLAMMATORY_RESPONSE', 'HALLMARK_INTERFERON_ALPHA_RESPONSE', 'HALLMARK_INTERFERON_GAMMA_RESPONSE', 'HALLMARK_KRAS_SIGNALING_DN', 'HALLMARK_KRAS_SIGNALING_UP', 'HALLMARK_MITOTIC_SPINDLE', 'HALLMARK_MTORC1_SIGNALING', 'HALLMARK_MYC_TARGETS_V1', 'HALLMARK_MYC_TARGETS_V2', 'HALLMARK_MYOGENESIS', 'HALLMARK_NOTCH_SIGNALING', 'HALLMARK_OXIDATIVE_PHOSPHORYLATION', 'HALLMARK_P53_PATHWAY', 'HALLMARK_PANCREAS_BETA_CELLS', 'HALLMARK_PEROXISOME', 'HALLMARK_PI3K_AKT_MTOR_SIGNALING', 'HALLMARK_PROTEIN_SECRETION', 'HALLMARK_REACTIVE_OXYGEN_SPECIES_PATHWAY', 'HALLMARK_SPERMATOGENESIS', 'HALLMARK_TGF_BETA_SIGNALING', 'HALLMARK_TNFA_SIGNALING_VIA_NFKB', 'HALLMARK_UNFOLDED_PROTEIN_RESPONSE', 'HALLMARK_UV_RESPONSE_DN', 'HALLMARK_UV_RESPONSE_UP', 'HALLMARK_WNT_BETA_CATENIN_SIGNALING', 'HALLMARK_XENOBIOTIC_METABOLISM']
  [OK] HALLMARK_ADIPOGENESIS: 189/200 genes (94%)
  [OK] HALLMARK_ALLOGRAFT_REJECTION: 195/200 genes (98%)
  [OK] HALLMARK_ANDROGEN_RESPONSE: 97/101 genes (96%)
  [OK] HALLMARK_ANGIOGENESIS: 36/36 genes (100%)
  [OK] HALLMARK_APICAL_JUNCTION: 192/200 genes (96%)
  [OK] HALLMARK_APICAL_SURFACE: 43/44 genes (98%)
  [OK] HALLMARK_APOPTOSIS: 158/161 genes (98%)
  [OK] HALLMARK_BILE_ACID_METABOLISM: 112/112 genes (100%)
  [OK] HALLMARK_CHOLESTEROL_HOMEOSTASIS: 72/74 genes (97%)
  [OK] HALLMARK_COAGULATION: 136/138 genes (99%)
  [OK] HALLMARK_COMPLEMENT: 195/200 genes (98%)
  [OK] HALLMARK_DNA_REPAIR: 139/150 genes (93%)
  [OK] HALLMARK_E2F_TARGETS: 187/200 genes (94%)
  [OK] HALLMARK_EPITHELIAL_MESENCHYMAL_TRANSITION: 194/200 genes (97%)
  [OK] HALLMARK_ESTROGEN_RESPONSE_EARLY: 190/200 genes (95%)
  [OK] HALLMARK_ESTROGEN_RESPONSE_LATE: 193/200 genes (96%)
  [OK] HALLMARK_FATTY_ACID_METABOLISM: 153/158 genes (97%)
  [OK] HALLMARK_G2M_CHECKPOINT: 183/200 genes (92%)
  [OK] HALLMARK_GLYCOLYSIS: 195/200 genes (98%)
  [OK] HALLMARK_HEDGEHOG_SIGNALING: 35/36 genes (97%)
  [OK] HALLMARK_HEME_METABOLISM: 190/200 genes (95%)
  [OK] HALLMARK_HYPOXIA: 190/200 genes (95%)
  [OK] HALLMARK_IL2_STAT5_SIGNALING: 193/199 genes (97%)
  [OK] HALLMARK_IL6_JAK_STAT3_SIGNALING: 87/87 genes (100%)
  [OK] HALLMARK_INFLAMMATORY_RESPONSE: 197/200 genes (98%)
  [OK] HALLMARK_INTERFERON_ALPHA_RESPONSE: 92/97 genes (95%)
  [OK] HALLMARK_INTERFERON_GAMMA_RESPONSE: 194/200 genes (97%)
  [OK] HALLMARK_KRAS_SIGNALING_DN: 188/200 genes (94%)
  [OK] HALLMARK_KRAS_SIGNALING_UP: 193/200 genes (96%)
  [OK] HALLMARK_MITOTIC_SPINDLE: 196/199 genes (98%)
  [OK] HALLMARK_MTORC1_SIGNALING: 191/200 genes (96%)
  [OK] HALLMARK_MYC_TARGETS_V1: 187/200 genes (94%)
  [OK] HALLMARK_MYC_TARGETS_V2: 57/58 genes (98%)
  [OK] HALLMARK_MYOGENESIS: 197/200 genes (98%)
  [OK] HALLMARK_NOTCH_SIGNALING: 32/32 genes (100%)
  [OK] HALLMARK_OXIDATIVE_PHOSPHORYLATION: 182/200 genes (91%)
  [OK] HALLMARK_P53_PATHWAY: 190/200 genes (95%)
  [OK] HALLMARK_PANCREAS_BETA_CELLS: 40/40 genes (100%)
  [OK] HALLMARK_PEROXISOME: 101/104 genes (97%)
  [OK] HALLMARK_PI3K_AKT_MTOR_SIGNALING: 104/105 genes (99%)
  [OK] HALLMARK_PROTEIN_SECRETION: 95/96 genes (99%)
  [OK] HALLMARK_REACTIVE_OXYGEN_SPECIES_PATHWAY: 45/49 genes (92%)
  [OK] HALLMARK_SPERMATOGENESIS: 131/135 genes (97%)
  [OK] HALLMARK_TGF_BETA_SIGNALING: 54/54 genes (100%)
  [OK] HALLMARK_TNFA_SIGNALING_VIA_NFKB: 196/200 genes (98%)
  [OK] HALLMARK_UNFOLDED_PROTEIN_RESPONSE: 105/113 genes (93%)
  [OK] HALLMARK_UV_RESPONSE_DN: 137/144 genes (95%)
  [OK] HALLMARK_UV_RESPONSE_UP: 152/158 genes (96%)
  [OK] HALLMARK_WNT_BETA_CATENIN_SIGNALING: 42/42 genes (100%)
  [OK] HALLMARK_XENOBIOTIC_METABOLISM: 196/200 genes (98%)
[GSVA] Running ssGSEA... (~3-5 min on full TCGA-BRCA)
[GSVA] Scores shape: (474, 50) | range [-0.231, 0.769]
[GSVA] Z-score normalized.
[GSVA] Saved to gsva_cache_SKCM_H50.pkl

[INFO] Anchor matrix: (474, 50)
[INFO] Saved: data/bio_anchors/bio_anchors_SKCM_gsva_H50.csv  shape=(470, 51)
[INFO] Columns: ['patient_id', 'HALLMARK_ADIPOGENESIS', 'HALLMARK_ALLOGRAFT_REJECTION', 'HALLMARK_ANDROGEN_RESPONSE', 'HALLMARK_ANGIOGENESIS', 'HALLMARK_APICAL_JUNCTION', 'HALLMARK_APICAL_SURFACE', 'HALLMARK_APOPTOSIS', 'HALLMARK_BILE_ACID_METABOLISM', 'HALLMARK_CHOLESTEROL_HOMEOSTASIS', 'HALLMARK_COAGULATION', 'HALLMARK_COMPLEMENT', 'HALLMARK_DNA_REPAIR', 'HALLMARK_E2F_TARGETS', 'HALLMARK_EPITHELIAL_MESENCHYMAL_TRANSITION', 'HALLMARK_ESTROGEN_RESPONSE_EARLY', 'HALLMARK_ESTROGEN_RESPONSE_LATE', 'HALLMARK_FATTY_ACID_METABOLISM', 'HALLMARK_G2M_CHECKPOINT', 'HALLMARK_GLYCOLYSIS', 'HALLMARK_HEDGEHOG_SIGNALING', 'HALLMARK_HEME_METABOLISM', 'HALLMARK_HYPOXIA', 'HALLMARK_IL2_STAT5_SIGNALING', 'HALLMARK_IL6_JAK_STAT3_SIGNALING', 'HALLMARK_INFLAMMATORY_RESPONSE', 'HALLMARK_INTERFERON_ALPHA_RESPONSE', 'HALLMARK_INTERFERON_GAMMA_RESPONSE', 'HALLMARK_KRAS_SIGNALING_DN', 'HALLMARK_KRAS_SIGNALING_UP', 'HALLMARK_MITOTIC_SPINDLE', 'HALLMARK_MTORC1_SIGNALING', 'HALLMARK_MYC_TARGETS_V1', 'HALLMARK_MYC_TARGETS_V2', 'HALLMARK_MYOGENESIS', 'HALLMARK_NOTCH_SIGNALING', 'HALLMARK_OXIDATIVE_PHOSPHORYLATION', 'HALLMARK_P53_PATHWAY', 'HALLMARK_PANCREAS_BETA_CELLS', 'HALLMARK_PEROXISOME', 'HALLMARK_PI3K_AKT_MTOR_SIGNALING', 'HALLMARK_PROTEIN_SECRETION', 'HALLMARK_REACTIVE_OXYGEN_SPECIES_PATHWAY', 'HALLMARK_SPERMATOGENESIS', 'HALLMARK_TGF_BETA_SIGNALING', 'HALLMARK_TNFA_SIGNALING_VIA_NFKB', 'HALLMARK_UNFOLDED_PROTEIN_RESPONSE', 'HALLMARK_UV_RESPONSE_DN', 'HALLMARK_UV_RESPONSE_UP', 'HALLMARK_WNT_BETA_CATENIN_SIGNALING', 'HALLMARK_XENOBIOTIC_METABOLISM']

First 3 rows:
  patient_id  HALLMARK_ADIPOGENESIS  HALLMARK_ALLOGRAFT_REJECTION  HALLMARK_ANDROGEN_RESPONSE  HALLMARK_ANGIOGENESIS  HALLMARK_APICAL_JUNCTION  HALLMARK_APICAL_SURFACE  HALLMARK_APOPTOSIS  HALLMARK_BILE_ACID_METABOLISM  HALLMARK_CHOLESTEROL_HOMEOSTASIS  HALLMARK_COAGULATION  HALLMARK_COMPLEMENT  HALLMARK_DNA_REPAIR  HALLMARK_E2F_TARGETS  HALLMARK_EPITHELIAL_MESENCHYMAL_TRANSITION  HALLMARK_ESTROGEN_RESPONSE_EARLY  HALLMARK_ESTROGEN_RESPONSE_LATE  HALLMARK_FATTY_ACID_METABOLISM  HALLMARK_G2M_CHECKPOINT  HALLMARK_GLYCOLYSIS  HALLMARK_HEDGEHOG_SIGNALING  HALLMARK_HEME_METABOLISM  HALLMARK_HYPOXIA  HALLMARK_IL2_STAT5_SIGNALING  HALLMARK_IL6_JAK_STAT3_SIGNALING  HALLMARK_INFLAMMATORY_RESPONSE  HALLMARK_INTERFERON_ALPHA_RESPONSE  HALLMARK_INTERFERON_GAMMA_RESPONSE  HALLMARK_KRAS_SIGNALING_DN  HALLMARK_KRAS_SIGNALING_UP  HALLMARK_MITOTIC_SPINDLE  HALLMARK_MTORC1_SIGNALING  HALLMARK_MYC_TARGETS_V1  HALLMARK_MYC_TARGETS_V2  HALLMARK_MYOGENESIS  HALLMARK_NOTCH_SIGNALING  HALLMARK_OXIDATIVE_PHOSPHORYLATION  HALLMARK_P53_PATHWAY  HALLMARK_PANCREAS_BETA_CELLS  HALLMARK_PEROXISOME  HALLMARK_PI3K_AKT_MTOR_SIGNALING  HALLMARK_PROTEIN_SECRETION  HALLMARK_REACTIVE_OXYGEN_SPECIES_PATHWAY  HALLMARK_SPERMATOGENESIS  HALLMARK_TGF_BETA_SIGNALING  HALLMARK_TNFA_SIGNALING_VIA_NFKB  HALLMARK_UNFOLDED_PROTEIN_RESPONSE  HALLMARK_UV_RESPONSE_DN  HALLMARK_UV_RESPONSE_UP  HALLMARK_WNT_BETA_CATENIN_SIGNALING  HALLMARK_XENOBIOTIC_METABOLISM
TCGA-YG-AA3N              -0.149317                      0.708028                   -1.217434              -1.578778                  1.178975                 1.230987            0.103393                       0.978382                          0.079611              0.240592             0.549487            -0.161500             -1.274061                                   -0.838021                          1.609351                         1.467860                       -0.381939                -1.367215            -0.870133                    -0.253732                  0.831979         -0.041360                      0.073531                          0.189759                        0.138733                            0.282719                            0.419501                    2.278412                   -0.152090                 -1.355915                   -1.29277                -1.621460                 0.255092            -0.564641                  0.166052                           -0.658513              1.323174                      0.160862             0.249152                          0.650222                   -1.441223                                  0.756115                 -0.956707                    -0.843454                          0.437744                           -1.170061                -0.763769                 0.966321                            -0.307291                        0.805566
TCGA-EB-A24D              -2.200390                     -0.607570                    0.246617              -0.792403                 -0.784790                -0.841451           -0.926920                       0.409255                         -0.209525             -0.916081            -0.938696            -0.358827              0.268523                                   -0.381791                         -0.880660                        -0.871114                       -1.148857                 0.496940            -1.239944                     0.850236                 -0.405287         -1.516771                     -1.078329                         -1.041324                       -0.792490                           -1.117320                           -0.932679                   -0.423881                   -0.690858                  0.151020                   -0.57986                 0.087945                 0.222522            -0.749513                 -1.231970                           -0.567855             -0.535965                      0.196592            -0.201193                         -0.234457                    0.938506                                 -1.842941                  0.178929                    -0.725570                         -1.121688                            0.986298                 0.258910                -1.402948                            -1.007150                       -1.737612
TCGA-BF-AAP6               0.146604                     -1.038849                   -0.520893              -0.310272                 -0.730596                -0.234748           -0.258624                      -0.817502                         -0.088318             -0.224602            -0.661405             0.742549              0.960308                                    0.014139                         -0.561129                        -0.721976                       -0.169464                 0.865861             0.632076                    -0.194879                  0.235642         -0.013861                     -0.782188                         -0.903587                       -0.842790                           -0.955166                           -0.820001                   -0.322659                   -0.959918                  0.537462                    0.63542                 0.177678                 0.332268            -1.024726                 -0.711932                            0.148944              0.059701                     -0.085126             0.107678                         -0.157751                    0.850611                                  0.066524                  0.999154                     0.120070                         -0.663979                            0.614238                -0.427863                -0.540023                             0.191090                       -0.865421

[VERIFY] Reading data/bio_anchors/bio_anchors_SKCM_gsva_H50.csv
  Shape      : (470, 51)
  Columns    : ['patient_id', 'HALLMARK_ADIPOGENESIS', 'HALLMARK_ALLOGRAFT_REJECTION', 'HALLMARK_ANDROGEN_RESPONSE', 'HALLMARK_ANGIOGENESIS', 'HALLMARK_APICAL_JUNCTION', 'HALLMARK_APICAL_SURFACE', 'HALLMARK_APOPTOSIS', 'HALLMARK_BILE_ACID_METABOLISM', 'HALLMARK_CHOLESTEROL_HOMEOSTASIS', 'HALLMARK_COAGULATION', 'HALLMARK_COMPLEMENT', 'HALLMARK_DNA_REPAIR', 'HALLMARK_E2F_TARGETS', 'HALLMARK_EPITHELIAL_MESENCHYMAL_TRANSITION', 'HALLMARK_ESTROGEN_RESPONSE_EARLY', 'HALLMARK_ESTROGEN_RESPONSE_LATE', 'HALLMARK_FATTY_ACID_METABOLISM', 'HALLMARK_G2M_CHECKPOINT', 'HALLMARK_GLYCOLYSIS', 'HALLMARK_HEDGEHOG_SIGNALING', 'HALLMARK_HEME_METABOLISM', 'HALLMARK_HYPOXIA', 'HALLMARK_IL2_STAT5_SIGNALING', 'HALLMARK_IL6_JAK_STAT3_SIGNALING', 'HALLMARK_INFLAMMATORY_RESPONSE', 'HALLMARK_INTERFERON_ALPHA_RESPONSE', 'HALLMARK_INTERFERON_GAMMA_RESPONSE', 'HALLMARK_KRAS_SIGNALING_DN', 'HALLMARK_KRAS_SIGNALING_UP', 'HALLMARK_MITOTIC_SPINDLE', 'HALLMARK_MTORC1_SIGNALING', 'HALLMARK_MYC_TARGETS_V1', 'HALLMARK_MYC_TARGETS_V2', 'HALLMARK_MYOGENESIS', 'HALLMARK_NOTCH_SIGNALING', 'HALLMARK_OXIDATIVE_PHOSPHORYLATION', 'HALLMARK_P53_PATHWAY', 'HALLMARK_PANCREAS_BETA_CELLS', 'HALLMARK_PEROXISOME', 'HALLMARK_PI3K_AKT_MTOR_SIGNALING', 'HALLMARK_PROTEIN_SECRETION', 'HALLMARK_REACTIVE_OXYGEN_SPECIES_PATHWAY', 'HALLMARK_SPERMATOGENESIS', 'HALLMARK_TGF_BETA_SIGNALING', 'HALLMARK_TNFA_SIGNALING_VIA_NFKB', 'HALLMARK_UNFOLDED_PROTEIN_RESPONSE', 'HALLMARK_UV_RESPONSE_DN', 'HALLMARK_UV_RESPONSE_UP', 'HALLMARK_WNT_BETA_CATENIN_SIGNALING', 'HALLMARK_XENOBIOTIC_METABOLISM']
  patient_id sample: ['TCGA-YG-AA3N', 'TCGA-EB-A24D', 'TCGA-BF-AAP6']
  Value range: [-4.650, 4.541]
  Any NaN    : False
  [SKIP] CN.fea check (not provided or not found)

[VERIFY] Done.

Done. Next steps:
  1. Update your SLURM script:
       --bio_anchor_file data/bio_anchors/bio_anchors_SKCM_gsva_H50.csv \
       --bio_dim 50

  2. That's it. network.py and train_bioanchor.py need no changes.

=== SKCM H50 -> H40 filter ===
data/bio_anchors/bio_anchors_SKCM_gsva_H50.csv  ->  data/bio_anchors/bio_anchors_SKCM_gsva_H40.csv
  patients: 470   anchors: 50 -> 40
  dropped (10): HALLMARK_ADIPOGENESIS, HALLMARK_APICAL_SURFACE, HALLMARK_BILE_ACID_METABOLISM, HALLMARK_COAGULATION, HALLMARK_HEME_METABOLISM, HALLMARK_MYOGENESIS, HALLMARK_PANCREAS_BETA_CELLS, HALLMARK_PEROXISOME, HALLMARK_PROTEIN_SECRETION, HALLMARK_SPERMATOGENESIS
  NaNs in output: 0
=== SKCM coverage gate vs omics cohort ===
anchors: (470, 40) | omics patients: 446 | missing: 0
=== DONE Tue Aug 25 12:33:14 AM EDT 2026 ===
