=== PAAD H50 GSVA | Mon Aug 24 11:48:25 PM EDT 2026 ===
[INFO] Loading mRNA from: data/raw/PAAD_HiSeqV2_symbols.tsv.gz
[INFO] Loaded shape: (20530, 183)
[INFO] Sample gene names (index): ['ARHGEF10L', 'HIF3A', 'RNF17', 'RNF10', 'RNF11']
[INFO] Sample patient IDs (columns): ['TCGA-2L-AAQL-01', 'TCGA-2J-AABI-01', 'TCGA-3A-A9J0-01']
[GSVA] 50 anchors | 183 samples x 20530 genes
[GSVA] Anchors: ['HALLMARK_ADIPOGENESIS', 'HALLMARK_ALLOGRAFT_REJECTION', 'HALLMARK_ANDROGEN_RESPONSE', 'HALLMARK_ANGIOGENESIS', 'HALLMARK_APICAL_JUNCTION', 'HALLMARK_APICAL_SURFACE', 'HALLMARK_APOPTOSIS', 'HALLMARK_BILE_ACID_METABOLISM', 'HALLMARK_CHOLESTEROL_HOMEOSTASIS', 'HALLMARK_COAGULATION', 'HALLMARK_COMPLEMENT', 'HALLMARK_DNA_REPAIR', 'HALLMARK_E2F_TARGETS', 'HALLMARK_EPITHELIAL_MESENCHYMAL_TRANSITION', 'HALLMARK_ESTROGEN_RESPONSE_EARLY', 'HALLMARK_ESTROGEN_RESPONSE_LATE', 'HALLMARK_FATTY_ACID_METABOLISM', 'HALLMARK_G2M_CHECKPOINT', 'HALLMARK_GLYCOLYSIS', 'HALLMARK_HEDGEHOG_SIGNALING', 'HALLMARK_HEME_METABOLISM', 'HALLMARK_HYPOXIA', 'HALLMARK_IL2_STAT5_SIGNALING', 'HALLMARK_IL6_JAK_STAT3_SIGNALING', 'HALLMARK_INFLAMMATORY_RESPONSE', 'HALLMARK_INTERFERON_ALPHA_RESPONSE', 'HALLMARK_INTERFERON_GAMMA_RESPONSE', 'HALLMARK_KRAS_SIGNALING_DN', 'HALLMARK_KRAS_SIGNALING_UP', 'HALLMARK_MITOTIC_SPINDLE', 'HALLMARK_MTORC1_SIGNALING', 'HALLMARK_MYC_TARGETS_V1', 'HALLMARK_MYC_TARGETS_V2', 'HALLMARK_MYOGENESIS', 'HALLMARK_NOTCH_SIGNALING', 'HALLMARK_OXIDATIVE_PHOSPHORYLATION', 'HALLMARK_P53_PATHWAY', 'HALLMARK_PANCREAS_BETA_CELLS', 'HALLMARK_PEROXISOME', 'HALLMARK_PI3K_AKT_MTOR_SIGNALING', 'HALLMARK_PROTEIN_SECRETION', 'HALLMARK_REACTIVE_OXYGEN_SPECIES_PATHWAY', 'HALLMARK_SPERMATOGENESIS', 'HALLMARK_TGF_BETA_SIGNALING', 'HALLMARK_TNFA_SIGNALING_VIA_NFKB', 'HALLMARK_UNFOLDED_PROTEIN_RESPONSE', 'HALLMARK_UV_RESPONSE_DN', 'HALLMARK_UV_RESPONSE_UP', 'HALLMARK_WNT_BETA_CATENIN_SIGNALING', 'HALLMARK_XENOBIOTIC_METABOLISM']
  [OK] HALLMARK_ADIPOGENESIS: 189/200 genes (94%)
  [OK] HALLMARK_ALLOGRAFT_REJECTION: 195/200 genes (98%)
  [OK] HALLMARK_ANDROGEN_RESPONSE: 97/101 genes (96%)
  [OK] HALLMARK_ANGIOGENESIS: 36/36 genes (100%)
  [OK] HALLMARK_APICAL_JUNCTION: 192/200 genes (96%)
  [OK] HALLMARK_APICAL_SURFACE: 43/44 genes (98%)
  [OK] HALLMARK_APOPTOSIS: 158/161 genes (98%)
  [OK] HALLMARK_BILE_ACID_METABOLISM: 112/112 genes (100%)
  [OK] HALLMARK_CHOLESTEROL_HOMEOSTASIS: 72/74 genes (97%)
  [OK] HALLMARK_COAGULATION: 136/138 genes (99%)
  [OK] HALLMARK_COMPLEMENT: 195/200 genes (98%)
  [OK] HALLMARK_DNA_REPAIR: 139/150 genes (93%)
  [OK] HALLMARK_E2F_TARGETS: 187/200 genes (94%)
  [OK] HALLMARK_EPITHELIAL_MESENCHYMAL_TRANSITION: 194/200 genes (97%)
  [OK] HALLMARK_ESTROGEN_RESPONSE_EARLY: 190/200 genes (95%)
  [OK] HALLMARK_ESTROGEN_RESPONSE_LATE: 193/200 genes (96%)
  [OK] HALLMARK_FATTY_ACID_METABOLISM: 153/158 genes (97%)
  [OK] HALLMARK_G2M_CHECKPOINT: 183/200 genes (92%)
  [OK] HALLMARK_GLYCOLYSIS: 195/200 genes (98%)
  [OK] HALLMARK_HEDGEHOG_SIGNALING: 35/36 genes (97%)
  [OK] HALLMARK_HEME_METABOLISM: 190/200 genes (95%)
  [OK] HALLMARK_HYPOXIA: 190/200 genes (95%)
  [OK] HALLMARK_IL2_STAT5_SIGNALING: 193/199 genes (97%)
  [OK] HALLMARK_IL6_JAK_STAT3_SIGNALING: 87/87 genes (100%)
  [OK] HALLMARK_INFLAMMATORY_RESPONSE: 197/200 genes (98%)
  [OK] HALLMARK_INTERFERON_ALPHA_RESPONSE: 92/97 genes (95%)
  [OK] HALLMARK_INTERFERON_GAMMA_RESPONSE: 194/200 genes (97%)
  [OK] HALLMARK_KRAS_SIGNALING_DN: 188/200 genes (94%)
  [OK] HALLMARK_KRAS_SIGNALING_UP: 193/200 genes (96%)
  [OK] HALLMARK_MITOTIC_SPINDLE: 196/199 genes (98%)
  [OK] HALLMARK_MTORC1_SIGNALING: 191/200 genes (96%)
  [OK] HALLMARK_MYC_TARGETS_V1: 187/200 genes (94%)
  [OK] HALLMARK_MYC_TARGETS_V2: 57/58 genes (98%)
  [OK] HALLMARK_MYOGENESIS: 197/200 genes (98%)
  [OK] HALLMARK_NOTCH_SIGNALING: 32/32 genes (100%)
  [OK] HALLMARK_OXIDATIVE_PHOSPHORYLATION: 182/200 genes (91%)
  [OK] HALLMARK_P53_PATHWAY: 190/200 genes (95%)
  [OK] HALLMARK_PANCREAS_BETA_CELLS: 40/40 genes (100%)
  [OK] HALLMARK_PEROXISOME: 101/104 genes (97%)
  [OK] HALLMARK_PI3K_AKT_MTOR_SIGNALING: 104/105 genes (99%)
  [OK] HALLMARK_PROTEIN_SECRETION: 95/96 genes (99%)
  [OK] HALLMARK_REACTIVE_OXYGEN_SPECIES_PATHWAY: 45/49 genes (92%)
  [OK] HALLMARK_SPERMATOGENESIS: 131/135 genes (97%)
  [OK] HALLMARK_TGF_BETA_SIGNALING: 54/54 genes (100%)
  [OK] HALLMARK_TNFA_SIGNALING_VIA_NFKB: 196/200 genes (98%)
  [OK] HALLMARK_UNFOLDED_PROTEIN_RESPONSE: 105/113 genes (93%)
  [OK] HALLMARK_UV_RESPONSE_DN: 137/144 genes (95%)
  [OK] HALLMARK_UV_RESPONSE_UP: 152/158 genes (96%)
  [OK] HALLMARK_WNT_BETA_CATENIN_SIGNALING: 42/42 genes (100%)
  [OK] HALLMARK_XENOBIOTIC_METABOLISM: 196/200 genes (98%)
[GSVA] Running ssGSEA... (~3-5 min on full TCGA-BRCA)
[GSVA] Scores shape: (183, 50) | range [-0.225, 0.775]
[GSVA] Z-score normalized.
[GSVA] Saved to gsva_cache_PAAD_H50.pkl

[INFO] Anchor matrix: (183, 50)
[INFO] Saved: data/bio_anchors/bio_anchors_PAAD_gsva_H50.csv  shape=(178, 51)
[INFO] Columns: ['patient_id', 'HALLMARK_ADIPOGENESIS', 'HALLMARK_ALLOGRAFT_REJECTION', 'HALLMARK_ANDROGEN_RESPONSE', 'HALLMARK_ANGIOGENESIS', 'HALLMARK_APICAL_JUNCTION', 'HALLMARK_APICAL_SURFACE', 'HALLMARK_APOPTOSIS', 'HALLMARK_BILE_ACID_METABOLISM', 'HALLMARK_CHOLESTEROL_HOMEOSTASIS', 'HALLMARK_COAGULATION', 'HALLMARK_COMPLEMENT', 'HALLMARK_DNA_REPAIR', 'HALLMARK_E2F_TARGETS', 'HALLMARK_EPITHELIAL_MESENCHYMAL_TRANSITION', 'HALLMARK_ESTROGEN_RESPONSE_EARLY', 'HALLMARK_ESTROGEN_RESPONSE_LATE', 'HALLMARK_FATTY_ACID_METABOLISM', 'HALLMARK_G2M_CHECKPOINT', 'HALLMARK_GLYCOLYSIS', 'HALLMARK_HEDGEHOG_SIGNALING', 'HALLMARK_HEME_METABOLISM', 'HALLMARK_HYPOXIA', 'HALLMARK_IL2_STAT5_SIGNALING', 'HALLMARK_IL6_JAK_STAT3_SIGNALING', 'HALLMARK_INFLAMMATORY_RESPONSE', 'HALLMARK_INTERFERON_ALPHA_RESPONSE', 'HALLMARK_INTERFERON_GAMMA_RESPONSE', 'HALLMARK_KRAS_SIGNALING_DN', 'HALLMARK_KRAS_SIGNALING_UP', 'HALLMARK_MITOTIC_SPINDLE', 'HALLMARK_MTORC1_SIGNALING', 'HALLMARK_MYC_TARGETS_V1', 'HALLMARK_MYC_TARGETS_V2', 'HALLMARK_MYOGENESIS', 'HALLMARK_NOTCH_SIGNALING', 'HALLMARK_OXIDATIVE_PHOSPHORYLATION', 'HALLMARK_P53_PATHWAY', 'HALLMARK_PANCREAS_BETA_CELLS', 'HALLMARK_PEROXISOME', 'HALLMARK_PI3K_AKT_MTOR_SIGNALING', 'HALLMARK_PROTEIN_SECRETION', 'HALLMARK_REACTIVE_OXYGEN_SPECIES_PATHWAY', 'HALLMARK_SPERMATOGENESIS', 'HALLMARK_TGF_BETA_SIGNALING', 'HALLMARK_TNFA_SIGNALING_VIA_NFKB', 'HALLMARK_UNFOLDED_PROTEIN_RESPONSE', 'HALLMARK_UV_RESPONSE_DN', 'HALLMARK_UV_RESPONSE_UP', 'HALLMARK_WNT_BETA_CATENIN_SIGNALING', 'HALLMARK_XENOBIOTIC_METABOLISM']

First 3 rows:
  patient_id  HALLMARK_ADIPOGENESIS  HALLMARK_ALLOGRAFT_REJECTION  HALLMARK_ANDROGEN_RESPONSE  HALLMARK_ANGIOGENESIS  HALLMARK_APICAL_JUNCTION  HALLMARK_APICAL_SURFACE  HALLMARK_APOPTOSIS  HALLMARK_BILE_ACID_METABOLISM  HALLMARK_CHOLESTEROL_HOMEOSTASIS  HALLMARK_COAGULATION  HALLMARK_COMPLEMENT  HALLMARK_DNA_REPAIR  HALLMARK_E2F_TARGETS  HALLMARK_EPITHELIAL_MESENCHYMAL_TRANSITION  HALLMARK_ESTROGEN_RESPONSE_EARLY  HALLMARK_ESTROGEN_RESPONSE_LATE  HALLMARK_FATTY_ACID_METABOLISM  HALLMARK_G2M_CHECKPOINT  HALLMARK_GLYCOLYSIS  HALLMARK_HEDGEHOG_SIGNALING  HALLMARK_HEME_METABOLISM  HALLMARK_HYPOXIA  HALLMARK_IL2_STAT5_SIGNALING  HALLMARK_IL6_JAK_STAT3_SIGNALING  HALLMARK_INFLAMMATORY_RESPONSE  HALLMARK_INTERFERON_ALPHA_RESPONSE  HALLMARK_INTERFERON_GAMMA_RESPONSE  HALLMARK_KRAS_SIGNALING_DN  HALLMARK_KRAS_SIGNALING_UP  HALLMARK_MITOTIC_SPINDLE  HALLMARK_MTORC1_SIGNALING  HALLMARK_MYC_TARGETS_V1  HALLMARK_MYC_TARGETS_V2  HALLMARK_MYOGENESIS  HALLMARK_NOTCH_SIGNALING  HALLMARK_OXIDATIVE_PHOSPHORYLATION  HALLMARK_P53_PATHWAY  HALLMARK_PANCREAS_BETA_CELLS  HALLMARK_PEROXISOME  HALLMARK_PI3K_AKT_MTOR_SIGNALING  HALLMARK_PROTEIN_SECRETION  HALLMARK_REACTIVE_OXYGEN_SPECIES_PATHWAY  HALLMARK_SPERMATOGENESIS  HALLMARK_TGF_BETA_SIGNALING  HALLMARK_TNFA_SIGNALING_VIA_NFKB  HALLMARK_UNFOLDED_PROTEIN_RESPONSE  HALLMARK_UV_RESPONSE_DN  HALLMARK_UV_RESPONSE_UP  HALLMARK_WNT_BETA_CATENIN_SIGNALING  HALLMARK_XENOBIOTIC_METABOLISM
TCGA-2L-AAQL               0.324018                     -0.176876                   -1.491973               0.861176                  0.170024                -0.165500            0.116461                      -0.025062                          0.982107              0.673282            -0.122524             0.963920             -0.868580                                   -0.076810                         -0.176144                         0.520839                        0.811436                -0.957320             0.118947                    -0.192327                 -1.394035         -0.322107                     -0.331750                         -0.566696                       -0.385560                           -0.064623                           -0.177095                    1.638899                    0.114005                 -1.979478                  -0.526451                 0.022768                 0.084842             1.277354                  0.293324                            1.569066              1.225148                      0.838326             0.479473                         -1.084653                   -2.117333                                  1.694387                 -0.230499                    -0.472762                          0.054999                           -0.759725                -1.140331                 0.930766                            -1.135825                        0.713510
TCGA-2J-AABI              -2.108648                      0.451811                   -1.767407              -0.286517                  0.427463                 0.542130            0.619690                      -2.334753                         -1.439915             -1.374299            -0.744960             1.318151              1.479600                                   -0.149344                         -0.942917                        -1.252205                       -2.063863                 1.233542             0.702693                    -0.701135                 -1.550951          0.775820                     -0.226898                          0.116884                        0.261593                           -0.662161                           -0.284230                    0.066385                   -0.719625                  0.878024                  -0.228027                 0.727193                 0.725617            -0.457553                  0.708930                           -0.693851              0.420791                     -1.754976            -3.261863                         -0.134874                   -1.701284                                 -0.480580                 -0.492503                    -0.420326                          0.406698                           -0.314117                -0.405160                -1.571910                             2.757053                       -2.239012
TCGA-3A-A9J0               0.664639                     -0.538273                   -0.367717              -0.642386                  0.073631                -0.543483            0.193565                      -1.198652                          1.694816             -0.259143            -0.552809             0.440625              1.202931                                    0.299801                          0.532481                         0.389282                        0.329467                 1.226627             1.185313                    -0.592697                 -1.162466          0.633134                     -0.315392                         -0.103413                       -0.208396                           -0.695428                           -0.591341                   -1.155447                   -0.062754                  0.423818                   1.520957                 1.035531                 0.735971             0.268148                  0.469511                            0.027988              0.653344                     -1.714491            -0.925468                         -0.001901                   -0.693179                                  1.471153                 -0.346982                     0.052796                          0.054256                            0.333291                 0.240782                 0.857195                             0.265397                       -0.007310

[VERIFY] Reading data/bio_anchors/bio_anchors_PAAD_gsva_H50.csv
  Shape      : (178, 51)
  Columns    : ['patient_id', 'HALLMARK_ADIPOGENESIS', 'HALLMARK_ALLOGRAFT_REJECTION', 'HALLMARK_ANDROGEN_RESPONSE', 'HALLMARK_ANGIOGENESIS', 'HALLMARK_APICAL_JUNCTION', 'HALLMARK_APICAL_SURFACE', 'HALLMARK_APOPTOSIS', 'HALLMARK_BILE_ACID_METABOLISM', 'HALLMARK_CHOLESTEROL_HOMEOSTASIS', 'HALLMARK_COAGULATION', 'HALLMARK_COMPLEMENT', 'HALLMARK_DNA_REPAIR', 'HALLMARK_E2F_TARGETS', 'HALLMARK_EPITHELIAL_MESENCHYMAL_TRANSITION', 'HALLMARK_ESTROGEN_RESPONSE_EARLY', 'HALLMARK_ESTROGEN_RESPONSE_LATE', 'HALLMARK_FATTY_ACID_METABOLISM', 'HALLMARK_G2M_CHECKPOINT', 'HALLMARK_GLYCOLYSIS', 'HALLMARK_HEDGEHOG_SIGNALING', 'HALLMARK_HEME_METABOLISM', 'HALLMARK_HYPOXIA', 'HALLMARK_IL2_STAT5_SIGNALING', 'HALLMARK_IL6_JAK_STAT3_SIGNALING', 'HALLMARK_INFLAMMATORY_RESPONSE', 'HALLMARK_INTERFERON_ALPHA_RESPONSE', 'HALLMARK_INTERFERON_GAMMA_RESPONSE', 'HALLMARK_KRAS_SIGNALING_DN', 'HALLMARK_KRAS_SIGNALING_UP', 'HALLMARK_MITOTIC_SPINDLE', 'HALLMARK_MTORC1_SIGNALING', 'HALLMARK_MYC_TARGETS_V1', 'HALLMARK_MYC_TARGETS_V2', 'HALLMARK_MYOGENESIS', 'HALLMARK_NOTCH_SIGNALING', 'HALLMARK_OXIDATIVE_PHOSPHORYLATION', 'HALLMARK_P53_PATHWAY', 'HALLMARK_PANCREAS_BETA_CELLS', 'HALLMARK_PEROXISOME', 'HALLMARK_PI3K_AKT_MTOR_SIGNALING', 'HALLMARK_PROTEIN_SECRETION', 'HALLMARK_REACTIVE_OXYGEN_SPECIES_PATHWAY', 'HALLMARK_SPERMATOGENESIS', 'HALLMARK_TGF_BETA_SIGNALING', 'HALLMARK_TNFA_SIGNALING_VIA_NFKB', 'HALLMARK_UNFOLDED_PROTEIN_RESPONSE', 'HALLMARK_UV_RESPONSE_DN', 'HALLMARK_UV_RESPONSE_UP', 'HALLMARK_WNT_BETA_CATENIN_SIGNALING', 'HALLMARK_XENOBIOTIC_METABOLISM']
  patient_id sample: ['TCGA-2L-AAQL', 'TCGA-2J-AABI', 'TCGA-3A-A9J0']
  Value range: [-5.371, 3.866]
  Any NaN    : False
  [SKIP] CN.fea check (not provided or not found)

[VERIFY] Done.

Done. Next steps:
  1. Update your SLURM script:
       --bio_anchor_file data/bio_anchors/bio_anchors_PAAD_gsva_H50.csv \
       --bio_dim 50

  2. That's it. network.py and train_bioanchor.py need no changes.

=== PAAD H50 -> H40 filter ===
data/bio_anchors/bio_anchors_PAAD_gsva_H50.csv  ->  data/bio_anchors/bio_anchors_PAAD_gsva_H40.csv
  patients: 178   anchors: 50 -> 40
  dropped (10): HALLMARK_ADIPOGENESIS, HALLMARK_APICAL_SURFACE, HALLMARK_BILE_ACID_METABOLISM, HALLMARK_COAGULATION, HALLMARK_HEME_METABOLISM, HALLMARK_MYOGENESIS, HALLMARK_PANCREAS_BETA_CELLS, HALLMARK_PEROXISOME, HALLMARK_PROTEIN_SECRETION, HALLMARK_SPERMATOGENESIS
  NaNs in output: 0
=== PAAD coverage gate vs omics cohort ===
anchors: (178, 40) | omics patients: 176 | missing: 0
=== DONE Mon Aug 24 11:49:56 PM EDT 2026 ===
