=== GBM H50 GSVA | Mon Aug 24 11:48:25 PM EDT 2026 ===
[INFO] Loading mRNA from: data/raw/GBM_HiSeqV2_symbols.tsv.gz
[INFO] Loaded shape: (20530, 172)
[INFO] Sample gene names (index): ['ARHGEF10L', 'HIF3A', 'RNF17', 'RNF10', 'RNF11']
[INFO] Sample patient IDs (columns): ['TCGA-27-1832-01', 'TCGA-27-1831-01', 'TCGA-28-5216-01']
[GSVA] 50 anchors | 172 samples x 20530 genes
[GSVA] Anchors: ['HALLMARK_ADIPOGENESIS', 'HALLMARK_ALLOGRAFT_REJECTION', 'HALLMARK_ANDROGEN_RESPONSE', 'HALLMARK_ANGIOGENESIS', 'HALLMARK_APICAL_JUNCTION', 'HALLMARK_APICAL_SURFACE', 'HALLMARK_APOPTOSIS', 'HALLMARK_BILE_ACID_METABOLISM', 'HALLMARK_CHOLESTEROL_HOMEOSTASIS', 'HALLMARK_COAGULATION', 'HALLMARK_COMPLEMENT', 'HALLMARK_DNA_REPAIR', 'HALLMARK_E2F_TARGETS', 'HALLMARK_EPITHELIAL_MESENCHYMAL_TRANSITION', 'HALLMARK_ESTROGEN_RESPONSE_EARLY', 'HALLMARK_ESTROGEN_RESPONSE_LATE', 'HALLMARK_FATTY_ACID_METABOLISM', 'HALLMARK_G2M_CHECKPOINT', 'HALLMARK_GLYCOLYSIS', 'HALLMARK_HEDGEHOG_SIGNALING', 'HALLMARK_HEME_METABOLISM', 'HALLMARK_HYPOXIA', 'HALLMARK_IL2_STAT5_SIGNALING', 'HALLMARK_IL6_JAK_STAT3_SIGNALING', 'HALLMARK_INFLAMMATORY_RESPONSE', 'HALLMARK_INTERFERON_ALPHA_RESPONSE', 'HALLMARK_INTERFERON_GAMMA_RESPONSE', 'HALLMARK_KRAS_SIGNALING_DN', 'HALLMARK_KRAS_SIGNALING_UP', 'HALLMARK_MITOTIC_SPINDLE', 'HALLMARK_MTORC1_SIGNALING', 'HALLMARK_MYC_TARGETS_V1', 'HALLMARK_MYC_TARGETS_V2', 'HALLMARK_MYOGENESIS', 'HALLMARK_NOTCH_SIGNALING', 'HALLMARK_OXIDATIVE_PHOSPHORYLATION', 'HALLMARK_P53_PATHWAY', 'HALLMARK_PANCREAS_BETA_CELLS', 'HALLMARK_PEROXISOME', 'HALLMARK_PI3K_AKT_MTOR_SIGNALING', 'HALLMARK_PROTEIN_SECRETION', 'HALLMARK_REACTIVE_OXYGEN_SPECIES_PATHWAY', 'HALLMARK_SPERMATOGENESIS', 'HALLMARK_TGF_BETA_SIGNALING', 'HALLMARK_TNFA_SIGNALING_VIA_NFKB', 'HALLMARK_UNFOLDED_PROTEIN_RESPONSE', 'HALLMARK_UV_RESPONSE_DN', 'HALLMARK_UV_RESPONSE_UP', 'HALLMARK_WNT_BETA_CATENIN_SIGNALING', 'HALLMARK_XENOBIOTIC_METABOLISM']
  [OK] HALLMARK_ADIPOGENESIS: 189/200 genes (94%)
  [OK] HALLMARK_ALLOGRAFT_REJECTION: 195/200 genes (98%)
  [OK] HALLMARK_ANDROGEN_RESPONSE: 97/101 genes (96%)
  [OK] HALLMARK_ANGIOGENESIS: 36/36 genes (100%)
  [OK] HALLMARK_APICAL_JUNCTION: 192/200 genes (96%)
  [OK] HALLMARK_APICAL_SURFACE: 43/44 genes (98%)
  [OK] HALLMARK_APOPTOSIS: 158/161 genes (98%)
  [OK] HALLMARK_BILE_ACID_METABOLISM: 112/112 genes (100%)
  [OK] HALLMARK_CHOLESTEROL_HOMEOSTASIS: 72/74 genes (97%)
  [OK] HALLMARK_COAGULATION: 136/138 genes (99%)
  [OK] HALLMARK_COMPLEMENT: 195/200 genes (98%)
  [OK] HALLMARK_DNA_REPAIR: 139/150 genes (93%)
  [OK] HALLMARK_E2F_TARGETS: 187/200 genes (94%)
  [OK] HALLMARK_EPITHELIAL_MESENCHYMAL_TRANSITION: 194/200 genes (97%)
  [OK] HALLMARK_ESTROGEN_RESPONSE_EARLY: 190/200 genes (95%)
  [OK] HALLMARK_ESTROGEN_RESPONSE_LATE: 193/200 genes (96%)
  [OK] HALLMARK_FATTY_ACID_METABOLISM: 153/158 genes (97%)
  [OK] HALLMARK_G2M_CHECKPOINT: 183/200 genes (92%)
  [OK] HALLMARK_GLYCOLYSIS: 195/200 genes (98%)
  [OK] HALLMARK_HEDGEHOG_SIGNALING: 35/36 genes (97%)
  [OK] HALLMARK_HEME_METABOLISM: 190/200 genes (95%)
  [OK] HALLMARK_HYPOXIA: 190/200 genes (95%)
  [OK] HALLMARK_IL2_STAT5_SIGNALING: 193/199 genes (97%)
  [OK] HALLMARK_IL6_JAK_STAT3_SIGNALING: 87/87 genes (100%)
  [OK] HALLMARK_INFLAMMATORY_RESPONSE: 197/200 genes (98%)
  [OK] HALLMARK_INTERFERON_ALPHA_RESPONSE: 92/97 genes (95%)
  [OK] HALLMARK_INTERFERON_GAMMA_RESPONSE: 194/200 genes (97%)
  [OK] HALLMARK_KRAS_SIGNALING_DN: 188/200 genes (94%)
  [OK] HALLMARK_KRAS_SIGNALING_UP: 193/200 genes (96%)
  [OK] HALLMARK_MITOTIC_SPINDLE: 196/199 genes (98%)
  [OK] HALLMARK_MTORC1_SIGNALING: 191/200 genes (96%)
  [OK] HALLMARK_MYC_TARGETS_V1: 187/200 genes (94%)
  [OK] HALLMARK_MYC_TARGETS_V2: 57/58 genes (98%)
  [OK] HALLMARK_MYOGENESIS: 197/200 genes (98%)
  [OK] HALLMARK_NOTCH_SIGNALING: 32/32 genes (100%)
  [OK] HALLMARK_OXIDATIVE_PHOSPHORYLATION: 182/200 genes (91%)
  [OK] HALLMARK_P53_PATHWAY: 190/200 genes (95%)
  [OK] HALLMARK_PANCREAS_BETA_CELLS: 40/40 genes (100%)
  [OK] HALLMARK_PEROXISOME: 101/104 genes (97%)
  [OK] HALLMARK_PI3K_AKT_MTOR_SIGNALING: 104/105 genes (99%)
  [OK] HALLMARK_PROTEIN_SECRETION: 95/96 genes (99%)
  [OK] HALLMARK_REACTIVE_OXYGEN_SPECIES_PATHWAY: 45/49 genes (92%)
  [OK] HALLMARK_SPERMATOGENESIS: 131/135 genes (97%)
  [OK] HALLMARK_TGF_BETA_SIGNALING: 54/54 genes (100%)
  [OK] HALLMARK_TNFA_SIGNALING_VIA_NFKB: 196/200 genes (98%)
  [OK] HALLMARK_UNFOLDED_PROTEIN_RESPONSE: 105/113 genes (93%)
  [OK] HALLMARK_UV_RESPONSE_DN: 137/144 genes (95%)
  [OK] HALLMARK_UV_RESPONSE_UP: 152/158 genes (96%)
  [OK] HALLMARK_WNT_BETA_CATENIN_SIGNALING: 42/42 genes (100%)
  [OK] HALLMARK_XENOBIOTIC_METABOLISM: 196/200 genes (98%)
[GSVA] Running ssGSEA... (~3-5 min on full TCGA-BRCA)
[GSVA] Scores shape: (172, 50) | range [-0.222, 0.778]
[GSVA] Z-score normalized.
[GSVA] Saved to gsva_cache_GBM_H50.pkl

[INFO] Anchor matrix: (172, 50)
[INFO] Saved: data/bio_anchors/bio_anchors_GBM_gsva_H50.csv  shape=(154, 51)
[INFO] Columns: ['patient_id', 'HALLMARK_ADIPOGENESIS', 'HALLMARK_ALLOGRAFT_REJECTION', 'HALLMARK_ANDROGEN_RESPONSE', 'HALLMARK_ANGIOGENESIS', 'HALLMARK_APICAL_JUNCTION', 'HALLMARK_APICAL_SURFACE', 'HALLMARK_APOPTOSIS', 'HALLMARK_BILE_ACID_METABOLISM', 'HALLMARK_CHOLESTEROL_HOMEOSTASIS', 'HALLMARK_COAGULATION', 'HALLMARK_COMPLEMENT', 'HALLMARK_DNA_REPAIR', 'HALLMARK_E2F_TARGETS', 'HALLMARK_EPITHELIAL_MESENCHYMAL_TRANSITION', 'HALLMARK_ESTROGEN_RESPONSE_EARLY', 'HALLMARK_ESTROGEN_RESPONSE_LATE', 'HALLMARK_FATTY_ACID_METABOLISM', 'HALLMARK_G2M_CHECKPOINT', 'HALLMARK_GLYCOLYSIS', 'HALLMARK_HEDGEHOG_SIGNALING', 'HALLMARK_HEME_METABOLISM', 'HALLMARK_HYPOXIA', 'HALLMARK_IL2_STAT5_SIGNALING', 'HALLMARK_IL6_JAK_STAT3_SIGNALING', 'HALLMARK_INFLAMMATORY_RESPONSE', 'HALLMARK_INTERFERON_ALPHA_RESPONSE', 'HALLMARK_INTERFERON_GAMMA_RESPONSE', 'HALLMARK_KRAS_SIGNALING_DN', 'HALLMARK_KRAS_SIGNALING_UP', 'HALLMARK_MITOTIC_SPINDLE', 'HALLMARK_MTORC1_SIGNALING', 'HALLMARK_MYC_TARGETS_V1', 'HALLMARK_MYC_TARGETS_V2', 'HALLMARK_MYOGENESIS', 'HALLMARK_NOTCH_SIGNALING', 'HALLMARK_OXIDATIVE_PHOSPHORYLATION', 'HALLMARK_P53_PATHWAY', 'HALLMARK_PANCREAS_BETA_CELLS', 'HALLMARK_PEROXISOME', 'HALLMARK_PI3K_AKT_MTOR_SIGNALING', 'HALLMARK_PROTEIN_SECRETION', 'HALLMARK_REACTIVE_OXYGEN_SPECIES_PATHWAY', 'HALLMARK_SPERMATOGENESIS', 'HALLMARK_TGF_BETA_SIGNALING', 'HALLMARK_TNFA_SIGNALING_VIA_NFKB', 'HALLMARK_UNFOLDED_PROTEIN_RESPONSE', 'HALLMARK_UV_RESPONSE_DN', 'HALLMARK_UV_RESPONSE_UP', 'HALLMARK_WNT_BETA_CATENIN_SIGNALING', 'HALLMARK_XENOBIOTIC_METABOLISM']

First 3 rows:
  patient_id  HALLMARK_ADIPOGENESIS  HALLMARK_ALLOGRAFT_REJECTION  HALLMARK_ANDROGEN_RESPONSE  HALLMARK_ANGIOGENESIS  HALLMARK_APICAL_JUNCTION  HALLMARK_APICAL_SURFACE  HALLMARK_APOPTOSIS  HALLMARK_BILE_ACID_METABOLISM  HALLMARK_CHOLESTEROL_HOMEOSTASIS  HALLMARK_COAGULATION  HALLMARK_COMPLEMENT  HALLMARK_DNA_REPAIR  HALLMARK_E2F_TARGETS  HALLMARK_EPITHELIAL_MESENCHYMAL_TRANSITION  HALLMARK_ESTROGEN_RESPONSE_EARLY  HALLMARK_ESTROGEN_RESPONSE_LATE  HALLMARK_FATTY_ACID_METABOLISM  HALLMARK_G2M_CHECKPOINT  HALLMARK_GLYCOLYSIS  HALLMARK_HEDGEHOG_SIGNALING  HALLMARK_HEME_METABOLISM  HALLMARK_HYPOXIA  HALLMARK_IL2_STAT5_SIGNALING  HALLMARK_IL6_JAK_STAT3_SIGNALING  HALLMARK_INFLAMMATORY_RESPONSE  HALLMARK_INTERFERON_ALPHA_RESPONSE  HALLMARK_INTERFERON_GAMMA_RESPONSE  HALLMARK_KRAS_SIGNALING_DN  HALLMARK_KRAS_SIGNALING_UP  HALLMARK_MITOTIC_SPINDLE  HALLMARK_MTORC1_SIGNALING  HALLMARK_MYC_TARGETS_V1  HALLMARK_MYC_TARGETS_V2  HALLMARK_MYOGENESIS  HALLMARK_NOTCH_SIGNALING  HALLMARK_OXIDATIVE_PHOSPHORYLATION  HALLMARK_P53_PATHWAY  HALLMARK_PANCREAS_BETA_CELLS  HALLMARK_PEROXISOME  HALLMARK_PI3K_AKT_MTOR_SIGNALING  HALLMARK_PROTEIN_SECRETION  HALLMARK_REACTIVE_OXYGEN_SPECIES_PATHWAY  HALLMARK_SPERMATOGENESIS  HALLMARK_TGF_BETA_SIGNALING  HALLMARK_TNFA_SIGNALING_VIA_NFKB  HALLMARK_UNFOLDED_PROTEIN_RESPONSE  HALLMARK_UV_RESPONSE_DN  HALLMARK_UV_RESPONSE_UP  HALLMARK_WNT_BETA_CATENIN_SIGNALING  HALLMARK_XENOBIOTIC_METABOLISM
TCGA-27-1832               0.588099                      0.871337                    0.150079              -0.167587                  0.143783                 0.284332            0.941825                       0.475991                          0.701402              0.588903             0.672846             0.682744              0.397960                                    1.288320                          1.003346                         1.876324                        0.594767                 0.070503             1.068938                    -1.118090                 -0.033150          1.123479                      0.644617                          0.531052                        0.654198                            1.267955                            1.261646                   -0.247491                    0.096120                  0.038828                   0.811524                 0.135008                -0.397568             1.123677                 -1.532976                            0.153144              0.733609                     -0.988186             0.989479                         -0.159732                   -0.599973                                  0.840590                 -0.071188                    -0.061605                          0.580096                            0.397749                 0.495471                 0.516341                            -0.236905                        1.405555
TCGA-27-1831               1.587219                      0.786010                   -0.063911               0.370615                 -2.634110                -1.660073            0.650204                       0.743654                          0.566267              0.405481             0.708282             1.449475              0.187743                                    0.166599                         -2.065963                        -0.196527                        1.906487                -0.470350             0.622955                    -1.989101                 -1.117406         -0.050750                      0.311872                          0.361192                        0.442498                            1.461795                            1.370150                   -1.609385                    0.525214                 -2.375702                   1.137013                 0.877173                -0.071081            -1.066522                 -1.521614                            2.290364              0.415794                     -1.129299             0.967464                         -0.484240                    0.987620                                 -0.091776                  0.021031                    -0.893412                          0.183531                            0.323549                -0.836686                -0.484213                            -2.882135                        0.768197
TCGA-28-5216               0.314694                     -0.278385                    0.729663               0.429921                  0.410756                -0.899547            0.336822                      -0.828479                          1.279102              0.563913             0.138281            -0.117987             -0.019612                                    0.706162                          0.833779                         0.870768                        0.386821                 0.212461             1.392493                     0.401134                  0.032726          1.538879                      0.115054                          0.187173                        0.143526                           -0.768428                           -0.618064                    0.078135                    0.408102                  0.213590                   1.140579                 0.595310                 0.552963             1.261769                  0.218312                            0.359676              0.169767                      0.355324             0.347626                          0.463793                    0.769687                                  0.883061                 -0.091344                     0.494453                          0.388198                            1.394655                 0.631782                 0.377044                             0.172808                        0.276575

[VERIFY] Reading data/bio_anchors/bio_anchors_GBM_gsva_H50.csv
  Shape      : (154, 51)
  Columns    : ['patient_id', 'HALLMARK_ADIPOGENESIS', 'HALLMARK_ALLOGRAFT_REJECTION', 'HALLMARK_ANDROGEN_RESPONSE', 'HALLMARK_ANGIOGENESIS', 'HALLMARK_APICAL_JUNCTION', 'HALLMARK_APICAL_SURFACE', 'HALLMARK_APOPTOSIS', 'HALLMARK_BILE_ACID_METABOLISM', 'HALLMARK_CHOLESTEROL_HOMEOSTASIS', 'HALLMARK_COAGULATION', 'HALLMARK_COMPLEMENT', 'HALLMARK_DNA_REPAIR', 'HALLMARK_E2F_TARGETS', 'HALLMARK_EPITHELIAL_MESENCHYMAL_TRANSITION', 'HALLMARK_ESTROGEN_RESPONSE_EARLY', 'HALLMARK_ESTROGEN_RESPONSE_LATE', 'HALLMARK_FATTY_ACID_METABOLISM', 'HALLMARK_G2M_CHECKPOINT', 'HALLMARK_GLYCOLYSIS', 'HALLMARK_HEDGEHOG_SIGNALING', 'HALLMARK_HEME_METABOLISM', 'HALLMARK_HYPOXIA', 'HALLMARK_IL2_STAT5_SIGNALING', 'HALLMARK_IL6_JAK_STAT3_SIGNALING', 'HALLMARK_INFLAMMATORY_RESPONSE', 'HALLMARK_INTERFERON_ALPHA_RESPONSE', 'HALLMARK_INTERFERON_GAMMA_RESPONSE', 'HALLMARK_KRAS_SIGNALING_DN', 'HALLMARK_KRAS_SIGNALING_UP', 'HALLMARK_MITOTIC_SPINDLE', 'HALLMARK_MTORC1_SIGNALING', 'HALLMARK_MYC_TARGETS_V1', 'HALLMARK_MYC_TARGETS_V2', 'HALLMARK_MYOGENESIS', 'HALLMARK_NOTCH_SIGNALING', 'HALLMARK_OXIDATIVE_PHOSPHORYLATION', 'HALLMARK_P53_PATHWAY', 'HALLMARK_PANCREAS_BETA_CELLS', 'HALLMARK_PEROXISOME', 'HALLMARK_PI3K_AKT_MTOR_SIGNALING', 'HALLMARK_PROTEIN_SECRETION', 'HALLMARK_REACTIVE_OXYGEN_SPECIES_PATHWAY', 'HALLMARK_SPERMATOGENESIS', 'HALLMARK_TGF_BETA_SIGNALING', 'HALLMARK_TNFA_SIGNALING_VIA_NFKB', 'HALLMARK_UNFOLDED_PROTEIN_RESPONSE', 'HALLMARK_UV_RESPONSE_DN', 'HALLMARK_UV_RESPONSE_UP', 'HALLMARK_WNT_BETA_CATENIN_SIGNALING', 'HALLMARK_XENOBIOTIC_METABOLISM']
  patient_id sample: ['TCGA-27-1832', 'TCGA-27-1831', 'TCGA-28-5216']
  Value range: [-5.096, 3.712]
  Any NaN    : False
  [SKIP] CN.fea check (not provided or not found)

[VERIFY] Done.

Done. Next steps:
  1. Update your SLURM script:
       --bio_anchor_file data/bio_anchors/bio_anchors_GBM_gsva_H50.csv \
       --bio_dim 50

  2. That's it. network.py and train_bioanchor.py need no changes.

=== GBM H50 -> H40 filter ===
data/bio_anchors/bio_anchors_GBM_gsva_H50.csv  ->  data/bio_anchors/bio_anchors_GBM_gsva_H40.csv
  patients: 154   anchors: 50 -> 40
  dropped (10): HALLMARK_ADIPOGENESIS, HALLMARK_APICAL_SURFACE, HALLMARK_BILE_ACID_METABOLISM, HALLMARK_COAGULATION, HALLMARK_HEME_METABOLISM, HALLMARK_MYOGENESIS, HALLMARK_PANCREAS_BETA_CELLS, HALLMARK_PEROXISOME, HALLMARK_PROTEIN_SECRETION, HALLMARK_SPERMATOGENESIS
  NaNs in output: 0
=== GBM coverage gate vs omics cohort ===
anchors: (154, 40) | omics patients: 127 | missing: 7
WARNING: missing 7 e.g. ['TCGA-14-1402', 'TCGA-19-0957', 'TCGA-19-1389', 'TCGA-06-0171', 'TCGA-06-0221']
=== DONE Mon Aug 24 11:49:51 PM EDT 2026 ===
