=== gate: anchors cover omics ===
gate passed: 1031 patients
=== BRCA | head=attention_query_v3 | k=5 | Thu Sep  3 11:29:41 AM EDT 2026 ===
Head type    : attention_query_v3
Cancer       : BRCA | bio_dim: 16 | lambda_bio: 0.1
Bio anchor   : data/bio_anchors/bio_anchors_BRCA_gsva_H40.csv
Cluster num  : 5
Epochs       : 600
[dataloader] Loaded bio-anchors from data/bio_anchors/bio_anchors_BRCA_gsva_H40.csv: torch.Size([1031, 40])
Device       : cpu
Model params : 73,968,944
Epoch [0/600] Step [0/17] Loss: 7.3298 Bio: 0.9297 GateEnt: 1.6089 GateDiv: 0.3000
Epoch [0/600] Total Loss: 121.6808
Epoch [1/600] Step [0/17] Loss: 7.2927 Bio: 0.9436 GateEnt: 1.5717 GateDiv: 0.3000
Epoch [1/600] Total Loss: 121.5498
Epoch [2/600] Step [0/17] Loss: 7.2955 Bio: 1.0129 GateEnt: 1.5460 GateDiv: 0.3000
Epoch [2/600] Total Loss: 121.4863
Epoch [3/600] Step [0/17] Loss: 7.2796 Bio: 0.8892 GateEnt: 1.5113 GateDiv: 0.3000
Epoch [3/600] Total Loss: 121.4423
Epoch [4/600] Step [0/17] Loss: 7.2814 Bio: 0.9512 GateEnt: 1.4680 GateDiv: 0.3000
Epoch [4/600] Total Loss: 121.3876
Epoch [5/600] Step [0/17] Loss: 7.2747 Bio: 0.9337 GateEnt: 1.4138 GateDiv: 0.3000
Epoch [5/600] Total Loss: 121.2179
Epoch [6/600] Step [0/17] Loss: 7.2567 Bio: 0.8288 GateEnt: 1.3431 GateDiv: 0.3000
Epoch [6/600] Total Loss: 121.1047
Epoch [7/600] Step [0/17] Loss: 7.2507 Bio: 0.8551 GateEnt: 1.2313 GateDiv: 0.3000
Epoch [7/600] Total Loss: 120.9761
Epoch [8/600] Step [0/17] Loss: 7.2421 Bio: 0.9265 GateEnt: 1.0985 GateDiv: 0.3000
Epoch [8/600] Total Loss: 120.6170
Epoch [9/600] Step [0/17] Loss: 7.2179 Bio: 0.8666 GateEnt: 0.9167 GateDiv: 0.3000
Epoch [9/600] Total Loss: 120.2932
Epoch [10/600] Step [0/17] Loss: 7.2169 Bio: 1.0169 GateEnt: 0.7567 GateDiv: 0.3000
Epoch [10/600] Total Loss: 120.0444
Epoch [11/600] Step [0/17] Loss: 7.1957 Bio: 0.9463 GateEnt: 0.6155 GateDiv: 0.3000
Epoch [11/600] Total Loss: 119.8175
Epoch [12/600] Step [0/17] Loss: 7.1719 Bio: 0.8329 GateEnt: 0.4915 GateDiv: 0.3000
Epoch [12/600] Total Loss: 119.5924
Epoch [13/600] Step [0/17] Loss: 7.1619 Bio: 0.8485 GateEnt: 0.3769 GateDiv: 0.3000
Epoch [13/600] Total Loss: 119.1026
Epoch [14/600] Step [0/17] Loss: 7.0073 Bio: 1.0011 GateEnt: 0.4664 GateDiv: 0.3000
Epoch [14/600] Total Loss: 116.8935
Epoch [15/600] Step [0/17] Loss: 7.2936 Bio: 0.8779 GateEnt: 0.1795 GateDiv: 0.3000
Epoch [15/600] Total Loss: 117.5409
Epoch [16/600] Step [0/17] Loss: 7.2733 Bio: 0.8606 GateEnt: 0.0000 GateDiv: 0.2999
Epoch [16/600] Total Loss: 116.6914
Epoch [17/600] Step [0/17] Loss: 6.9424 Bio: 0.7978 GateEnt: 0.0000 GateDiv: 0.2999
Epoch [17/600] Total Loss: 112.5717
Epoch [18/600] Step [0/17] Loss: 6.7567 Bio: 0.9444 GateEnt: 0.0000 GateDiv: 0.2997
Epoch [18/600] Total Loss: 112.2423
Epoch [19/600] Step [0/17] Loss: 6.6073 Bio: 0.7843 GateEnt: 0.0000 GateDiv: 0.2997
Epoch [19/600] Total Loss: 111.7218
Epoch [20/600] Step [0/17] Loss: 6.8717 Bio: 0.8455 GateEnt: 0.0000 GateDiv: 0.2996
Epoch [20/600] Total Loss: 110.3196
Epoch [21/600] Step [0/17] Loss: 6.8092 Bio: 0.9107 GateEnt: 0.0000 GateDiv: 0.2999
Epoch [21/600] Total Loss: 110.5248
Epoch [22/600] Step [0/17] Loss: 6.3752 Bio: 0.9048 GateEnt: 0.0000 GateDiv: 0.2999
Epoch [22/600] Total Loss: 109.5844
Epoch [23/600] Step [0/17] Loss: 6.5638 Bio: 0.8979 GateEnt: 0.0000 GateDiv: 0.2999
Epoch [23/600] Total Loss: 109.9297
Epoch [24/600] Step [0/17] Loss: 6.7287 Bio: 0.8592 GateEnt: 0.0000 GateDiv: 0.2999
Epoch [24/600] Total Loss: 109.6055
Epoch [25/600] Step [0/17] Loss: 6.3980 Bio: 0.8735 GateEnt: 0.0000 GateDiv: 0.2998
Epoch [25/600] Total Loss: 108.1405
Epoch [26/600] Step [0/17] Loss: 6.2625 Bio: 0.8989 GateEnt: 0.0000 GateDiv: 0.2998
Epoch [26/600] Total Loss: 107.1870
Epoch [27/600] Step [0/17] Loss: 6.3291 Bio: 0.8662 GateEnt: 0.0000 GateDiv: 0.2998
Epoch [27/600] Total Loss: 106.0340
Epoch [28/600] Step [0/17] Loss: 6.1901 Bio: 0.9018 GateEnt: 0.0000 GateDiv: 0.2996
Epoch [28/600] Total Loss: 106.6476
Epoch [29/600] Step [0/17] Loss: 6.4660 Bio: 0.8415 GateEnt: 0.0000 GateDiv: 0.2996
Epoch [29/600] Total Loss: 105.1960
Epoch [30/600] Step [0/17] Loss: 6.3318 Bio: 0.8576 GateEnt: 0.0000 GateDiv: 0.2997
Epoch [30/600] Total Loss: 105.3080
Epoch [31/600] Step [0/17] Loss: 6.3434 Bio: 0.8385 GateEnt: 0.0000 GateDiv: 0.2996
Epoch [31/600] Total Loss: 104.5570
Epoch [32/600] Step [0/17] Loss: 6.3613 Bio: 0.8163 GateEnt: 0.0000 GateDiv: 0.2995
Epoch [32/600] Total Loss: 105.3245
Epoch [33/600] Step [0/17] Loss: 6.2047 Bio: 0.8898 GateEnt: 0.0000 GateDiv: 0.2994
Epoch [33/600] Total Loss: 104.8102
Epoch [34/600] Step [0/17] Loss: 6.4176 Bio: 0.8534 GateEnt: 0.0000 GateDiv: 0.2994
Epoch [34/600] Total Loss: 103.9030
Epoch [35/600] Step [0/17] Loss: 6.0955 Bio: 0.8279 GateEnt: 0.0000 GateDiv: 0.2992
Epoch [35/600] Total Loss: 102.9919
Epoch [36/600] Step [0/17] Loss: 6.2699 Bio: 0.8241 GateEnt: 0.0000 GateDiv: 0.2990
Epoch [36/600] Total Loss: 102.7496
Epoch [37/600] Step [0/17] Loss: 6.3999 Bio: 0.9271 GateEnt: 0.0000 GateDiv: 0.2981
Epoch [37/600] Total Loss: 102.7574
Epoch [38/600] Step [0/17] Loss: 6.2379 Bio: 0.8344 GateEnt: 0.0000 GateDiv: 0.2987
Epoch [38/600] Total Loss: 102.8561
Epoch [39/600] Step [0/17] Loss: 6.0838 Bio: 0.9183 GateEnt: 0.0088 GateDiv: 0.2974
Epoch [39/600] Total Loss: 102.9679
Epoch [40/600] Step [0/17] Loss: 6.2535 Bio: 0.6470 GateEnt: 0.0000 GateDiv: 0.2984
Epoch [40/600] Total Loss: 101.9573
Epoch [41/600] Step [0/17] Loss: 6.0769 Bio: 0.7609 GateEnt: 0.0000 GateDiv: 0.2982
Epoch [41/600] Total Loss: 101.9269
Epoch [42/600] Step [0/17] Loss: 6.0842 Bio: 0.8592 GateEnt: 0.0000 GateDiv: 0.2978
Epoch [42/600] Total Loss: 103.5472
Epoch [43/600] Step [0/17] Loss: 6.1510 Bio: 0.7959 GateEnt: 0.0000 GateDiv: 0.2977
Epoch [43/600] Total Loss: 102.2919
Epoch [44/600] Step [0/17] Loss: 6.1106 Bio: 0.7307 GateEnt: 0.0000 GateDiv: 0.2970
Epoch [44/600] Total Loss: 101.4545
Epoch [45/600] Step [0/17] Loss: 6.0458 Bio: 0.8500 GateEnt: 0.0000 GateDiv: 0.2967
Epoch [45/600] Total Loss: 101.4365
Epoch [46/600] Step [0/17] Loss: 6.1567 Bio: 0.7727 GateEnt: 0.0000 GateDiv: 0.2958
Epoch [46/600] Total Loss: 101.4103
Epoch [47/600] Step [0/17] Loss: 5.9615 Bio: 0.7673 GateEnt: 0.0000 GateDiv: 0.2947
Epoch [47/600] Total Loss: 101.3649
Epoch [48/600] Step [0/17] Loss: 6.1384 Bio: 0.7127 GateEnt: 0.0000 GateDiv: 0.2940
Epoch [48/600] Total Loss: 100.7289
Epoch [49/600] Step [0/17] Loss: 6.0996 Bio: 0.8211 GateEnt: 0.0000 GateDiv: 0.2924
Epoch [49/600] Total Loss: 101.3935
Epoch [50/600] Step [0/17] Loss: 6.2309 Bio: 0.8282 GateEnt: 0.0000 GateDiv: 0.2926
Epoch [50/600] Total Loss: 101.3387
Epoch [51/600] Step [0/17] Loss: 6.1102 Bio: 0.8140 GateEnt: 0.0000 GateDiv: 0.2909
Epoch [51/600] Total Loss: 100.2105
Epoch [52/600] Step [0/17] Loss: 5.9889 Bio: 0.6765 GateEnt: 0.0000 GateDiv: 0.2880
Epoch [52/600] Total Loss: 100.9467
Epoch [53/600] Step [0/17] Loss: 5.9037 Bio: 0.7186 GateEnt: 0.0000 GateDiv: 0.2853
Epoch [53/600] Total Loss: 100.2140
Epoch [54/600] Step [0/17] Loss: 5.9326 Bio: 0.8056 GateEnt: 0.0000 GateDiv: 0.2852
Epoch [54/600] Total Loss: 102.0685
Epoch [55/600] Step [0/17] Loss: 6.0398 Bio: 0.7381 GateEnt: 0.0000 GateDiv: 0.2827
Epoch [55/600] Total Loss: 101.2758
Epoch [56/600] Step [0/17] Loss: 6.1726 Bio: 0.7159 GateEnt: 0.0000 GateDiv: 0.2780
Epoch [56/600] Total Loss: 100.5943
Epoch [57/600] Step [0/17] Loss: 5.8326 Bio: 0.8121 GateEnt: 0.0000 GateDiv: 0.2800
Epoch [57/600] Total Loss: 100.2344
Epoch [58/600] Step [0/17] Loss: 6.0536 Bio: 0.7606 GateEnt: 0.0000 GateDiv: 0.2763
Epoch [58/600] Total Loss: 99.8647
Epoch [59/600] Step [0/17] Loss: 6.2049 Bio: 0.7795 GateEnt: 0.0000 GateDiv: 0.2704
Epoch [59/600] Total Loss: 102.0711
Epoch [60/600] Step [0/17] Loss: 6.0253 Bio: 0.7462 GateEnt: 0.0000 GateDiv: 0.2704
Epoch [60/600] Total Loss: 99.6986
Epoch [61/600] Step [0/17] Loss: 5.8726 Bio: 0.7343 GateEnt: 0.0000 GateDiv: 0.2620
Epoch [61/600] Total Loss: 99.2379
Epoch [62/600] Step [0/17] Loss: 6.0661 Bio: 0.8419 GateEnt: 0.0000 GateDiv: 0.2570
Epoch [62/600] Total Loss: 99.7599
Epoch [63/600] Step [0/17] Loss: 5.8668 Bio: 0.6892 GateEnt: 0.0000 GateDiv: 0.2575
Epoch [63/600] Total Loss: 100.0192
Epoch [64/600] Step [0/17] Loss: 5.8960 Bio: 0.7614 GateEnt: 0.0000 GateDiv: 0.2426
Epoch [64/600] Total Loss: 100.2019
Epoch [65/600] Step [0/17] Loss: 5.9928 Bio: 0.7411 GateEnt: 0.0000 GateDiv: 0.2364
Epoch [65/600] Total Loss: 98.7723
Epoch [66/600] Step [0/17] Loss: 5.8453 Bio: 0.7363 GateEnt: 0.0000 GateDiv: 0.2292
Epoch [66/600] Total Loss: 98.8462
Epoch [67/600] Step [0/17] Loss: 6.0112 Bio: 0.7958 GateEnt: 0.0000 GateDiv: 0.2232
Epoch [67/600] Total Loss: 98.5896
Epoch [68/600] Step [0/17] Loss: 5.8878 Bio: 0.8075 GateEnt: 0.0000 GateDiv: 0.1985
Epoch [68/600] Total Loss: 98.5283
Epoch [69/600] Step [0/17] Loss: 5.9797 Bio: 0.7056 GateEnt: 0.0000 GateDiv: 0.2041
Epoch [69/600] Total Loss: 98.2957
Epoch [70/600] Step [0/17] Loss: 5.8470 Bio: 0.6778 GateEnt: 0.0000 GateDiv: 0.1612
Epoch [70/600] Total Loss: 97.7620
Epoch [71/600] Step [0/17] Loss: 5.8811 Bio: 0.7623 GateEnt: 0.0000 GateDiv: 0.1868
Epoch [71/600] Total Loss: 98.0883
Epoch [72/600] Step [0/17] Loss: 6.1195 Bio: 0.6354 GateEnt: 0.0000 GateDiv: 0.1632
Epoch [72/600] Total Loss: 99.4993
Epoch [73/600] Step [0/17] Loss: 5.8748 Bio: 0.6812 GateEnt: 0.0000 GateDiv: 0.1260
Epoch [73/600] Total Loss: 96.7869
Epoch [74/600] Step [0/17] Loss: 5.8997 Bio: 0.8235 GateEnt: 0.0000 GateDiv: 0.0375
Epoch [74/600] Total Loss: 98.8974
Epoch [75/600] Step [0/17] Loss: 6.0435 Bio: 0.6695 GateEnt: 0.0000 GateDiv: 0.0392
Epoch [75/600] Total Loss: 98.3775
Epoch [76/600] Step [0/17] Loss: 5.8802 Bio: 0.7930 GateEnt: 0.0000 GateDiv: 0.0000
Epoch [76/600] Total Loss: 98.7839
Epoch [77/600] Step [0/17] Loss: 5.7686 Bio: 0.7870 GateEnt: 0.0000 GateDiv: 0.0000
Epoch [77/600] Total Loss: 98.4146
Epoch [78/600] Step [0/17] Loss: 5.8254 Bio: 0.6475 GateEnt: 0.0000 GateDiv: 0.0000
Epoch [78/600] Total Loss: 96.6155
Epoch [79/600] Step [0/17] Loss: 5.9245 Bio: 0.7479 GateEnt: 0.0000 GateDiv: 0.0000
Epoch [79/600] Total Loss: 98.2494
Epoch [80/600] Step [0/17] Loss: 5.7154 Bio: 0.7619 GateEnt: 0.0000 GateDiv: 0.0000
Epoch [80/600] Total Loss: 97.6068
Epoch [81/600] Step [0/17] Loss: 5.7575 Bio: 0.7079 GateEnt: 0.0000 GateDiv: 0.0000
Epoch [81/600] Total Loss: 97.3827
Epoch [82/600] Step [0/17] Loss: 5.9332 Bio: 0.6602 GateEnt: 0.0000 GateDiv: 0.0000
Epoch [82/600] Total Loss: 97.5488
Epoch [83/600] Step [0/17] Loss: 5.7270 Bio: 0.7104 GateEnt: 0.0000 GateDiv: 0.0000
Epoch [83/600] Total Loss: 97.8384
Epoch [84/600] Step [0/17] Loss: 5.8111 Bio: 0.6822 GateEnt: 0.0000 GateDiv: 0.0000
Epoch [84/600] Total Loss: 97.5764
Epoch [85/600] Step [0/17] Loss: 5.9128 Bio: 0.7983 GateEnt: 0.0000 GateDiv: 0.0000
Epoch [85/600] Total Loss: 98.0373
Epoch [86/600] Step [0/17] Loss: 5.6177 Bio: 0.6598 GateEnt: 0.0000 GateDiv: 0.0000
Epoch [86/600] Total Loss: 97.4389
Epoch [87/600] Step [0/17] Loss: 5.7202 Bio: 0.6496 GateEnt: 0.0000 GateDiv: 0.0000
Epoch [87/600] Total Loss: 98.2582
Epoch [88/600] Step [0/17] Loss: 6.0576 Bio: 0.6968 GateEnt: 0.0000 GateDiv: 0.0000
Epoch [88/600] Total Loss: 97.7998
Epoch [89/600] Step [0/17] Loss: 6.0213 Bio: 0.7088 GateEnt: 0.0000 GateDiv: 0.0000
Epoch [89/600] Total Loss: 96.4947
Epoch [90/600] Step [0/17] Loss: 5.9626 Bio: 0.7546 GateEnt: 0.0000 GateDiv: 0.0000
Epoch [90/600] Total Loss: 98.0747
Epoch [91/600] Step [0/17] Loss: 5.9488 Bio: 0.7639 GateEnt: 0.0000 GateDiv: 0.0000
Epoch [91/600] Total Loss: 98.0021
Epoch [92/600] Step [0/17] Loss: 5.6173 Bio: 0.7139 GateEnt: 0.0000 GateDiv: 0.0000
Epoch [92/600] Total Loss: 97.9541
Epoch [93/600] Step [0/17] Loss: 5.8169 Bio: 0.7782 GateEnt: 0.0000 GateDiv: 0.0000
Epoch [93/600] Total Loss: 97.2137
Epoch [94/600] Step [0/17] Loss: 5.6864 Bio: 0.6673 GateEnt: 0.0000 GateDiv: 0.0000
Epoch [94/600] Total Loss: 99.7823
Epoch [95/600] Step [0/17] Loss: 5.8828 Bio: 0.6280 GateEnt: 0.0000 GateDiv: 0.0000
Epoch [95/600] Total Loss: 98.2161
Epoch [96/600] Step [0/17] Loss: 6.1378 Bio: 0.6992 GateEnt: 0.0000 GateDiv: 0.0000
Epoch [96/600] Total Loss: 95.9668
Epoch [97/600] Step [0/17] Loss: 5.7545 Bio: 0.6442 GateEnt: 0.0000 GateDiv: 0.0000
Epoch [97/600] Total Loss: 97.7411
Epoch [98/600] Step [0/17] Loss: 6.0293 Bio: 0.6504 GateEnt: 0.0000 GateDiv: 0.0000
Epoch [98/600] Total Loss: 96.5650
Epoch [99/600] Step [0/17] Loss: 5.8635 Bio: 0.7176 GateEnt: 0.0000 GateDiv: 0.0000
Epoch [99/600] Total Loss: 97.0437
Epoch [100/600] Step [0/17] Loss: 5.9973 Bio: 0.7295 GateEnt: 0.0000 GateDiv: 0.0000
Epoch [100/600] Total Loss: 98.5580
Epoch [101/600] Step [0/17] Loss: 5.9968 Bio: 0.6405 GateEnt: 0.0000 GateDiv: 0.0000
Epoch [101/600] Total Loss: 97.4812
Epoch [102/600] Step [0/17] Loss: 5.8886 Bio: 0.7530 GateEnt: 0.0000 GateDiv: 0.0409
Epoch [102/600] Total Loss: 95.9103
Epoch [103/600] Step [0/17] Loss: 5.7115 Bio: 0.6865 GateEnt: 0.0000 GateDiv: 0.0000
Epoch [103/600] Total Loss: 96.3330
Epoch [104/600] Step [0/17] Loss: 5.7444 Bio: 0.6485 GateEnt: 0.0000 GateDiv: 0.0000
Epoch [104/600] Total Loss: 97.5556
Epoch [105/600] Step [0/17] Loss: 5.7915 Bio: 0.6733 GateEnt: 0.0000 GateDiv: 0.0000
Epoch [105/600] Total Loss: 97.6460
Epoch [106/600] Step [0/17] Loss: 5.6363 Bio: 0.6314 GateEnt: 0.0000 GateDiv: 0.0000
Epoch [106/600] Total Loss: 97.6510
Epoch [107/600] Step [0/17] Loss: 5.7776 Bio: 0.7385 GateEnt: 0.0000 GateDiv: 0.0000
Epoch [107/600] Total Loss: 96.0003
Epoch [108/600] Step [0/17] Loss: 5.6498 Bio: 0.6439 GateEnt: 0.0000 GateDiv: 0.0000
Epoch [108/600] Total Loss: 96.0880
Epoch [109/600] Step [0/17] Loss: 5.8837 Bio: 0.6690 GateEnt: 0.0000 GateDiv: 0.0000
Epoch [109/600] Total Loss: 96.9442
Epoch [110/600] Step [0/17] Loss: 5.8570 Bio: 0.7022 GateEnt: 0.0000 GateDiv: 0.0000
Epoch [110/600] Total Loss: 97.5539
Epoch [111/600] Step [0/17] Loss: 5.7324 Bio: 0.6496 GateEnt: 0.0000 GateDiv: 0.0000
Epoch [111/600] Total Loss: 97.0738
Epoch [112/600] Step [0/17] Loss: 5.8025 Bio: 0.7405 GateEnt: 0.0000 GateDiv: 0.0000
Epoch [112/600] Total Loss: 95.6005
Epoch [113/600] Step [0/17] Loss: 5.6645 Bio: 0.6596 GateEnt: 0.0000 GateDiv: 0.0000
Epoch [113/600] Total Loss: 96.2251
Epoch [114/600] Step [0/17] Loss: 5.8457 Bio: 0.7363 GateEnt: 0.0000 GateDiv: 0.0000
Epoch [114/600] Total Loss: 97.5220
Epoch [115/600] Step [0/17] Loss: 5.8438 Bio: 0.6542 GateEnt: 0.0000 GateDiv: 0.0000
Epoch [115/600] Total Loss: 96.2837
Epoch [116/600] Step [0/17] Loss: 6.0803 Bio: 0.6616 GateEnt: 0.0000 GateDiv: 0.0000
Epoch [116/600] Total Loss: 96.9063
Epoch [117/600] Step [0/17] Loss: 5.7758 Bio: 0.7198 GateEnt: 0.0000 GateDiv: 0.0000
Epoch [117/600] Total Loss: 95.8997
Epoch [118/600] Step [0/17] Loss: 6.0457 Bio: 0.6734 GateEnt: 0.0000 GateDiv: 0.0000
Epoch [118/600] Total Loss: 97.3507
Epoch [119/600] Step [0/17] Loss: 5.6748 Bio: 0.7885 GateEnt: 0.0000 GateDiv: 0.0000
Epoch [119/600] Total Loss: 96.4023
Epoch [120/600] Step [0/17] Loss: 5.8836 Bio: 0.6945 GateEnt: 0.0000 GateDiv: 0.0000
Epoch [120/600] Total Loss: 96.6618
Epoch [121/600] Step [0/17] Loss: 5.5701 Bio: 0.6447 GateEnt: 0.0000 GateDiv: 0.0000
Epoch [121/600] Total Loss: 96.2366
Epoch [122/600] Step [0/17] Loss: 5.6172 Bio: 0.6716 GateEnt: 0.0000 GateDiv: 0.0000
Epoch [122/600] Total Loss: 95.9447
Epoch [123/600] Step [0/17] Loss: 5.7988 Bio: 0.7399 GateEnt: 0.0000 GateDiv: 0.0000
Epoch [123/600] Total Loss: 96.8049
Epoch [124/600] Step [0/17] Loss: 5.8475 Bio: 0.6833 GateEnt: 0.0000 GateDiv: 0.0000
Epoch [124/600] Total Loss: 95.9702
Epoch [125/600] Step [0/17] Loss: 5.6636 Bio: 0.6730 GateEnt: 0.0000 GateDiv: 0.0000
Epoch [125/600] Total Loss: 96.3591
Epoch [126/600] Step [0/17] Loss: 5.7993 Bio: 0.7858 GateEnt: 0.0000 GateDiv: 0.0000
Epoch [126/600] Total Loss: 96.4334
Epoch [127/600] Step [0/17] Loss: 5.7615 Bio: 0.6831 GateEnt: 0.0000 GateDiv: 0.0000
Epoch [127/600] Total Loss: 95.2999
Epoch [128/600] Step [0/17] Loss: 5.7150 Bio: 0.7447 GateEnt: 0.0000 GateDiv: 0.0000
Epoch [128/600] Total Loss: 95.6417
Epoch [129/600] Step [0/17] Loss: 5.6967 Bio: 0.7189 GateEnt: 0.0000 GateDiv: 0.0000
Epoch [129/600] Total Loss: 95.9478
Epoch [130/600] Step [0/17] Loss: 5.7256 Bio: 0.6823 GateEnt: 0.0000 GateDiv: 0.0000
Epoch [130/600] Total Loss: 94.9623
Epoch [131/600] Step [0/17] Loss: 5.8202 Bio: 0.6283 GateEnt: 0.0000 GateDiv: 0.0000
Epoch [131/600] Total Loss: 96.2019
Epoch [132/600] Step [0/17] Loss: 5.9310 Bio: 0.7037 GateEnt: 0.0000 GateDiv: 0.0000
Epoch [132/600] Total Loss: 95.4461
Epoch [133/600] Step [0/17] Loss: 5.8651 Bio: 0.6772 GateEnt: 0.0000 GateDiv: 0.0000
Epoch [133/600] Total Loss: 95.8046
Epoch [134/600] Step [0/17] Loss: 5.7406 Bio: 0.7214 GateEnt: 0.0000 GateDiv: 0.0000
Epoch [134/600] Total Loss: 96.0718
Epoch [135/600] Step [0/17] Loss: 5.9841 Bio: 0.6355 GateEnt: 0.0000 GateDiv: 0.0000
Epoch [135/600] Total Loss: 95.7051
Epoch [136/600] Step [0/17] Loss: 5.6193 Bio: 0.7488 GateEnt: 0.0000 GateDiv: 0.0000
Epoch [136/600] Total Loss: 96.9124
Epoch [137/600] Step [0/17] Loss: 5.5868 Bio: 0.6940 GateEnt: 0.0000 GateDiv: 0.0000
Epoch [137/600] Total Loss: 95.2526
Epoch [138/600] Step [0/17] Loss: 5.7494 Bio: 0.6674 GateEnt: 0.0000 GateDiv: 0.0000
Epoch [138/600] Total Loss: 96.0054
Epoch [139/600] Step [0/17] Loss: 5.8436 Bio: 0.6739 GateEnt: 0.0000 GateDiv: 0.0000
Epoch [139/600] Total Loss: 95.4049
Epoch [140/600] Step [0/17] Loss: 5.6612 Bio: 0.6022 GateEnt: 0.0000 GateDiv: 0.0000
Epoch [140/600] Total Loss: 96.1505
Epoch [141/600] Step [0/17] Loss: 5.5670 Bio: 0.5931 GateEnt: 0.0000 GateDiv: 0.0000
Epoch [141/600] Total Loss: 96.6991
Epoch [142/600] Step [0/17] Loss: 5.6891 Bio: 0.6461 GateEnt: 0.0000 GateDiv: 0.0000
Epoch [142/600] Total Loss: 96.0783
Epoch [143/600] Step [0/17] Loss: 5.6384 Bio: 0.7199 GateEnt: 0.0000 GateDiv: 0.0000
Epoch [143/600] Total Loss: 95.4008
Epoch [144/600] Step [0/17] Loss: 5.8602 Bio: 0.6909 GateEnt: 0.0000 GateDiv: 0.0000
Epoch [144/600] Total Loss: 97.2010
Epoch [145/600] Step [0/17] Loss: 5.6302 Bio: 0.6433 GateEnt: 0.0000 GateDiv: 0.0000
Epoch [145/600] Total Loss: 95.9009
Epoch [146/600] Step [0/17] Loss: 5.4141 Bio: 0.6827 GateEnt: 0.0000 GateDiv: 0.0000
Epoch [146/600] Total Loss: 96.3569
Epoch [147/600] Step [0/17] Loss: 5.7085 Bio: 0.7899 GateEnt: 0.0000 GateDiv: 0.0000
Epoch [147/600] Total Loss: 94.0278
Epoch [148/600] Step [0/17] Loss: 5.9628 Bio: 0.6170 GateEnt: 0.0000 GateDiv: 0.0000
Epoch [148/600] Total Loss: 94.0588
Epoch [149/600] Step [0/17] Loss: 5.6436 Bio: 0.6868 GateEnt: 0.0000 GateDiv: 0.0000
Epoch [149/600] Total Loss: 94.3398
Epoch [150/600] Step [0/17] Loss: 5.6564 Bio: 0.5966 GateEnt: 0.0000 GateDiv: 0.0000
Epoch [150/600] Total Loss: 95.1907
Epoch [151/600] Step [0/17] Loss: 5.6168 Bio: 0.6122 GateEnt: 0.0000 GateDiv: 0.0000
Epoch [151/600] Total Loss: 94.5895
Epoch [152/600] Step [0/17] Loss: 5.8744 Bio: 0.6406 GateEnt: 0.0000 GateDiv: 0.0000
Epoch [152/600] Total Loss: 95.3949
Epoch [153/600] Step [0/17] Loss: 5.7883 Bio: 0.6876 GateEnt: 0.0000 GateDiv: 0.0000
Epoch [153/600] Total Loss: 94.9301
Epoch [154/600] Step [0/17] Loss: 5.7988 Bio: 0.6997 GateEnt: 0.0000 GateDiv: 0.0000
Epoch [154/600] Total Loss: 94.2129
Epoch [155/600] Step [0/17] Loss: 5.6109 Bio: 0.6642 GateEnt: 0.0000 GateDiv: 0.0000
Epoch [155/600] Total Loss: 95.6292
Epoch [156/600] Step [0/17] Loss: 5.9122 Bio: 0.7599 GateEnt: 0.0000 GateDiv: 0.0000
Epoch [156/600] Total Loss: 94.6147
Epoch [157/600] Step [0/17] Loss: 5.7479 Bio: 0.6840 GateEnt: 0.0000 GateDiv: 0.0000
Epoch [157/600] Total Loss: 95.8608
Epoch [158/600] Step [0/17] Loss: 5.6765 Bio: 0.6196 GateEnt: 0.0000 GateDiv: 0.0000
Epoch [158/600] Total Loss: 95.0644
Epoch [159/600] Step [0/17] Loss: 5.7659 Bio: 0.5898 GateEnt: 0.0000 GateDiv: 0.0000
Epoch [159/600] Total Loss: 95.1895
Epoch [160/600] Step [0/17] Loss: 5.6287 Bio: 0.5774 GateEnt: 0.0000 GateDiv: 0.0000
Epoch [160/600] Total Loss: 95.7880
Epoch [161/600] Step [0/17] Loss: 5.7029 Bio: 0.6314 GateEnt: 0.0000 GateDiv: 0.0000
Epoch [161/600] Total Loss: 96.9251
Epoch [162/600] Step [0/17] Loss: 5.6140 Bio: 0.6160 GateEnt: 0.0000 GateDiv: 0.0000
Epoch [162/600] Total Loss: 95.0444
Epoch [163/600] Step [0/17] Loss: 5.8979 Bio: 0.6772 GateEnt: 0.0000 GateDiv: 0.0000
Epoch [163/600] Total Loss: 96.0747
Epoch [164/600] Step [0/17] Loss: 5.8025 Bio: 0.6969 GateEnt: 0.0000 GateDiv: 0.0000
Epoch [164/600] Total Loss: 94.0799
Epoch [165/600] Step [0/17] Loss: 5.7093 Bio: 0.6507 GateEnt: 0.0000 GateDiv: 0.0000
Epoch [165/600] Total Loss: 95.8962
Epoch [166/600] Step [0/17] Loss: 5.5795 Bio: 0.6308 GateEnt: 0.0000 GateDiv: 0.0000
Epoch [166/600] Total Loss: 94.7371
Epoch [167/600] Step [0/17] Loss: 5.7730 Bio: 0.6987 GateEnt: 0.0000 GateDiv: 0.0000
Epoch [167/600] Total Loss: 96.0220
Epoch [168/600] Step [0/17] Loss: 5.7336 Bio: 0.6595 GateEnt: 0.0000 GateDiv: 0.0000
Epoch [168/600] Total Loss: 96.8350
Epoch [169/600] Step [0/17] Loss: 5.8624 Bio: 0.6144 GateEnt: 0.0000 GateDiv: 0.0000
Epoch [169/600] Total Loss: 95.4035
Epoch [170/600] Step [0/17] Loss: 5.8322 Bio: 0.6847 GateEnt: 0.0000 GateDiv: 0.0000
Epoch [170/600] Total Loss: 95.6326
Epoch [171/600] Step [0/17] Loss: 5.6605 Bio: 0.6944 GateEnt: 0.0000 GateDiv: 0.0000
Epoch [171/600] Total Loss: 95.2309
Epoch [172/600] Step [0/17] Loss: 5.9475 Bio: 0.6019 GateEnt: 0.0000 GateDiv: 0.0000
Epoch [172/600] Total Loss: 96.2343
Epoch [173/600] Step [0/17] Loss: 5.5723 Bio: 0.6130 GateEnt: 0.0000 GateDiv: 0.0000
Epoch [173/600] Total Loss: 95.6525
Epoch [174/600] Step [0/17] Loss: 5.6384 Bio: 0.6083 GateEnt: 0.0000 GateDiv: 0.0000
Epoch [174/600] Total Loss: 94.3568
Epoch [175/600] Step [0/17] Loss: 5.5163 Bio: 0.6463 GateEnt: 0.0000 GateDiv: 0.0000
Epoch [175/600] Total Loss: 94.8177
Epoch [176/600] Step [0/17] Loss: 5.7303 Bio: 0.6225 GateEnt: 0.0000 GateDiv: 0.0000
Epoch [176/600] Total Loss: 95.0622
Epoch [177/600] Step [0/17] Loss: 5.5530 Bio: 0.6121 GateEnt: 0.0000 GateDiv: 0.0000
Epoch [177/600] Total Loss: 95.2287
Epoch [178/600] Step [0/17] Loss: 5.7779 Bio: 0.6634 GateEnt: 0.0000 GateDiv: 0.0000
Epoch [178/600] Total Loss: 95.0680
Epoch [179/600] Step [0/17] Loss: 5.7031 Bio: 0.6104 GateEnt: 0.0000 GateDiv: 0.0000
Epoch [179/600] Total Loss: 94.3313
Epoch [180/600] Step [0/17] Loss: 5.6529 Bio: 0.6659 GateEnt: 0.0000 GateDiv: 0.0000
Epoch [180/600] Total Loss: 94.7471
Epoch [181/600] Step [0/17] Loss: 5.6233 Bio: 0.6607 GateEnt: 0.0000 GateDiv: 0.0000
Epoch [181/600] Total Loss: 94.7124
Epoch [182/600] Step [0/17] Loss: 5.9386 Bio: 0.6911 GateEnt: 0.0000 GateDiv: 0.0000
Epoch [182/600] Total Loss: 95.4694
Epoch [183/600] Step [0/17] Loss: 5.8515 Bio: 0.6356 GateEnt: 0.0000 GateDiv: 0.0000
Epoch [183/600] Total Loss: 95.6058
Epoch [184/600] Step [0/17] Loss: 5.6817 Bio: 0.6736 GateEnt: 0.0000 GateDiv: 0.0000
Epoch [184/600] Total Loss: 94.9126
Epoch [185/600] Step [0/17] Loss: 5.6188 Bio: 0.5915 GateEnt: 0.0000 GateDiv: 0.0000
Epoch [185/600] Total Loss: 94.0055
Epoch [186/600] Step [0/17] Loss: 5.8928 Bio: 0.5627 GateEnt: 0.0000 GateDiv: 0.0000
Epoch [186/600] Total Loss: 95.4243
Epoch [187/600] Step [0/17] Loss: 5.7310 Bio: 0.6987 GateEnt: 0.0000 GateDiv: 0.0000
Epoch [187/600] Total Loss: 95.0122
Epoch [188/600] Step [0/17] Loss: 5.7275 Bio: 0.6681 GateEnt: 0.0000 GateDiv: 0.0000
Epoch [188/600] Total Loss: 94.7139
Epoch [189/600] Step [0/17] Loss: 5.7595 Bio: 0.6110 GateEnt: 0.0000 GateDiv: 0.0000
Epoch [189/600] Total Loss: 93.5585
Epoch [190/600] Step [0/17] Loss: 5.5391 Bio: 0.5911 GateEnt: 0.0000 GateDiv: 0.0000
Epoch [190/600] Total Loss: 94.2039
Epoch [191/600] Step [0/17] Loss: 5.8389 Bio: 0.6345 GateEnt: 0.0000 GateDiv: 0.0000
Epoch [191/600] Total Loss: 94.9480
Epoch [192/600] Step [0/17] Loss: 5.8696 Bio: 0.7055 GateEnt: 0.0000 GateDiv: 0.0000
Epoch [192/600] Total Loss: 95.5887
Epoch [193/600] Step [0/17] Loss: 5.6212 Bio: 0.6552 GateEnt: 0.0000 GateDiv: 0.0000
Epoch [193/600] Total Loss: 94.8837
Epoch [194/600] Step [0/17] Loss: 5.9023 Bio: 0.6037 GateEnt: 0.0000 GateDiv: 0.0000
Epoch [194/600] Total Loss: 96.2724
Epoch [195/600] Step [0/17] Loss: 5.5284 Bio: 0.7147 GateEnt: 0.0000 GateDiv: 0.0000
Epoch [195/600] Total Loss: 94.2507
Epoch [196/600] Step [0/17] Loss: 5.6182 Bio: 0.6722 GateEnt: 0.0000 GateDiv: 0.0000
Epoch [196/600] Total Loss: 94.8443
Epoch [197/600] Step [0/17] Loss: 5.5156 Bio: 0.5953 GateEnt: 0.0000 GateDiv: 0.0000
Epoch [197/600] Total Loss: 94.5406
Epoch [198/600] Step [0/17] Loss: 5.7812 Bio: 0.6196 GateEnt: 0.0000 GateDiv: 0.0000
Epoch [198/600] Total Loss: 95.2767
Epoch [199/600] Step [0/17] Loss: 5.6787 Bio: 0.6728 GateEnt: 0.0000 GateDiv: 0.0000
Epoch [199/600] Total Loss: 94.5618
Epoch [200/600] Step [0/17] Loss: 5.8269 Bio: 0.7387 GateEnt: 0.0000 GateDiv: 0.0000
Epoch [200/600] Total Loss: 95.4606
Epoch [201/600] Step [0/17] Loss: 5.7533 Bio: 0.6888 GateEnt: 0.0000 GateDiv: 0.0000
Epoch [201/600] Total Loss: 95.1141
Epoch [202/600] Step [0/17] Loss: 5.6616 Bio: 0.6603 GateEnt: 0.0000 GateDiv: 0.0000
Epoch [202/600] Total Loss: 94.5119
Epoch [203/600] Step [0/17] Loss: 5.6434 Bio: 0.5582 GateEnt: 0.0000 GateDiv: 0.0000
Epoch [203/600] Total Loss: 94.8887
Epoch [204/600] Step [0/17] Loss: 5.5115 Bio: 0.6158 GateEnt: 0.0000 GateDiv: 0.0000
Epoch [204/600] Total Loss: 94.1770
Epoch [205/600] Step [0/17] Loss: 5.5423 Bio: 0.5820 GateEnt: 0.0000 GateDiv: 0.0000
Epoch [205/600] Total Loss: 93.8775
Epoch [206/600] Step [0/17] Loss: 5.7295 Bio: 0.7080 GateEnt: 0.0000 GateDiv: 0.0000
Epoch [206/600] Total Loss: 95.5220
Epoch [207/600] Step [0/17] Loss: 5.6854 Bio: 0.6372 GateEnt: 0.0000 GateDiv: 0.0000
Epoch [207/600] Total Loss: 94.1733
Epoch [208/600] Step [0/17] Loss: 5.7118 Bio: 0.6329 GateEnt: 0.0000 GateDiv: 0.0000
Epoch [208/600] Total Loss: 94.4987
Epoch [209/600] Step [0/17] Loss: 5.5239 Bio: 0.6362 GateEnt: 0.0000 GateDiv: 0.0000
Epoch [209/600] Total Loss: 94.3314
Epoch [210/600] Step [0/17] Loss: 5.8846 Bio: 0.7208 GateEnt: 0.0000 GateDiv: 0.0000
Epoch [210/600] Total Loss: 94.3775
Epoch [211/600] Step [0/17] Loss: 5.6769 Bio: 0.8039 GateEnt: 0.0000 GateDiv: 0.0000
Epoch [211/600] Total Loss: 95.3923
Epoch [212/600] Step [0/17] Loss: 5.6900 Bio: 0.5917 GateEnt: 0.0000 GateDiv: 0.0000
Epoch [212/600] Total Loss: 94.5277
Epoch [213/600] Step [0/17] Loss: 5.5618 Bio: 0.7526 GateEnt: 0.0000 GateDiv: 0.0000
Epoch [213/600] Total Loss: 95.4174
Epoch [214/600] Step [0/17] Loss: 6.1673 Bio: 0.6171 GateEnt: 0.0000 GateDiv: 0.0000
Epoch [214/600] Total Loss: 96.4214
Epoch [215/600] Step [0/17] Loss: 5.8388 Bio: 0.6709 GateEnt: 0.0000 GateDiv: 0.0000
Epoch [215/600] Total Loss: 94.2047
Epoch [216/600] Step [0/17] Loss: 5.6663 Bio: 0.6671 GateEnt: 0.0000 GateDiv: 0.0000
Epoch [216/600] Total Loss: 94.0512
Epoch [217/600] Step [0/17] Loss: 5.6230 Bio: 0.6677 GateEnt: 0.0000 GateDiv: 0.0000
Epoch [217/600] Total Loss: 94.7676
Epoch [218/600] Step [0/17] Loss: 5.9200 Bio: 0.6728 GateEnt: 0.0000 GateDiv: 0.0000
Epoch [218/600] Total Loss: 93.6866
Epoch [219/600] Step [0/17] Loss: 5.8549 Bio: 0.5805 GateEnt: 0.0000 GateDiv: 0.0000
Epoch [219/600] Total Loss: 93.3550
Epoch [220/600] Step [0/17] Loss: 5.7089 Bio: 0.5991 GateEnt: 0.0000 GateDiv: 0.0000
Epoch [220/600] Total Loss: 97.0027
Epoch [221/600] Step [0/17] Loss: 5.4437 Bio: 0.5958 GateEnt: 0.0000 GateDiv: 0.0000
Epoch [221/600] Total Loss: 96.1112
Epoch [222/600] Step [0/17] Loss: 5.6007 Bio: 0.6412 GateEnt: 0.0000 GateDiv: 0.0000
Epoch [222/600] Total Loss: 94.6504
Epoch [223/600] Step [0/17] Loss: 5.6618 Bio: 0.6360 GateEnt: 0.0000 GateDiv: 0.0000
Epoch [223/600] Total Loss: 94.4454
Epoch [224/600] Step [0/17] Loss: 5.7625 Bio: 0.6403 GateEnt: 0.0000 GateDiv: 0.0000
Epoch [224/600] Total Loss: 95.4560
Epoch [225/600] Step [0/17] Loss: 5.7449 Bio: 0.6050 GateEnt: 0.0000 GateDiv: 0.0000
Epoch [225/600] Total Loss: 93.9228
Epoch [226/600] Step [0/17] Loss: 5.6063 Bio: 0.6262 GateEnt: 0.0000 GateDiv: 0.0000
Epoch [226/600] Total Loss: 94.7219
Epoch [227/600] Step [0/17] Loss: 5.5405 Bio: 0.5717 GateEnt: 0.0000 GateDiv: 0.0000
Epoch [227/600] Total Loss: 93.6728
Epoch [228/600] Step [0/17] Loss: 5.7894 Bio: 0.6568 GateEnt: 0.0000 GateDiv: 0.0000
Epoch [228/600] Total Loss: 94.6426
Epoch [229/600] Step [0/17] Loss: 5.5018 Bio: 0.5621 GateEnt: 0.0000 GateDiv: 0.0000
Epoch [229/600] Total Loss: 94.3220
Epoch [230/600] Step [0/17] Loss: 5.7406 Bio: 0.6364 GateEnt: 0.0000 GateDiv: 0.0000
Epoch [230/600] Total Loss: 94.3102
Epoch [231/600] Step [0/17] Loss: 5.6250 Bio: 0.5934 GateEnt: 0.0000 GateDiv: 0.0000
Epoch [231/600] Total Loss: 95.2168
Epoch [232/600] Step [0/17] Loss: 5.5766 Bio: 0.6284 GateEnt: 0.0000 GateDiv: 0.0000
Epoch [232/600] Total Loss: 93.4174
Epoch [233/600] Step [0/17] Loss: 5.5675 Bio: 0.6112 GateEnt: 0.0000 GateDiv: 0.0000
Epoch [233/600] Total Loss: 94.0086
Epoch [234/600] Step [0/17] Loss: 5.6189 Bio: 0.6469 GateEnt: 0.0000 GateDiv: 0.0000
Epoch [234/600] Total Loss: 95.1492
Epoch [235/600] Step [0/17] Loss: 5.7113 Bio: 0.6659 GateEnt: 0.0000 GateDiv: 0.0000
Epoch [235/600] Total Loss: 94.1344
Epoch [236/600] Step [0/17] Loss: 5.6052 Bio: 0.6825 GateEnt: 0.0000 GateDiv: 0.0000
Epoch [236/600] Total Loss: 94.4810
Epoch [237/600] Step [0/17] Loss: 5.4027 Bio: 0.6249 GateEnt: 0.0000 GateDiv: 0.0000
Epoch [237/600] Total Loss: 93.5608
Epoch [238/600] Step [0/17] Loss: 5.7129 Bio: 0.6445 GateEnt: 0.0000 GateDiv: 0.0000
Epoch [238/600] Total Loss: 94.7049
Epoch [239/600] Step [0/17] Loss: 5.6899 Bio: 0.6252 GateEnt: 0.0000 GateDiv: 0.0000
Epoch [239/600] Total Loss: 94.1552
Epoch [240/600] Step [0/17] Loss: 5.8494 Bio: 0.6326 GateEnt: 0.0000 GateDiv: 0.0000
Epoch [240/600] Total Loss: 94.5430
Epoch [241/600] Step [0/17] Loss: 5.3525 Bio: 0.5762 GateEnt: 0.0000 GateDiv: 0.0000
Epoch [241/600] Total Loss: 94.9437
Epoch [242/600] Step [0/17] Loss: 5.6402 Bio: 0.6068 GateEnt: 0.0000 GateDiv: 0.0000
Epoch [242/600] Total Loss: 93.1111
Epoch [243/600] Step [0/17] Loss: 5.6168 Bio: 0.6258 GateEnt: 0.0000 GateDiv: 0.0000
Epoch [243/600] Total Loss: 94.6109
Epoch [244/600] Step [0/17] Loss: 5.6040 Bio: 0.7146 GateEnt: 0.0000 GateDiv: 0.0000
Epoch [244/600] Total Loss: 94.5264
Epoch [245/600] Step [0/17] Loss: 5.5471 Bio: 0.6502 GateEnt: 0.0000 GateDiv: 0.0000
Epoch [245/600] Total Loss: 93.2439
Epoch [246/600] Step [0/17] Loss: 5.5960 Bio: 0.6712 GateEnt: 0.0000 GateDiv: 0.0000
Epoch [246/600] Total Loss: 95.0671
Epoch [247/600] Step [0/17] Loss: 5.8179 Bio: 0.6794 GateEnt: 0.0000 GateDiv: 0.0000
Epoch [247/600] Total Loss: 93.6229
Epoch [248/600] Step [0/17] Loss: 5.7161 Bio: 0.6177 GateEnt: 0.0000 GateDiv: 0.0000
Epoch [248/600] Total Loss: 93.9778
Epoch [249/600] Step [0/17] Loss: 5.3749 Bio: 0.6303 GateEnt: 0.0000 GateDiv: 0.0000
Epoch [249/600] Total Loss: 94.2133
Epoch [250/600] Step [0/17] Loss: 5.6317 Bio: 0.6385 GateEnt: 0.0000 GateDiv: 0.0000
Epoch [250/600] Total Loss: 94.8362
Epoch [251/600] Step [0/17] Loss: 5.6073 Bio: 0.6510 GateEnt: 0.0000 GateDiv: 0.0000
Epoch [251/600] Total Loss: 94.4212
Epoch [252/600] Step [0/17] Loss: 5.7989 Bio: 0.5986 GateEnt: 0.0000 GateDiv: 0.0000
Epoch [252/600] Total Loss: 93.9833
Epoch [253/600] Step [0/17] Loss: 5.6989 Bio: 0.6832 GateEnt: 0.0000 GateDiv: 0.0000
Epoch [253/600] Total Loss: 93.3266
Epoch [254/600] Step [0/17] Loss: 5.6348 Bio: 0.6529 GateEnt: 0.0000 GateDiv: 0.0000
Epoch [254/600] Total Loss: 95.2916
Epoch [255/600] Step [0/17] Loss: 5.6537 Bio: 0.6088 GateEnt: 0.0000 GateDiv: 0.0000
Epoch [255/600] Total Loss: 93.2060
Epoch [256/600] Step [0/17] Loss: 5.5436 Bio: 0.6729 GateEnt: 0.0000 GateDiv: 0.0000
Epoch [256/600] Total Loss: 94.5315
Epoch [257/600] Step [0/17] Loss: 5.5539 Bio: 0.6060 GateEnt: 0.0000 GateDiv: 0.0000
Epoch [257/600] Total Loss: 94.5870
Epoch [258/600] Step [0/17] Loss: 5.4875 Bio: 0.6584 GateEnt: 0.0000 GateDiv: 0.0000
Epoch [258/600] Total Loss: 93.8609
Epoch [259/600] Step [0/17] Loss: 5.7146 Bio: 0.6563 GateEnt: 0.0000 GateDiv: 0.0000
Epoch [259/600] Total Loss: 94.3892
Epoch [260/600] Step [0/17] Loss: 5.6408 Bio: 0.6120 GateEnt: 0.0000 GateDiv: 0.0000
Epoch [260/600] Total Loss: 93.6340
Epoch [261/600] Step [0/17] Loss: 5.8033 Bio: 0.6475 GateEnt: 0.0000 GateDiv: 0.0000
Epoch [261/600] Total Loss: 94.7745
Epoch [262/600] Step [0/17] Loss: 5.7384 Bio: 0.6767 GateEnt: 0.0000 GateDiv: 0.0000
Epoch [262/600] Total Loss: 94.9263
Epoch [263/600] Step [0/17] Loss: 5.7329 Bio: 0.5773 GateEnt: 0.0000 GateDiv: 0.0000
Epoch [263/600] Total Loss: 94.1015
Epoch [264/600] Step [0/17] Loss: 5.4577 Bio: 0.6493 GateEnt: 0.0000 GateDiv: 0.0000
Epoch [264/600] Total Loss: 94.2672
Epoch [265/600] Step [0/17] Loss: 5.4315 Bio: 0.5676 GateEnt: 0.0000 GateDiv: 0.0000
Epoch [265/600] Total Loss: 93.6335
Epoch [266/600] Step [0/17] Loss: 5.6677 Bio: 0.6461 GateEnt: 0.0000 GateDiv: 0.0000
Epoch [266/600] Total Loss: 94.7212
Epoch [267/600] Step [0/17] Loss: 5.7512 Bio: 0.7683 GateEnt: 0.0000 GateDiv: 0.0000
Epoch [267/600] Total Loss: 93.4314
Epoch [268/600] Step [0/17] Loss: 5.6700 Bio: 0.5930 GateEnt: 0.0000 GateDiv: 0.0000
Epoch [268/600] Total Loss: 94.0902
Epoch [269/600] Step [0/17] Loss: 5.7492 Bio: 0.5774 GateEnt: 0.0000 GateDiv: 0.0000
Epoch [269/600] Total Loss: 95.2370
Epoch [270/600] Step [0/17] Loss: 5.6335 Bio: 0.5491 GateEnt: 0.0000 GateDiv: 0.0000
Epoch [270/600] Total Loss: 94.7635
Epoch [271/600] Step [0/17] Loss: 5.4646 Bio: 0.6168 GateEnt: 0.0000 GateDiv: 0.0000
Epoch [271/600] Total Loss: 93.9387
Epoch [272/600] Step [0/17] Loss: 5.7109 Bio: 0.6394 GateEnt: 0.0000 GateDiv: 0.0000
Epoch [272/600] Total Loss: 93.5336
Epoch [273/600] Step [0/17] Loss: 5.4014 Bio: 0.6291 GateEnt: 0.0000 GateDiv: 0.0000
Epoch [273/600] Total Loss: 94.5387
Epoch [274/600] Step [0/17] Loss: 5.4457 Bio: 0.6151 GateEnt: 0.0000 GateDiv: 0.0000
Epoch [274/600] Total Loss: 95.5017
Epoch [275/600] Step [0/17] Loss: 5.7503 Bio: 0.5966 GateEnt: 0.0000 GateDiv: 0.0000
Epoch [275/600] Total Loss: 94.0971
Epoch [276/600] Step [0/17] Loss: 5.7225 Bio: 0.6637 GateEnt: 0.0000 GateDiv: 0.0000
Epoch [276/600] Total Loss: 94.9426
Epoch [277/600] Step [0/17] Loss: 5.6260 Bio: 0.6344 GateEnt: 0.0000 GateDiv: 0.0000
Epoch [277/600] Total Loss: 93.5876
Epoch [278/600] Step [0/17] Loss: 5.7116 Bio: 0.5454 GateEnt: 0.0000 GateDiv: 0.0000
Epoch [278/600] Total Loss: 93.9765
Epoch [279/600] Step [0/17] Loss: 5.7228 Bio: 0.6726 GateEnt: 0.0000 GateDiv: 0.0000
Epoch [279/600] Total Loss: 93.6467
Epoch [280/600] Step [0/17] Loss: 5.5394 Bio: 0.5852 GateEnt: 0.0000 GateDiv: 0.0000
Epoch [280/600] Total Loss: 93.4403
Epoch [281/600] Step [0/17] Loss: 5.6683 Bio: 0.6861 GateEnt: 0.0000 GateDiv: 0.0000
Epoch [281/600] Total Loss: 95.1653
Epoch [282/600] Step [0/17] Loss: 5.5049 Bio: 0.6287 GateEnt: 0.0000 GateDiv: 0.0000
Epoch [282/600] Total Loss: 92.6327
Epoch [283/600] Step [0/17] Loss: 5.5750 Bio: 0.6224 GateEnt: 0.0000 GateDiv: 0.0000
Epoch [283/600] Total Loss: 94.6983
Epoch [284/600] Step [0/17] Loss: 5.5778 Bio: 0.6442 GateEnt: 0.0000 GateDiv: 0.0000
Epoch [284/600] Total Loss: 94.5376
Epoch [285/600] Step [0/17] Loss: 5.6262 Bio: 0.6545 GateEnt: 0.0000 GateDiv: 0.0000
Epoch [285/600] Total Loss: 93.8593
Epoch [286/600] Step [0/17] Loss: 5.5180 Bio: 0.5903 GateEnt: 0.0000 GateDiv: 0.0000
Epoch [286/600] Total Loss: 95.1378
Epoch [287/600] Step [0/17] Loss: 5.5769 Bio: 0.6530 GateEnt: 0.0000 GateDiv: 0.0000
Epoch [287/600] Total Loss: 92.9526
Epoch [288/600] Step [0/17] Loss: 5.6263 Bio: 0.6069 GateEnt: 0.0000 GateDiv: 0.0000
Epoch [288/600] Total Loss: 93.0634
Epoch [289/600] Step [0/17] Loss: 5.5841 Bio: 0.6464 GateEnt: 0.0000 GateDiv: 0.0000
Epoch [289/600] Total Loss: 94.6372
Epoch [290/600] Step [0/17] Loss: 5.6299 Bio: 0.6742 GateEnt: 0.0000 GateDiv: 0.0000
Epoch [290/600] Total Loss: 94.8382
Epoch [291/600] Step [0/17] Loss: 5.6916 Bio: 0.7216 GateEnt: 0.0000 GateDiv: 0.0000
Epoch [291/600] Total Loss: 93.3620
Epoch [292/600] Step [0/17] Loss: 5.5012 Bio: 0.5912 GateEnt: 0.0000 GateDiv: 0.0000
Epoch [292/600] Total Loss: 93.1061
Epoch [293/600] Step [0/17] Loss: 5.4785 Bio: 0.6177 GateEnt: 0.0000 GateDiv: 0.0000
Epoch [293/600] Total Loss: 92.9768
Epoch [294/600] Step [0/17] Loss: 5.6930 Bio: 0.6781 GateEnt: 0.0000 GateDiv: 0.0000
Epoch [294/600] Total Loss: 93.3439
Epoch [295/600] Step [0/17] Loss: 5.6815 Bio: 0.7397 GateEnt: 0.0000 GateDiv: 0.0000
Epoch [295/600] Total Loss: 93.6680
Epoch [296/600] Step [0/17] Loss: 5.6983 Bio: 0.6895 GateEnt: 0.0000 GateDiv: 0.0000
Epoch [296/600] Total Loss: 93.4869
Epoch [297/600] Step [0/17] Loss: 5.6140 Bio: 0.6275 GateEnt: 0.0000 GateDiv: 0.0000
Epoch [297/600] Total Loss: 92.5443
Epoch [298/600] Step [0/17] Loss: 5.6554 Bio: 0.6093 GateEnt: 0.0000 GateDiv: 0.0000
Epoch [298/600] Total Loss: 93.0922
Epoch [299/600] Step [0/17] Loss: 5.6445 Bio: 0.6012 GateEnt: 0.0000 GateDiv: 0.0000
Epoch [299/600] Total Loss: 93.4047
Epoch [300/600] Step [0/17] Loss: 5.5078 Bio: 0.5862 GateEnt: 0.0000 GateDiv: 0.0000
Epoch [300/600] Total Loss: 93.8246
Epoch [301/600] Step [0/17] Loss: 5.6202 Bio: 0.6538 GateEnt: 0.0000 GateDiv: 0.0000
Epoch [301/600] Total Loss: 94.0694
Epoch [302/600] Step [0/17] Loss: 5.5961 Bio: 0.5579 GateEnt: 0.0000 GateDiv: 0.0000
Epoch [302/600] Total Loss: 93.9006
Epoch [303/600] Step [0/17] Loss: 5.6028 Bio: 0.5911 GateEnt: 0.0000 GateDiv: 0.0000
Epoch [303/600] Total Loss: 92.9376
Epoch [304/600] Step [0/17] Loss: 5.5128 Bio: 0.6226 GateEnt: 0.0000 GateDiv: 0.0000
Epoch [304/600] Total Loss: 94.2984
Epoch [305/600] Step [0/17] Loss: 5.6142 Bio: 0.6303 GateEnt: 0.0000 GateDiv: 0.0000
Epoch [305/600] Total Loss: 93.5063
Epoch [306/600] Step [0/17] Loss: 5.6540 Bio: 0.6151 GateEnt: 0.0000 GateDiv: 0.0000
Epoch [306/600] Total Loss: 94.5147
Epoch [307/600] Step [0/17] Loss: 5.8271 Bio: 0.5390 GateEnt: 0.0000 GateDiv: 0.0000
Epoch [307/600] Total Loss: 92.8446
Epoch [308/600] Step [0/17] Loss: 5.4803 Bio: 0.6481 GateEnt: 0.0000 GateDiv: 0.0000
Epoch [308/600] Total Loss: 94.0083
Epoch [309/600] Step [0/17] Loss: 5.6009 Bio: 0.6065 GateEnt: 0.0000 GateDiv: 0.0000
Epoch [309/600] Total Loss: 92.9967
Epoch [310/600] Step [0/17] Loss: 5.6603 Bio: 0.5697 GateEnt: 0.0000 GateDiv: 0.0000
Epoch [310/600] Total Loss: 92.6955
Epoch [311/600] Step [0/17] Loss: 5.7634 Bio: 0.6347 GateEnt: 0.0000 GateDiv: 0.0000
Epoch [311/600] Total Loss: 94.6139
Epoch [312/600] Step [0/17] Loss: 5.5012 Bio: 0.6021 GateEnt: 0.0000 GateDiv: 0.0000
Epoch [312/600] Total Loss: 95.1429
Epoch [313/600] Step [0/17] Loss: 5.5633 Bio: 0.6078 GateEnt: 0.0000 GateDiv: 0.0000
Epoch [313/600] Total Loss: 95.3621
Epoch [314/600] Step [0/17] Loss: 5.4526 Bio: 0.6424 GateEnt: 0.0000 GateDiv: 0.0000
Epoch [314/600] Total Loss: 93.8810
Epoch [315/600] Step [0/17] Loss: 5.5144 Bio: 0.6868 GateEnt: 0.0000 GateDiv: 0.0000
Epoch [315/600] Total Loss: 93.3928
Epoch [316/600] Step [0/17] Loss: 5.4925 Bio: 0.6963 GateEnt: 0.0000 GateDiv: 0.0000
Epoch [316/600] Total Loss: 94.7815
Epoch [317/600] Step [0/17] Loss: 6.0120 Bio: 0.6434 GateEnt: 0.0000 GateDiv: 0.0000
Epoch [317/600] Total Loss: 93.5345
Epoch [318/600] Step [0/17] Loss: 5.5510 Bio: 0.6454 GateEnt: 0.0000 GateDiv: 0.0000
Epoch [318/600] Total Loss: 93.8682
Epoch [319/600] Step [0/17] Loss: 5.6922 Bio: 0.6903 GateEnt: 0.0000 GateDiv: 0.0000
Epoch [319/600] Total Loss: 94.1676
Epoch [320/600] Step [0/17] Loss: 5.4943 Bio: 0.6105 GateEnt: 0.0000 GateDiv: 0.0000
Epoch [320/600] Total Loss: 92.8347
Epoch [321/600] Step [0/17] Loss: 5.7595 Bio: 0.5912 GateEnt: 0.0000 GateDiv: 0.0000
Epoch [321/600] Total Loss: 93.6522
Epoch [322/600] Step [0/17] Loss: 5.5324 Bio: 0.6616 GateEnt: 0.0000 GateDiv: 0.0000
Epoch [322/600] Total Loss: 93.1952
Epoch [323/600] Step [0/17] Loss: 5.8331 Bio: 0.6445 GateEnt: 0.0000 GateDiv: 0.0000
Epoch [323/600] Total Loss: 94.3286
Epoch [324/600] Step [0/17] Loss: 5.5692 Bio: 0.5940 GateEnt: 0.0000 GateDiv: 0.0000
Epoch [324/600] Total Loss: 93.8522
Epoch [325/600] Step [0/17] Loss: 5.5439 Bio: 0.6128 GateEnt: 0.0000 GateDiv: 0.0000
Epoch [325/600] Total Loss: 94.0596
Epoch [326/600] Step [0/17] Loss: 5.4289 Bio: 0.5669 GateEnt: 0.0000 GateDiv: 0.0000
Epoch [326/600] Total Loss: 93.4481
Epoch [327/600] Step [0/17] Loss: 5.5893 Bio: 0.6471 GateEnt: 0.0000 GateDiv: 0.0000
Epoch [327/600] Total Loss: 92.3321
Epoch [328/600] Step [0/17] Loss: 5.8982 Bio: 0.5527 GateEnt: 0.0000 GateDiv: 0.0000
Epoch [328/600] Total Loss: 93.1601
Epoch [329/600] Step [0/17] Loss: 5.6836 Bio: 0.6030 GateEnt: 0.0000 GateDiv: 0.0000
Epoch [329/600] Total Loss: 92.5010
Epoch [330/600] Step [0/17] Loss: 5.5220 Bio: 0.5976 GateEnt: 0.0000 GateDiv: 0.0000
Epoch [330/600] Total Loss: 92.4505
Epoch [331/600] Step [0/17] Loss: 5.6718 Bio: 0.6187 GateEnt: 0.0000 GateDiv: 0.0000
Epoch [331/600] Total Loss: 92.9849
Epoch [332/600] Step [0/17] Loss: 5.4944 Bio: 0.5706 GateEnt: 0.0000 GateDiv: 0.0000
Epoch [332/600] Total Loss: 93.4429
Epoch [333/600] Step [0/17] Loss: 5.7470 Bio: 0.7163 GateEnt: 0.0000 GateDiv: 0.0000
Epoch [333/600] Total Loss: 93.3950
Epoch [334/600] Step [0/17] Loss: 5.7453 Bio: 0.5761 GateEnt: 0.0000 GateDiv: 0.0000
Epoch [334/600] Total Loss: 93.2612
Epoch [335/600] Step [0/17] Loss: 5.5143 Bio: 0.6246 GateEnt: 0.0000 GateDiv: 0.0000
Epoch [335/600] Total Loss: 92.4827
Epoch [336/600] Step [0/17] Loss: 5.7187 Bio: 0.6441 GateEnt: 0.0000 GateDiv: 0.0000
Epoch [336/600] Total Loss: 93.9541
Epoch [337/600] Step [0/17] Loss: 5.6496 Bio: 0.5717 GateEnt: 0.0000 GateDiv: 0.0000
Epoch [337/600] Total Loss: 94.1628
Epoch [338/600] Step [0/17] Loss: 5.8855 Bio: 0.5754 GateEnt: 0.0000 GateDiv: 0.0000
Epoch [338/600] Total Loss: 92.8748
Epoch [339/600] Step [0/17] Loss: 5.5510 Bio: 0.6252 GateEnt: 0.0000 GateDiv: 0.0000
Epoch [339/600] Total Loss: 92.2291
Epoch [340/600] Step [0/17] Loss: 5.5032 Bio: 0.6529 GateEnt: 0.0000 GateDiv: 0.0000
Epoch [340/600] Total Loss: 92.8457
Epoch [341/600] Step [0/17] Loss: 5.5943 Bio: 0.6245 GateEnt: 0.0000 GateDiv: 0.0000
Epoch [341/600] Total Loss: 93.5481
Epoch [342/600] Step [0/17] Loss: 5.5985 Bio: 0.6703 GateEnt: 0.0000 GateDiv: 0.0000
Epoch [342/600] Total Loss: 93.4206
Epoch [343/600] Step [0/17] Loss: 5.4902 Bio: 0.5850 GateEnt: 0.0000 GateDiv: 0.0000
Epoch [343/600] Total Loss: 93.7399
Epoch [344/600] Step [0/17] Loss: 5.6085 Bio: 0.6475 GateEnt: 0.0000 GateDiv: 0.0000
Epoch [344/600] Total Loss: 92.3264
Epoch [345/600] Step [0/17] Loss: 5.4481 Bio: 0.7082 GateEnt: 0.0000 GateDiv: 0.0000
Epoch [345/600] Total Loss: 93.6847
Epoch [346/600] Step [0/17] Loss: 5.5489 Bio: 0.5920 GateEnt: 0.0000 GateDiv: 0.0000
Epoch [346/600] Total Loss: 94.6399
Epoch [347/600] Step [0/17] Loss: 5.4723 Bio: 0.6152 GateEnt: 0.0000 GateDiv: 0.0000
Epoch [347/600] Total Loss: 93.1121
Epoch [348/600] Step [0/17] Loss: 5.5626 Bio: 0.5372 GateEnt: 0.0000 GateDiv: 0.0000
Epoch [348/600] Total Loss: 92.5093
Epoch [349/600] Step [0/17] Loss: 5.6683 Bio: 0.5630 GateEnt: 0.0000 GateDiv: 0.0000
Epoch [349/600] Total Loss: 93.4492
Epoch [350/600] Step [0/17] Loss: 5.7163 Bio: 0.5569 GateEnt: 0.0000 GateDiv: 0.0000
Epoch [350/600] Total Loss: 93.5682
Epoch [351/600] Step [0/17] Loss: 5.6068 Bio: 0.6102 GateEnt: 0.0000 GateDiv: 0.0000
Epoch [351/600] Total Loss: 92.5674
Epoch [352/600] Step [0/17] Loss: 5.3505 Bio: 0.6319 GateEnt: 0.0000 GateDiv: 0.0000
Epoch [352/600] Total Loss: 93.2760
Epoch [353/600] Step [0/17] Loss: 5.6259 Bio: 0.6334 GateEnt: 0.0000 GateDiv: 0.0000
Epoch [353/600] Total Loss: 92.5169
Epoch [354/600] Step [0/17] Loss: 5.5943 Bio: 0.6035 GateEnt: 0.0000 GateDiv: 0.0000
Epoch [354/600] Total Loss: 93.2492
Epoch [355/600] Step [0/17] Loss: 5.5219 Bio: 0.6745 GateEnt: 0.0000 GateDiv: 0.0000
Epoch [355/600] Total Loss: 93.4787
Epoch [356/600] Step [0/17] Loss: 5.6070 Bio: 0.5592 GateEnt: 0.0000 GateDiv: 0.0000
Epoch [356/600] Total Loss: 93.4740
Epoch [357/600] Step [0/17] Loss: 5.4518 Bio: 0.6235 GateEnt: 0.0000 GateDiv: 0.0000
Epoch [357/600] Total Loss: 92.7614
Epoch [358/600] Step [0/17] Loss: 5.4874 Bio: 0.5850 GateEnt: 0.0000 GateDiv: 0.0000
Epoch [358/600] Total Loss: 93.1945
Epoch [359/600] Step [0/17] Loss: 5.8463 Bio: 0.6661 GateEnt: 0.0000 GateDiv: 0.0000
Epoch [359/600] Total Loss: 93.0683
Epoch [360/600] Step [0/17] Loss: 5.5837 Bio: 0.5727 GateEnt: 0.0000 GateDiv: 0.0000
Epoch [360/600] Total Loss: 94.3240
Epoch [361/600] Step [0/17] Loss: 5.7263 Bio: 0.6086 GateEnt: 0.0000 GateDiv: 0.0000
Epoch [361/600] Total Loss: 92.5175
Epoch [362/600] Step [0/17] Loss: 5.7173 Bio: 0.6216 GateEnt: 0.0000 GateDiv: 0.0000
Epoch [362/600] Total Loss: 93.0510
Epoch [363/600] Step [0/17] Loss: 5.5474 Bio: 0.6125 GateEnt: 0.0000 GateDiv: 0.0000
Epoch [363/600] Total Loss: 92.0177
Epoch [364/600] Step [0/17] Loss: 5.4073 Bio: 0.6609 GateEnt: 0.0000 GateDiv: 0.0000
Epoch [364/600] Total Loss: 92.8403
Epoch [365/600] Step [0/17] Loss: 5.4578 Bio: 0.6485 GateEnt: 0.0000 GateDiv: 0.0000
Epoch [365/600] Total Loss: 94.3150
Epoch [366/600] Step [0/17] Loss: 5.5651 Bio: 0.7099 GateEnt: 0.0000 GateDiv: 0.0000
Epoch [366/600] Total Loss: 92.2247
Epoch [367/600] Step [0/17] Loss: 5.9186 Bio: 0.6388 GateEnt: 0.0000 GateDiv: 0.0000
Epoch [367/600] Total Loss: 93.0859
Epoch [368/600] Step [0/17] Loss: 5.6696 Bio: 0.6343 GateEnt: 0.0000 GateDiv: 0.0000
Epoch [368/600] Total Loss: 93.5231
Epoch [369/600] Step [0/17] Loss: 5.6417 Bio: 0.7066 GateEnt: 0.0000 GateDiv: 0.0000
Epoch [369/600] Total Loss: 93.4765
Epoch [370/600] Step [0/17] Loss: 5.5689 Bio: 0.6256 GateEnt: 0.0000 GateDiv: 0.0000
Epoch [370/600] Total Loss: 92.7879
Epoch [371/600] Step [0/17] Loss: 5.4867 Bio: 0.6213 GateEnt: 0.0000 GateDiv: 0.0000
Epoch [371/600] Total Loss: 93.6410
Epoch [372/600] Step [0/17] Loss: 5.6758 Bio: 0.6897 GateEnt: 0.0000 GateDiv: 0.0000
Epoch [372/600] Total Loss: 93.7398
Epoch [373/600] Step [0/17] Loss: 5.7323 Bio: 0.6079 GateEnt: 0.0000 GateDiv: 0.0000
Epoch [373/600] Total Loss: 93.9804
Epoch [374/600] Step [0/17] Loss: 5.6446 Bio: 0.6630 GateEnt: 0.0000 GateDiv: 0.0000
Epoch [374/600] Total Loss: 93.1606
Epoch [375/600] Step [0/17] Loss: 5.9617 Bio: 0.6496 GateEnt: 0.0000 GateDiv: 0.0000
Epoch [375/600] Total Loss: 93.6105
Epoch [376/600] Step [0/17] Loss: 5.7301 Bio: 0.6597 GateEnt: 0.0000 GateDiv: 0.0000
Epoch [376/600] Total Loss: 93.9790
Epoch [377/600] Step [0/17] Loss: 5.4028 Bio: 0.6220 GateEnt: 0.0000 GateDiv: 0.0000
Epoch [377/600] Total Loss: 92.9893
Epoch [378/600] Step [0/17] Loss: 5.5978 Bio: 0.5771 GateEnt: 0.0000 GateDiv: 0.0000
Epoch [378/600] Total Loss: 91.2079
Epoch [379/600] Step [0/17] Loss: 5.6515 Bio: 0.6099 GateEnt: 0.0000 GateDiv: 0.0000
Epoch [379/600] Total Loss: 91.6062
Epoch [380/600] Step [0/17] Loss: 5.4694 Bio: 0.6196 GateEnt: 0.0000 GateDiv: 0.0000
Epoch [380/600] Total Loss: 93.7898
Epoch [381/600] Step [0/17] Loss: 5.5694 Bio: 0.6628 GateEnt: 0.0000 GateDiv: 0.0000
Epoch [381/600] Total Loss: 92.3588
Epoch [382/600] Step [0/17] Loss: 5.4942 Bio: 0.6188 GateEnt: 0.0000 GateDiv: 0.0000
Epoch [382/600] Total Loss: 93.6443
Epoch [383/600] Step [0/17] Loss: 5.5353 Bio: 0.5757 GateEnt: 0.0000 GateDiv: 0.0000
Epoch [383/600] Total Loss: 92.9610
Epoch [384/600] Step [0/17] Loss: 5.4462 Bio: 0.6941 GateEnt: 0.0000 GateDiv: 0.0000
Epoch [384/600] Total Loss: 92.0978
Epoch [385/600] Step [0/17] Loss: 5.7779 Bio: 0.6401 GateEnt: 0.0000 GateDiv: 0.0000
Epoch [385/600] Total Loss: 93.1521
Epoch [386/600] Step [0/17] Loss: 5.4137 Bio: 0.6520 GateEnt: 0.0000 GateDiv: 0.0000
Epoch [386/600] Total Loss: 92.6977
Epoch [387/600] Step [0/17] Loss: 5.4656 Bio: 0.6444 GateEnt: 0.0000 GateDiv: 0.0000
Epoch [387/600] Total Loss: 92.4901
Epoch [388/600] Step [0/17] Loss: 5.6485 Bio: 0.6767 GateEnt: 0.0000 GateDiv: 0.0000
Epoch [388/600] Total Loss: 92.3668
Epoch [389/600] Step [0/17] Loss: 5.5193 Bio: 0.6818 GateEnt: 0.0000 GateDiv: 0.0000
Epoch [389/600] Total Loss: 93.3049
Epoch [390/600] Step [0/17] Loss: 5.6130 Bio: 0.5499 GateEnt: 0.0000 GateDiv: 0.0000
Epoch [390/600] Total Loss: 92.3971
Epoch [391/600] Step [0/17] Loss: 5.4168 Bio: 0.5700 GateEnt: 0.0000 GateDiv: 0.0000
Epoch [391/600] Total Loss: 92.0257
Epoch [392/600] Step [0/17] Loss: 5.5756 Bio: 0.5381 GateEnt: 0.0000 GateDiv: 0.0000
Epoch [392/600] Total Loss: 93.2893
Epoch [393/600] Step [0/17] Loss: 5.3544 Bio: 0.6844 GateEnt: 0.0000 GateDiv: 0.0000
Epoch [393/600] Total Loss: 92.0358
Epoch [394/600] Step [0/17] Loss: 5.5759 Bio: 0.6351 GateEnt: 0.0000 GateDiv: 0.0000
Epoch [394/600] Total Loss: 92.7621
Epoch [395/600] Step [0/17] Loss: 5.3790 Bio: 0.6428 GateEnt: 0.0000 GateDiv: 0.0000
Epoch [395/600] Total Loss: 91.2641
Epoch [396/600] Step [0/17] Loss: 5.6266 Bio: 0.5127 GateEnt: 0.0000 GateDiv: 0.0000
Epoch [396/600] Total Loss: 91.8401
Epoch [397/600] Step [0/17] Loss: 5.7674 Bio: 0.6166 GateEnt: 0.0000 GateDiv: 0.0000
Epoch [397/600] Total Loss: 93.7697
Epoch [398/600] Step [0/17] Loss: 5.5142 Bio: 0.5929 GateEnt: 0.0000 GateDiv: 0.0000
Epoch [398/600] Total Loss: 92.3753
Epoch [399/600] Step [0/17] Loss: 5.4016 Bio: 0.6915 GateEnt: 0.0000 GateDiv: 0.0000
Epoch [399/600] Total Loss: 93.0396
Epoch [400/600] Step [0/17] Loss: 5.5073 Bio: 0.5854 GateEnt: 0.0000 GateDiv: 0.0000
Epoch [400/600] Total Loss: 91.6129
Epoch [401/600] Step [0/17] Loss: 5.4466 Bio: 0.6439 GateEnt: 0.0000 GateDiv: 0.0000
Epoch [401/600] Total Loss: 94.4578
Epoch [402/600] Step [0/17] Loss: 5.8689 Bio: 0.5474 GateEnt: 0.0000 GateDiv: 0.0000
Epoch [402/600] Total Loss: 93.0569
Epoch [403/600] Step [0/17] Loss: 5.4218 Bio: 0.5822 GateEnt: 0.0000 GateDiv: 0.0000
Epoch [403/600] Total Loss: 93.1326
Epoch [404/600] Step [0/17] Loss: 5.5015 Bio: 0.6024 GateEnt: 0.0000 GateDiv: 0.0000
Epoch [404/600] Total Loss: 92.7869
Epoch [405/600] Step [0/17] Loss: 5.5052 Bio: 0.5966 GateEnt: 0.0000 GateDiv: 0.0000
Epoch [405/600] Total Loss: 93.1092
Epoch [406/600] Step [0/17] Loss: 5.7754 Bio: 0.5641 GateEnt: 0.0000 GateDiv: 0.0000
Epoch [406/600] Total Loss: 91.4957
Epoch [407/600] Step [0/17] Loss: 5.4421 Bio: 0.6567 GateEnt: 0.0000 GateDiv: 0.0000
Epoch [407/600] Total Loss: 92.5035
Epoch [408/600] Step [0/17] Loss: 5.5203 Bio: 0.7051 GateEnt: 0.0000 GateDiv: 0.0000
Epoch [408/600] Total Loss: 91.8798
Epoch [409/600] Step [0/17] Loss: 5.7417 Bio: 0.6027 GateEnt: 0.0000 GateDiv: 0.0000
Epoch [409/600] Total Loss: 93.6523
Epoch [410/600] Step [0/17] Loss: 5.4692 Bio: 0.6026 GateEnt: 0.0000 GateDiv: 0.0000
Epoch [410/600] Total Loss: 92.7893
Epoch [411/600] Step [0/17] Loss: 5.5803 Bio: 0.6495 GateEnt: 0.0000 GateDiv: 0.0000
Epoch [411/600] Total Loss: 92.6035
Epoch [412/600] Step [0/17] Loss: 5.6857 Bio: 0.5838 GateEnt: 0.0000 GateDiv: 0.0000
Epoch [412/600] Total Loss: 92.4481
Epoch [413/600] Step [0/17] Loss: 5.4857 Bio: 0.6015 GateEnt: 0.0000 GateDiv: 0.0000
Epoch [413/600] Total Loss: 93.2444
Epoch [414/600] Step [0/17] Loss: 5.5367 Bio: 0.6019 GateEnt: 0.0000 GateDiv: 0.0000
Epoch [414/600] Total Loss: 92.2953
Epoch [415/600] Step [0/17] Loss: 5.3430 Bio: 0.6326 GateEnt: 0.0000 GateDiv: 0.0000
Epoch [415/600] Total Loss: 92.5116
Epoch [416/600] Step [0/17] Loss: 5.6202 Bio: 0.5792 GateEnt: 0.0000 GateDiv: 0.0000
Epoch [416/600] Total Loss: 92.2045
Epoch [417/600] Step [0/17] Loss: 5.6135 Bio: 0.6344 GateEnt: 0.0000 GateDiv: 0.0000
Epoch [417/600] Total Loss: 93.3817
Epoch [418/600] Step [0/17] Loss: 5.5010 Bio: 0.6544 GateEnt: 0.0000 GateDiv: 0.0000
Epoch [418/600] Total Loss: 92.1197
Epoch [419/600] Step [0/17] Loss: 5.6737 Bio: 0.6399 GateEnt: 0.0000 GateDiv: 0.0000
Epoch [419/600] Total Loss: 92.0712
Epoch [420/600] Step [0/17] Loss: 5.5525 Bio: 0.6777 GateEnt: 0.0000 GateDiv: 0.0000
Epoch [420/600] Total Loss: 92.2481
Epoch [421/600] Step [0/17] Loss: 5.5031 Bio: 0.6452 GateEnt: 0.0000 GateDiv: 0.0000
Epoch [421/600] Total Loss: 93.2465
Epoch [422/600] Step [0/17] Loss: 5.4747 Bio: 0.5321 GateEnt: 0.0000 GateDiv: 0.0000
Epoch [422/600] Total Loss: 92.3526
Epoch [423/600] Step [0/17] Loss: 5.5789 Bio: 0.6587 GateEnt: 0.0000 GateDiv: 0.0000
Epoch [423/600] Total Loss: 93.0579
Epoch [424/600] Step [0/17] Loss: 5.5095 Bio: 0.5820 GateEnt: 0.0000 GateDiv: 0.0000
Epoch [424/600] Total Loss: 93.6862
Epoch [425/600] Step [0/17] Loss: 5.3913 Bio: 0.6207 GateEnt: 0.0000 GateDiv: 0.0000
Epoch [425/600] Total Loss: 92.6737
Epoch [426/600] Step [0/17] Loss: 5.4742 Bio: 0.6183 GateEnt: 0.0000 GateDiv: 0.0000
Epoch [426/600] Total Loss: 91.8651
Epoch [427/600] Step [0/17] Loss: 5.6421 Bio: 0.6399 GateEnt: 0.0000 GateDiv: 0.0000
Epoch [427/600] Total Loss: 91.8513
Epoch [428/600] Step [0/17] Loss: 5.5083 Bio: 0.5667 GateEnt: 0.0000 GateDiv: 0.0000
Epoch [428/600] Total Loss: 92.9285
Epoch [429/600] Step [0/17] Loss: 5.6138 Bio: 0.5590 GateEnt: 0.0000 GateDiv: 0.0000
Epoch [429/600] Total Loss: 91.6754
Epoch [430/600] Step [0/17] Loss: 5.3163 Bio: 0.6057 GateEnt: 0.0000 GateDiv: 0.0000
Epoch [430/600] Total Loss: 92.9102
Epoch [431/600] Step [0/17] Loss: 5.6200 Bio: 0.6011 GateEnt: 0.0000 GateDiv: 0.0000
Epoch [431/600] Total Loss: 92.3601
Epoch [432/600] Step [0/17] Loss: 5.4666 Bio: 0.5714 GateEnt: 0.0000 GateDiv: 0.0000
Epoch [432/600] Total Loss: 92.4374
Epoch [433/600] Step [0/17] Loss: 5.5143 Bio: 0.6404 GateEnt: 0.0000 GateDiv: 0.0000
Epoch [433/600] Total Loss: 92.9208
Epoch [434/600] Step [0/17] Loss: 5.4293 Bio: 0.5787 GateEnt: 0.0000 GateDiv: 0.0000
Epoch [434/600] Total Loss: 91.6383
Epoch [435/600] Step [0/17] Loss: 5.4319 Bio: 0.6081 GateEnt: 0.0000 GateDiv: 0.0000
Epoch [435/600] Total Loss: 91.9848
Epoch [436/600] Step [0/17] Loss: 5.7502 Bio: 0.7004 GateEnt: 0.0000 GateDiv: 0.0000
Epoch [436/600] Total Loss: 91.7824
Epoch [437/600] Step [0/17] Loss: 5.3633 Bio: 0.5824 GateEnt: 0.0000 GateDiv: 0.0000
Epoch [437/600] Total Loss: 93.7254
Epoch [438/600] Step [0/17] Loss: 5.6342 Bio: 0.5986 GateEnt: 0.0000 GateDiv: 0.0000
Epoch [438/600] Total Loss: 92.9839
Epoch [439/600] Step [0/17] Loss: 5.5810 Bio: 0.5375 GateEnt: 0.0000 GateDiv: 0.0000
Epoch [439/600] Total Loss: 91.9531
Epoch [440/600] Step [0/17] Loss: 5.3609 Bio: 0.5983 GateEnt: 0.0000 GateDiv: 0.0000
Epoch [440/600] Total Loss: 91.3739
Epoch [441/600] Step [0/17] Loss: 5.4754 Bio: 0.5954 GateEnt: 0.0000 GateDiv: 0.0000
Epoch [441/600] Total Loss: 91.4977
Epoch [442/600] Step [0/17] Loss: 5.4501 Bio: 0.5762 GateEnt: 0.0000 GateDiv: 0.0000
Epoch [442/600] Total Loss: 93.3785
Epoch [443/600] Step [0/17] Loss: 5.4908 Bio: 0.5928 GateEnt: 0.0000 GateDiv: 0.0000
Epoch [443/600] Total Loss: 92.0753
Epoch [444/600] Step [0/17] Loss: 5.6692 Bio: 0.6222 GateEnt: 0.0000 GateDiv: 0.0000
Epoch [444/600] Total Loss: 92.9933
Epoch [445/600] Step [0/17] Loss: 5.4905 Bio: 0.6177 GateEnt: 0.0000 GateDiv: 0.0000
Epoch [445/600] Total Loss: 92.0467
Epoch [446/600] Step [0/17] Loss: 5.6716 Bio: 0.5718 GateEnt: 0.0000 GateDiv: 0.0000
Epoch [446/600] Total Loss: 93.5709
Epoch [447/600] Step [0/17] Loss: 5.7108 Bio: 0.6008 GateEnt: 0.0000 GateDiv: 0.0000
Epoch [447/600] Total Loss: 92.9505
Epoch [448/600] Step [0/17] Loss: 5.6244 Bio: 0.5511 GateEnt: 0.0000 GateDiv: 0.0000
Epoch [448/600] Total Loss: 92.7600
Epoch [449/600] Step [0/17] Loss: 5.5525 Bio: 0.6199 GateEnt: 0.0000 GateDiv: 0.0000
Epoch [449/600] Total Loss: 92.8207
Epoch [450/600] Step [0/17] Loss: 5.5913 Bio: 0.6557 GateEnt: 0.0000 GateDiv: 0.0000
Epoch [450/600] Total Loss: 92.2961
Epoch [451/600] Step [0/17] Loss: 5.3835 Bio: 0.5836 GateEnt: 0.0000 GateDiv: 0.0000
Epoch [451/600] Total Loss: 92.5603
Epoch [452/600] Step [0/17] Loss: 5.6699 Bio: 0.6743 GateEnt: 0.0000 GateDiv: 0.0000
Epoch [452/600] Total Loss: 92.8308
Epoch [453/600] Step [0/17] Loss: 5.7722 Bio: 0.5906 GateEnt: 0.0000 GateDiv: 0.0000
Epoch [453/600] Total Loss: 92.6038
Epoch [454/600] Step [0/17] Loss: 5.5708 Bio: 0.5920 GateEnt: 0.0000 GateDiv: 0.0000
Epoch [454/600] Total Loss: 93.1273
Epoch [455/600] Step [0/17] Loss: 5.6301 Bio: 0.6535 GateEnt: 0.0000 GateDiv: 0.0000
Epoch [455/600] Total Loss: 92.1572
Epoch [456/600] Step [0/17] Loss: 5.5173 Bio: 0.5724 GateEnt: 0.0000 GateDiv: 0.0000
Epoch [456/600] Total Loss: 91.7689
Epoch [457/600] Step [0/17] Loss: 5.3950 Bio: 0.5623 GateEnt: 0.0000 GateDiv: 0.0000
Epoch [457/600] Total Loss: 92.3745
Epoch [458/600] Step [0/17] Loss: 5.6375 Bio: 0.5860 GateEnt: 0.0000 GateDiv: 0.0000
Epoch [458/600] Total Loss: 91.5839
Epoch [459/600] Step [0/17] Loss: 5.5007 Bio: 0.5998 GateEnt: 0.0000 GateDiv: 0.0000
Epoch [459/600] Total Loss: 92.2631
Epoch [460/600] Step [0/17] Loss: 5.4730 Bio: 0.6536 GateEnt: 0.0000 GateDiv: 0.0000
Epoch [460/600] Total Loss: 92.3737
Epoch [461/600] Step [0/17] Loss: 5.3352 Bio: 0.5797 GateEnt: 0.0000 GateDiv: 0.0000
Epoch [461/600] Total Loss: 92.4058
Epoch [462/600] Step [0/17] Loss: 5.4587 Bio: 0.6190 GateEnt: 0.0000 GateDiv: 0.0000
Epoch [462/600] Total Loss: 92.8247
Epoch [463/600] Step [0/17] Loss: 5.3778 Bio: 0.6194 GateEnt: 0.0000 GateDiv: 0.0000
Epoch [463/600] Total Loss: 93.0036
Epoch [464/600] Step [0/17] Loss: 5.3534 Bio: 0.6056 GateEnt: 0.0000 GateDiv: 0.0000
Epoch [464/600] Total Loss: 91.7782
Epoch [465/600] Step [0/17] Loss: 5.5302 Bio: 0.6400 GateEnt: 0.0000 GateDiv: 0.0000
Epoch [465/600] Total Loss: 91.8704
Epoch [466/600] Step [0/17] Loss: 5.5200 Bio: 0.5743 GateEnt: 0.0000 GateDiv: 0.0000
Epoch [466/600] Total Loss: 91.6383
Epoch [467/600] Step [0/17] Loss: 5.6149 Bio: 0.6561 GateEnt: 0.0000 GateDiv: 0.0000
Epoch [467/600] Total Loss: 91.4111
Epoch [468/600] Step [0/17] Loss: 5.4946 Bio: 0.5926 GateEnt: 0.0000 GateDiv: 0.0000
Epoch [468/600] Total Loss: 92.4250
Epoch [469/600] Step [0/17] Loss: 5.7428 Bio: 0.6155 GateEnt: 0.0000 GateDiv: 0.0000
Epoch [469/600] Total Loss: 91.8438
Epoch [470/600] Step [0/17] Loss: 5.2700 Bio: 0.6159 GateEnt: 0.0000 GateDiv: 0.0000
Epoch [470/600] Total Loss: 92.9174
Epoch [471/600] Step [0/17] Loss: 5.4958 Bio: 0.6217 GateEnt: 0.0000 GateDiv: 0.0000
Epoch [471/600] Total Loss: 93.1977
Epoch [472/600] Step [0/17] Loss: 5.4012 Bio: 0.5742 GateEnt: 0.0000 GateDiv: 0.0000
Epoch [472/600] Total Loss: 91.1949
Epoch [473/600] Step [0/17] Loss: 5.6507 Bio: 0.5750 GateEnt: 0.0000 GateDiv: 0.0000
Epoch [473/600] Total Loss: 93.1615
Epoch [474/600] Step [0/17] Loss: 5.5291 Bio: 0.6487 GateEnt: 0.0000 GateDiv: 0.0000
Epoch [474/600] Total Loss: 91.6787
Epoch [475/600] Step [0/17] Loss: 5.6442 Bio: 0.5822 GateEnt: 0.0000 GateDiv: 0.0000
Epoch [475/600] Total Loss: 92.9071
Epoch [476/600] Step [0/17] Loss: 5.5817 Bio: 0.5851 GateEnt: 0.0000 GateDiv: 0.0000
Epoch [476/600] Total Loss: 91.9709
Epoch [477/600] Step [0/17] Loss: 5.5470 Bio: 0.6017 GateEnt: 0.0000 GateDiv: 0.0000
Epoch [477/600] Total Loss: 91.2188
Epoch [478/600] Step [0/17] Loss: 5.5092 Bio: 0.5896 GateEnt: 0.0000 GateDiv: 0.0000
Epoch [478/600] Total Loss: 92.7728
Epoch [479/600] Step [0/17] Loss: 5.5303 Bio: 0.6074 GateEnt: 0.0000 GateDiv: 0.0000
Epoch [479/600] Total Loss: 92.2357
Epoch [480/600] Step [0/17] Loss: 5.4525 Bio: 0.5632 GateEnt: 0.0000 GateDiv: 0.0000
Epoch [480/600] Total Loss: 91.8209
Epoch [481/600] Step [0/17] Loss: 5.4856 Bio: 0.6796 GateEnt: 0.0000 GateDiv: 0.0000
Epoch [481/600] Total Loss: 93.2013
Epoch [482/600] Step [0/17] Loss: 5.7187 Bio: 0.6118 GateEnt: 0.0000 GateDiv: 0.0000
Epoch [482/600] Total Loss: 93.5197
Epoch [483/600] Step [0/17] Loss: 5.6980 Bio: 0.5862 GateEnt: 0.0000 GateDiv: 0.0000
Epoch [483/600] Total Loss: 91.6804
Epoch [484/600] Step [0/17] Loss: 5.6365 Bio: 0.6423 GateEnt: 0.0000 GateDiv: 0.0000
Epoch [484/600] Total Loss: 92.6296
Epoch [485/600] Step [0/17] Loss: 5.5613 Bio: 0.6368 GateEnt: 0.0000 GateDiv: 0.0000
Epoch [485/600] Total Loss: 93.1506
Epoch [486/600] Step [0/17] Loss: 5.7732 Bio: 0.5628 GateEnt: 0.0000 GateDiv: 0.0000
Epoch [486/600] Total Loss: 91.4520
Epoch [487/600] Step [0/17] Loss: 5.4474 Bio: 0.6168 GateEnt: 0.0000 GateDiv: 0.0000
Epoch [487/600] Total Loss: 93.0954
Epoch [488/600] Step [0/17] Loss: 5.7020 Bio: 0.5916 GateEnt: 0.0000 GateDiv: 0.0000
Epoch [488/600] Total Loss: 91.9218
Epoch [489/600] Step [0/17] Loss: 5.4310 Bio: 0.5175 GateEnt: 0.0000 GateDiv: 0.0000
Epoch [489/600] Total Loss: 91.9542
Epoch [490/600] Step [0/17] Loss: 5.4689 Bio: 0.6155 GateEnt: 0.0000 GateDiv: 0.0000
Epoch [490/600] Total Loss: 91.2603
Epoch [491/600] Step [0/17] Loss: 5.4143 Bio: 0.5538 GateEnt: 0.0000 GateDiv: 0.0000
Epoch [491/600] Total Loss: 92.1189
Epoch [492/600] Step [0/17] Loss: 5.6158 Bio: 0.6171 GateEnt: 0.0000 GateDiv: 0.0000
Epoch [492/600] Total Loss: 92.8835
Epoch [493/600] Step [0/17] Loss: 5.4157 Bio: 0.5959 GateEnt: 0.0000 GateDiv: 0.0000
Epoch [493/600] Total Loss: 92.2900
Epoch [494/600] Step [0/17] Loss: 5.5686 Bio: 0.5809 GateEnt: 0.0000 GateDiv: 0.0000
Epoch [494/600] Total Loss: 92.5870
Epoch [495/600] Step [0/17] Loss: 5.7252 Bio: 0.5892 GateEnt: 0.0000 GateDiv: 0.0000
Epoch [495/600] Total Loss: 91.5473
Epoch [496/600] Step [0/17] Loss: 5.6047 Bio: 0.6483 GateEnt: 0.0000 GateDiv: 0.0000
Epoch [496/600] Total Loss: 92.3665
Epoch [497/600] Step [0/17] Loss: 5.5629 Bio: 0.6329 GateEnt: 0.0000 GateDiv: 0.0000
Epoch [497/600] Total Loss: 91.5925
Epoch [498/600] Step [0/17] Loss: 5.4431 Bio: 0.6308 GateEnt: 0.0000 GateDiv: 0.0000
Epoch [498/600] Total Loss: 93.1281
Epoch [499/600] Step [0/17] Loss: 5.5374 Bio: 0.5779 GateEnt: 0.0000 GateDiv: 0.0000
Epoch [499/600] Total Loss: 92.3095
Epoch [500/600] Step [0/17] Loss: 5.5427 Bio: 0.6135 GateEnt: 0.0000 GateDiv: 0.0000
Epoch [500/600] Total Loss: 92.4611
Epoch [501/600] Step [0/17] Loss: 5.5404 Bio: 0.6837 GateEnt: 0.0000 GateDiv: 0.0000
Epoch [501/600] Total Loss: 92.7437
Epoch [502/600] Step [0/17] Loss: 5.5052 Bio: 0.6225 GateEnt: 0.0000 GateDiv: 0.0000
Epoch [502/600] Total Loss: 92.5740
Epoch [503/600] Step [0/17] Loss: 5.4426 Bio: 0.6026 GateEnt: 0.0000 GateDiv: 0.0000
Epoch [503/600] Total Loss: 90.9184
Epoch [504/600] Step [0/17] Loss: 5.6092 Bio: 0.5515 GateEnt: 0.0000 GateDiv: 0.0000
Epoch [504/600] Total Loss: 92.8289
Epoch [505/600] Step [0/17] Loss: 5.5559 Bio: 0.4804 GateEnt: 0.0000 GateDiv: 0.0000
Epoch [505/600] Total Loss: 92.1182
Epoch [506/600] Step [0/17] Loss: 5.4333 Bio: 0.5582 GateEnt: 0.0000 GateDiv: 0.0000
Epoch [506/600] Total Loss: 91.2366
Epoch [507/600] Step [0/17] Loss: 5.3907 Bio: 0.5863 GateEnt: 0.0000 GateDiv: 0.0000
Epoch [507/600] Total Loss: 91.2006
Epoch [508/600] Step [0/17] Loss: 5.8090 Bio: 0.6087 GateEnt: 0.0000 GateDiv: 0.0000
Epoch [508/600] Total Loss: 92.1276
Epoch [509/600] Step [0/17] Loss: 5.5649 Bio: 0.6093 GateEnt: 0.0000 GateDiv: 0.0000
Epoch [509/600] Total Loss: 93.4740
Epoch [510/600] Step [0/17] Loss: 5.4010 Bio: 0.5766 GateEnt: 0.0000 GateDiv: 0.0000
Epoch [510/600] Total Loss: 92.7365
Epoch [511/600] Step [0/17] Loss: 5.7000 Bio: 0.6173 GateEnt: 0.0000 GateDiv: 0.0000
Epoch [511/600] Total Loss: 91.3843
Epoch [512/600] Step [0/17] Loss: 5.4736 Bio: 0.5606 GateEnt: 0.0000 GateDiv: 0.0000
Epoch [512/600] Total Loss: 92.0480
Epoch [513/600] Step [0/17] Loss: 5.6048 Bio: 0.6135 GateEnt: 0.0000 GateDiv: 0.0000
Epoch [513/600] Total Loss: 92.8769
Epoch [514/600] Step [0/17] Loss: 5.5632 Bio: 0.6145 GateEnt: 0.0000 GateDiv: 0.0000
Epoch [514/600] Total Loss: 92.2191
Epoch [515/600] Step [0/17] Loss: 5.4449 Bio: 0.6142 GateEnt: 0.0000 GateDiv: 0.0000
Epoch [515/600] Total Loss: 91.3904
Epoch [516/600] Step [0/17] Loss: 5.5921 Bio: 0.6123 GateEnt: 0.0000 GateDiv: 0.0000
Epoch [516/600] Total Loss: 92.5641
Epoch [517/600] Step [0/17] Loss: 5.6212 Bio: 0.5885 GateEnt: 0.0000 GateDiv: 0.0000
Epoch [517/600] Total Loss: 93.1244
Epoch [518/600] Step [0/17] Loss: 5.4602 Bio: 0.6212 GateEnt: 0.0000 GateDiv: 0.0000
Epoch [518/600] Total Loss: 92.0163
Epoch [519/600] Step [0/17] Loss: 5.6248 Bio: 0.5861 GateEnt: 0.0000 GateDiv: 0.0000
Epoch [519/600] Total Loss: 92.7895
Epoch [520/600] Step [0/17] Loss: 5.4734 Bio: 0.7642 GateEnt: 0.0000 GateDiv: 0.0000
Epoch [520/600] Total Loss: 91.9351
Epoch [521/600] Step [0/17] Loss: 5.3809 Bio: 0.5560 GateEnt: 0.0000 GateDiv: 0.0000
Epoch [521/600] Total Loss: 91.9769
Epoch [522/600] Step [0/17] Loss: 5.5547 Bio: 0.5513 GateEnt: 0.0000 GateDiv: 0.0000
Epoch [522/600] Total Loss: 92.0723
Epoch [523/600] Step [0/17] Loss: 5.4881 Bio: 0.6297 GateEnt: 0.0000 GateDiv: 0.0000
Epoch [523/600] Total Loss: 91.3611
Epoch [524/600] Step [0/17] Loss: 5.5540 Bio: 0.6345 GateEnt: 0.0000 GateDiv: 0.0000
Epoch [524/600] Total Loss: 91.1487
Epoch [525/600] Step [0/17] Loss: 5.4796 Bio: 0.6599 GateEnt: 0.0000 GateDiv: 0.0000
Epoch [525/600] Total Loss: 92.3712
Epoch [526/600] Step [0/17] Loss: 5.5225 Bio: 0.6521 GateEnt: 0.0000 GateDiv: 0.0000
Epoch [526/600] Total Loss: 92.8931
Epoch [527/600] Step [0/17] Loss: 5.6262 Bio: 0.5911 GateEnt: 0.0000 GateDiv: 0.0000
Epoch [527/600] Total Loss: 92.5303
Epoch [528/600] Step [0/17] Loss: 5.4494 Bio: 0.5885 GateEnt: 0.0000 GateDiv: 0.0000
Epoch [528/600] Total Loss: 91.9710
Epoch [529/600] Step [0/17] Loss: 5.5471 Bio: 0.6534 GateEnt: 0.0000 GateDiv: 0.0000
Epoch [529/600] Total Loss: 91.3553
Epoch [530/600] Step [0/17] Loss: 5.7267 Bio: 0.5810 GateEnt: 0.0000 GateDiv: 0.0000
Epoch [530/600] Total Loss: 93.3091
Epoch [531/600] Step [0/17] Loss: 5.6387 Bio: 0.5902 GateEnt: 0.0000 GateDiv: 0.0000
Epoch [531/600] Total Loss: 91.0352
Epoch [532/600] Step [0/17] Loss: 5.4841 Bio: 0.6029 GateEnt: 0.0000 GateDiv: 0.0000
Epoch [532/600] Total Loss: 91.8386
Epoch [533/600] Step [0/17] Loss: 5.5210 Bio: 0.5346 GateEnt: 0.0000 GateDiv: 0.0000
Epoch [533/600] Total Loss: 92.0722
Epoch [534/600] Step [0/17] Loss: 5.5951 Bio: 0.6448 GateEnt: 0.0000 GateDiv: 0.0000
Epoch [534/600] Total Loss: 92.9714
Epoch [535/600] Step [0/17] Loss: 5.5912 Bio: 0.6274 GateEnt: 0.0000 GateDiv: 0.0000
Epoch [535/600] Total Loss: 92.1896
Epoch [536/600] Step [0/17] Loss: 5.4576 Bio: 0.6683 GateEnt: 0.0000 GateDiv: 0.0000
Epoch [536/600] Total Loss: 91.7036
Epoch [537/600] Step [0/17] Loss: 5.4895 Bio: 0.5572 GateEnt: 0.0000 GateDiv: 0.0000
Epoch [537/600] Total Loss: 91.5273
Epoch [538/600] Step [0/17] Loss: 5.3408 Bio: 0.5473 GateEnt: 0.0000 GateDiv: 0.0000
Epoch [538/600] Total Loss: 91.2770
Epoch [539/600] Step [0/17] Loss: 5.4715 Bio: 0.6128 GateEnt: 0.0000 GateDiv: 0.0000
Epoch [539/600] Total Loss: 91.6298
Epoch [540/600] Step [0/17] Loss: 5.4557 Bio: 0.6424 GateEnt: 0.0000 GateDiv: 0.0000
Epoch [540/600] Total Loss: 92.1100
Epoch [541/600] Step [0/17] Loss: 5.5725 Bio: 0.5762 GateEnt: 0.0000 GateDiv: 0.0000
Epoch [541/600] Total Loss: 91.8332
Epoch [542/600] Step [0/17] Loss: 5.5301 Bio: 0.7276 GateEnt: 0.0000 GateDiv: 0.0000
Epoch [542/600] Total Loss: 91.3352
Epoch [543/600] Step [0/17] Loss: 5.4438 Bio: 0.5876 GateEnt: 0.0000 GateDiv: 0.0000
Epoch [543/600] Total Loss: 91.1519
Epoch [544/600] Step [0/17] Loss: 5.6007 Bio: 0.5935 GateEnt: 0.0000 GateDiv: 0.0000
Epoch [544/600] Total Loss: 92.7896
Epoch [545/600] Step [0/17] Loss: 5.5910 Bio: 0.5720 GateEnt: 0.0000 GateDiv: 0.0000
Epoch [545/600] Total Loss: 91.2541
Epoch [546/600] Step [0/17] Loss: 5.7335 Bio: 0.5587 GateEnt: 0.0000 GateDiv: 0.0000
Epoch [546/600] Total Loss: 92.5386
Epoch [547/600] Step [0/17] Loss: 5.4923 Bio: 0.5814 GateEnt: 0.0000 GateDiv: 0.0000
Epoch [547/600] Total Loss: 91.9227
Epoch [548/600] Step [0/17] Loss: 5.5541 Bio: 0.6280 GateEnt: 0.0000 GateDiv: 0.0000
Epoch [548/600] Total Loss: 90.9683
Epoch [549/600] Step [0/17] Loss: 5.2983 Bio: 0.5781 GateEnt: 0.0000 GateDiv: 0.0000
Epoch [549/600] Total Loss: 90.8419
Epoch [550/600] Step [0/17] Loss: 5.7307 Bio: 0.5559 GateEnt: 0.0000 GateDiv: 0.0000
Epoch [550/600] Total Loss: 91.9089
Epoch [551/600] Step [0/17] Loss: 5.7206 Bio: 0.5983 GateEnt: 0.0000 GateDiv: 0.0000
Epoch [551/600] Total Loss: 91.9836
Epoch [552/600] Step [0/17] Loss: 5.3721 Bio: 0.6285 GateEnt: 0.0000 GateDiv: 0.0000
Epoch [552/600] Total Loss: 90.9521
Epoch [553/600] Step [0/17] Loss: 5.4264 Bio: 0.6205 GateEnt: 0.0000 GateDiv: 0.0000
Epoch [553/600] Total Loss: 91.2174
Epoch [554/600] Step [0/17] Loss: 5.8128 Bio: 0.6302 GateEnt: 0.0000 GateDiv: 0.0000
Epoch [554/600] Total Loss: 91.0827
Epoch [555/600] Step [0/17] Loss: 5.6162 Bio: 0.5113 GateEnt: 0.0000 GateDiv: 0.0000
Epoch [555/600] Total Loss: 91.2191
Epoch [556/600] Step [0/17] Loss: 5.5896 Bio: 0.5472 GateEnt: 0.0000 GateDiv: 0.0000
Epoch [556/600] Total Loss: 91.5447
Epoch [557/600] Step [0/17] Loss: 5.6555 Bio: 0.5651 GateEnt: 0.0000 GateDiv: 0.0000
Epoch [557/600] Total Loss: 92.3830
Epoch [558/600] Step [0/17] Loss: 5.4150 Bio: 0.6045 GateEnt: 0.0000 GateDiv: 0.0000
Epoch [558/600] Total Loss: 91.4532
Epoch [559/600] Step [0/17] Loss: 5.3545 Bio: 0.6714 GateEnt: 0.0000 GateDiv: 0.0000
Epoch [559/600] Total Loss: 92.5594
Epoch [560/600] Step [0/17] Loss: 5.4017 Bio: 0.4968 GateEnt: 0.0000 GateDiv: 0.0000
Epoch [560/600] Total Loss: 91.5770
Epoch [561/600] Step [0/17] Loss: 5.5164 Bio: 0.5513 GateEnt: 0.0000 GateDiv: 0.0000
Epoch [561/600] Total Loss: 92.8386
Epoch [562/600] Step [0/17] Loss: 5.5532 Bio: 0.6096 GateEnt: 0.0000 GateDiv: 0.0000
Epoch [562/600] Total Loss: 91.2017
Epoch [563/600] Step [0/17] Loss: 5.6308 Bio: 0.5437 GateEnt: 0.0000 GateDiv: 0.0000
Epoch [563/600] Total Loss: 91.2711
Epoch [564/600] Step [0/17] Loss: 5.4083 Bio: 0.6078 GateEnt: 0.0000 GateDiv: 0.0000
Epoch [564/600] Total Loss: 91.8311
Epoch [565/600] Step [0/17] Loss: 5.3886 Bio: 0.5803 GateEnt: 0.0000 GateDiv: 0.0000
Epoch [565/600] Total Loss: 91.2152
Epoch [566/600] Step [0/17] Loss: 5.5408 Bio: 0.6155 GateEnt: 0.0000 GateDiv: 0.0000
Epoch [566/600] Total Loss: 92.1056
Epoch [567/600] Step [0/17] Loss: 5.4250 Bio: 0.5378 GateEnt: 0.0000 GateDiv: 0.0000
Epoch [567/600] Total Loss: 91.4805
Epoch [568/600] Step [0/17] Loss: 5.4868 Bio: 0.6185 GateEnt: 0.0000 GateDiv: 0.0000
Epoch [568/600] Total Loss: 90.7025
Epoch [569/600] Step [0/17] Loss: 5.4319 Bio: 0.5898 GateEnt: 0.0000 GateDiv: 0.0000
Epoch [569/600] Total Loss: 92.8593
Epoch [570/600] Step [0/17] Loss: 5.6398 Bio: 0.5726 GateEnt: 0.0000 GateDiv: 0.0000
Epoch [570/600] Total Loss: 93.3587
Epoch [571/600] Step [0/17] Loss: 5.4203 Bio: 0.6027 GateEnt: 0.0000 GateDiv: 0.0000
Epoch [571/600] Total Loss: 91.1056
Epoch [572/600] Step [0/17] Loss: 5.4607 Bio: 0.6430 GateEnt: 0.0000 GateDiv: 0.0000
Epoch [572/600] Total Loss: 91.0927
Epoch [573/600] Step [0/17] Loss: 5.5941 Bio: 0.6473 GateEnt: 0.0000 GateDiv: 0.0000
Epoch [573/600] Total Loss: 92.7468
Epoch [574/600] Step [0/17] Loss: 5.5820 Bio: 0.6366 GateEnt: 0.0000 GateDiv: 0.0000
Epoch [574/600] Total Loss: 91.5581
Epoch [575/600] Step [0/17] Loss: 5.6258 Bio: 0.6335 GateEnt: 0.0000 GateDiv: 0.0000
Epoch [575/600] Total Loss: 91.3748
Epoch [576/600] Step [0/17] Loss: 5.6123 Bio: 0.5250 GateEnt: 0.0000 GateDiv: 0.0000
Epoch [576/600] Total Loss: 91.5710
Epoch [577/600] Step [0/17] Loss: 5.5611 Bio: 0.5917 GateEnt: 0.0000 GateDiv: 0.0000
Epoch [577/600] Total Loss: 91.8731
Epoch [578/600] Step [0/17] Loss: 5.7527 Bio: 0.5812 GateEnt: 0.0000 GateDiv: 0.0000
Epoch [578/600] Total Loss: 91.0136
Epoch [579/600] Step [0/17] Loss: 5.5738 Bio: 0.5879 GateEnt: 0.0000 GateDiv: 0.0000
Epoch [579/600] Total Loss: 91.5110
Epoch [580/600] Step [0/17] Loss: 5.5368 Bio: 0.5538 GateEnt: 0.0000 GateDiv: 0.0000
Epoch [580/600] Total Loss: 90.9789
Epoch [581/600] Step [0/17] Loss: 5.4623 Bio: 0.5994 GateEnt: 0.0000 GateDiv: 0.0000
Epoch [581/600] Total Loss: 91.6646
Epoch [582/600] Step [0/17] Loss: 5.5012 Bio: 0.5661 GateEnt: 0.0000 GateDiv: 0.0000
Epoch [582/600] Total Loss: 92.6174
Epoch [583/600] Step [0/17] Loss: 5.4635 Bio: 0.5807 GateEnt: 0.0000 GateDiv: 0.0000
Epoch [583/600] Total Loss: 90.7856
Epoch [584/600] Step [0/17] Loss: 5.3382 Bio: 0.5955 GateEnt: 0.0000 GateDiv: 0.0000
Epoch [584/600] Total Loss: 91.1725
Epoch [585/600] Step [0/17] Loss: 5.4905 Bio: 0.6124 GateEnt: 0.0000 GateDiv: 0.0000
Epoch [585/600] Total Loss: 92.5306
Epoch [586/600] Step [0/17] Loss: 5.5101 Bio: 0.5471 GateEnt: 0.0000 GateDiv: 0.0000
Epoch [586/600] Total Loss: 90.5698
Epoch [587/600] Step [0/17] Loss: 5.4653 Bio: 0.5970 GateEnt: 0.0000 GateDiv: 0.0000
Epoch [587/600] Total Loss: 91.7120
Epoch [588/600] Step [0/17] Loss: 5.5027 Bio: 0.5975 GateEnt: 0.0000 GateDiv: 0.0000
Epoch [588/600] Total Loss: 91.4297
Epoch [589/600] Step [0/17] Loss: 5.5615 Bio: 0.6120 GateEnt: 0.0000 GateDiv: 0.0000
Epoch [589/600] Total Loss: 91.4844
Epoch [590/600] Step [0/17] Loss: 5.5651 Bio: 0.5553 GateEnt: 0.0000 GateDiv: 0.0000
Epoch [590/600] Total Loss: 92.3436
Epoch [591/600] Step [0/17] Loss: 5.7122 Bio: 0.5423 GateEnt: 0.0000 GateDiv: 0.0000
Epoch [591/600] Total Loss: 91.9616
Epoch [592/600] Step [0/17] Loss: 5.3943 Bio: 0.5457 GateEnt: 0.0000 GateDiv: 0.0000
Epoch [592/600] Total Loss: 91.6331
Epoch [593/600] Step [0/17] Loss: 5.3781 Bio: 0.5558 GateEnt: 0.0000 GateDiv: 0.0000
Epoch [593/600] Total Loss: 93.2016
Epoch [594/600] Step [0/17] Loss: 5.4896 Bio: 0.5670 GateEnt: 0.0000 GateDiv: 0.0000
Epoch [594/600] Total Loss: 90.4086
Epoch [595/600] Step [0/17] Loss: 5.3951 Bio: 0.6071 GateEnt: 0.0000 GateDiv: 0.0000
Epoch [595/600] Total Loss: 91.0010
Epoch [596/600] Step [0/17] Loss: 5.4050 Bio: 0.4928 GateEnt: 0.0000 GateDiv: 0.0000
Epoch [596/600] Total Loss: 91.4813
Epoch [597/600] Step [0/17] Loss: 5.6562 Bio: 0.5786 GateEnt: 0.0000 GateDiv: 0.0000
Epoch [597/600] Total Loss: 91.1750
Epoch [598/600] Step [0/17] Loss: 5.3268 Bio: 0.5892 GateEnt: 0.0000 GateDiv: 0.0000
Epoch [598/600] Total Loss: 91.9273
Epoch [599/600] Step [0/17] Loss: 5.5096 Bio: 0.6077 GateEnt: 0.0000 GateDiv: 0.0000
Epoch [599/600] Total Loss: 91.3386

=== Loss Summary ===
  Epoch   1: 121.6808
  Epoch 151: 95.1907
  Epoch 301: 93.8246
  Epoch 451: 92.2961
  Epoch 600: 91.3386
  Delta (last 25% = 150 ep): -0.9576
  If delta > -1.0, model has converged
attention_query_v3 training complete.
=== DONE Thu Sep  3 04:50:08 PM EDT 2026 ===
