=== gate: anchors cover omics ===
gate passed: 1031 patients
=== BRCA | head=linear | k=5 | Thu Sep  3 11:29:41 AM EDT 2026 ===
Head type    : linear
Cancer       : BRCA | bio_dim: 16 | lambda_bio: 0.1
Bio anchor   : data/bio_anchors/bio_anchors_BRCA_gsva_H40.csv
Cluster num  : 5
Epochs       : 600
[dataloader] Loaded bio-anchors from data/bio_anchors/bio_anchors_BRCA_gsva_H40.csv: torch.Size([1031, 40])
Device       : cpu
Model params : 73,947,597
Epoch [0/600] Step [0/17] Loss: 7.1352 Bio: 1.0086 GateEnt: nan GateDiv: nan
Epoch [0/600] Total Loss: 118.8146
Epoch [1/600] Step [0/17] Loss: 7.1346 Bio: 1.0156 GateEnt: nan GateDiv: nan
Epoch [1/600] Total Loss: 118.6510
Epoch [2/600] Step [0/17] Loss: 7.1044 Bio: 0.7811 GateEnt: nan GateDiv: nan
Epoch [2/600] Total Loss: 118.0528
Epoch [3/600] Step [0/17] Loss: 6.9447 Bio: 0.9729 GateEnt: nan GateDiv: nan
Epoch [3/600] Total Loss: 114.8013
Epoch [4/600] Step [0/17] Loss: 6.8573 Bio: 1.0096 GateEnt: nan GateDiv: nan
Epoch [4/600] Total Loss: 112.6285
Epoch [5/600] Step [0/17] Loss: 6.8999 Bio: 0.9818 GateEnt: nan GateDiv: nan
Epoch [5/600] Total Loss: 113.2387
Epoch [6/600] Step [0/17] Loss: 6.9324 Bio: 0.9163 GateEnt: nan GateDiv: nan
Epoch [6/600] Total Loss: 113.6147
Epoch [7/600] Step [0/17] Loss: 6.7523 Bio: 0.9099 GateEnt: nan GateDiv: nan
Epoch [7/600] Total Loss: 111.6944
Epoch [8/600] Step [0/17] Loss: 6.5976 Bio: 0.9754 GateEnt: nan GateDiv: nan
Epoch [8/600] Total Loss: 110.6943
Epoch [9/600] Step [0/17] Loss: 6.6389 Bio: 1.0104 GateEnt: nan GateDiv: nan
Epoch [9/600] Total Loss: 112.4441
Epoch [10/600] Step [0/17] Loss: 6.8690 Bio: 0.9831 GateEnt: nan GateDiv: nan
Epoch [10/600] Total Loss: 111.7821
Epoch [11/600] Step [0/17] Loss: 6.5929 Bio: 0.9313 GateEnt: nan GateDiv: nan
Epoch [11/600] Total Loss: 109.4310
Epoch [12/600] Step [0/17] Loss: 6.4638 Bio: 1.0207 GateEnt: nan GateDiv: nan
Epoch [12/600] Total Loss: 109.6045
Epoch [13/600] Step [0/17] Loss: 6.7098 Bio: 0.8652 GateEnt: nan GateDiv: nan
Epoch [13/600] Total Loss: 109.5562
Epoch [14/600] Step [0/17] Loss: 6.6981 Bio: 1.0111 GateEnt: nan GateDiv: nan
Epoch [14/600] Total Loss: 109.6161
Epoch [15/600] Step [0/17] Loss: 6.4544 Bio: 0.9616 GateEnt: nan GateDiv: nan
Epoch [15/600] Total Loss: 108.1741
Epoch [16/600] Step [0/17] Loss: 6.4765 Bio: 0.8726 GateEnt: nan GateDiv: nan
Epoch [16/600] Total Loss: 108.7916
Epoch [17/600] Step [0/17] Loss: 6.5395 Bio: 0.9204 GateEnt: nan GateDiv: nan
Epoch [17/600] Total Loss: 108.2681
Epoch [18/600] Step [0/17] Loss: 6.7186 Bio: 0.9216 GateEnt: nan GateDiv: nan
Epoch [18/600] Total Loss: 107.8285
Epoch [19/600] Step [0/17] Loss: 6.4590 Bio: 0.9632 GateEnt: nan GateDiv: nan
Epoch [19/600] Total Loss: 107.7748
Epoch [20/600] Step [0/17] Loss: 6.3100 Bio: 0.9259 GateEnt: nan GateDiv: nan
Epoch [20/600] Total Loss: 107.2453
Epoch [21/600] Step [0/17] Loss: 6.4208 Bio: 0.8437 GateEnt: nan GateDiv: nan
Epoch [21/600] Total Loss: 107.0298
Epoch [22/600] Step [0/17] Loss: 6.4951 Bio: 0.9296 GateEnt: nan GateDiv: nan
Epoch [22/600] Total Loss: 108.3887
Epoch [23/600] Step [0/17] Loss: 6.2923 Bio: 0.9073 GateEnt: nan GateDiv: nan
Epoch [23/600] Total Loss: 106.6957
Epoch [24/600] Step [0/17] Loss: 6.6782 Bio: 0.8750 GateEnt: nan GateDiv: nan
Epoch [24/600] Total Loss: 107.8042
Epoch [25/600] Step [0/17] Loss: 6.3317 Bio: 0.9508 GateEnt: nan GateDiv: nan
Epoch [25/600] Total Loss: 106.2458
Epoch [26/600] Step [0/17] Loss: 6.3743 Bio: 0.9628 GateEnt: nan GateDiv: nan
Epoch [26/600] Total Loss: 106.4907
Epoch [27/600] Step [0/17] Loss: 6.3087 Bio: 0.9155 GateEnt: nan GateDiv: nan
Epoch [27/600] Total Loss: 105.8867
Epoch [28/600] Step [0/17] Loss: 6.2683 Bio: 0.9579 GateEnt: nan GateDiv: nan
Epoch [28/600] Total Loss: 105.2003
Epoch [29/600] Step [0/17] Loss: 6.4601 Bio: 0.8774 GateEnt: nan GateDiv: nan
Epoch [29/600] Total Loss: 104.7089
Epoch [30/600] Step [0/17] Loss: 6.2205 Bio: 1.0324 GateEnt: nan GateDiv: nan
Epoch [30/600] Total Loss: 104.6729
Epoch [31/600] Step [0/17] Loss: 6.3417 Bio: 0.9380 GateEnt: nan GateDiv: nan
Epoch [31/600] Total Loss: 104.4861
Epoch [32/600] Step [0/17] Loss: 6.4230 Bio: 0.9266 GateEnt: nan GateDiv: nan
Epoch [32/600] Total Loss: 104.0390
Epoch [33/600] Step [0/17] Loss: 6.2319 Bio: 0.9832 GateEnt: nan GateDiv: nan
Epoch [33/600] Total Loss: 106.3639
Epoch [34/600] Step [0/17] Loss: 6.3290 Bio: 0.9245 GateEnt: nan GateDiv: nan
Epoch [34/600] Total Loss: 104.5822
Epoch [35/600] Step [0/17] Loss: 6.4559 Bio: 0.9532 GateEnt: nan GateDiv: nan
Epoch [35/600] Total Loss: 105.1630
Epoch [36/600] Step [0/17] Loss: 6.3323 Bio: 0.9991 GateEnt: nan GateDiv: nan
Epoch [36/600] Total Loss: 104.1893
Epoch [37/600] Step [0/17] Loss: 6.3408 Bio: 1.0266 GateEnt: nan GateDiv: nan
Epoch [37/600] Total Loss: 104.5322
Epoch [38/600] Step [0/17] Loss: 6.3054 Bio: 0.9204 GateEnt: nan GateDiv: nan
Epoch [38/600] Total Loss: 104.3122
Epoch [39/600] Step [0/17] Loss: 6.4665 Bio: 0.9100 GateEnt: nan GateDiv: nan
Epoch [39/600] Total Loss: 103.6012
Epoch [40/600] Step [0/17] Loss: 6.3493 Bio: 0.9313 GateEnt: nan GateDiv: nan
Epoch [40/600] Total Loss: 103.9028
Epoch [41/600] Step [0/17] Loss: 6.3234 Bio: 0.9195 GateEnt: nan GateDiv: nan
Epoch [41/600] Total Loss: 104.2113
Epoch [42/600] Step [0/17] Loss: 6.1498 Bio: 0.8836 GateEnt: nan GateDiv: nan
Epoch [42/600] Total Loss: 103.4968
Epoch [43/600] Step [0/17] Loss: 6.2583 Bio: 0.9405 GateEnt: nan GateDiv: nan
Epoch [43/600] Total Loss: 104.8260
Epoch [44/600] Step [0/17] Loss: 6.1136 Bio: 1.0146 GateEnt: nan GateDiv: nan
Epoch [44/600] Total Loss: 103.5834
Epoch [45/600] Step [0/17] Loss: 6.3232 Bio: 0.8852 GateEnt: nan GateDiv: nan
Epoch [45/600] Total Loss: 103.9580
Epoch [46/600] Step [0/17] Loss: 6.2538 Bio: 0.9126 GateEnt: nan GateDiv: nan
Epoch [46/600] Total Loss: 104.6548
Epoch [47/600] Step [0/17] Loss: 6.1199 Bio: 1.0650 GateEnt: nan GateDiv: nan
Epoch [47/600] Total Loss: 103.1389
Epoch [48/600] Step [0/17] Loss: 6.2478 Bio: 0.9201 GateEnt: nan GateDiv: nan
Epoch [48/600] Total Loss: 104.3993
Epoch [49/600] Step [0/17] Loss: 6.4399 Bio: 0.8876 GateEnt: nan GateDiv: nan
Epoch [49/600] Total Loss: 103.0882
Epoch [50/600] Step [0/17] Loss: 6.2258 Bio: 0.8280 GateEnt: nan GateDiv: nan
Epoch [50/600] Total Loss: 103.3614
Epoch [51/600] Step [0/17] Loss: 6.2178 Bio: 0.9271 GateEnt: nan GateDiv: nan
Epoch [51/600] Total Loss: 103.5950
Epoch [52/600] Step [0/17] Loss: 6.2277 Bio: 0.9432 GateEnt: nan GateDiv: nan
Epoch [52/600] Total Loss: 104.7625
Epoch [53/600] Step [0/17] Loss: 6.1287 Bio: 0.9996 GateEnt: nan GateDiv: nan
Epoch [53/600] Total Loss: 103.8830
Epoch [54/600] Step [0/17] Loss: 6.1259 Bio: 0.8786 GateEnt: nan GateDiv: nan
Epoch [54/600] Total Loss: 103.4064
Epoch [55/600] Step [0/17] Loss: 6.2919 Bio: 0.7825 GateEnt: nan GateDiv: nan
Epoch [55/600] Total Loss: 102.3522
Epoch [56/600] Step [0/17] Loss: 6.1471 Bio: 1.0048 GateEnt: nan GateDiv: nan
Epoch [56/600] Total Loss: 103.7632
Epoch [57/600] Step [0/17] Loss: 6.3548 Bio: 0.8559 GateEnt: nan GateDiv: nan
Epoch [57/600] Total Loss: 103.0754
Epoch [58/600] Step [0/17] Loss: 6.1224 Bio: 0.9318 GateEnt: nan GateDiv: nan
Epoch [58/600] Total Loss: 105.3295
Epoch [59/600] Step [0/17] Loss: 6.3916 Bio: 0.9120 GateEnt: nan GateDiv: nan
Epoch [59/600] Total Loss: 103.4608
Epoch [60/600] Step [0/17] Loss: 6.2038 Bio: 0.8002 GateEnt: nan GateDiv: nan
Epoch [60/600] Total Loss: 102.6385
Epoch [61/600] Step [0/17] Loss: 5.9705 Bio: 0.8840 GateEnt: nan GateDiv: nan
Epoch [61/600] Total Loss: 102.3714
Epoch [62/600] Step [0/17] Loss: 5.9985 Bio: 0.8425 GateEnt: nan GateDiv: nan
Epoch [62/600] Total Loss: 101.3150
Epoch [63/600] Step [0/17] Loss: 6.1929 Bio: 0.7742 GateEnt: nan GateDiv: nan
Epoch [63/600] Total Loss: 102.0710
Epoch [64/600] Step [0/17] Loss: 6.1514 Bio: 0.8000 GateEnt: nan GateDiv: nan
Epoch [64/600] Total Loss: 103.6336
Epoch [65/600] Step [0/17] Loss: 6.1213 Bio: 0.8403 GateEnt: nan GateDiv: nan
Epoch [65/600] Total Loss: 102.6971
Epoch [66/600] Step [0/17] Loss: 6.1837 Bio: 1.0021 GateEnt: nan GateDiv: nan
Epoch [66/600] Total Loss: 102.3928
Epoch [67/600] Step [0/17] Loss: 6.1411 Bio: 0.8714 GateEnt: nan GateDiv: nan
Epoch [67/600] Total Loss: 101.4941
Epoch [68/600] Step [0/17] Loss: 6.1847 Bio: 0.8161 GateEnt: nan GateDiv: nan
Epoch [68/600] Total Loss: 103.9907
Epoch [69/600] Step [0/17] Loss: 6.1047 Bio: 0.9099 GateEnt: nan GateDiv: nan
Epoch [69/600] Total Loss: 103.6326
Epoch [70/600] Step [0/17] Loss: 6.5994 Bio: 0.6536 GateEnt: nan GateDiv: nan
Epoch [70/600] Total Loss: 102.6475
Epoch [71/600] Step [0/17] Loss: 5.8286 Bio: 0.9028 GateEnt: nan GateDiv: nan
Epoch [71/600] Total Loss: 101.8952
Epoch [72/600] Step [0/17] Loss: 6.2208 Bio: 0.9563 GateEnt: nan GateDiv: nan
Epoch [72/600] Total Loss: 100.6565
Epoch [73/600] Step [0/17] Loss: 6.2738 Bio: 0.7212 GateEnt: nan GateDiv: nan
Epoch [73/600] Total Loss: 102.0110
Epoch [74/600] Step [0/17] Loss: 6.0875 Bio: 0.7971 GateEnt: nan GateDiv: nan
Epoch [74/600] Total Loss: 103.3707
Epoch [75/600] Step [0/17] Loss: 6.2152 Bio: 0.7808 GateEnt: nan GateDiv: nan
Epoch [75/600] Total Loss: 103.3632
Epoch [76/600] Step [0/17] Loss: 5.9653 Bio: 0.8786 GateEnt: nan GateDiv: nan
Epoch [76/600] Total Loss: 100.8803
Epoch [77/600] Step [0/17] Loss: 6.1137 Bio: 0.7989 GateEnt: nan GateDiv: nan
Epoch [77/600] Total Loss: 101.4140
Epoch [78/600] Step [0/17] Loss: 6.0359 Bio: 0.9191 GateEnt: nan GateDiv: nan
Epoch [78/600] Total Loss: 102.2658
Epoch [79/600] Step [0/17] Loss: 6.0483 Bio: 0.9221 GateEnt: nan GateDiv: nan
Epoch [79/600] Total Loss: 100.3201
Epoch [80/600] Step [0/17] Loss: 6.2086 Bio: 0.7224 GateEnt: nan GateDiv: nan
Epoch [80/600] Total Loss: 100.4408
Epoch [81/600] Step [0/17] Loss: 6.0276 Bio: 0.8263 GateEnt: nan GateDiv: nan
Epoch [81/600] Total Loss: 101.8660
Epoch [82/600] Step [0/17] Loss: 5.9093 Bio: 0.8851 GateEnt: nan GateDiv: nan
Epoch [82/600] Total Loss: 101.1018
Epoch [83/600] Step [0/17] Loss: 5.8833 Bio: 0.8960 GateEnt: nan GateDiv: nan
Epoch [83/600] Total Loss: 99.7813
Epoch [84/600] Step [0/17] Loss: 5.9512 Bio: 0.8092 GateEnt: nan GateDiv: nan
Epoch [84/600] Total Loss: 101.9652
Epoch [85/600] Step [0/17] Loss: 6.2543 Bio: 0.8394 GateEnt: nan GateDiv: nan
Epoch [85/600] Total Loss: 101.0333
Epoch [86/600] Step [0/17] Loss: 6.0464 Bio: 0.8197 GateEnt: nan GateDiv: nan
Epoch [86/600] Total Loss: 101.6881
Epoch [87/600] Step [0/17] Loss: 6.0343 Bio: 0.8323 GateEnt: nan GateDiv: nan
Epoch [87/600] Total Loss: 100.1850
Epoch [88/600] Step [0/17] Loss: 6.0163 Bio: 0.9002 GateEnt: nan GateDiv: nan
Epoch [88/600] Total Loss: 100.1653
Epoch [89/600] Step [0/17] Loss: 6.0961 Bio: 0.8562 GateEnt: nan GateDiv: nan
Epoch [89/600] Total Loss: 99.3828
Epoch [90/600] Step [0/17] Loss: 6.2034 Bio: 0.7949 GateEnt: nan GateDiv: nan
Epoch [90/600] Total Loss: 99.3310
Epoch [91/600] Step [0/17] Loss: 5.8877 Bio: 0.8578 GateEnt: nan GateDiv: nan
Epoch [91/600] Total Loss: 99.7992
Epoch [92/600] Step [0/17] Loss: 5.9646 Bio: 0.8232 GateEnt: nan GateDiv: nan
Epoch [92/600] Total Loss: 99.5600
Epoch [93/600] Step [0/17] Loss: 5.9858 Bio: 0.7209 GateEnt: nan GateDiv: nan
Epoch [93/600] Total Loss: 99.8309
Epoch [94/600] Step [0/17] Loss: 5.9457 Bio: 0.8001 GateEnt: nan GateDiv: nan
Epoch [94/600] Total Loss: 99.2040
Epoch [95/600] Step [0/17] Loss: 5.9331 Bio: 0.7953 GateEnt: nan GateDiv: nan
Epoch [95/600] Total Loss: 99.6844
Epoch [96/600] Step [0/17] Loss: 5.8475 Bio: 0.8353 GateEnt: nan GateDiv: nan
Epoch [96/600] Total Loss: 99.9533
Epoch [97/600] Step [0/17] Loss: 5.9526 Bio: 0.8406 GateEnt: nan GateDiv: nan
Epoch [97/600] Total Loss: 99.4683
Epoch [98/600] Step [0/17] Loss: 5.9828 Bio: 0.8690 GateEnt: nan GateDiv: nan
Epoch [98/600] Total Loss: 99.4555
Epoch [99/600] Step [0/17] Loss: 5.8940 Bio: 0.8363 GateEnt: nan GateDiv: nan
Epoch [99/600] Total Loss: 100.5351
Epoch [100/600] Step [0/17] Loss: 5.9519 Bio: 0.8503 GateEnt: nan GateDiv: nan
Epoch [100/600] Total Loss: 99.4792
Epoch [101/600] Step [0/17] Loss: 5.7865 Bio: 0.8858 GateEnt: nan GateDiv: nan
Epoch [101/600] Total Loss: 100.3466
Epoch [102/600] Step [0/17] Loss: 5.9033 Bio: 1.0314 GateEnt: nan GateDiv: nan
Epoch [102/600] Total Loss: 99.0790
Epoch [103/600] Step [0/17] Loss: 6.0329 Bio: 0.8421 GateEnt: nan GateDiv: nan
Epoch [103/600] Total Loss: 98.8158
Epoch [104/600] Step [0/17] Loss: 5.8260 Bio: 0.7166 GateEnt: nan GateDiv: nan
Epoch [104/600] Total Loss: 98.7072
Epoch [105/600] Step [0/17] Loss: 5.7008 Bio: 0.8721 GateEnt: nan GateDiv: nan
Epoch [105/600] Total Loss: 98.7175
Epoch [106/600] Step [0/17] Loss: 5.9006 Bio: 0.7880 GateEnt: nan GateDiv: nan
Epoch [106/600] Total Loss: 98.7756
Epoch [107/600] Step [0/17] Loss: 5.8566 Bio: 0.8148 GateEnt: nan GateDiv: nan
Epoch [107/600] Total Loss: 97.2315
Epoch [108/600] Step [0/17] Loss: 5.8147 Bio: 0.8971 GateEnt: nan GateDiv: nan
Epoch [108/600] Total Loss: 100.2115
Epoch [109/600] Step [0/17] Loss: 5.9449 Bio: 0.7882 GateEnt: nan GateDiv: nan
Epoch [109/600] Total Loss: 98.7991
Epoch [110/600] Step [0/17] Loss: 5.7566 Bio: 0.8131 GateEnt: nan GateDiv: nan
Epoch [110/600] Total Loss: 98.6698
Epoch [111/600] Step [0/17] Loss: 5.8111 Bio: 0.8690 GateEnt: nan GateDiv: nan
Epoch [111/600] Total Loss: 98.3458
Epoch [112/600] Step [0/17] Loss: 5.7454 Bio: 0.8006 GateEnt: nan GateDiv: nan
Epoch [112/600] Total Loss: 98.2340
Epoch [113/600] Step [0/17] Loss: 5.9357 Bio: 0.8288 GateEnt: nan GateDiv: nan
Epoch [113/600] Total Loss: 97.5754
Epoch [114/600] Step [0/17] Loss: 5.9025 Bio: 0.8193 GateEnt: nan GateDiv: nan
Epoch [114/600] Total Loss: 98.6493
Epoch [115/600] Step [0/17] Loss: 5.8283 Bio: 0.9210 GateEnt: nan GateDiv: nan
Epoch [115/600] Total Loss: 97.4712
Epoch [116/600] Step [0/17] Loss: 6.0019 Bio: 0.9387 GateEnt: nan GateDiv: nan
Epoch [116/600] Total Loss: 97.3825
Epoch [117/600] Step [0/17] Loss: 5.7441 Bio: 0.7689 GateEnt: nan GateDiv: nan
Epoch [117/600] Total Loss: 97.0091
Epoch [118/600] Step [0/17] Loss: 5.7245 Bio: 0.7295 GateEnt: nan GateDiv: nan
Epoch [118/600] Total Loss: 98.3089
Epoch [119/600] Step [0/17] Loss: 5.8881 Bio: 0.7260 GateEnt: nan GateDiv: nan
Epoch [119/600] Total Loss: 96.3557
Epoch [120/600] Step [0/17] Loss: 5.9030 Bio: 0.7072 GateEnt: nan GateDiv: nan
Epoch [120/600] Total Loss: 97.6692
Epoch [121/600] Step [0/17] Loss: 5.8927 Bio: 0.8446 GateEnt: nan GateDiv: nan
Epoch [121/600] Total Loss: 98.0936
Epoch [122/600] Step [0/17] Loss: 5.9229 Bio: 0.8647 GateEnt: nan GateDiv: nan
Epoch [122/600] Total Loss: 97.7553
Epoch [123/600] Step [0/17] Loss: 5.5783 Bio: 0.8197 GateEnt: nan GateDiv: nan
Epoch [123/600] Total Loss: 97.8228
Epoch [124/600] Step [0/17] Loss: 5.9989 Bio: 0.9148 GateEnt: nan GateDiv: nan
Epoch [124/600] Total Loss: 98.4378
Epoch [125/600] Step [0/17] Loss: 5.7536 Bio: 0.7989 GateEnt: nan GateDiv: nan
Epoch [125/600] Total Loss: 97.5005
Epoch [126/600] Step [0/17] Loss: 5.8938 Bio: 0.7964 GateEnt: nan GateDiv: nan
Epoch [126/600] Total Loss: 98.0615
Epoch [127/600] Step [0/17] Loss: 5.8105 Bio: 0.9411 GateEnt: nan GateDiv: nan
Epoch [127/600] Total Loss: 98.3032
Epoch [128/600] Step [0/17] Loss: 5.5766 Bio: 0.7967 GateEnt: nan GateDiv: nan
Epoch [128/600] Total Loss: 97.2716
Epoch [129/600] Step [0/17] Loss: 5.7657 Bio: 0.8002 GateEnt: nan GateDiv: nan
Epoch [129/600] Total Loss: 96.8248
Epoch [130/600] Step [0/17] Loss: 5.9180 Bio: 0.8455 GateEnt: nan GateDiv: nan
Epoch [130/600] Total Loss: 96.9144
Epoch [131/600] Step [0/17] Loss: 5.6734 Bio: 0.7432 GateEnt: nan GateDiv: nan
Epoch [131/600] Total Loss: 97.4942
Epoch [132/600] Step [0/17] Loss: 5.8133 Bio: 0.7604 GateEnt: nan GateDiv: nan
Epoch [132/600] Total Loss: 98.6590
Epoch [133/600] Step [0/17] Loss: 5.9496 Bio: 0.8067 GateEnt: nan GateDiv: nan
Epoch [133/600] Total Loss: 98.1766
Epoch [134/600] Step [0/17] Loss: 5.8284 Bio: 0.8554 GateEnt: nan GateDiv: nan
Epoch [134/600] Total Loss: 96.0285
Epoch [135/600] Step [0/17] Loss: 6.0643 Bio: 0.7540 GateEnt: nan GateDiv: nan
Epoch [135/600] Total Loss: 96.7598
Epoch [136/600] Step [0/17] Loss: 5.7219 Bio: 0.7677 GateEnt: nan GateDiv: nan
Epoch [136/600] Total Loss: 98.4998
Epoch [137/600] Step [0/17] Loss: 5.9094 Bio: 0.8209 GateEnt: nan GateDiv: nan
Epoch [137/600] Total Loss: 97.4728
Epoch [138/600] Step [0/17] Loss: 5.9517 Bio: 0.8616 GateEnt: nan GateDiv: nan
Epoch [138/600] Total Loss: 97.3174
Epoch [139/600] Step [0/17] Loss: 5.6127 Bio: 0.7946 GateEnt: nan GateDiv: nan
Epoch [139/600] Total Loss: 98.2742
Epoch [140/600] Step [0/17] Loss: 5.7833 Bio: 0.7747 GateEnt: nan GateDiv: nan
Epoch [140/600] Total Loss: 96.3975
Epoch [141/600] Step [0/17] Loss: 5.9044 Bio: 0.8759 GateEnt: nan GateDiv: nan
Epoch [141/600] Total Loss: 95.8582
Epoch [142/600] Step [0/17] Loss: 5.6692 Bio: 0.7689 GateEnt: nan GateDiv: nan
Epoch [142/600] Total Loss: 96.6627
Epoch [143/600] Step [0/17] Loss: 5.9211 Bio: 0.8018 GateEnt: nan GateDiv: nan
Epoch [143/600] Total Loss: 97.0393
Epoch [144/600] Step [0/17] Loss: 5.6956 Bio: 0.8238 GateEnt: nan GateDiv: nan
Epoch [144/600] Total Loss: 96.1649
Epoch [145/600] Step [0/17] Loss: 5.6826 Bio: 0.7961 GateEnt: nan GateDiv: nan
Epoch [145/600] Total Loss: 96.6482
Epoch [146/600] Step [0/17] Loss: 5.6795 Bio: 0.8871 GateEnt: nan GateDiv: nan
Epoch [146/600] Total Loss: 95.8631
Epoch [147/600] Step [0/17] Loss: 5.6971 Bio: 0.8001 GateEnt: nan GateDiv: nan
Epoch [147/600] Total Loss: 96.8736
Epoch [148/600] Step [0/17] Loss: 5.7253 Bio: 0.7948 GateEnt: nan GateDiv: nan
Epoch [148/600] Total Loss: 95.4551
Epoch [149/600] Step [0/17] Loss: 5.8403 Bio: 0.8378 GateEnt: nan GateDiv: nan
Epoch [149/600] Total Loss: 97.4843
Epoch [150/600] Step [0/17] Loss: 5.8205 Bio: 0.8724 GateEnt: nan GateDiv: nan
Epoch [150/600] Total Loss: 98.2704
Epoch [151/600] Step [0/17] Loss: 6.1311 Bio: 0.8330 GateEnt: nan GateDiv: nan
Epoch [151/600] Total Loss: 95.8302
Epoch [152/600] Step [0/17] Loss: 5.9142 Bio: 0.7412 GateEnt: nan GateDiv: nan
Epoch [152/600] Total Loss: 95.7147
Epoch [153/600] Step [0/17] Loss: 5.8526 Bio: 0.7398 GateEnt: nan GateDiv: nan
Epoch [153/600] Total Loss: 98.1141
Epoch [154/600] Step [0/17] Loss: 5.7170 Bio: 0.7649 GateEnt: nan GateDiv: nan
Epoch [154/600] Total Loss: 97.1982
Epoch [155/600] Step [0/17] Loss: 5.9134 Bio: 0.7855 GateEnt: nan GateDiv: nan
Epoch [155/600] Total Loss: 97.3706
Epoch [156/600] Step [0/17] Loss: 5.9427 Bio: 0.8425 GateEnt: nan GateDiv: nan
Epoch [156/600] Total Loss: 97.2450
Epoch [157/600] Step [0/17] Loss: 5.6815 Bio: 0.8239 GateEnt: nan GateDiv: nan
Epoch [157/600] Total Loss: 95.5296
Epoch [158/600] Step [0/17] Loss: 5.6692 Bio: 0.8302 GateEnt: nan GateDiv: nan
Epoch [158/600] Total Loss: 96.7660
Epoch [159/600] Step [0/17] Loss: 5.9216 Bio: 0.7933 GateEnt: nan GateDiv: nan
Epoch [159/600] Total Loss: 96.8280
Epoch [160/600] Step [0/17] Loss: 5.6765 Bio: 0.8078 GateEnt: nan GateDiv: nan
Epoch [160/600] Total Loss: 95.7372
Epoch [161/600] Step [0/17] Loss: 5.5085 Bio: 0.9255 GateEnt: nan GateDiv: nan
Epoch [161/600] Total Loss: 96.0434
Epoch [162/600] Step [0/17] Loss: 5.8514 Bio: 0.7886 GateEnt: nan GateDiv: nan
Epoch [162/600] Total Loss: 97.0748
Epoch [163/600] Step [0/17] Loss: 5.7643 Bio: 0.8535 GateEnt: nan GateDiv: nan
Epoch [163/600] Total Loss: 97.3164
Epoch [164/600] Step [0/17] Loss: 5.6761 Bio: 0.8197 GateEnt: nan GateDiv: nan
Epoch [164/600] Total Loss: 95.4601
Epoch [165/600] Step [0/17] Loss: 5.7661 Bio: 0.7476 GateEnt: nan GateDiv: nan
Epoch [165/600] Total Loss: 96.3921
Epoch [166/600] Step [0/17] Loss: 5.8081 Bio: 0.7078 GateEnt: nan GateDiv: nan
Epoch [166/600] Total Loss: 97.9291
Epoch [167/600] Step [0/17] Loss: 5.6426 Bio: 0.7036 GateEnt: nan GateDiv: nan
Epoch [167/600] Total Loss: 95.9929
Epoch [168/600] Step [0/17] Loss: 5.9602 Bio: 0.8316 GateEnt: nan GateDiv: nan
Epoch [168/600] Total Loss: 95.4518
Epoch [169/600] Step [0/17] Loss: 5.7490 Bio: 0.8401 GateEnt: nan GateDiv: nan
Epoch [169/600] Total Loss: 96.9023
Epoch [170/600] Step [0/17] Loss: 5.9122 Bio: 0.8710 GateEnt: nan GateDiv: nan
Epoch [170/600] Total Loss: 96.2708
Epoch [171/600] Step [0/17] Loss: 5.6611 Bio: 0.8007 GateEnt: nan GateDiv: nan
Epoch [171/600] Total Loss: 96.7486
Epoch [172/600] Step [0/17] Loss: 5.6756 Bio: 0.7785 GateEnt: nan GateDiv: nan
Epoch [172/600] Total Loss: 96.2200
Epoch [173/600] Step [0/17] Loss: 5.8147 Bio: 0.8117 GateEnt: nan GateDiv: nan
Epoch [173/600] Total Loss: 95.6195
Epoch [174/600] Step [0/17] Loss: 5.8850 Bio: 0.6391 GateEnt: nan GateDiv: nan
Epoch [174/600] Total Loss: 97.2236
Epoch [175/600] Step [0/17] Loss: 5.9538 Bio: 0.7854 GateEnt: nan GateDiv: nan
Epoch [175/600] Total Loss: 97.6143
Epoch [176/600] Step [0/17] Loss: 5.7833 Bio: 0.8022 GateEnt: nan GateDiv: nan
Epoch [176/600] Total Loss: 97.4539
Epoch [177/600] Step [0/17] Loss: 5.7996 Bio: 0.7790 GateEnt: nan GateDiv: nan
Epoch [177/600] Total Loss: 96.3183
Epoch [178/600] Step [0/17] Loss: 5.9204 Bio: 0.8569 GateEnt: nan GateDiv: nan
Epoch [178/600] Total Loss: 95.8861
Epoch [179/600] Step [0/17] Loss: 5.8336 Bio: 0.9388 GateEnt: nan GateDiv: nan
Epoch [179/600] Total Loss: 95.3586
Epoch [180/600] Step [0/17] Loss: 5.6712 Bio: 0.7877 GateEnt: nan GateDiv: nan
Epoch [180/600] Total Loss: 96.0191
Epoch [181/600] Step [0/17] Loss: 5.6171 Bio: 0.8079 GateEnt: nan GateDiv: nan
Epoch [181/600] Total Loss: 95.4849
Epoch [182/600] Step [0/17] Loss: 5.7301 Bio: 0.8029 GateEnt: nan GateDiv: nan
Epoch [182/600] Total Loss: 96.8995
Epoch [183/600] Step [0/17] Loss: 5.6734 Bio: 0.8028 GateEnt: nan GateDiv: nan
Epoch [183/600] Total Loss: 95.3320
Epoch [184/600] Step [0/17] Loss: 5.8270 Bio: 0.7415 GateEnt: nan GateDiv: nan
Epoch [184/600] Total Loss: 97.0176
Epoch [185/600] Step [0/17] Loss: 5.7395 Bio: 0.8426 GateEnt: nan GateDiv: nan
Epoch [185/600] Total Loss: 97.2176
Epoch [186/600] Step [0/17] Loss: 5.7481 Bio: 0.8371 GateEnt: nan GateDiv: nan
Epoch [186/600] Total Loss: 95.8299
Epoch [187/600] Step [0/17] Loss: 5.8614 Bio: 0.7847 GateEnt: nan GateDiv: nan
Epoch [187/600] Total Loss: 97.1544
Epoch [188/600] Step [0/17] Loss: 5.5250 Bio: 0.7447 GateEnt: nan GateDiv: nan
Epoch [188/600] Total Loss: 95.5937
Epoch [189/600] Step [0/17] Loss: 5.9863 Bio: 0.8042 GateEnt: nan GateDiv: nan
Epoch [189/600] Total Loss: 96.6652
Epoch [190/600] Step [0/17] Loss: 5.6642 Bio: 0.8334 GateEnt: nan GateDiv: nan
Epoch [190/600] Total Loss: 95.8395
Epoch [191/600] Step [0/17] Loss: 5.7522 Bio: 0.7527 GateEnt: nan GateDiv: nan
Epoch [191/600] Total Loss: 94.8411
Epoch [192/600] Step [0/17] Loss: 6.0389 Bio: 0.7458 GateEnt: nan GateDiv: nan
Epoch [192/600] Total Loss: 96.8525
Epoch [193/600] Step [0/17] Loss: 5.8426 Bio: 0.9001 GateEnt: nan GateDiv: nan
Epoch [193/600] Total Loss: 95.6707
Epoch [194/600] Step [0/17] Loss: 5.8554 Bio: 0.7165 GateEnt: nan GateDiv: nan
Epoch [194/600] Total Loss: 95.9423
Epoch [195/600] Step [0/17] Loss: 5.7402 Bio: 0.7509 GateEnt: nan GateDiv: nan
Epoch [195/600] Total Loss: 96.6028
Epoch [196/600] Step [0/17] Loss: 5.5388 Bio: 0.7937 GateEnt: nan GateDiv: nan
Epoch [196/600] Total Loss: 96.3739
Epoch [197/600] Step [0/17] Loss: 5.6768 Bio: 0.7879 GateEnt: nan GateDiv: nan
Epoch [197/600] Total Loss: 95.6202
Epoch [198/600] Step [0/17] Loss: 5.6609 Bio: 0.7535 GateEnt: nan GateDiv: nan
Epoch [198/600] Total Loss: 95.5360
Epoch [199/600] Step [0/17] Loss: 6.0255 Bio: 0.8303 GateEnt: nan GateDiv: nan
Epoch [199/600] Total Loss: 96.1700
Epoch [200/600] Step [0/17] Loss: 5.7512 Bio: 0.8586 GateEnt: nan GateDiv: nan
Epoch [200/600] Total Loss: 95.7472
Epoch [201/600] Step [0/17] Loss: 5.7993 Bio: 0.7887 GateEnt: nan GateDiv: nan
Epoch [201/600] Total Loss: 96.9057
Epoch [202/600] Step [0/17] Loss: 5.6441 Bio: 0.8315 GateEnt: nan GateDiv: nan
Epoch [202/600] Total Loss: 96.6486
Epoch [203/600] Step [0/17] Loss: 5.7913 Bio: 0.8641 GateEnt: nan GateDiv: nan
Epoch [203/600] Total Loss: 94.8086
Epoch [204/600] Step [0/17] Loss: 5.8948 Bio: 0.7765 GateEnt: nan GateDiv: nan
Epoch [204/600] Total Loss: 95.5613
Epoch [205/600] Step [0/17] Loss: 5.9434 Bio: 0.7657 GateEnt: nan GateDiv: nan
Epoch [205/600] Total Loss: 96.9416
Epoch [206/600] Step [0/17] Loss: 5.6077 Bio: 0.9220 GateEnt: nan GateDiv: nan
Epoch [206/600] Total Loss: 95.7356
Epoch [207/600] Step [0/17] Loss: 6.0745 Bio: 0.7471 GateEnt: nan GateDiv: nan
Epoch [207/600] Total Loss: 95.0417
Epoch [208/600] Step [0/17] Loss: 5.7640 Bio: 0.7223 GateEnt: nan GateDiv: nan
Epoch [208/600] Total Loss: 96.6890
Epoch [209/600] Step [0/17] Loss: 5.7925 Bio: 0.7811 GateEnt: nan GateDiv: nan
Epoch [209/600] Total Loss: 95.0735
Epoch [210/600] Step [0/17] Loss: 5.7094 Bio: 0.8157 GateEnt: nan GateDiv: nan
Epoch [210/600] Total Loss: 94.9725
Epoch [211/600] Step [0/17] Loss: 5.6262 Bio: 0.7901 GateEnt: nan GateDiv: nan
Epoch [211/600] Total Loss: 95.1934
Epoch [212/600] Step [0/17] Loss: 5.5928 Bio: 0.8325 GateEnt: nan GateDiv: nan
Epoch [212/600] Total Loss: 95.5972
Epoch [213/600] Step [0/17] Loss: 5.6692 Bio: 0.7948 GateEnt: nan GateDiv: nan
Epoch [213/600] Total Loss: 96.5767
Epoch [214/600] Step [0/17] Loss: 5.6127 Bio: 0.6884 GateEnt: nan GateDiv: nan
Epoch [214/600] Total Loss: 95.2353
Epoch [215/600] Step [0/17] Loss: 5.5825 Bio: 0.7979 GateEnt: nan GateDiv: nan
Epoch [215/600] Total Loss: 94.6622
Epoch [216/600] Step [0/17] Loss: 5.9676 Bio: 0.7232 GateEnt: nan GateDiv: nan
Epoch [216/600] Total Loss: 96.9505
Epoch [217/600] Step [0/17] Loss: 5.7129 Bio: 0.8496 GateEnt: nan GateDiv: nan
Epoch [217/600] Total Loss: 95.2524
Epoch [218/600] Step [0/17] Loss: 5.6027 Bio: 0.7790 GateEnt: nan GateDiv: nan
Epoch [218/600] Total Loss: 94.9807
Epoch [219/600] Step [0/17] Loss: 5.8141 Bio: 0.7142 GateEnt: nan GateDiv: nan
Epoch [219/600] Total Loss: 96.6055
Epoch [220/600] Step [0/17] Loss: 5.6084 Bio: 0.7389 GateEnt: nan GateDiv: nan
Epoch [220/600] Total Loss: 95.1188
Epoch [221/600] Step [0/17] Loss: 5.6815 Bio: 0.8072 GateEnt: nan GateDiv: nan
Epoch [221/600] Total Loss: 95.1365
Epoch [222/600] Step [0/17] Loss: 5.8579 Bio: 0.7312 GateEnt: nan GateDiv: nan
Epoch [222/600] Total Loss: 97.3965
Epoch [223/600] Step [0/17] Loss: 5.8718 Bio: 0.7543 GateEnt: nan GateDiv: nan
Epoch [223/600] Total Loss: 96.1039
Epoch [224/600] Step [0/17] Loss: 5.8635 Bio: 0.8851 GateEnt: nan GateDiv: nan
Epoch [224/600] Total Loss: 95.1270
Epoch [225/600] Step [0/17] Loss: 5.9489 Bio: 0.7933 GateEnt: nan GateDiv: nan
Epoch [225/600] Total Loss: 95.7489
Epoch [226/600] Step [0/17] Loss: 5.9280 Bio: 0.8368 GateEnt: nan GateDiv: nan
Epoch [226/600] Total Loss: 94.2915
Epoch [227/600] Step [0/17] Loss: 5.6316 Bio: 0.7134 GateEnt: nan GateDiv: nan
Epoch [227/600] Total Loss: 95.3686
Epoch [228/600] Step [0/17] Loss: 5.8648 Bio: 0.8003 GateEnt: nan GateDiv: nan
Epoch [228/600] Total Loss: 95.1091
Epoch [229/600] Step [0/17] Loss: 5.7331 Bio: 0.7110 GateEnt: nan GateDiv: nan
Epoch [229/600] Total Loss: 94.7634
Epoch [230/600] Step [0/17] Loss: 5.8137 Bio: 0.7080 GateEnt: nan GateDiv: nan
Epoch [230/600] Total Loss: 96.1534
Epoch [231/600] Step [0/17] Loss: 5.5648 Bio: 0.8186 GateEnt: nan GateDiv: nan
Epoch [231/600] Total Loss: 95.8962
Epoch [232/600] Step [0/17] Loss: 5.6837 Bio: 0.7686 GateEnt: nan GateDiv: nan
Epoch [232/600] Total Loss: 94.5601
Epoch [233/600] Step [0/17] Loss: 5.5641 Bio: 0.8708 GateEnt: nan GateDiv: nan
Epoch [233/600] Total Loss: 94.0095
Epoch [234/600] Step [0/17] Loss: 5.8496 Bio: 0.7839 GateEnt: nan GateDiv: nan
Epoch [234/600] Total Loss: 93.6368
Epoch [235/600] Step [0/17] Loss: 5.7832 Bio: 0.7757 GateEnt: nan GateDiv: nan
Epoch [235/600] Total Loss: 95.9987
Epoch [236/600] Step [0/17] Loss: 5.5200 Bio: 0.7352 GateEnt: nan GateDiv: nan
Epoch [236/600] Total Loss: 95.0934
Epoch [237/600] Step [0/17] Loss: 5.8124 Bio: 0.7788 GateEnt: nan GateDiv: nan
Epoch [237/600] Total Loss: 95.7719
Epoch [238/600] Step [0/17] Loss: 5.6968 Bio: 0.7529 GateEnt: nan GateDiv: nan
Epoch [238/600] Total Loss: 94.5870
Epoch [239/600] Step [0/17] Loss: 5.7173 Bio: 0.7925 GateEnt: nan GateDiv: nan
Epoch [239/600] Total Loss: 96.1940
Epoch [240/600] Step [0/17] Loss: 5.6319 Bio: 0.8475 GateEnt: nan GateDiv: nan
Epoch [240/600] Total Loss: 96.3582
Epoch [241/600] Step [0/17] Loss: 5.7122 Bio: 0.6904 GateEnt: nan GateDiv: nan
Epoch [241/600] Total Loss: 95.1797
Epoch [242/600] Step [0/17] Loss: 5.5601 Bio: 0.9698 GateEnt: nan GateDiv: nan
Epoch [242/600] Total Loss: 95.1876
Epoch [243/600] Step [0/17] Loss: 5.6110 Bio: 0.8151 GateEnt: nan GateDiv: nan
Epoch [243/600] Total Loss: 96.2323
Epoch [244/600] Step [0/17] Loss: 5.7300 Bio: 0.8703 GateEnt: nan GateDiv: nan
Epoch [244/600] Total Loss: 95.7540
Epoch [245/600] Step [0/17] Loss: 5.8620 Bio: 0.7701 GateEnt: nan GateDiv: nan
Epoch [245/600] Total Loss: 94.8555
Epoch [246/600] Step [0/17] Loss: 5.7353 Bio: 0.7833 GateEnt: nan GateDiv: nan
Epoch [246/600] Total Loss: 94.4821
Epoch [247/600] Step [0/17] Loss: 5.7229 Bio: 0.8573 GateEnt: nan GateDiv: nan
Epoch [247/600] Total Loss: 94.3775
Epoch [248/600] Step [0/17] Loss: 5.7952 Bio: 0.7692 GateEnt: nan GateDiv: nan
Epoch [248/600] Total Loss: 95.2805
Epoch [249/600] Step [0/17] Loss: 5.7538 Bio: 0.8128 GateEnt: nan GateDiv: nan
Epoch [249/600] Total Loss: 96.3929
Epoch [250/600] Step [0/17] Loss: 5.5807 Bio: 0.7392 GateEnt: nan GateDiv: nan
Epoch [250/600] Total Loss: 94.6930
Epoch [251/600] Step [0/17] Loss: 5.8259 Bio: 0.7302 GateEnt: nan GateDiv: nan
Epoch [251/600] Total Loss: 94.6840
Epoch [252/600] Step [0/17] Loss: 5.5655 Bio: 0.8324 GateEnt: nan GateDiv: nan
Epoch [252/600] Total Loss: 93.9009
Epoch [253/600] Step [0/17] Loss: 5.6332 Bio: 0.6868 GateEnt: nan GateDiv: nan
Epoch [253/600] Total Loss: 94.4138
Epoch [254/600] Step [0/17] Loss: 5.7378 Bio: 0.7961 GateEnt: nan GateDiv: nan
Epoch [254/600] Total Loss: 95.4541
Epoch [255/600] Step [0/17] Loss: 5.6331 Bio: 0.8056 GateEnt: nan GateDiv: nan
Epoch [255/600] Total Loss: 94.7938
Epoch [256/600] Step [0/17] Loss: 6.0110 Bio: 0.6921 GateEnt: nan GateDiv: nan
Epoch [256/600] Total Loss: 95.5978
Epoch [257/600] Step [0/17] Loss: 5.6497 Bio: 0.7186 GateEnt: nan GateDiv: nan
Epoch [257/600] Total Loss: 95.0667
Epoch [258/600] Step [0/17] Loss: 5.7407 Bio: 0.7242 GateEnt: nan GateDiv: nan
Epoch [258/600] Total Loss: 94.2084
Epoch [259/600] Step [0/17] Loss: 5.6340 Bio: 0.8665 GateEnt: nan GateDiv: nan
Epoch [259/600] Total Loss: 94.4725
Epoch [260/600] Step [0/17] Loss: 5.5799 Bio: 0.6909 GateEnt: nan GateDiv: nan
Epoch [260/600] Total Loss: 95.2417
Epoch [261/600] Step [0/17] Loss: 5.6652 Bio: 0.8163 GateEnt: nan GateDiv: nan
Epoch [261/600] Total Loss: 93.7423
Epoch [262/600] Step [0/17] Loss: 5.5836 Bio: 0.7367 GateEnt: nan GateDiv: nan
Epoch [262/600] Total Loss: 94.0246
Epoch [263/600] Step [0/17] Loss: 5.7569 Bio: 0.7347 GateEnt: nan GateDiv: nan
Epoch [263/600] Total Loss: 94.5783
Epoch [264/600] Step [0/17] Loss: 5.5675 Bio: 0.7628 GateEnt: nan GateDiv: nan
Epoch [264/600] Total Loss: 94.1948
Epoch [265/600] Step [0/17] Loss: 5.4993 Bio: 0.7660 GateEnt: nan GateDiv: nan
Epoch [265/600] Total Loss: 94.7280
Epoch [266/600] Step [0/17] Loss: 5.7763 Bio: 0.7311 GateEnt: nan GateDiv: nan
Epoch [266/600] Total Loss: 94.0489
Epoch [267/600] Step [0/17] Loss: 6.0372 Bio: 0.6794 GateEnt: nan GateDiv: nan
Epoch [267/600] Total Loss: 95.2586
Epoch [268/600] Step [0/17] Loss: 5.9380 Bio: 0.7523 GateEnt: nan GateDiv: nan
Epoch [268/600] Total Loss: 94.7366
Epoch [269/600] Step [0/17] Loss: 5.8193 Bio: 0.7577 GateEnt: nan GateDiv: nan
Epoch [269/600] Total Loss: 93.6180
Epoch [270/600] Step [0/17] Loss: 5.5306 Bio: 0.6905 GateEnt: nan GateDiv: nan
Epoch [270/600] Total Loss: 94.3594
Epoch [271/600] Step [0/17] Loss: 6.1081 Bio: 0.7504 GateEnt: nan GateDiv: nan
Epoch [271/600] Total Loss: 95.1347
Epoch [272/600] Step [0/17] Loss: 5.8811 Bio: 0.6968 GateEnt: nan GateDiv: nan
Epoch [272/600] Total Loss: 95.7567
Epoch [273/600] Step [0/17] Loss: 5.7841 Bio: 0.7662 GateEnt: nan GateDiv: nan
Epoch [273/600] Total Loss: 95.6145
Epoch [274/600] Step [0/17] Loss: 5.6813 Bio: 0.7793 GateEnt: nan GateDiv: nan
Epoch [274/600] Total Loss: 94.9144
Epoch [275/600] Step [0/17] Loss: 5.6188 Bio: 0.7358 GateEnt: nan GateDiv: nan
Epoch [275/600] Total Loss: 96.2068
Epoch [276/600] Step [0/17] Loss: 5.4904 Bio: 0.8254 GateEnt: nan GateDiv: nan
Epoch [276/600] Total Loss: 96.0261
Epoch [277/600] Step [0/17] Loss: 5.6346 Bio: 0.7278 GateEnt: nan GateDiv: nan
Epoch [277/600] Total Loss: 96.3275
Epoch [278/600] Step [0/17] Loss: 5.7112 Bio: 0.7208 GateEnt: nan GateDiv: nan
Epoch [278/600] Total Loss: 94.4796
Epoch [279/600] Step [0/17] Loss: 5.6848 Bio: 0.7457 GateEnt: nan GateDiv: nan
Epoch [279/600] Total Loss: 94.3079
Epoch [280/600] Step [0/17] Loss: 5.5741 Bio: 0.7405 GateEnt: nan GateDiv: nan
Epoch [280/600] Total Loss: 94.9756
Epoch [281/600] Step [0/17] Loss: 5.5618 Bio: 0.8497 GateEnt: nan GateDiv: nan
Epoch [281/600] Total Loss: 94.7651
Epoch [282/600] Step [0/17] Loss: 5.6507 Bio: 0.7562 GateEnt: nan GateDiv: nan
Epoch [282/600] Total Loss: 94.2660
Epoch [283/600] Step [0/17] Loss: 5.6947 Bio: 0.7871 GateEnt: nan GateDiv: nan
Epoch [283/600] Total Loss: 94.5313
Epoch [284/600] Step [0/17] Loss: 5.7238 Bio: 0.6941 GateEnt: nan GateDiv: nan
Epoch [284/600] Total Loss: 94.5142
Epoch [285/600] Step [0/17] Loss: 5.7678 Bio: 0.7624 GateEnt: nan GateDiv: nan
Epoch [285/600] Total Loss: 94.6985
Epoch [286/600] Step [0/17] Loss: 5.6333 Bio: 0.8346 GateEnt: nan GateDiv: nan
Epoch [286/600] Total Loss: 94.4253
Epoch [287/600] Step [0/17] Loss: 5.6828 Bio: 0.7501 GateEnt: nan GateDiv: nan
Epoch [287/600] Total Loss: 94.5810
Epoch [288/600] Step [0/17] Loss: 5.5715 Bio: 0.8270 GateEnt: nan GateDiv: nan
Epoch [288/600] Total Loss: 94.7121
Epoch [289/600] Step [0/17] Loss: 5.7170 Bio: 0.7345 GateEnt: nan GateDiv: nan
Epoch [289/600] Total Loss: 96.3526
Epoch [290/600] Step [0/17] Loss: 5.6427 Bio: 0.7735 GateEnt: nan GateDiv: nan
Epoch [290/600] Total Loss: 94.5048
Epoch [291/600] Step [0/17] Loss: 5.7367 Bio: 0.7769 GateEnt: nan GateDiv: nan
Epoch [291/600] Total Loss: 95.5612
Epoch [292/600] Step [0/17] Loss: 5.6850 Bio: 0.9079 GateEnt: nan GateDiv: nan
Epoch [292/600] Total Loss: 95.0488
Epoch [293/600] Step [0/17] Loss: 5.5633 Bio: 0.7344 GateEnt: nan GateDiv: nan
Epoch [293/600] Total Loss: 95.2711
Epoch [294/600] Step [0/17] Loss: 5.5971 Bio: 0.8946 GateEnt: nan GateDiv: nan
Epoch [294/600] Total Loss: 95.0165
Epoch [295/600] Step [0/17] Loss: 5.6471 Bio: 0.8508 GateEnt: nan GateDiv: nan
Epoch [295/600] Total Loss: 94.9751
Epoch [296/600] Step [0/17] Loss: 5.7028 Bio: 0.7528 GateEnt: nan GateDiv: nan
Epoch [296/600] Total Loss: 94.1754
Epoch [297/600] Step [0/17] Loss: 5.7206 Bio: 0.7052 GateEnt: nan GateDiv: nan
Epoch [297/600] Total Loss: 95.6323
Epoch [298/600] Step [0/17] Loss: 5.7101 Bio: 0.7413 GateEnt: nan GateDiv: nan
Epoch [298/600] Total Loss: 94.8661
Epoch [299/600] Step [0/17] Loss: 5.6256 Bio: 0.8797 GateEnt: nan GateDiv: nan
Epoch [299/600] Total Loss: 94.9518
Epoch [300/600] Step [0/17] Loss: 5.6976 Bio: 0.8046 GateEnt: nan GateDiv: nan
Epoch [300/600] Total Loss: 95.8814
Epoch [301/600] Step [0/17] Loss: 5.7777 Bio: 0.8543 GateEnt: nan GateDiv: nan
Epoch [301/600] Total Loss: 94.8699
Epoch [302/600] Step [0/17] Loss: 5.5863 Bio: 0.7704 GateEnt: nan GateDiv: nan
Epoch [302/600] Total Loss: 95.0372
Epoch [303/600] Step [0/17] Loss: 5.3917 Bio: 0.8031 GateEnt: nan GateDiv: nan
Epoch [303/600] Total Loss: 94.6126
Epoch [304/600] Step [0/17] Loss: 5.6334 Bio: 0.8418 GateEnt: nan GateDiv: nan
Epoch [304/600] Total Loss: 95.1717
Epoch [305/600] Step [0/17] Loss: 5.6145 Bio: 0.8817 GateEnt: nan GateDiv: nan
Epoch [305/600] Total Loss: 94.0822
Epoch [306/600] Step [0/17] Loss: 5.6451 Bio: 0.8364 GateEnt: nan GateDiv: nan
Epoch [306/600] Total Loss: 95.6543
Epoch [307/600] Step [0/17] Loss: 5.7723 Bio: 0.7915 GateEnt: nan GateDiv: nan
Epoch [307/600] Total Loss: 96.0767
Epoch [308/600] Step [0/17] Loss: 5.4128 Bio: 0.7631 GateEnt: nan GateDiv: nan
Epoch [308/600] Total Loss: 95.0487
Epoch [309/600] Step [0/17] Loss: 5.8175 Bio: 0.6664 GateEnt: nan GateDiv: nan
Epoch [309/600] Total Loss: 94.0666
Epoch [310/600] Step [0/17] Loss: 5.5479 Bio: 0.8596 GateEnt: nan GateDiv: nan
Epoch [310/600] Total Loss: 94.6293
Epoch [311/600] Step [0/17] Loss: 5.5758 Bio: 0.7326 GateEnt: nan GateDiv: nan
Epoch [311/600] Total Loss: 94.0541
Epoch [312/600] Step [0/17] Loss: 5.8171 Bio: 0.9023 GateEnt: nan GateDiv: nan
Epoch [312/600] Total Loss: 95.4346
Epoch [313/600] Step [0/17] Loss: 5.5448 Bio: 0.8403 GateEnt: nan GateDiv: nan
Epoch [313/600] Total Loss: 92.7242
Epoch [314/600] Step [0/17] Loss: 5.7041 Bio: 0.7383 GateEnt: nan GateDiv: nan
Epoch [314/600] Total Loss: 94.2593
Epoch [315/600] Step [0/17] Loss: 5.5890 Bio: 0.7044 GateEnt: nan GateDiv: nan
Epoch [315/600] Total Loss: 94.4371
Epoch [316/600] Step [0/17] Loss: 5.7188 Bio: 0.7341 GateEnt: nan GateDiv: nan
Epoch [316/600] Total Loss: 93.4732
Epoch [317/600] Step [0/17] Loss: 5.5936 Bio: 0.6862 GateEnt: nan GateDiv: nan
Epoch [317/600] Total Loss: 94.1259
Epoch [318/600] Step [0/17] Loss: 5.7220 Bio: 0.6708 GateEnt: nan GateDiv: nan
Epoch [318/600] Total Loss: 95.2331
Epoch [319/600] Step [0/17] Loss: 5.7567 Bio: 0.7698 GateEnt: nan GateDiv: nan
Epoch [319/600] Total Loss: 95.5770
Epoch [320/600] Step [0/17] Loss: 5.5752 Bio: 0.7369 GateEnt: nan GateDiv: nan
Epoch [320/600] Total Loss: 94.3341
Epoch [321/600] Step [0/17] Loss: 5.5386 Bio: 0.7660 GateEnt: nan GateDiv: nan
Epoch [321/600] Total Loss: 94.7237
Epoch [322/600] Step [0/17] Loss: 5.9857 Bio: 0.7545 GateEnt: nan GateDiv: nan
Epoch [322/600] Total Loss: 95.0252
Epoch [323/600] Step [0/17] Loss: 5.6355 Bio: 0.7887 GateEnt: nan GateDiv: nan
Epoch [323/600] Total Loss: 95.9858
Epoch [324/600] Step [0/17] Loss: 5.7436 Bio: 0.7213 GateEnt: nan GateDiv: nan
Epoch [324/600] Total Loss: 93.4080
Epoch [325/600] Step [0/17] Loss: 5.4446 Bio: 0.7900 GateEnt: nan GateDiv: nan
Epoch [325/600] Total Loss: 94.1418
Epoch [326/600] Step [0/17] Loss: 5.5790 Bio: 0.8207 GateEnt: nan GateDiv: nan
Epoch [326/600] Total Loss: 94.8705
Epoch [327/600] Step [0/17] Loss: 5.8791 Bio: 0.7139 GateEnt: nan GateDiv: nan
Epoch [327/600] Total Loss: 95.1353
Epoch [328/600] Step [0/17] Loss: 5.5732 Bio: 0.8269 GateEnt: nan GateDiv: nan
Epoch [328/600] Total Loss: 93.7668
Epoch [329/600] Step [0/17] Loss: 5.4373 Bio: 0.8709 GateEnt: nan GateDiv: nan
Epoch [329/600] Total Loss: 94.3141
Epoch [330/600] Step [0/17] Loss: 5.6939 Bio: 0.7505 GateEnt: nan GateDiv: nan
Epoch [330/600] Total Loss: 94.2594
Epoch [331/600] Step [0/17] Loss: 5.7295 Bio: 0.7115 GateEnt: nan GateDiv: nan
Epoch [331/600] Total Loss: 92.8142
Epoch [332/600] Step [0/17] Loss: 5.3788 Bio: 0.7325 GateEnt: nan GateDiv: nan
Epoch [332/600] Total Loss: 94.0172
Epoch [333/600] Step [0/17] Loss: 5.6781 Bio: 0.8476 GateEnt: nan GateDiv: nan
Epoch [333/600] Total Loss: 94.4263
Epoch [334/600] Step [0/17] Loss: 5.8501 Bio: 0.6922 GateEnt: nan GateDiv: nan
Epoch [334/600] Total Loss: 93.6243
Epoch [335/600] Step [0/17] Loss: 5.5920 Bio: 0.8222 GateEnt: nan GateDiv: nan
Epoch [335/600] Total Loss: 93.4756
Epoch [336/600] Step [0/17] Loss: 5.6299 Bio: 0.7428 GateEnt: nan GateDiv: nan
Epoch [336/600] Total Loss: 94.5379
Epoch [337/600] Step [0/17] Loss: 5.6790 Bio: 0.7608 GateEnt: nan GateDiv: nan
Epoch [337/600] Total Loss: 94.9004
Epoch [338/600] Step [0/17] Loss: 5.7729 Bio: 0.8324 GateEnt: nan GateDiv: nan
Epoch [338/600] Total Loss: 93.8545
Epoch [339/600] Step [0/17] Loss: 5.4616 Bio: 0.7707 GateEnt: nan GateDiv: nan
Epoch [339/600] Total Loss: 95.0828
Epoch [340/600] Step [0/17] Loss: 5.6935 Bio: 0.7200 GateEnt: nan GateDiv: nan
Epoch [340/600] Total Loss: 96.2430
Epoch [341/600] Step [0/17] Loss: 5.6268 Bio: 0.7340 GateEnt: nan GateDiv: nan
Epoch [341/600] Total Loss: 95.1660
Epoch [342/600] Step [0/17] Loss: 5.6579 Bio: 0.8201 GateEnt: nan GateDiv: nan
Epoch [342/600] Total Loss: 93.9266
Epoch [343/600] Step [0/17] Loss: 5.6845 Bio: 0.7704 GateEnt: nan GateDiv: nan
Epoch [343/600] Total Loss: 93.9292
Epoch [344/600] Step [0/17] Loss: 5.6495 Bio: 0.8480 GateEnt: nan GateDiv: nan
Epoch [344/600] Total Loss: 93.7760
Epoch [345/600] Step [0/17] Loss: 5.7364 Bio: 0.7843 GateEnt: nan GateDiv: nan
Epoch [345/600] Total Loss: 93.9706
Epoch [346/600] Step [0/17] Loss: 5.6687 Bio: 0.7281 GateEnt: nan GateDiv: nan
Epoch [346/600] Total Loss: 95.5541
Epoch [347/600] Step [0/17] Loss: 5.8102 Bio: 0.6917 GateEnt: nan GateDiv: nan
Epoch [347/600] Total Loss: 93.4470
Epoch [348/600] Step [0/17] Loss: 5.4399 Bio: 0.7283 GateEnt: nan GateDiv: nan
Epoch [348/600] Total Loss: 93.3621
Epoch [349/600] Step [0/17] Loss: 5.5051 Bio: 0.7716 GateEnt: nan GateDiv: nan
Epoch [349/600] Total Loss: 94.1282
Epoch [350/600] Step [0/17] Loss: 5.5035 Bio: 0.7851 GateEnt: nan GateDiv: nan
Epoch [350/600] Total Loss: 93.8188
Epoch [351/600] Step [0/17] Loss: 5.4977 Bio: 0.7490 GateEnt: nan GateDiv: nan
Epoch [351/600] Total Loss: 93.5894
Epoch [352/600] Step [0/17] Loss: 5.6999 Bio: 0.7341 GateEnt: nan GateDiv: nan
Epoch [352/600] Total Loss: 93.6849
Epoch [353/600] Step [0/17] Loss: 5.6193 Bio: 0.8170 GateEnt: nan GateDiv: nan
Epoch [353/600] Total Loss: 95.4094
Epoch [354/600] Step [0/17] Loss: 5.5912 Bio: 0.7575 GateEnt: nan GateDiv: nan
Epoch [354/600] Total Loss: 94.3207
Epoch [355/600] Step [0/17] Loss: 5.6983 Bio: 0.7105 GateEnt: nan GateDiv: nan
Epoch [355/600] Total Loss: 93.6569
Epoch [356/600] Step [0/17] Loss: 5.6944 Bio: 0.7306 GateEnt: nan GateDiv: nan
Epoch [356/600] Total Loss: 93.5461
Epoch [357/600] Step [0/17] Loss: 5.5472 Bio: 0.8167 GateEnt: nan GateDiv: nan
Epoch [357/600] Total Loss: 94.0730
Epoch [358/600] Step [0/17] Loss: 5.6062 Bio: 0.7849 GateEnt: nan GateDiv: nan
Epoch [358/600] Total Loss: 94.9469
Epoch [359/600] Step [0/17] Loss: 5.4778 Bio: 0.8117 GateEnt: nan GateDiv: nan
Epoch [359/600] Total Loss: 94.6289
Epoch [360/600] Step [0/17] Loss: 5.7150 Bio: 0.7288 GateEnt: nan GateDiv: nan
Epoch [360/600] Total Loss: 93.5479
Epoch [361/600] Step [0/17] Loss: 5.5816 Bio: 0.6899 GateEnt: nan GateDiv: nan
Epoch [361/600] Total Loss: 94.7017
Epoch [362/600] Step [0/17] Loss: 5.5236 Bio: 0.7222 GateEnt: nan GateDiv: nan
Epoch [362/600] Total Loss: 94.7551
Epoch [363/600] Step [0/17] Loss: 5.5940 Bio: 0.7664 GateEnt: nan GateDiv: nan
Epoch [363/600] Total Loss: 92.5027
Epoch [364/600] Step [0/17] Loss: 5.4421 Bio: 0.7567 GateEnt: nan GateDiv: nan
Epoch [364/600] Total Loss: 94.7760
Epoch [365/600] Step [0/17] Loss: 5.8389 Bio: 0.7677 GateEnt: nan GateDiv: nan
Epoch [365/600] Total Loss: 95.5872
Epoch [366/600] Step [0/17] Loss: 5.4923 Bio: 0.7325 GateEnt: nan GateDiv: nan
Epoch [366/600] Total Loss: 94.6392
Epoch [367/600] Step [0/17] Loss: 5.5078 Bio: 0.7873 GateEnt: nan GateDiv: nan
Epoch [367/600] Total Loss: 93.4989
Epoch [368/600] Step [0/17] Loss: 5.6939 Bio: 0.7563 GateEnt: nan GateDiv: nan
Epoch [368/600] Total Loss: 95.8224
Epoch [369/600] Step [0/17] Loss: 5.4899 Bio: 0.8097 GateEnt: nan GateDiv: nan
Epoch [369/600] Total Loss: 93.7083
Epoch [370/600] Step [0/17] Loss: 5.5544 Bio: 0.7784 GateEnt: nan GateDiv: nan
Epoch [370/600] Total Loss: 94.6209
Epoch [371/600] Step [0/17] Loss: 5.5491 Bio: 0.7677 GateEnt: nan GateDiv: nan
Epoch [371/600] Total Loss: 93.7957
Epoch [372/600] Step [0/17] Loss: 5.9249 Bio: 0.7445 GateEnt: nan GateDiv: nan
Epoch [372/600] Total Loss: 94.3880
Epoch [373/600] Step [0/17] Loss: 5.5418 Bio: 0.8046 GateEnt: nan GateDiv: nan
Epoch [373/600] Total Loss: 93.4875
Epoch [374/600] Step [0/17] Loss: 5.4905 Bio: 0.6766 GateEnt: nan GateDiv: nan
Epoch [374/600] Total Loss: 94.0579
Epoch [375/600] Step [0/17] Loss: 5.6438 Bio: 0.7570 GateEnt: nan GateDiv: nan
Epoch [375/600] Total Loss: 94.6730
Epoch [376/600] Step [0/17] Loss: 5.7856 Bio: 0.7591 GateEnt: nan GateDiv: nan
Epoch [376/600] Total Loss: 94.4259
Epoch [377/600] Step [0/17] Loss: 5.5613 Bio: 0.7315 GateEnt: nan GateDiv: nan
Epoch [377/600] Total Loss: 93.0520
Epoch [378/600] Step [0/17] Loss: 5.7975 Bio: 0.7874 GateEnt: nan GateDiv: nan
Epoch [378/600] Total Loss: 94.6256
Epoch [379/600] Step [0/17] Loss: 5.5998 Bio: 0.7441 GateEnt: nan GateDiv: nan
Epoch [379/600] Total Loss: 93.8825
Epoch [380/600] Step [0/17] Loss: 5.4706 Bio: 0.6893 GateEnt: nan GateDiv: nan
Epoch [380/600] Total Loss: 94.0404
Epoch [381/600] Step [0/17] Loss: 5.3666 Bio: 0.7292 GateEnt: nan GateDiv: nan
Epoch [381/600] Total Loss: 95.1221
Epoch [382/600] Step [0/17] Loss: 5.6987 Bio: 0.7068 GateEnt: nan GateDiv: nan
Epoch [382/600] Total Loss: 94.3611
Epoch [383/600] Step [0/17] Loss: 5.7576 Bio: 0.6832 GateEnt: nan GateDiv: nan
Epoch [383/600] Total Loss: 93.1923
Epoch [384/600] Step [0/17] Loss: 5.5238 Bio: 0.7848 GateEnt: nan GateDiv: nan
Epoch [384/600] Total Loss: 94.0035
Epoch [385/600] Step [0/17] Loss: 5.5037 Bio: 0.7572 GateEnt: nan GateDiv: nan
Epoch [385/600] Total Loss: 93.8053
Epoch [386/600] Step [0/17] Loss: 5.5189 Bio: 0.8112 GateEnt: nan GateDiv: nan
Epoch [386/600] Total Loss: 95.1193
Epoch [387/600] Step [0/17] Loss: 5.4549 Bio: 0.7939 GateEnt: nan GateDiv: nan
Epoch [387/600] Total Loss: 93.5336
Epoch [388/600] Step [0/17] Loss: 5.6301 Bio: 0.7306 GateEnt: nan GateDiv: nan
Epoch [388/600] Total Loss: 93.7328
Epoch [389/600] Step [0/17] Loss: 5.6845 Bio: 0.7690 GateEnt: nan GateDiv: nan
Epoch [389/600] Total Loss: 94.0167
Epoch [390/600] Step [0/17] Loss: 5.5287 Bio: 0.6851 GateEnt: nan GateDiv: nan
Epoch [390/600] Total Loss: 92.2341
Epoch [391/600] Step [0/17] Loss: 5.6302 Bio: 0.7092 GateEnt: nan GateDiv: nan
Epoch [391/600] Total Loss: 93.7843
Epoch [392/600] Step [0/17] Loss: 5.4179 Bio: 0.6961 GateEnt: nan GateDiv: nan
Epoch [392/600] Total Loss: 93.2157
Epoch [393/600] Step [0/17] Loss: 5.8254 Bio: 0.8561 GateEnt: nan GateDiv: nan
Epoch [393/600] Total Loss: 92.5476
Epoch [394/600] Step [0/17] Loss: 5.5729 Bio: 0.7435 GateEnt: nan GateDiv: nan
Epoch [394/600] Total Loss: 93.8930
Epoch [395/600] Step [0/17] Loss: 5.7543 Bio: 0.6719 GateEnt: nan GateDiv: nan
Epoch [395/600] Total Loss: 93.7913
Epoch [396/600] Step [0/17] Loss: 5.7044 Bio: 0.7177 GateEnt: nan GateDiv: nan
Epoch [396/600] Total Loss: 94.6172
Epoch [397/600] Step [0/17] Loss: 5.6413 Bio: 0.7540 GateEnt: nan GateDiv: nan
Epoch [397/600] Total Loss: 93.6176
Epoch [398/600] Step [0/17] Loss: 5.5844 Bio: 0.7133 GateEnt: nan GateDiv: nan
Epoch [398/600] Total Loss: 94.0718
Epoch [399/600] Step [0/17] Loss: 5.6205 Bio: 0.7059 GateEnt: nan GateDiv: nan
Epoch [399/600] Total Loss: 94.0362
Epoch [400/600] Step [0/17] Loss: 5.7601 Bio: 0.7288 GateEnt: nan GateDiv: nan
Epoch [400/600] Total Loss: 93.1631
Epoch [401/600] Step [0/17] Loss: 5.5627 Bio: 0.7188 GateEnt: nan GateDiv: nan
Epoch [401/600] Total Loss: 92.0928
Epoch [402/600] Step [0/17] Loss: 5.6190 Bio: 0.9167 GateEnt: nan GateDiv: nan
Epoch [402/600] Total Loss: 93.0635
Epoch [403/600] Step [0/17] Loss: 5.8229 Bio: 0.7335 GateEnt: nan GateDiv: nan
Epoch [403/600] Total Loss: 93.3399
Epoch [404/600] Step [0/17] Loss: 5.7061 Bio: 0.8021 GateEnt: nan GateDiv: nan
Epoch [404/600] Total Loss: 93.0732
Epoch [405/600] Step [0/17] Loss: 5.7528 Bio: 0.8046 GateEnt: nan GateDiv: nan
Epoch [405/600] Total Loss: 94.2497
Epoch [406/600] Step [0/17] Loss: 5.5688 Bio: 0.7205 GateEnt: nan GateDiv: nan
Epoch [406/600] Total Loss: 94.5076
Epoch [407/600] Step [0/17] Loss: 5.7000 Bio: 0.8171 GateEnt: nan GateDiv: nan
Epoch [407/600] Total Loss: 94.4911
Epoch [408/600] Step [0/17] Loss: 5.8790 Bio: 0.6963 GateEnt: nan GateDiv: nan
Epoch [408/600] Total Loss: 93.2480
Epoch [409/600] Step [0/17] Loss: 5.5812 Bio: 0.6865 GateEnt: nan GateDiv: nan
Epoch [409/600] Total Loss: 93.9932
Epoch [410/600] Step [0/17] Loss: 5.6086 Bio: 0.7306 GateEnt: nan GateDiv: nan
Epoch [410/600] Total Loss: 92.8867
Epoch [411/600] Step [0/17] Loss: 5.9609 Bio: 0.6350 GateEnt: nan GateDiv: nan
Epoch [411/600] Total Loss: 94.3103
Epoch [412/600] Step [0/17] Loss: 5.5376 Bio: 0.7158 GateEnt: nan GateDiv: nan
Epoch [412/600] Total Loss: 93.7486
Epoch [413/600] Step [0/17] Loss: 5.6169 Bio: 0.7280 GateEnt: nan GateDiv: nan
Epoch [413/600] Total Loss: 93.9145
Epoch [414/600] Step [0/17] Loss: 5.6459 Bio: 0.8397 GateEnt: nan GateDiv: nan
Epoch [414/600] Total Loss: 94.0806
Epoch [415/600] Step [0/17] Loss: 5.5712 Bio: 0.7590 GateEnt: nan GateDiv: nan
Epoch [415/600] Total Loss: 93.8497
Epoch [416/600] Step [0/17] Loss: 5.6548 Bio: 0.7594 GateEnt: nan GateDiv: nan
Epoch [416/600] Total Loss: 93.5314
Epoch [417/600] Step [0/17] Loss: 5.4429 Bio: 0.8550 GateEnt: nan GateDiv: nan
Epoch [417/600] Total Loss: 93.7367
Epoch [418/600] Step [0/17] Loss: 5.4934 Bio: 0.6981 GateEnt: nan GateDiv: nan
Epoch [418/600] Total Loss: 93.9307
Epoch [419/600] Step [0/17] Loss: 5.6217 Bio: 0.7176 GateEnt: nan GateDiv: nan
Epoch [419/600] Total Loss: 92.7113
Epoch [420/600] Step [0/17] Loss: 5.5308 Bio: 0.7210 GateEnt: nan GateDiv: nan
Epoch [420/600] Total Loss: 93.6326
Epoch [421/600] Step [0/17] Loss: 5.7036 Bio: 0.7047 GateEnt: nan GateDiv: nan
Epoch [421/600] Total Loss: 93.2042
Epoch [422/600] Step [0/17] Loss: 5.5788 Bio: 0.7839 GateEnt: nan GateDiv: nan
Epoch [422/600] Total Loss: 93.6787
Epoch [423/600] Step [0/17] Loss: 5.5437 Bio: 0.7422 GateEnt: nan GateDiv: nan
Epoch [423/600] Total Loss: 93.0258
Epoch [424/600] Step [0/17] Loss: 5.5937 Bio: 0.7871 GateEnt: nan GateDiv: nan
Epoch [424/600] Total Loss: 93.9592
Epoch [425/600] Step [0/17] Loss: 5.5393 Bio: 0.7130 GateEnt: nan GateDiv: nan
Epoch [425/600] Total Loss: 94.0416
Epoch [426/600] Step [0/17] Loss: 5.6145 Bio: 0.6797 GateEnt: nan GateDiv: nan
Epoch [426/600] Total Loss: 93.7185
Epoch [427/600] Step [0/17] Loss: 5.5745 Bio: 0.8164 GateEnt: nan GateDiv: nan
Epoch [427/600] Total Loss: 94.3974
Epoch [428/600] Step [0/17] Loss: 5.8819 Bio: 0.8011 GateEnt: nan GateDiv: nan
Epoch [428/600] Total Loss: 93.3995
Epoch [429/600] Step [0/17] Loss: 5.6800 Bio: 0.7286 GateEnt: nan GateDiv: nan
Epoch [429/600] Total Loss: 93.0256
Epoch [430/600] Step [0/17] Loss: 5.6620 Bio: 0.8152 GateEnt: nan GateDiv: nan
Epoch [430/600] Total Loss: 93.1031
Epoch [431/600] Step [0/17] Loss: 5.6395 Bio: 0.7641 GateEnt: nan GateDiv: nan
Epoch [431/600] Total Loss: 93.4783
Epoch [432/600] Step [0/17] Loss: 5.7141 Bio: 0.6937 GateEnt: nan GateDiv: nan
Epoch [432/600] Total Loss: 93.9049
Epoch [433/600] Step [0/17] Loss: 5.4431 Bio: 0.7374 GateEnt: nan GateDiv: nan
Epoch [433/600] Total Loss: 91.3381
Epoch [434/600] Step [0/17] Loss: 5.4139 Bio: 0.8660 GateEnt: nan GateDiv: nan
Epoch [434/600] Total Loss: 92.5539
Epoch [435/600] Step [0/17] Loss: 5.6649 Bio: 0.7165 GateEnt: nan GateDiv: nan
Epoch [435/600] Total Loss: 92.3802
Epoch [436/600] Step [0/17] Loss: 5.5042 Bio: 0.7056 GateEnt: nan GateDiv: nan
Epoch [436/600] Total Loss: 93.0306
Epoch [437/600] Step [0/17] Loss: 5.4281 Bio: 0.7326 GateEnt: nan GateDiv: nan
Epoch [437/600] Total Loss: 92.7438
Epoch [438/600] Step [0/17] Loss: 5.6071 Bio: 0.7565 GateEnt: nan GateDiv: nan
Epoch [438/600] Total Loss: 94.4676
Epoch [439/600] Step [0/17] Loss: 5.5394 Bio: 0.7067 GateEnt: nan GateDiv: nan
Epoch [439/600] Total Loss: 93.1038
Epoch [440/600] Step [0/17] Loss: 5.5195 Bio: 0.7896 GateEnt: nan GateDiv: nan
Epoch [440/600] Total Loss: 93.6991
Epoch [441/600] Step [0/17] Loss: 5.8280 Bio: 0.7261 GateEnt: nan GateDiv: nan
Epoch [441/600] Total Loss: 92.9208
Epoch [442/600] Step [0/17] Loss: 5.5093 Bio: 0.6939 GateEnt: nan GateDiv: nan
Epoch [442/600] Total Loss: 93.0311
Epoch [443/600] Step [0/17] Loss: 5.6015 Bio: 0.6569 GateEnt: nan GateDiv: nan
Epoch [443/600] Total Loss: 92.2081
Epoch [444/600] Step [0/17] Loss: 5.5549 Bio: 0.7428 GateEnt: nan GateDiv: nan
Epoch [444/600] Total Loss: 93.4465
Epoch [445/600] Step [0/17] Loss: 5.8729 Bio: 0.6732 GateEnt: nan GateDiv: nan
Epoch [445/600] Total Loss: 92.5034
Epoch [446/600] Step [0/17] Loss: 5.4861 Bio: 0.8091 GateEnt: nan GateDiv: nan
Epoch [446/600] Total Loss: 92.6902
Epoch [447/600] Step [0/17] Loss: 5.6199 Bio: 0.8349 GateEnt: nan GateDiv: nan
Epoch [447/600] Total Loss: 92.1976
Epoch [448/600] Step [0/17] Loss: 5.6147 Bio: 0.7891 GateEnt: nan GateDiv: nan
Epoch [448/600] Total Loss: 93.7257
Epoch [449/600] Step [0/17] Loss: 5.4715 Bio: 0.7336 GateEnt: nan GateDiv: nan
Epoch [449/600] Total Loss: 93.4687
Epoch [450/600] Step [0/17] Loss: 5.6040 Bio: 0.6726 GateEnt: nan GateDiv: nan
Epoch [450/600] Total Loss: 93.4494
Epoch [451/600] Step [0/17] Loss: 5.5673 Bio: 0.6755 GateEnt: nan GateDiv: nan
Epoch [451/600] Total Loss: 93.2823
Epoch [452/600] Step [0/17] Loss: 5.5740 Bio: 0.7647 GateEnt: nan GateDiv: nan
Epoch [452/600] Total Loss: 93.9822
Epoch [453/600] Step [0/17] Loss: 5.6049 Bio: 0.6687 GateEnt: nan GateDiv: nan
Epoch [453/600] Total Loss: 92.9026
Epoch [454/600] Step [0/17] Loss: 5.6589 Bio: 0.6886 GateEnt: nan GateDiv: nan
Epoch [454/600] Total Loss: 94.0499
Epoch [455/600] Step [0/17] Loss: 5.6750 Bio: 0.6371 GateEnt: nan GateDiv: nan
Epoch [455/600] Total Loss: 92.2259
Epoch [456/600] Step [0/17] Loss: 5.5937 Bio: 0.7701 GateEnt: nan GateDiv: nan
Epoch [456/600] Total Loss: 93.1217
Epoch [457/600] Step [0/17] Loss: 5.3449 Bio: 0.7147 GateEnt: nan GateDiv: nan
Epoch [457/600] Total Loss: 92.9910
Epoch [458/600] Step [0/17] Loss: 5.4920 Bio: 0.8119 GateEnt: nan GateDiv: nan
Epoch [458/600] Total Loss: 93.8192
Epoch [459/600] Step [0/17] Loss: 5.6251 Bio: 0.7721 GateEnt: nan GateDiv: nan
Epoch [459/600] Total Loss: 92.9325
Epoch [460/600] Step [0/17] Loss: 5.7027 Bio: 0.6678 GateEnt: nan GateDiv: nan
Epoch [460/600] Total Loss: 92.7806
Epoch [461/600] Step [0/17] Loss: 5.6166 Bio: 0.7336 GateEnt: nan GateDiv: nan
Epoch [461/600] Total Loss: 93.1341
Epoch [462/600] Step [0/17] Loss: 5.7741 Bio: 0.7010 GateEnt: nan GateDiv: nan
Epoch [462/600] Total Loss: 92.8296
Epoch [463/600] Step [0/17] Loss: 5.6206 Bio: 0.7877 GateEnt: nan GateDiv: nan
Epoch [463/600] Total Loss: 92.8084
Epoch [464/600] Step [0/17] Loss: 5.4457 Bio: 0.8231 GateEnt: nan GateDiv: nan
Epoch [464/600] Total Loss: 92.6161
Epoch [465/600] Step [0/17] Loss: 5.5490 Bio: 0.7662 GateEnt: nan GateDiv: nan
Epoch [465/600] Total Loss: 92.8486
Epoch [466/600] Step [0/17] Loss: 5.6507 Bio: 0.7506 GateEnt: nan GateDiv: nan
Epoch [466/600] Total Loss: 92.9130
Epoch [467/600] Step [0/17] Loss: 5.8704 Bio: 0.7333 GateEnt: nan GateDiv: nan
Epoch [467/600] Total Loss: 92.8982
Epoch [468/600] Step [0/17] Loss: 5.5754 Bio: 0.7149 GateEnt: nan GateDiv: nan
Epoch [468/600] Total Loss: 93.3319
Epoch [469/600] Step [0/17] Loss: 5.5864 Bio: 0.7199 GateEnt: nan GateDiv: nan
Epoch [469/600] Total Loss: 91.8838
Epoch [470/600] Step [0/17] Loss: 5.5170 Bio: 0.6652 GateEnt: nan GateDiv: nan
Epoch [470/600] Total Loss: 92.5204
Epoch [471/600] Step [0/17] Loss: 5.8490 Bio: 0.7783 GateEnt: nan GateDiv: nan
Epoch [471/600] Total Loss: 93.6037
Epoch [472/600] Step [0/17] Loss: 5.6151 Bio: 0.7299 GateEnt: nan GateDiv: nan
Epoch [472/600] Total Loss: 92.4113
Epoch [473/600] Step [0/17] Loss: 5.6530 Bio: 0.7824 GateEnt: nan GateDiv: nan
Epoch [473/600] Total Loss: 91.9531
Epoch [474/600] Step [0/17] Loss: 5.6844 Bio: 0.7855 GateEnt: nan GateDiv: nan
Epoch [474/600] Total Loss: 93.9340
Epoch [475/600] Step [0/17] Loss: 5.5837 Bio: 0.7343 GateEnt: nan GateDiv: nan
Epoch [475/600] Total Loss: 93.5641
Epoch [476/600] Step [0/17] Loss: 5.4826 Bio: 0.7648 GateEnt: nan GateDiv: nan
Epoch [476/600] Total Loss: 93.0372
Epoch [477/600] Step [0/17] Loss: 5.7493 Bio: 0.8607 GateEnt: nan GateDiv: nan
Epoch [477/600] Total Loss: 92.0988
Epoch [478/600] Step [0/17] Loss: 5.4698 Bio: 0.7780 GateEnt: nan GateDiv: nan
Epoch [478/600] Total Loss: 93.1084
Epoch [479/600] Step [0/17] Loss: 5.5507 Bio: 0.8091 GateEnt: nan GateDiv: nan
Epoch [479/600] Total Loss: 92.6285
Epoch [480/600] Step [0/17] Loss: 5.7352 Bio: 0.7450 GateEnt: nan GateDiv: nan
Epoch [480/600] Total Loss: 93.2395
Epoch [481/600] Step [0/17] Loss: 5.7322 Bio: 0.5731 GateEnt: nan GateDiv: nan
Epoch [481/600] Total Loss: 94.8555
Epoch [482/600] Step [0/17] Loss: 5.4513 Bio: 0.8355 GateEnt: nan GateDiv: nan
Epoch [482/600] Total Loss: 91.8216
Epoch [483/600] Step [0/17] Loss: 5.5880 Bio: 0.7167 GateEnt: nan GateDiv: nan
Epoch [483/600] Total Loss: 93.0742
Epoch [484/600] Step [0/17] Loss: 5.6665 Bio: 0.7063 GateEnt: nan GateDiv: nan
Epoch [484/600] Total Loss: 94.2284
Epoch [485/600] Step [0/17] Loss: 5.4362 Bio: 0.8062 GateEnt: nan GateDiv: nan
Epoch [485/600] Total Loss: 92.7840
Epoch [486/600] Step [0/17] Loss: 5.6739 Bio: 0.6982 GateEnt: nan GateDiv: nan
Epoch [486/600] Total Loss: 92.9001
Epoch [487/600] Step [0/17] Loss: 5.5823 Bio: 0.7043 GateEnt: nan GateDiv: nan
Epoch [487/600] Total Loss: 93.5834
Epoch [488/600] Step [0/17] Loss: 5.8103 Bio: 0.6879 GateEnt: nan GateDiv: nan
Epoch [488/600] Total Loss: 92.8156
Epoch [489/600] Step [0/17] Loss: 5.7077 Bio: 0.7343 GateEnt: nan GateDiv: nan
Epoch [489/600] Total Loss: 92.3863
Epoch [490/600] Step [0/17] Loss: 5.5503 Bio: 0.8282 GateEnt: nan GateDiv: nan
Epoch [490/600] Total Loss: 94.1247
Epoch [491/600] Step [0/17] Loss: 5.4831 Bio: 0.6949 GateEnt: nan GateDiv: nan
Epoch [491/600] Total Loss: 93.0714
Epoch [492/600] Step [0/17] Loss: 5.4441 Bio: 0.8541 GateEnt: nan GateDiv: nan
Epoch [492/600] Total Loss: 92.9669
Epoch [493/600] Step [0/17] Loss: 5.7573 Bio: 0.6123 GateEnt: nan GateDiv: nan
Epoch [493/600] Total Loss: 92.5634
Epoch [494/600] Step [0/17] Loss: 5.6133 Bio: 0.6566 GateEnt: nan GateDiv: nan
Epoch [494/600] Total Loss: 93.8477
Epoch [495/600] Step [0/17] Loss: 5.4834 Bio: 0.7619 GateEnt: nan GateDiv: nan
Epoch [495/600] Total Loss: 92.1600
Epoch [496/600] Step [0/17] Loss: 5.5043 Bio: 0.7708 GateEnt: nan GateDiv: nan
Epoch [496/600] Total Loss: 93.0545
Epoch [497/600] Step [0/17] Loss: 5.5618 Bio: 0.6578 GateEnt: nan GateDiv: nan
Epoch [497/600] Total Loss: 91.3515
Epoch [498/600] Step [0/17] Loss: 5.5102 Bio: 0.7619 GateEnt: nan GateDiv: nan
Epoch [498/600] Total Loss: 93.0773
Epoch [499/600] Step [0/17] Loss: 5.4686 Bio: 0.8098 GateEnt: nan GateDiv: nan
Epoch [499/600] Total Loss: 92.1845
Epoch [500/600] Step [0/17] Loss: 5.5386 Bio: 0.8168 GateEnt: nan GateDiv: nan
Epoch [500/600] Total Loss: 92.6288
Epoch [501/600] Step [0/17] Loss: 5.6633 Bio: 0.6553 GateEnt: nan GateDiv: nan
Epoch [501/600] Total Loss: 93.5703
Epoch [502/600] Step [0/17] Loss: 5.5991 Bio: 0.7599 GateEnt: nan GateDiv: nan
Epoch [502/600] Total Loss: 91.8236
Epoch [503/600] Step [0/17] Loss: 5.4589 Bio: 0.7421 GateEnt: nan GateDiv: nan
Epoch [503/600] Total Loss: 92.7022
Epoch [504/600] Step [0/17] Loss: 5.5943 Bio: 0.7036 GateEnt: nan GateDiv: nan
Epoch [504/600] Total Loss: 93.0325
Epoch [505/600] Step [0/17] Loss: 5.8231 Bio: 0.6822 GateEnt: nan GateDiv: nan
Epoch [505/600] Total Loss: 93.2299
Epoch [506/600] Step [0/17] Loss: 5.4543 Bio: 0.7901 GateEnt: nan GateDiv: nan
Epoch [506/600] Total Loss: 92.2095
Epoch [507/600] Step [0/17] Loss: 5.5813 Bio: 0.7809 GateEnt: nan GateDiv: nan
Epoch [507/600] Total Loss: 93.6636
Epoch [508/600] Step [0/17] Loss: 5.5201 Bio: 0.7625 GateEnt: nan GateDiv: nan
Epoch [508/600] Total Loss: 92.4054
Epoch [509/600] Step [0/17] Loss: 5.5111 Bio: 0.7176 GateEnt: nan GateDiv: nan
Epoch [509/600] Total Loss: 92.3176
Epoch [510/600] Step [0/17] Loss: 5.6056 Bio: 0.6505 GateEnt: nan GateDiv: nan
Epoch [510/600] Total Loss: 92.5589
Epoch [511/600] Step [0/17] Loss: 5.6478 Bio: 0.7353 GateEnt: nan GateDiv: nan
Epoch [511/600] Total Loss: 92.7927
Epoch [512/600] Step [0/17] Loss: 5.3739 Bio: 0.7817 GateEnt: nan GateDiv: nan
Epoch [512/600] Total Loss: 91.7081
Epoch [513/600] Step [0/17] Loss: 5.5086 Bio: 0.7845 GateEnt: nan GateDiv: nan
Epoch [513/600] Total Loss: 92.2771
Epoch [514/600] Step [0/17] Loss: 5.6840 Bio: 0.6744 GateEnt: nan GateDiv: nan
Epoch [514/600] Total Loss: 93.0987
Epoch [515/600] Step [0/17] Loss: 5.5951 Bio: 0.7426 GateEnt: nan GateDiv: nan
Epoch [515/600] Total Loss: 93.2632
Epoch [516/600] Step [0/17] Loss: 5.4723 Bio: 0.8430 GateEnt: nan GateDiv: nan
Epoch [516/600] Total Loss: 93.5598
Epoch [517/600] Step [0/17] Loss: 5.6167 Bio: 0.6946 GateEnt: nan GateDiv: nan
Epoch [517/600] Total Loss: 92.0306
Epoch [518/600] Step [0/17] Loss: 5.4638 Bio: 0.7864 GateEnt: nan GateDiv: nan
Epoch [518/600] Total Loss: 93.0585
Epoch [519/600] Step [0/17] Loss: 5.4602 Bio: 0.6976 GateEnt: nan GateDiv: nan
Epoch [519/600] Total Loss: 94.4584
Epoch [520/600] Step [0/17] Loss: 5.5466 Bio: 0.7599 GateEnt: nan GateDiv: nan
Epoch [520/600] Total Loss: 93.2343
Epoch [521/600] Step [0/17] Loss: 5.3945 Bio: 0.8039 GateEnt: nan GateDiv: nan
Epoch [521/600] Total Loss: 92.9260
Epoch [522/600] Step [0/17] Loss: 5.7298 Bio: 0.7609 GateEnt: nan GateDiv: nan
Epoch [522/600] Total Loss: 92.5812
Epoch [523/600] Step [0/17] Loss: 5.3197 Bio: 0.6640 GateEnt: nan GateDiv: nan
Epoch [523/600] Total Loss: 93.8170
Epoch [524/600] Step [0/17] Loss: 5.5532 Bio: 0.6900 GateEnt: nan GateDiv: nan
Epoch [524/600] Total Loss: 92.1618
Epoch [525/600] Step [0/17] Loss: 5.6127 Bio: 0.6873 GateEnt: nan GateDiv: nan
Epoch [525/600] Total Loss: 92.1702
Epoch [526/600] Step [0/17] Loss: 5.6869 Bio: 0.6737 GateEnt: nan GateDiv: nan
Epoch [526/600] Total Loss: 92.6915
Epoch [527/600] Step [0/17] Loss: 5.6240 Bio: 0.7756 GateEnt: nan GateDiv: nan
Epoch [527/600] Total Loss: 93.7483
Epoch [528/600] Step [0/17] Loss: 5.5240 Bio: 0.7873 GateEnt: nan GateDiv: nan
Epoch [528/600] Total Loss: 92.8953
Epoch [529/600] Step [0/17] Loss: 5.5521 Bio: 0.7663 GateEnt: nan GateDiv: nan
Epoch [529/600] Total Loss: 92.4262
Epoch [530/600] Step [0/17] Loss: 5.4589 Bio: 0.7708 GateEnt: nan GateDiv: nan
Epoch [530/600] Total Loss: 92.4678
Epoch [531/600] Step [0/17] Loss: 5.5871 Bio: 0.8145 GateEnt: nan GateDiv: nan
Epoch [531/600] Total Loss: 92.3153
Epoch [532/600] Step [0/17] Loss: 5.8591 Bio: 0.7331 GateEnt: nan GateDiv: nan
Epoch [532/600] Total Loss: 92.8521
Epoch [533/600] Step [0/17] Loss: 5.6080 Bio: 0.7230 GateEnt: nan GateDiv: nan
Epoch [533/600] Total Loss: 93.1700
Epoch [534/600] Step [0/17] Loss: 5.6330 Bio: 0.7165 GateEnt: nan GateDiv: nan
Epoch [534/600] Total Loss: 92.5016
Epoch [535/600] Step [0/17] Loss: 5.5116 Bio: 0.7887 GateEnt: nan GateDiv: nan
Epoch [535/600] Total Loss: 92.0846
Epoch [536/600] Step [0/17] Loss: 5.6216 Bio: 0.7598 GateEnt: nan GateDiv: nan
Epoch [536/600] Total Loss: 92.7248
Epoch [537/600] Step [0/17] Loss: 5.6878 Bio: 0.7786 GateEnt: nan GateDiv: nan
Epoch [537/600] Total Loss: 93.2756
Epoch [538/600] Step [0/17] Loss: 5.4157 Bio: 0.7788 GateEnt: nan GateDiv: nan
Epoch [538/600] Total Loss: 92.4516
Epoch [539/600] Step [0/17] Loss: 5.6101 Bio: 0.7497 GateEnt: nan GateDiv: nan
Epoch [539/600] Total Loss: 91.5468
Epoch [540/600] Step [0/17] Loss: 5.6641 Bio: 0.7425 GateEnt: nan GateDiv: nan
Epoch [540/600] Total Loss: 94.1438
Epoch [541/600] Step [0/17] Loss: 5.4935 Bio: 0.6993 GateEnt: nan GateDiv: nan
Epoch [541/600] Total Loss: 92.0435
Epoch [542/600] Step [0/17] Loss: 5.3981 Bio: 0.7057 GateEnt: nan GateDiv: nan
Epoch [542/600] Total Loss: 92.4940
Epoch [543/600] Step [0/17] Loss: 5.4609 Bio: 0.8868 GateEnt: nan GateDiv: nan
Epoch [543/600] Total Loss: 92.3913
Epoch [544/600] Step [0/17] Loss: 5.4426 Bio: 0.7816 GateEnt: nan GateDiv: nan
Epoch [544/600] Total Loss: 91.8635
Epoch [545/600] Step [0/17] Loss: 5.6455 Bio: 0.7501 GateEnt: nan GateDiv: nan
Epoch [545/600] Total Loss: 93.0403
Epoch [546/600] Step [0/17] Loss: 6.0206 Bio: 0.7291 GateEnt: nan GateDiv: nan
Epoch [546/600] Total Loss: 92.4914
Epoch [547/600] Step [0/17] Loss: 5.7839 Bio: 0.6688 GateEnt: nan GateDiv: nan
Epoch [547/600] Total Loss: 93.3187
Epoch [548/600] Step [0/17] Loss: 5.7441 Bio: 0.7448 GateEnt: nan GateDiv: nan
Epoch [548/600] Total Loss: 91.7083
Epoch [549/600] Step [0/17] Loss: 5.3804 Bio: 0.7823 GateEnt: nan GateDiv: nan
Epoch [549/600] Total Loss: 92.5108
Epoch [550/600] Step [0/17] Loss: 5.4326 Bio: 0.7112 GateEnt: nan GateDiv: nan
Epoch [550/600] Total Loss: 91.9869
Epoch [551/600] Step [0/17] Loss: 5.6460 Bio: 0.6473 GateEnt: nan GateDiv: nan
Epoch [551/600] Total Loss: 92.3491
Epoch [552/600] Step [0/17] Loss: 5.6712 Bio: 0.7246 GateEnt: nan GateDiv: nan
Epoch [552/600] Total Loss: 91.8807
Epoch [553/600] Step [0/17] Loss: 5.5984 Bio: 0.8044 GateEnt: nan GateDiv: nan
Epoch [553/600] Total Loss: 94.2107
Epoch [554/600] Step [0/17] Loss: 5.6814 Bio: 0.6548 GateEnt: nan GateDiv: nan
Epoch [554/600] Total Loss: 91.7744
Epoch [555/600] Step [0/17] Loss: 5.6670 Bio: 0.7021 GateEnt: nan GateDiv: nan
Epoch [555/600] Total Loss: 91.4319
Epoch [556/600] Step [0/17] Loss: 5.5553 Bio: 0.7121 GateEnt: nan GateDiv: nan
Epoch [556/600] Total Loss: 92.4120
Epoch [557/600] Step [0/17] Loss: 5.3093 Bio: 0.7244 GateEnt: nan GateDiv: nan
Epoch [557/600] Total Loss: 91.7066
Epoch [558/600] Step [0/17] Loss: 5.5448 Bio: 0.6924 GateEnt: nan GateDiv: nan
Epoch [558/600] Total Loss: 91.8827
Epoch [559/600] Step [0/17] Loss: 5.4165 Bio: 0.7100 GateEnt: nan GateDiv: nan
Epoch [559/600] Total Loss: 93.1190
Epoch [560/600] Step [0/17] Loss: 5.4896 Bio: 0.7146 GateEnt: nan GateDiv: nan
Epoch [560/600] Total Loss: 93.0200
Epoch [561/600] Step [0/17] Loss: 5.5846 Bio: 0.6964 GateEnt: nan GateDiv: nan
Epoch [561/600] Total Loss: 92.8692
Epoch [562/600] Step [0/17] Loss: 5.6691 Bio: 0.6668 GateEnt: nan GateDiv: nan
Epoch [562/600] Total Loss: 92.0423
Epoch [563/600] Step [0/17] Loss: 5.5112 Bio: 0.7199 GateEnt: nan GateDiv: nan
Epoch [563/600] Total Loss: 91.9072
Epoch [564/600] Step [0/17] Loss: 5.4267 Bio: 0.7859 GateEnt: nan GateDiv: nan
Epoch [564/600] Total Loss: 92.7775
Epoch [565/600] Step [0/17] Loss: 5.6735 Bio: 0.7223 GateEnt: nan GateDiv: nan
Epoch [565/600] Total Loss: 92.9598
Epoch [566/600] Step [0/17] Loss: 5.6486 Bio: 0.7694 GateEnt: nan GateDiv: nan
Epoch [566/600] Total Loss: 91.5645
Epoch [567/600] Step [0/17] Loss: 5.6893 Bio: 0.7183 GateEnt: nan GateDiv: nan
Epoch [567/600] Total Loss: 92.3688
Epoch [568/600] Step [0/17] Loss: 5.4093 Bio: 0.7960 GateEnt: nan GateDiv: nan
Epoch [568/600] Total Loss: 91.4630
Epoch [569/600] Step [0/17] Loss: 5.3554 Bio: 0.7131 GateEnt: nan GateDiv: nan
Epoch [569/600] Total Loss: 92.8987
Epoch [570/600] Step [0/17] Loss: 5.6823 Bio: 0.6698 GateEnt: nan GateDiv: nan
Epoch [570/600] Total Loss: 91.8224
Epoch [571/600] Step [0/17] Loss: 5.6758 Bio: 0.7891 GateEnt: nan GateDiv: nan
Epoch [571/600] Total Loss: 91.5422
Epoch [572/600] Step [0/17] Loss: 5.5389 Bio: 0.6975 GateEnt: nan GateDiv: nan
Epoch [572/600] Total Loss: 94.2491
Epoch [573/600] Step [0/17] Loss: 5.5110 Bio: 0.6849 GateEnt: nan GateDiv: nan
Epoch [573/600] Total Loss: 91.5480
Epoch [574/600] Step [0/17] Loss: 5.6932 Bio: 0.7156 GateEnt: nan GateDiv: nan
Epoch [574/600] Total Loss: 91.7065
Epoch [575/600] Step [0/17] Loss: 5.5793 Bio: 0.8000 GateEnt: nan GateDiv: nan
Epoch [575/600] Total Loss: 92.5258
Epoch [576/600] Step [0/17] Loss: 5.4299 Bio: 0.8249 GateEnt: nan GateDiv: nan
Epoch [576/600] Total Loss: 91.8149
Epoch [577/600] Step [0/17] Loss: 5.2830 Bio: 0.7338 GateEnt: nan GateDiv: nan
Epoch [577/600] Total Loss: 91.2367
Epoch [578/600] Step [0/17] Loss: 5.4818 Bio: 0.7949 GateEnt: nan GateDiv: nan
Epoch [578/600] Total Loss: 91.0956
Epoch [579/600] Step [0/17] Loss: 5.5376 Bio: 0.8304 GateEnt: nan GateDiv: nan
Epoch [579/600] Total Loss: 92.7962
Epoch [580/600] Step [0/17] Loss: 5.4019 Bio: 0.7364 GateEnt: nan GateDiv: nan
Epoch [580/600] Total Loss: 92.3654
Epoch [581/600] Step [0/17] Loss: 5.5631 Bio: 0.8138 GateEnt: nan GateDiv: nan
Epoch [581/600] Total Loss: 92.5220
Epoch [582/600] Step [0/17] Loss: 5.6487 Bio: 0.7895 GateEnt: nan GateDiv: nan
Epoch [582/600] Total Loss: 92.6244
Epoch [583/600] Step [0/17] Loss: 5.6322 Bio: 0.7120 GateEnt: nan GateDiv: nan
Epoch [583/600] Total Loss: 91.9863
Epoch [584/600] Step [0/17] Loss: 5.4230 Bio: 0.7325 GateEnt: nan GateDiv: nan
Epoch [584/600] Total Loss: 92.3577
Epoch [585/600] Step [0/17] Loss: 5.2731 Bio: 0.7951 GateEnt: nan GateDiv: nan
Epoch [585/600] Total Loss: 92.4622
Epoch [586/600] Step [0/17] Loss: 5.3961 Bio: 0.7491 GateEnt: nan GateDiv: nan
Epoch [586/600] Total Loss: 92.6243
Epoch [587/600] Step [0/17] Loss: 5.5459 Bio: 0.7533 GateEnt: nan GateDiv: nan
Epoch [587/600] Total Loss: 91.9780
Epoch [588/600] Step [0/17] Loss: 5.5216 Bio: 0.7335 GateEnt: nan GateDiv: nan
Epoch [588/600] Total Loss: 91.3863
Epoch [589/600] Step [0/17] Loss: 5.4962 Bio: 0.7270 GateEnt: nan GateDiv: nan
Epoch [589/600] Total Loss: 92.4596
Epoch [590/600] Step [0/17] Loss: 5.5695 Bio: 0.6910 GateEnt: nan GateDiv: nan
Epoch [590/600] Total Loss: 92.6530
Epoch [591/600] Step [0/17] Loss: 5.4761 Bio: 0.7658 GateEnt: nan GateDiv: nan
Epoch [591/600] Total Loss: 91.4958
Epoch [592/600] Step [0/17] Loss: 5.5288 Bio: 0.7753 GateEnt: nan GateDiv: nan
Epoch [592/600] Total Loss: 92.0317
Epoch [593/600] Step [0/17] Loss: 5.5616 Bio: 0.6962 GateEnt: nan GateDiv: nan
Epoch [593/600] Total Loss: 92.0548
Epoch [594/600] Step [0/17] Loss: 5.6739 Bio: 0.7305 GateEnt: nan GateDiv: nan
Epoch [594/600] Total Loss: 92.0658
Epoch [595/600] Step [0/17] Loss: 5.5620 Bio: 0.7565 GateEnt: nan GateDiv: nan
Epoch [595/600] Total Loss: 91.3034
Epoch [596/600] Step [0/17] Loss: 5.4709 Bio: 0.7277 GateEnt: nan GateDiv: nan
Epoch [596/600] Total Loss: 91.7014
Epoch [597/600] Step [0/17] Loss: 5.5924 Bio: 0.7923 GateEnt: nan GateDiv: nan
Epoch [597/600] Total Loss: 92.5581
Epoch [598/600] Step [0/17] Loss: 5.5426 Bio: 0.8312 GateEnt: nan GateDiv: nan
Epoch [598/600] Total Loss: 92.5066
Epoch [599/600] Step [0/17] Loss: 5.4906 Bio: 0.6942 GateEnt: nan GateDiv: nan
Epoch [599/600] Total Loss: 92.8087

=== Loss Summary ===
  Epoch   1: 118.8146
  Epoch 151: 98.2704
  Epoch 301: 95.8814
  Epoch 451: 93.4494
  Epoch 600: 92.8087
  Delta (last 25% = 150 ep): -0.6407
  If delta > -1.0, model has converged
linear training complete.
=== DONE Thu Sep  3 04:40:15 PM EDT 2026 ===
