=== gate: anchors cover omics ===
gate passed: 80 patients
=== UVM | head=linear | k=4 | Wed Sep  2 02:40:39 PM EDT 2026 ===
Head type    : linear
Cancer       : UVM | bio_dim: 16 | lambda_bio: 0.1
Bio anchor   : data/bio_anchors/bio_anchors_UVM_gsva_H40.csv
Cluster num  : 4
Epochs       : 2
[dataloader] Loaded bio-anchors from data/bio_anchors/bio_anchors_UVM_gsva_H40.csv: torch.Size([80, 40])
Device       : cpu
Model params : 73,947,340
Epoch [0/2] Step [0/2] Loss: 6.8862 Bio: 1.0464 GateEnt: nan GateDiv: nan
Epoch [0/2] Total Loss: 12.3251
Epoch [1/2] Step [0/2] Loss: 6.8846 Bio: 1.0425 GateEnt: nan GateDiv: nan
Epoch [1/2] Total Loss: 12.3252

=== Loss Summary ===
  Epoch   1: 12.3251
  Epoch   1: 12.3251
  Epoch   2: 12.3252
  Epoch   2: 12.3252
  Epoch   2: 12.3252
  Delta (last 25% = 0 ep): 0.0001
  If delta > -1.0, model has converged
linear training complete.
=== DONE Wed Sep  2 02:40:54 PM EDT 2026 ===
