[dataloader] Loaded bio-anchors from data/bio_anchors/bio_anchors_BRCA_gsva_H40.csv: torch.Size([1031, 40])
ep    0  -log10p=   nan  (p=nan, n=1029, clusters=1)
[dataloader] Loaded bio-anchors from data/bio_anchors/bio_anchors_BRCA_gsva_H40.csv: torch.Size([1031, 40])
ep   20  -log10p= 0.161  (p=6.90e-01, n=1029, clusters=5)
[dataloader] Loaded bio-anchors from data/bio_anchors/bio_anchors_BRCA_gsva_H40.csv: torch.Size([1031, 40])
ep   40  -log10p= 0.024  (p=9.46e-01, n=1029, clusters=5)
[dataloader] Loaded bio-anchors from data/bio_anchors/bio_anchors_BRCA_gsva_H40.csv: torch.Size([1031, 40])
ep   60  -log10p= 0.140  (p=7.25e-01, n=1029, clusters=5)
[dataloader] Loaded bio-anchors from data/bio_anchors/bio_anchors_BRCA_gsva_H40.csv: torch.Size([1031, 40])
ep   80  -log10p= 0.176  (p=6.67e-01, n=1029, clusters=5)
[dataloader] Loaded bio-anchors from data/bio_anchors/bio_anchors_BRCA_gsva_H40.csv: torch.Size([1031, 40])
ep  100  -log10p= 0.340  (p=4.57e-01, n=1029, clusters=5)
[dataloader] Loaded bio-anchors from data/bio_anchors/bio_anchors_BRCA_gsva_H40.csv: torch.Size([1031, 40])
ep  120  -log10p= 1.049  (p=8.93e-02, n=1029, clusters=5)
[dataloader] Loaded bio-anchors from data/bio_anchors/bio_anchors_BRCA_gsva_H40.csv: torch.Size([1031, 40])
ep  140  -log10p= 1.649  (p=2.24e-02, n=1029, clusters=5)
[dataloader] Loaded bio-anchors from data/bio_anchors/bio_anchors_BRCA_gsva_H40.csv: torch.Size([1031, 40])
ep  160  -log10p= 0.994  (p=1.01e-01, n=1029, clusters=5)
[dataloader] Loaded bio-anchors from data/bio_anchors/bio_anchors_BRCA_gsva_H40.csv: torch.Size([1031, 40])
ep  180  -log10p= 0.823  (p=1.50e-01, n=1029, clusters=5)
[dataloader] Loaded bio-anchors from data/bio_anchors/bio_anchors_BRCA_gsva_H40.csv: torch.Size([1031, 40])
ep  200  -log10p= 1.404  (p=3.95e-02, n=1029, clusters=5)
[dataloader] Loaded bio-anchors from data/bio_anchors/bio_anchors_BRCA_gsva_H40.csv: torch.Size([1031, 40])
ep  220  -log10p= 1.337  (p=4.60e-02, n=1029, clusters=5)
[dataloader] Loaded bio-anchors from data/bio_anchors/bio_anchors_BRCA_gsva_H40.csv: torch.Size([1031, 40])
ep  240  -log10p= 1.539  (p=2.89e-02, n=1029, clusters=5)
[dataloader] Loaded bio-anchors from data/bio_anchors/bio_anchors_BRCA_gsva_H40.csv: torch.Size([1031, 40])
ep  260  -log10p= 1.514  (p=3.06e-02, n=1029, clusters=5)
[dataloader] Loaded bio-anchors from data/bio_anchors/bio_anchors_BRCA_gsva_H40.csv: torch.Size([1031, 40])
ep  280  -log10p= 1.596  (p=2.53e-02, n=1029, clusters=5)
[dataloader] Loaded bio-anchors from data/bio_anchors/bio_anchors_BRCA_gsva_H40.csv: torch.Size([1031, 40])
ep  300  -log10p= 2.122  (p=7.55e-03, n=1029, clusters=5)
[dataloader] Loaded bio-anchors from data/bio_anchors/bio_anchors_BRCA_gsva_H40.csv: torch.Size([1031, 40])
ep  320  -log10p= 1.773  (p=1.69e-02, n=1029, clusters=5)
[dataloader] Loaded bio-anchors from data/bio_anchors/bio_anchors_BRCA_gsva_H40.csv: torch.Size([1031, 40])
ep  340  -log10p= 1.144  (p=7.19e-02, n=1029, clusters=5)
[dataloader] Loaded bio-anchors from data/bio_anchors/bio_anchors_BRCA_gsva_H40.csv: torch.Size([1031, 40])
ep  360  -log10p= 1.550  (p=2.82e-02, n=1029, clusters=5)
[dataloader] Loaded bio-anchors from data/bio_anchors/bio_anchors_BRCA_gsva_H40.csv: torch.Size([1031, 40])
ep  380  -log10p= 1.191  (p=6.44e-02, n=1029, clusters=5)
[dataloader] Loaded bio-anchors from data/bio_anchors/bio_anchors_BRCA_gsva_H40.csv: torch.Size([1031, 40])
ep  400  -log10p= 1.288  (p=5.16e-02, n=1029, clusters=5)
[dataloader] Loaded bio-anchors from data/bio_anchors/bio_anchors_BRCA_gsva_H40.csv: torch.Size([1031, 40])
ep  420  -log10p= 1.750  (p=1.78e-02, n=1029, clusters=5)
[dataloader] Loaded bio-anchors from data/bio_anchors/bio_anchors_BRCA_gsva_H40.csv: torch.Size([1031, 40])
ep  440  -log10p= 1.397  (p=4.01e-02, n=1029, clusters=5)
[dataloader] Loaded bio-anchors from data/bio_anchors/bio_anchors_BRCA_gsva_H40.csv: torch.Size([1031, 40])
ep  460  -log10p= 1.126  (p=7.49e-02, n=1029, clusters=5)
[dataloader] Loaded bio-anchors from data/bio_anchors/bio_anchors_BRCA_gsva_H40.csv: torch.Size([1031, 40])
ep  480  -log10p= 1.476  (p=3.34e-02, n=1029, clusters=5)
[dataloader] Loaded bio-anchors from data/bio_anchors/bio_anchors_BRCA_gsva_H40.csv: torch.Size([1031, 40])
ep  500  -log10p= 1.344  (p=4.53e-02, n=1029, clusters=5)
[dataloader] Loaded bio-anchors from data/bio_anchors/bio_anchors_BRCA_gsva_H40.csv: torch.Size([1031, 40])
ep  520  -log10p= 1.265  (p=5.43e-02, n=1029, clusters=5)
[dataloader] Loaded bio-anchors from data/bio_anchors/bio_anchors_BRCA_gsva_H40.csv: torch.Size([1031, 40])
ep  540  -log10p= 1.393  (p=4.05e-02, n=1029, clusters=5)
[dataloader] Loaded bio-anchors from data/bio_anchors/bio_anchors_BRCA_gsva_H40.csv: torch.Size([1031, 40])
ep  560  -log10p= 1.731  (p=1.86e-02, n=1029, clusters=5)
[dataloader] Loaded bio-anchors from data/bio_anchors/bio_anchors_BRCA_gsva_H40.csv: torch.Size([1031, 40])
ep  580  -log10p= 1.740  (p=1.82e-02, n=1029, clusters=5)
[dataloader] Loaded bio-anchors from data/bio_anchors/bio_anchors_BRCA_gsva_H40.csv: torch.Size([1031, 40])
ep  600  -log10p= 1.437  (p=3.65e-02, n=1029, clusters=5)
[dataloader] Loaded bio-anchors from data/bio_anchors/bio_anchors_BRCA_gsva_H40.csv: torch.Size([1031, 40])
ep  620  -log10p= 1.435  (p=3.68e-02, n=1029, clusters=5)
[dataloader] Loaded bio-anchors from data/bio_anchors/bio_anchors_BRCA_gsva_H40.csv: torch.Size([1031, 40])
ep  640  -log10p= 1.743  (p=1.81e-02, n=1029, clusters=5)
[dataloader] Loaded bio-anchors from data/bio_anchors/bio_anchors_BRCA_gsva_H40.csv: torch.Size([1031, 40])
ep  660  -log10p= 1.812  (p=1.54e-02, n=1029, clusters=5)
[dataloader] Loaded bio-anchors from data/bio_anchors/bio_anchors_BRCA_gsva_H40.csv: torch.Size([1031, 40])
ep  680  -log10p= 1.246  (p=5.67e-02, n=1029, clusters=5)
[dataloader] Loaded bio-anchors from data/bio_anchors/bio_anchors_BRCA_gsva_H40.csv: torch.Size([1031, 40])
ep  700  -log10p= 0.876  (p=1.33e-01, n=1029, clusters=5)
[dataloader] Loaded bio-anchors from data/bio_anchors/bio_anchors_BRCA_gsva_H40.csv: torch.Size([1031, 40])
ep  720  -log10p= 1.801  (p=1.58e-02, n=1029, clusters=5)
[dataloader] Loaded bio-anchors from data/bio_anchors/bio_anchors_BRCA_gsva_H40.csv: torch.Size([1031, 40])
ep  740  -log10p= 1.714  (p=1.93e-02, n=1029, clusters=5)
[dataloader] Loaded bio-anchors from data/bio_anchors/bio_anchors_BRCA_gsva_H40.csv: torch.Size([1031, 40])
ep  760  -log10p= 1.241  (p=5.74e-02, n=1029, clusters=5)
[dataloader] Loaded bio-anchors from data/bio_anchors/bio_anchors_BRCA_gsva_H40.csv: torch.Size([1031, 40])
ep  780  -log10p= 1.171  (p=6.74e-02, n=1029, clusters=5)
[dataloader] Loaded bio-anchors from data/bio_anchors/bio_anchors_BRCA_gsva_H40.csv: torch.Size([1031, 40])
ep  800  -log10p= 0.905  (p=1.25e-01, n=1029, clusters=5)
[dataloader] Loaded bio-anchors from data/bio_anchors/bio_anchors_BRCA_gsva_H40.csv: torch.Size([1031, 40])
ep  820  -log10p= 1.367  (p=4.29e-02, n=1029, clusters=5)
[dataloader] Loaded bio-anchors from data/bio_anchors/bio_anchors_BRCA_gsva_H40.csv: torch.Size([1031, 40])
ep  840  -log10p= 1.723  (p=1.89e-02, n=1029, clusters=5)
[dataloader] Loaded bio-anchors from data/bio_anchors/bio_anchors_BRCA_gsva_H40.csv: torch.Size([1031, 40])
ep  860  -log10p= 1.270  (p=5.38e-02, n=1029, clusters=5)
[dataloader] Loaded bio-anchors from data/bio_anchors/bio_anchors_BRCA_gsva_H40.csv: torch.Size([1031, 40])
ep  880  -log10p= 1.219  (p=6.03e-02, n=1029, clusters=5)
[dataloader] Loaded bio-anchors from data/bio_anchors/bio_anchors_BRCA_gsva_H40.csv: torch.Size([1031, 40])
ep  900  -log10p= 1.255  (p=5.56e-02, n=1029, clusters=5)
[dataloader] Loaded bio-anchors from data/bio_anchors/bio_anchors_BRCA_gsva_H40.csv: torch.Size([1031, 40])
ep  920  -log10p= 1.241  (p=5.74e-02, n=1029, clusters=5)
[dataloader] Loaded bio-anchors from data/bio_anchors/bio_anchors_BRCA_gsva_H40.csv: torch.Size([1031, 40])
ep  940  -log10p= 1.027  (p=9.40e-02, n=1029, clusters=5)
[dataloader] Loaded bio-anchors from data/bio_anchors/bio_anchors_BRCA_gsva_H40.csv: torch.Size([1031, 40])
ep  960  -log10p= 1.274  (p=5.32e-02, n=1029, clusters=5)
[dataloader] Loaded bio-anchors from data/bio_anchors/bio_anchors_BRCA_gsva_H40.csv: torch.Size([1031, 40])
ep  980  -log10p= 1.015  (p=9.66e-02, n=1029, clusters=5)
[dataloader] Loaded bio-anchors from data/bio_anchors/bio_anchors_BRCA_gsva_H40.csv: torch.Size([1031, 40])
ep 1000  -log10p= 0.831  (p=1.48e-01, n=1029, clusters=5)

best -log10p=2.122 at epoch 300
