=== host: hpc-d36-9-1.local | start: Tue Jul 28 12:59:44 EDT 2026 ===
=== STEP 1: filter H50 -> H40 (cancer-relevant panel) ===
data/bio_anchors/bio_anchors_UCEC_gsva_H50.csv  ->  data/bio_anchors/bio_anchors_UCEC_gsva_H40.csv
  patients: 545   anchors: 50 -> 40
  dropped (10): HALLMARK_ADIPOGENESIS, HALLMARK_APICAL_SURFACE, HALLMARK_BILE_ACID_METABOLISM, HALLMARK_COAGULATION, HALLMARK_HEME_METABOLISM, HALLMARK_MYOGENESIS, HALLMARK_PANCREAS_BETA_CELLS, HALLMARK_PEROXISOME, HALLMARK_PROTEIN_SECRETION, HALLMARK_SPERMATOGENESIS
  NaNs in output: 0
=== STEP 1b: HARD GATE - anchors cover all omics patients, 40 cols, no NaN ===
anchor shape: (545, 40)
overlap: 510 | missing: 0
gate passed
=== STEP 2: train BIOS UCEC (attention_query_v3, H40, k=4) ===
Head type    : attention_query_v3
Cancer       : UCEC | bio_dim: 16 | lambda_bio: 0.1
Bio anchor   : data/bio_anchors/bio_anchors_UCEC_gsva_H40.csv
Cluster num  : 4
Epochs       : 400
[dataloader] Loaded bio-anchors from data/bio_anchors/bio_anchors_UCEC_gsva_H40.csv: torch.Size([510, 40])
Device       : cpu
Model params : 73,967,375
Epoch [0/400] Step [0/8] Loss: 7.2869 Bio: 0.9044 GateEnt: 3.6889 GateDiv: 1.0000
Epoch [0/400] Total Loss: 58.0860
Epoch [1/400] Step [0/8] Loss: 7.2596 Bio: 0.8978 GateEnt: 3.6735 GateDiv: 1.0000
Epoch [1/400] Total Loss: 58.0226
Epoch [2/400] Step [0/8] Loss: 7.2611 Bio: 0.9609 GateEnt: 3.6549 GateDiv: 1.0000
Epoch [2/400] Total Loss: 58.0058
Epoch [3/400] Step [0/8] Loss: 7.2474 Bio: 0.8330 GateEnt: 3.6373 GateDiv: 1.0000
Epoch [3/400] Total Loss: 57.9970
Epoch [4/400] Step [0/8] Loss: 7.2652 Bio: 1.0197 GateEnt: 3.6195 GateDiv: 1.0000
Epoch [4/400] Total Loss: 57.9895
Epoch [5/400] Step [0/8] Loss: 7.2430 Bio: 0.8063 GateEnt: 3.6019 GateDiv: 1.0000
Epoch [5/400] Total Loss: 57.9815
Epoch [6/400] Step [0/8] Loss: 7.2451 Bio: 0.8368 GateEnt: 3.5839 GateDiv: 1.0000
Epoch [6/400] Total Loss: 57.9736
Epoch [7/400] Step [0/8] Loss: 7.2458 Bio: 0.8541 GateEnt: 3.5645 GateDiv: 1.0000
Epoch [7/400] Total Loss: 57.9691
Epoch [8/400] Step [0/8] Loss: 7.2621 Bio: 1.0191 GateEnt: 3.5435 GateDiv: 1.0000
Epoch [8/400] Total Loss: 57.9589
Epoch [9/400] Step [0/8] Loss: 7.2535 Bio: 0.9506 GateEnt: 3.5204 GateDiv: 1.0000
Epoch [9/400] Total Loss: 57.9473
Epoch [10/400] Step [0/8] Loss: 7.2430 Bio: 0.8611 GateEnt: 3.4936 GateDiv: 1.0000
Epoch [10/400] Total Loss: 57.9346
Epoch [11/400] Step [0/8] Loss: 7.2393 Bio: 0.8403 GateEnt: 3.4622 GateDiv: 1.0000
Epoch [11/400] Total Loss: 57.9200
Epoch [12/400] Step [0/8] Loss: 7.2311 Bio: 0.7776 GateEnt: 3.4247 GateDiv: 1.0000
Epoch [12/400] Total Loss: 57.9029
Epoch [13/400] Step [0/8] Loss: 7.2314 Bio: 0.8037 GateEnt: 3.3769 GateDiv: 1.0000
Epoch [13/400] Total Loss: 57.8933
Epoch [14/400] Step [0/8] Loss: 7.2237 Bio: 0.7502 GateEnt: 3.3256 GateDiv: 1.0000
Epoch [14/400] Total Loss: 57.6046
Epoch [15/400] Step [0/8] Loss: 7.0921 Bio: 0.9500 GateEnt: 3.3072 GateDiv: 1.0000
Epoch [15/400] Total Loss: 56.9845
Epoch [16/400] Step [0/8] Loss: 7.1467 Bio: 0.9815 GateEnt: 3.2274 GateDiv: 1.0000
Epoch [16/400] Total Loss: 57.0414
Epoch [17/400] Step [0/8] Loss: 7.0894 Bio: 0.8496 GateEnt: 3.1511 GateDiv: 1.0000
Epoch [17/400] Total Loss: 55.8197
Epoch [18/400] Step [0/8] Loss: 6.7957 Bio: 0.8405 GateEnt: 3.1033 GateDiv: 0.9998
Epoch [18/400] Total Loss: 55.0841
Epoch [19/400] Step [0/8] Loss: 6.7486 Bio: 0.8603 GateEnt: 3.0284 GateDiv: 0.9996
Epoch [19/400] Total Loss: 55.3358
Epoch [20/400] Step [0/8] Loss: 6.9107 Bio: 0.9141 GateEnt: 2.9745 GateDiv: 0.9990
Epoch [20/400] Total Loss: 54.7484
Epoch [21/400] Step [0/8] Loss: 6.6702 Bio: 0.9000 GateEnt: 2.9184 GateDiv: 0.9977
Epoch [21/400] Total Loss: 55.0672
Epoch [22/400] Step [0/8] Loss: 6.8410 Bio: 0.9315 GateEnt: 2.8627 GateDiv: 0.9968
Epoch [22/400] Total Loss: 54.3118
Epoch [23/400] Step [0/8] Loss: 6.8185 Bio: 0.9611 GateEnt: 2.8112 GateDiv: 0.9903
Epoch [23/400] Total Loss: 53.9868
Epoch [24/400] Step [0/8] Loss: 6.8368 Bio: 0.8433 GateEnt: 2.7521 GateDiv: 0.9777
Epoch [24/400] Total Loss: 53.5840
Epoch [25/400] Step [0/8] Loss: 6.5470 Bio: 0.8493 GateEnt: 2.7153 GateDiv: 0.9397
Epoch [25/400] Total Loss: 53.0797
Epoch [26/400] Step [0/8] Loss: 6.6300 Bio: 1.0249 GateEnt: 2.6715 GateDiv: 0.8602
Epoch [26/400] Total Loss: 52.6418
Epoch [27/400] Step [0/8] Loss: 6.5932 Bio: 0.8961 GateEnt: 2.5638 GateDiv: 0.7509
Epoch [27/400] Total Loss: 52.3555
Epoch [28/400] Step [0/8] Loss: 6.6083 Bio: 0.9790 GateEnt: 2.6918 GateDiv: 0.6845
Epoch [28/400] Total Loss: 52.6703
Epoch [29/400] Step [0/8] Loss: 6.6690 Bio: 0.8628 GateEnt: 2.5479 GateDiv: 0.6327
Epoch [29/400] Total Loss: 52.3448
Epoch [30/400] Step [0/8] Loss: 6.5835 Bio: 0.9549 GateEnt: 2.3408 GateDiv: 0.6003
Epoch [30/400] Total Loss: 51.9279
Epoch [31/400] Step [0/8] Loss: 6.5978 Bio: 0.8156 GateEnt: 2.3914 GateDiv: 0.5814
Epoch [31/400] Total Loss: 52.6643
Epoch [32/400] Step [0/8] Loss: 6.4678 Bio: 0.9125 GateEnt: 2.1746 GateDiv: 0.5644
Epoch [32/400] Total Loss: 51.7568
Epoch [33/400] Step [0/8] Loss: 6.4129 Bio: 0.8015 GateEnt: 2.1000 GateDiv: 0.5587
Epoch [33/400] Total Loss: 51.1939
Epoch [34/400] Step [0/8] Loss: 6.4417 Bio: 0.8393 GateEnt: 2.1198 GateDiv: 0.5147
Epoch [34/400] Total Loss: 51.6773
Epoch [35/400] Step [0/8] Loss: 6.3477 Bio: 0.8319 GateEnt: 1.8530 GateDiv: 0.5462
Epoch [35/400] Total Loss: 51.5756
Epoch [36/400] Step [0/8] Loss: 6.5219 Bio: 0.8812 GateEnt: 1.9051 GateDiv: 0.5418
Epoch [36/400] Total Loss: 51.4475
Epoch [37/400] Step [0/8] Loss: 6.3079 Bio: 0.8488 GateEnt: 1.7141 GateDiv: 0.4828
Epoch [37/400] Total Loss: 50.4894
Epoch [38/400] Step [0/8] Loss: 6.2515 Bio: 0.7946 GateEnt: 1.7114 GateDiv: 0.5011
Epoch [38/400] Total Loss: 50.6153
Epoch [39/400] Step [0/8] Loss: 6.2429 Bio: 0.7790 GateEnt: 1.5905 GateDiv: 0.4794
Epoch [39/400] Total Loss: 50.0817
Epoch [40/400] Step [0/8] Loss: 6.2568 Bio: 0.9438 GateEnt: 1.5434 GateDiv: 0.4636
Epoch [40/400] Total Loss: 50.4895
Epoch [41/400] Step [0/8] Loss: 6.3631 Bio: 0.9217 GateEnt: 1.5126 GateDiv: 0.4500
Epoch [41/400] Total Loss: 50.6550
Epoch [42/400] Step [0/8] Loss: 6.2175 Bio: 0.8397 GateEnt: 1.3430 GateDiv: 0.4361
Epoch [42/400] Total Loss: 50.3087
Epoch [43/400] Step [0/8] Loss: 6.3659 Bio: 0.9482 GateEnt: 1.2826 GateDiv: 0.4509
Epoch [43/400] Total Loss: 50.1574
Epoch [44/400] Step [0/8] Loss: 6.2672 Bio: 0.7974 GateEnt: 1.0558 GateDiv: 0.4133
Epoch [44/400] Total Loss: 50.4210
Epoch [45/400] Step [0/8] Loss: 6.3899 Bio: 0.8040 GateEnt: 1.1429 GateDiv: 0.4232
Epoch [45/400] Total Loss: 50.1424
Epoch [46/400] Step [0/8] Loss: 6.2040 Bio: 0.8735 GateEnt: 0.8797 GateDiv: 0.4040
Epoch [46/400] Total Loss: 49.8066
Epoch [47/400] Step [0/8] Loss: 6.2027 Bio: 0.9429 GateEnt: 0.9321 GateDiv: 0.3939
Epoch [47/400] Total Loss: 49.9767
Epoch [48/400] Step [0/8] Loss: 6.1320 Bio: 0.8199 GateEnt: 0.8449 GateDiv: 0.3428
Epoch [48/400] Total Loss: 50.0534
Epoch [49/400] Step [0/8] Loss: 6.2213 Bio: 0.9587 GateEnt: 0.8655 GateDiv: 0.3467
Epoch [49/400] Total Loss: 49.7203
Epoch [50/400] Step [0/8] Loss: 6.2783 Bio: 0.9603 GateEnt: 0.7565 GateDiv: 0.3278
Epoch [50/400] Total Loss: 49.3042
Epoch [51/400] Step [0/8] Loss: 6.0941 Bio: 0.9284 GateEnt: 0.6755 GateDiv: 0.3146
Epoch [51/400] Total Loss: 49.6103
Epoch [52/400] Step [0/8] Loss: 6.0497 Bio: 0.7763 GateEnt: 0.7574 GateDiv: 0.3011
Epoch [52/400] Total Loss: 49.5810
Epoch [53/400] Step [0/8] Loss: 6.1172 Bio: 0.9262 GateEnt: 0.6260 GateDiv: 0.3036
Epoch [53/400] Total Loss: 48.6050
Epoch [54/400] Step [0/8] Loss: 6.1085 Bio: 0.8702 GateEnt: 0.6117 GateDiv: 0.2862
Epoch [54/400] Total Loss: 49.5967
Epoch [55/400] Step [0/8] Loss: 6.2395 Bio: 0.8372 GateEnt: 0.5083 GateDiv: 0.2909
Epoch [55/400] Total Loss: 49.1027
Epoch [56/400] Step [0/8] Loss: 5.9768 Bio: 0.8436 GateEnt: 0.4524 GateDiv: 0.2834
Epoch [56/400] Total Loss: 49.1259
Epoch [57/400] Step [0/8] Loss: 6.2259 Bio: 0.8085 GateEnt: 0.4520 GateDiv: 0.2630
Epoch [57/400] Total Loss: 49.6818
Epoch [58/400] Step [0/8] Loss: 5.9190 Bio: 0.7973 GateEnt: 0.4066 GateDiv: 0.2587
Epoch [58/400] Total Loss: 48.5432
Epoch [59/400] Step [0/8] Loss: 6.1714 Bio: 0.8918 GateEnt: 0.3513 GateDiv: 0.2668
Epoch [59/400] Total Loss: 49.0296
Epoch [60/400] Step [0/8] Loss: 6.2167 Bio: 0.9218 GateEnt: 0.3277 GateDiv: 0.2669
Epoch [60/400] Total Loss: 50.0055
Epoch [61/400] Step [0/8] Loss: 6.3392 Bio: 0.8727 GateEnt: 0.4801 GateDiv: 0.2639
Epoch [61/400] Total Loss: 49.5937
Epoch [62/400] Step [0/8] Loss: 6.1136 Bio: 0.8468 GateEnt: 0.4048 GateDiv: 0.2826
Epoch [62/400] Total Loss: 49.8087
Epoch [63/400] Step [0/8] Loss: 6.3926 Bio: 0.8543 GateEnt: 0.3965 GateDiv: 0.2947
Epoch [63/400] Total Loss: 48.6506
Epoch [64/400] Step [0/8] Loss: 5.9843 Bio: 0.7513 GateEnt: 0.3760 GateDiv: 0.2515
Epoch [64/400] Total Loss: 48.6472
Epoch [65/400] Step [0/8] Loss: 6.1943 Bio: 1.0534 GateEnt: 0.3217 GateDiv: 0.2389
Epoch [65/400] Total Loss: 48.0798
Epoch [66/400] Step [0/8] Loss: 6.0354 Bio: 0.8006 GateEnt: 0.3066 GateDiv: 0.2538
Epoch [66/400] Total Loss: 48.9454
Epoch [67/400] Step [0/8] Loss: 5.9800 Bio: 0.8592 GateEnt: 0.3241 GateDiv: 0.2558
Epoch [67/400] Total Loss: 47.9297
Epoch [68/400] Step [0/8] Loss: 5.9422 Bio: 0.8854 GateEnt: 0.2644 GateDiv: 0.2382
Epoch [68/400] Total Loss: 48.2249
Epoch [69/400] Step [0/8] Loss: 6.1062 Bio: 0.9516 GateEnt: 0.3074 GateDiv: 0.2532
Epoch [69/400] Total Loss: 49.0634
Epoch [70/400] Step [0/8] Loss: 6.1778 Bio: 0.9578 GateEnt: 0.2152 GateDiv: 0.2315
Epoch [70/400] Total Loss: 48.4932
Epoch [71/400] Step [0/8] Loss: 5.9810 Bio: 1.0270 GateEnt: 0.2867 GateDiv: 0.2545
Epoch [71/400] Total Loss: 47.6517
Epoch [72/400] Step [0/8] Loss: 5.9417 Bio: 0.7705 GateEnt: 0.2591 GateDiv: 0.2596
Epoch [72/400] Total Loss: 47.7349
Epoch [73/400] Step [0/8] Loss: 6.2358 Bio: 0.8641 GateEnt: 0.2278 GateDiv: 0.2530
Epoch [73/400] Total Loss: 48.9044
Epoch [74/400] Step [0/8] Loss: 5.9744 Bio: 0.9347 GateEnt: 0.2057 GateDiv: 0.2505
Epoch [74/400] Total Loss: 48.1411
Epoch [75/400] Step [0/8] Loss: 6.1708 Bio: 0.8692 GateEnt: 0.2541 GateDiv: 0.2702
Epoch [75/400] Total Loss: 48.2072
Epoch [76/400] Step [0/8] Loss: 5.9341 Bio: 0.8031 GateEnt: 0.2052 GateDiv: 0.2365
Epoch [76/400] Total Loss: 47.3965
Epoch [77/400] Step [0/8] Loss: 5.9095 Bio: 0.9144 GateEnt: 0.2192 GateDiv: 0.2408
Epoch [77/400] Total Loss: 48.4157
Epoch [78/400] Step [0/8] Loss: 5.9155 Bio: 0.8623 GateEnt: 0.2266 GateDiv: 0.2399
Epoch [78/400] Total Loss: 48.4675
Epoch [79/400] Step [0/8] Loss: 6.0655 Bio: 0.8085 GateEnt: 0.2774 GateDiv: 0.2321
Epoch [79/400] Total Loss: 48.2794
Epoch [80/400] Step [0/8] Loss: 5.8948 Bio: 0.8782 GateEnt: 0.2265 GateDiv: 0.2462
Epoch [80/400] Total Loss: 48.0735
Epoch [81/400] Step [0/8] Loss: 5.9761 Bio: 0.8133 GateEnt: 0.2099 GateDiv: 0.2235
Epoch [81/400] Total Loss: 48.4251
Epoch [82/400] Step [0/8] Loss: 6.0937 Bio: 0.9126 GateEnt: 0.2041 GateDiv: 0.2161
Epoch [82/400] Total Loss: 48.3202
Epoch [83/400] Step [0/8] Loss: 6.1966 Bio: 0.8409 GateEnt: 0.2158 GateDiv: 0.2304
Epoch [83/400] Total Loss: 48.5306
Epoch [84/400] Step [0/8] Loss: 5.8975 Bio: 0.8150 GateEnt: 0.2532 GateDiv: 0.2204
Epoch [84/400] Total Loss: 47.8851
Epoch [85/400] Step [0/8] Loss: 5.8650 Bio: 0.8495 GateEnt: 0.2171 GateDiv: 0.2052
Epoch [85/400] Total Loss: 47.7816
Epoch [86/400] Step [0/8] Loss: 5.8991 Bio: 0.7816 GateEnt: 0.2069 GateDiv: 0.1814
Epoch [86/400] Total Loss: 47.7944
Epoch [87/400] Step [0/8] Loss: 5.8590 Bio: 0.8831 GateEnt: 0.2340 GateDiv: 0.1792
Epoch [87/400] Total Loss: 47.9862
Epoch [88/400] Step [0/8] Loss: 6.0062 Bio: 0.8442 GateEnt: 0.2012 GateDiv: 0.1796
Epoch [88/400] Total Loss: 47.6049
Epoch [89/400] Step [0/8] Loss: 5.8921 Bio: 0.8988 GateEnt: 0.1994 GateDiv: 0.2090
Epoch [89/400] Total Loss: 47.6113
Epoch [90/400] Step [0/8] Loss: 5.7412 Bio: 0.7754 GateEnt: 0.2046 GateDiv: 0.1738
Epoch [90/400] Total Loss: 47.2627
Epoch [91/400] Step [0/8] Loss: 5.9060 Bio: 0.8837 GateEnt: 0.1980 GateDiv: 0.1961
Epoch [91/400] Total Loss: 47.7138
Epoch [92/400] Step [0/8] Loss: 5.9739 Bio: 0.7211 GateEnt: 0.2283 GateDiv: 0.2029
Epoch [92/400] Total Loss: 47.9104
Epoch [93/400] Step [0/8] Loss: 5.9640 Bio: 0.8223 GateEnt: 0.1696 GateDiv: 0.1695
Epoch [93/400] Total Loss: 48.4065
Epoch [94/400] Step [0/8] Loss: 5.7975 Bio: 0.8479 GateEnt: 0.1632 GateDiv: 0.1675
Epoch [94/400] Total Loss: 47.6306
Epoch [95/400] Step [0/8] Loss: 5.8259 Bio: 0.9686 GateEnt: 0.1805 GateDiv: 0.1837
Epoch [95/400] Total Loss: 47.8910
Epoch [96/400] Step [0/8] Loss: 6.2058 Bio: 0.8499 GateEnt: 0.1528 GateDiv: 0.1741
Epoch [96/400] Total Loss: 48.7262
Epoch [97/400] Step [0/8] Loss: 6.2953 Bio: 0.8927 GateEnt: 0.1420 GateDiv: 0.1596
Epoch [97/400] Total Loss: 48.5405
Epoch [98/400] Step [0/8] Loss: 5.7630 Bio: 0.7379 GateEnt: 0.1307 GateDiv: 0.1390
Epoch [98/400] Total Loss: 47.8231
Epoch [99/400] Step [0/8] Loss: 6.0668 Bio: 0.7966 GateEnt: 0.1289 GateDiv: 0.1554
Epoch [99/400] Total Loss: 47.8587
Epoch [100/400] Step [0/8] Loss: 5.8379 Bio: 0.9523 GateEnt: 0.1365 GateDiv: 0.1815
Epoch [100/400] Total Loss: 47.5860
Epoch [101/400] Step [0/8] Loss: 5.8892 Bio: 0.8484 GateEnt: 0.1411 GateDiv: 0.1957
Epoch [101/400] Total Loss: 47.8950
Epoch [102/400] Step [0/8] Loss: 5.8460 Bio: 0.7707 GateEnt: 0.1547 GateDiv: 0.1919
Epoch [102/400] Total Loss: 47.5741
Epoch [103/400] Step [0/8] Loss: 6.0024 Bio: 0.8300 GateEnt: 0.1279 GateDiv: 0.2209
Epoch [103/400] Total Loss: 47.6765
Epoch [104/400] Step [0/8] Loss: 5.7253 Bio: 0.9680 GateEnt: 0.1160 GateDiv: 0.1687
Epoch [104/400] Total Loss: 47.2848
Epoch [105/400] Step [0/8] Loss: 5.8873 Bio: 0.8184 GateEnt: 0.1146 GateDiv: 0.1759
Epoch [105/400] Total Loss: 47.3213
Epoch [106/400] Step [0/8] Loss: 5.8425 Bio: 0.7546 GateEnt: 0.1090 GateDiv: 0.1611
Epoch [106/400] Total Loss: 47.1051
Epoch [107/400] Step [0/8] Loss: 6.0869 Bio: 0.8557 GateEnt: 0.1260 GateDiv: 0.1693
Epoch [107/400] Total Loss: 47.5014
Epoch [108/400] Step [0/8] Loss: 5.9407 Bio: 0.8035 GateEnt: 0.0945 GateDiv: 0.1676
Epoch [108/400] Total Loss: 47.1864
Epoch [109/400] Step [0/8] Loss: 5.9217 Bio: 0.8775 GateEnt: 0.1034 GateDiv: 0.1662
Epoch [109/400] Total Loss: 47.5795
Epoch [110/400] Step [0/8] Loss: 5.9539 Bio: 0.8830 GateEnt: 0.0922 GateDiv: 0.1635
Epoch [110/400] Total Loss: 47.5275
Epoch [111/400] Step [0/8] Loss: 6.0346 Bio: 0.7601 GateEnt: 0.1184 GateDiv: 0.1931
Epoch [111/400] Total Loss: 47.6294
Epoch [112/400] Step [0/8] Loss: 5.6886 Bio: 0.9223 GateEnt: 0.0962 GateDiv: 0.1654
Epoch [112/400] Total Loss: 47.2914
Epoch [113/400] Step [0/8] Loss: 5.9427 Bio: 0.8408 GateEnt: 0.0830 GateDiv: 0.1466
Epoch [113/400] Total Loss: 47.1798
Epoch [114/400] Step [0/8] Loss: 5.9419 Bio: 0.9011 GateEnt: 0.1107 GateDiv: 0.1488
Epoch [114/400] Total Loss: 47.0054
Epoch [115/400] Step [0/8] Loss: 5.8559 Bio: 0.9439 GateEnt: 0.1042 GateDiv: 0.1505
Epoch [115/400] Total Loss: 46.7206
Epoch [116/400] Step [0/8] Loss: 5.8842 Bio: 0.8187 GateEnt: 0.0652 GateDiv: 0.1354
Epoch [116/400] Total Loss: 47.2967
Epoch [117/400] Step [0/8] Loss: 5.8802 Bio: 0.7322 GateEnt: 0.1023 GateDiv: 0.1686
Epoch [117/400] Total Loss: 47.1911
Epoch [118/400] Step [0/8] Loss: 5.9854 Bio: 0.7444 GateEnt: 0.1018 GateDiv: 0.1743
Epoch [118/400] Total Loss: 46.9890
Epoch [119/400] Step [0/8] Loss: 6.0770 Bio: 0.9186 GateEnt: 0.0794 GateDiv: 0.1418
Epoch [119/400] Total Loss: 47.2563
Epoch [120/400] Step [0/8] Loss: 6.0351 Bio: 0.7716 GateEnt: 0.0899 GateDiv: 0.1438
Epoch [120/400] Total Loss: 47.3167
Epoch [121/400] Step [0/8] Loss: 6.0881 Bio: 0.7604 GateEnt: 0.0860 GateDiv: 0.1646
Epoch [121/400] Total Loss: 47.5625
Epoch [122/400] Step [0/8] Loss: 5.9291 Bio: 0.7056 GateEnt: 0.0961 GateDiv: 0.1703
Epoch [122/400] Total Loss: 46.9142
Epoch [123/400] Step [0/8] Loss: 5.9584 Bio: 0.8623 GateEnt: 0.0628 GateDiv: 0.1714
Epoch [123/400] Total Loss: 47.4206
Epoch [124/400] Step [0/8] Loss: 5.9827 Bio: 0.8281 GateEnt: 0.0913 GateDiv: 0.1923
Epoch [124/400] Total Loss: 47.0219
Epoch [125/400] Step [0/8] Loss: 5.9420 Bio: 0.8011 GateEnt: 0.1048 GateDiv: 0.1923
Epoch [125/400] Total Loss: 47.3098
Epoch [126/400] Step [0/8] Loss: 5.9582 Bio: 0.8255 GateEnt: 0.0606 GateDiv: 0.1432
Epoch [126/400] Total Loss: 47.7027
Epoch [127/400] Step [0/8] Loss: 5.7164 Bio: 0.8938 GateEnt: 0.0723 GateDiv: 0.1626
Epoch [127/400] Total Loss: 47.0571
Epoch [128/400] Step [0/8] Loss: 6.0956 Bio: 1.1060 GateEnt: 0.0887 GateDiv: 0.1800
Epoch [128/400] Total Loss: 47.5071
Epoch [129/400] Step [0/8] Loss: 5.9031 Bio: 0.6739 GateEnt: 0.0978 GateDiv: 0.1787
Epoch [129/400] Total Loss: 48.1228
Epoch [130/400] Step [0/8] Loss: 5.7863 Bio: 0.9054 GateEnt: 0.0944 GateDiv: 0.1853
Epoch [130/400] Total Loss: 47.1054
Epoch [131/400] Step [0/8] Loss: 6.0627 Bio: 0.8898 GateEnt: 0.0733 GateDiv: 0.1466
Epoch [131/400] Total Loss: 46.7138
Epoch [132/400] Step [0/8] Loss: 5.8070 Bio: 0.8305 GateEnt: 0.0658 GateDiv: 0.1489
Epoch [132/400] Total Loss: 47.2227
Epoch [133/400] Step [0/8] Loss: 6.1474 Bio: 0.8622 GateEnt: 0.0787 GateDiv: 0.1879
Epoch [133/400] Total Loss: 46.9516
Epoch [134/400] Step [0/8] Loss: 5.7560 Bio: 0.7568 GateEnt: 0.0720 GateDiv: 0.1297
Epoch [134/400] Total Loss: 46.4342
Epoch [135/400] Step [0/8] Loss: 6.0290 Bio: 0.8148 GateEnt: 0.0615 GateDiv: 0.1388
Epoch [135/400] Total Loss: 46.9425
Epoch [136/400] Step [0/8] Loss: 6.2353 Bio: 1.0405 GateEnt: 0.0416 GateDiv: 0.1137
Epoch [136/400] Total Loss: 47.3713
Epoch [137/400] Step [0/8] Loss: 6.1078 Bio: 0.8283 GateEnt: 0.0750 GateDiv: 0.1438
Epoch [137/400] Total Loss: 46.6514
Epoch [138/400] Step [0/8] Loss: 5.8185 Bio: 0.9135 GateEnt: 0.0576 GateDiv: 0.1271
Epoch [138/400] Total Loss: 47.0588
Epoch [139/400] Step [0/8] Loss: 5.8305 Bio: 0.8989 GateEnt: 0.0646 GateDiv: 0.1288
Epoch [139/400] Total Loss: 47.0964
Epoch [140/400] Step [0/8] Loss: 5.8804 Bio: 0.8760 GateEnt: 0.0744 GateDiv: 0.1881
Epoch [140/400] Total Loss: 47.0412
Epoch [141/400] Step [0/8] Loss: 5.6926 Bio: 0.9239 GateEnt: 0.0450 GateDiv: 0.1281
Epoch [141/400] Total Loss: 46.6279
Epoch [142/400] Step [0/8] Loss: 5.9985 Bio: 1.0289 GateEnt: 0.0675 GateDiv: 0.1465
Epoch [142/400] Total Loss: 46.3764
Epoch [143/400] Step [0/8] Loss: 5.7583 Bio: 0.7895 GateEnt: 0.0627 GateDiv: 0.1487
Epoch [143/400] Total Loss: 46.7868
Epoch [144/400] Step [0/8] Loss: 5.8188 Bio: 0.9386 GateEnt: 0.0875 GateDiv: 0.1649
Epoch [144/400] Total Loss: 47.1634
Epoch [145/400] Step [0/8] Loss: 5.7308 Bio: 0.8947 GateEnt: 0.0488 GateDiv: 0.1245
Epoch [145/400] Total Loss: 46.7945
Epoch [146/400] Step [0/8] Loss: 5.6411 Bio: 0.8421 GateEnt: 0.0715 GateDiv: 0.1697
Epoch [146/400] Total Loss: 46.7802
Epoch [147/400] Step [0/8] Loss: 5.9312 Bio: 0.9159 GateEnt: 0.0893 GateDiv: 0.1856
Epoch [147/400] Total Loss: 46.0392
Epoch [148/400] Step [0/8] Loss: 5.6932 Bio: 0.8323 GateEnt: 0.0485 GateDiv: 0.1209
Epoch [148/400] Total Loss: 46.4415
Epoch [149/400] Step [0/8] Loss: 5.7597 Bio: 1.0618 GateEnt: 0.0492 GateDiv: 0.1098
Epoch [149/400] Total Loss: 46.6753
Epoch [150/400] Step [0/8] Loss: 5.9931 Bio: 0.7308 GateEnt: 0.0760 GateDiv: 0.1607
Epoch [150/400] Total Loss: 46.5956
Epoch [151/400] Step [0/8] Loss: 5.8191 Bio: 0.7828 GateEnt: 0.0457 GateDiv: 0.1063
Epoch [151/400] Total Loss: 46.7945
Epoch [152/400] Step [0/8] Loss: 5.8294 Bio: 0.9402 GateEnt: 0.1048 GateDiv: 0.1526
Epoch [152/400] Total Loss: 47.2215
Epoch [153/400] Step [0/8] Loss: 5.7417 Bio: 0.8317 GateEnt: 0.0901 GateDiv: 0.1562
Epoch [153/400] Total Loss: 45.9153
Epoch [154/400] Step [0/8] Loss: 5.9944 Bio: 0.8543 GateEnt: 0.0831 GateDiv: 0.1492
Epoch [154/400] Total Loss: 47.3716
Epoch [155/400] Step [0/8] Loss: 5.9073 Bio: 0.8692 GateEnt: 0.0624 GateDiv: 0.1368
Epoch [155/400] Total Loss: 46.7738
Epoch [156/400] Step [0/8] Loss: 5.7600 Bio: 0.7916 GateEnt: 0.0935 GateDiv: 0.1320
Epoch [156/400] Total Loss: 46.1235
Epoch [157/400] Step [0/8] Loss: 5.8138 Bio: 0.8170 GateEnt: 0.0718 GateDiv: 0.1231
Epoch [157/400] Total Loss: 45.9072
Epoch [158/400] Step [0/8] Loss: 5.9042 Bio: 0.9415 GateEnt: 0.0653 GateDiv: 0.1323
Epoch [158/400] Total Loss: 45.9926
Epoch [159/400] Step [0/8] Loss: 5.5888 Bio: 0.7110 GateEnt: 0.0806 GateDiv: 0.1285
Epoch [159/400] Total Loss: 46.0800
Epoch [160/400] Step [0/8] Loss: 5.7545 Bio: 0.9000 GateEnt: 0.0440 GateDiv: 0.1072
Epoch [160/400] Total Loss: 46.1957
Epoch [161/400] Step [0/8] Loss: 5.5912 Bio: 0.8921 GateEnt: 0.0400 GateDiv: 0.1201
Epoch [161/400] Total Loss: 45.5585
Epoch [162/400] Step [0/8] Loss: 5.8084 Bio: 0.8168 GateEnt: 0.0457 GateDiv: 0.1191
Epoch [162/400] Total Loss: 45.9147
Epoch [163/400] Step [0/8] Loss: 5.7246 Bio: 0.9362 GateEnt: 0.0856 GateDiv: 0.1368
Epoch [163/400] Total Loss: 46.1841
Epoch [164/400] Step [0/8] Loss: 5.6447 Bio: 0.8663 GateEnt: 0.0567 GateDiv: 0.1059
Epoch [164/400] Total Loss: 45.7486
Epoch [165/400] Step [0/8] Loss: 5.5722 Bio: 0.8271 GateEnt: 0.0609 GateDiv: 0.1062
Epoch [165/400] Total Loss: 45.6583
Epoch [166/400] Step [0/8] Loss: 5.9409 Bio: 0.7841 GateEnt: 0.0644 GateDiv: 0.1152
Epoch [166/400] Total Loss: 46.6298
Epoch [167/400] Step [0/8] Loss: 5.6987 Bio: 0.8747 GateEnt: 0.0579 GateDiv: 0.1181
Epoch [167/400] Total Loss: 45.5213
Epoch [168/400] Step [0/8] Loss: 5.9943 Bio: 0.8041 GateEnt: 0.0242 GateDiv: 0.1260
Epoch [168/400] Total Loss: 46.2888
Epoch [169/400] Step [0/8] Loss: 5.7522 Bio: 0.8954 GateEnt: 0.0576 GateDiv: 0.1204
Epoch [169/400] Total Loss: 46.2129
Epoch [170/400] Step [0/8] Loss: 5.5107 Bio: 0.8537 GateEnt: 0.0485 GateDiv: 0.1023
Epoch [170/400] Total Loss: 45.7203
Epoch [171/400] Step [0/8] Loss: 5.4551 Bio: 0.7103 GateEnt: 0.0436 GateDiv: 0.1074
Epoch [171/400] Total Loss: 45.3970
Epoch [172/400] Step [0/8] Loss: 5.6277 Bio: 0.7509 GateEnt: 0.0367 GateDiv: 0.0889
Epoch [172/400] Total Loss: 45.7673
Epoch [173/400] Step [0/8] Loss: 5.8166 Bio: 0.8477 GateEnt: 0.0535 GateDiv: 0.1454
Epoch [173/400] Total Loss: 45.3379
Epoch [174/400] Step [0/8] Loss: 5.8053 Bio: 0.9683 GateEnt: 0.0581 GateDiv: 0.1355
Epoch [174/400] Total Loss: 45.9232
Epoch [175/400] Step [0/8] Loss: 5.7983 Bio: 0.9279 GateEnt: 0.0696 GateDiv: 0.1519
Epoch [175/400] Total Loss: 45.8462
Epoch [176/400] Step [0/8] Loss: 5.6546 Bio: 0.8302 GateEnt: 0.0471 GateDiv: 0.1201
Epoch [176/400] Total Loss: 45.6587
Epoch [177/400] Step [0/8] Loss: 5.6995 Bio: 0.7344 GateEnt: 0.0571 GateDiv: 0.1449
Epoch [177/400] Total Loss: 45.3073
Epoch [178/400] Step [0/8] Loss: 5.6816 Bio: 0.7579 GateEnt: 0.0759 GateDiv: 0.1384
Epoch [178/400] Total Loss: 45.5290
Epoch [179/400] Step [0/8] Loss: 5.8732 Bio: 0.7783 GateEnt: 0.0686 GateDiv: 0.1466
Epoch [179/400] Total Loss: 45.4756
Epoch [180/400] Step [0/8] Loss: 5.7912 Bio: 0.8990 GateEnt: 0.0620 GateDiv: 0.1296
Epoch [180/400] Total Loss: 45.7204
Epoch [181/400] Step [0/8] Loss: 5.8272 Bio: 0.9329 GateEnt: 0.0648 GateDiv: 0.1088
Epoch [181/400] Total Loss: 45.7367
Epoch [182/400] Step [0/8] Loss: 5.8130 Bio: 0.7423 GateEnt: 0.0442 GateDiv: 0.1049
Epoch [182/400] Total Loss: 45.9863
Epoch [183/400] Step [0/8] Loss: 5.6974 Bio: 0.8311 GateEnt: 0.0539 GateDiv: 0.1165
Epoch [183/400] Total Loss: 45.3404
Epoch [184/400] Step [0/8] Loss: 5.5762 Bio: 0.8049 GateEnt: 0.0299 GateDiv: 0.0950
Epoch [184/400] Total Loss: 45.6632
Epoch [185/400] Step [0/8] Loss: 5.8223 Bio: 1.0346 GateEnt: 0.0405 GateDiv: 0.1023
Epoch [185/400] Total Loss: 45.7798
Epoch [186/400] Step [0/8] Loss: 6.0414 Bio: 0.7633 GateEnt: 0.0717 GateDiv: 0.1288
Epoch [186/400] Total Loss: 45.7043
Epoch [187/400] Step [0/8] Loss: 5.8147 Bio: 0.7573 GateEnt: 0.0387 GateDiv: 0.1019
Epoch [187/400] Total Loss: 45.2375
Epoch [188/400] Step [0/8] Loss: 5.6694 Bio: 0.7740 GateEnt: 0.0412 GateDiv: 0.0951
Epoch [188/400] Total Loss: 45.2912
Epoch [189/400] Step [0/8] Loss: 5.7765 Bio: 0.8188 GateEnt: 0.0594 GateDiv: 0.1213
Epoch [189/400] Total Loss: 45.6350
Epoch [190/400] Step [0/8] Loss: 5.6296 Bio: 0.8056 GateEnt: 0.0430 GateDiv: 0.1209
Epoch [190/400] Total Loss: 45.6748
Epoch [191/400] Step [0/8] Loss: 5.5979 Bio: 0.7307 GateEnt: 0.0509 GateDiv: 0.1301
Epoch [191/400] Total Loss: 45.8246
Epoch [192/400] Step [0/8] Loss: 5.7471 Bio: 0.9879 GateEnt: 0.0709 GateDiv: 0.1605
Epoch [192/400] Total Loss: 45.6255
Epoch [193/400] Step [0/8] Loss: 5.5122 Bio: 0.9031 GateEnt: 0.0609 GateDiv: 0.1261
Epoch [193/400] Total Loss: 45.0204
Epoch [194/400] Step [0/8] Loss: 5.7701 Bio: 0.8200 GateEnt: 0.0373 GateDiv: 0.0977
Epoch [194/400] Total Loss: 46.0752
Epoch [195/400] Step [0/8] Loss: 5.4551 Bio: 0.8031 GateEnt: 0.0564 GateDiv: 0.1418
Epoch [195/400] Total Loss: 45.1332
Epoch [196/400] Step [0/8] Loss: 5.6163 Bio: 0.7358 GateEnt: 0.0702 GateDiv: 0.1510
Epoch [196/400] Total Loss: 45.3923
Epoch [197/400] Step [0/8] Loss: 5.4965 Bio: 0.7739 GateEnt: 0.0827 GateDiv: 0.1548
Epoch [197/400] Total Loss: 45.2245
Epoch [198/400] Step [0/8] Loss: 5.8060 Bio: 0.7473 GateEnt: 0.0437 GateDiv: 0.1328
Epoch [198/400] Total Loss: 45.2363
Epoch [199/400] Step [0/8] Loss: 5.4203 Bio: 0.6657 GateEnt: 0.0435 GateDiv: 0.1031
Epoch [199/400] Total Loss: 45.1732
Epoch [200/400] Step [0/8] Loss: 5.5508 Bio: 0.7741 GateEnt: 0.0454 GateDiv: 0.1003
Epoch [200/400] Total Loss: 44.8707
Epoch [201/400] Step [0/8] Loss: 5.3808 Bio: 0.7593 GateEnt: 0.0277 GateDiv: 0.0868
Epoch [201/400] Total Loss: 45.3450
Epoch [202/400] Step [0/8] Loss: 5.5785 Bio: 0.7997 GateEnt: 0.0810 GateDiv: 0.1103
Epoch [202/400] Total Loss: 44.9969
Epoch [203/400] Step [0/8] Loss: 5.4556 Bio: 1.0697 GateEnt: 0.0626 GateDiv: 0.1012
Epoch [203/400] Total Loss: 45.1857
Epoch [204/400] Step [0/8] Loss: 6.0336 Bio: 0.7563 GateEnt: 0.0643 GateDiv: 0.1330
Epoch [204/400] Total Loss: 45.4468
Epoch [205/400] Step [0/8] Loss: 5.8702 Bio: 0.7735 GateEnt: 0.0294 GateDiv: 0.1079
Epoch [205/400] Total Loss: 45.4811
Epoch [206/400] Step [0/8] Loss: 5.7636 Bio: 0.8912 GateEnt: 0.0499 GateDiv: 0.1017
Epoch [206/400] Total Loss: 44.4785
Epoch [207/400] Step [0/8] Loss: 5.5956 Bio: 0.8699 GateEnt: 0.0539 GateDiv: 0.0923
Epoch [207/400] Total Loss: 44.9959
Epoch [208/400] Step [0/8] Loss: 5.5565 Bio: 0.8817 GateEnt: 0.0337 GateDiv: 0.0968
Epoch [208/400] Total Loss: 45.1361
Epoch [209/400] Step [0/8] Loss: 5.8886 Bio: 0.9138 GateEnt: 0.0583 GateDiv: 0.1456
Epoch [209/400] Total Loss: 44.8867
Epoch [210/400] Step [0/8] Loss: 5.7400 Bio: 0.8493 GateEnt: 0.0583 GateDiv: 0.1379
Epoch [210/400] Total Loss: 44.2719
Epoch [211/400] Step [0/8] Loss: 5.5750 Bio: 0.9051 GateEnt: 0.0663 GateDiv: 0.1072
Epoch [211/400] Total Loss: 44.6071
Epoch [212/400] Step [0/8] Loss: 5.4205 Bio: 0.9591 GateEnt: 0.0144 GateDiv: 0.0791
Epoch [212/400] Total Loss: 45.4348
Epoch [213/400] Step [0/8] Loss: 5.7129 Bio: 0.8636 GateEnt: 0.0431 GateDiv: 0.1051
Epoch [213/400] Total Loss: 45.2068
Epoch [214/400] Step [0/8] Loss: 5.5192 Bio: 0.8504 GateEnt: 0.0525 GateDiv: 0.1260
Epoch [214/400] Total Loss: 45.1839
Epoch [215/400] Step [0/8] Loss: 5.4948 Bio: 0.7821 GateEnt: 0.0382 GateDiv: 0.0893
Epoch [215/400] Total Loss: 44.5163
Epoch [216/400] Step [0/8] Loss: 5.7721 Bio: 0.8266 GateEnt: 0.0331 GateDiv: 0.0824
Epoch [216/400] Total Loss: 45.1960
Epoch [217/400] Step [0/8] Loss: 5.7387 Bio: 0.7591 GateEnt: 0.0523 GateDiv: 0.1151
Epoch [217/400] Total Loss: 45.0585
Epoch [218/400] Step [0/8] Loss: 5.7329 Bio: 0.8043 GateEnt: 0.0359 GateDiv: 0.1184
Epoch [218/400] Total Loss: 44.8212
Epoch [219/400] Step [0/8] Loss: 5.6738 Bio: 0.8950 GateEnt: 0.0416 GateDiv: 0.1266
Epoch [219/400] Total Loss: 44.7863
Epoch [220/400] Step [0/8] Loss: 5.3951 Bio: 0.9778 GateEnt: 0.0385 GateDiv: 0.0954
Epoch [220/400] Total Loss: 44.6700
Epoch [221/400] Step [0/8] Loss: 5.5684 Bio: 0.8219 GateEnt: 0.0194 GateDiv: 0.0833
Epoch [221/400] Total Loss: 44.5597
Epoch [222/400] Step [0/8] Loss: 5.6277 Bio: 0.7826 GateEnt: 0.0493 GateDiv: 0.1130
Epoch [222/400] Total Loss: 44.8655
Epoch [223/400] Step [0/8] Loss: 5.4800 Bio: 0.8336 GateEnt: 0.0565 GateDiv: 0.1368
Epoch [223/400] Total Loss: 45.1023
Epoch [224/400] Step [0/8] Loss: 5.6977 Bio: 0.8004 GateEnt: 0.0508 GateDiv: 0.1258
Epoch [224/400] Total Loss: 44.4866
Epoch [225/400] Step [0/8] Loss: 5.5785 Bio: 0.8149 GateEnt: 0.0260 GateDiv: 0.0883
Epoch [225/400] Total Loss: 44.4194
Epoch [226/400] Step [0/8] Loss: 5.7106 Bio: 0.8275 GateEnt: 0.0504 GateDiv: 0.1130
Epoch [226/400] Total Loss: 44.6119
Epoch [227/400] Step [0/8] Loss: 5.6082 Bio: 0.9262 GateEnt: 0.0473 GateDiv: 0.1924
Epoch [227/400] Total Loss: 44.7122
Epoch [228/400] Step [0/8] Loss: 5.5467 Bio: 0.8016 GateEnt: 0.0241 GateDiv: 0.0980
Epoch [228/400] Total Loss: 44.2242
Epoch [229/400] Step [0/8] Loss: 5.6800 Bio: 0.9534 GateEnt: 0.0443 GateDiv: 0.1280
Epoch [229/400] Total Loss: 45.0891
Epoch [230/400] Step [0/8] Loss: 5.7770 Bio: 0.7927 GateEnt: 0.0434 GateDiv: 0.1311
Epoch [230/400] Total Loss: 44.5136
Epoch [231/400] Step [0/8] Loss: 5.7217 Bio: 0.8193 GateEnt: 0.0566 GateDiv: 0.1257
Epoch [231/400] Total Loss: 44.6526
Epoch [232/400] Step [0/8] Loss: 5.6549 Bio: 0.8385 GateEnt: 0.0512 GateDiv: 0.1389
Epoch [232/400] Total Loss: 44.6499
Epoch [233/400] Step [0/8] Loss: 5.4418 Bio: 0.7331 GateEnt: 0.0434 GateDiv: 0.1448
Epoch [233/400] Total Loss: 44.5439
Epoch [234/400] Step [0/8] Loss: 5.4268 Bio: 0.8448 GateEnt: 0.0385 GateDiv: 0.1244
Epoch [234/400] Total Loss: 44.2165
Epoch [235/400] Step [0/8] Loss: 5.7458 Bio: 0.8891 GateEnt: 0.0181 GateDiv: 0.0807
Epoch [235/400] Total Loss: 45.3160
Epoch [236/400] Step [0/8] Loss: 5.3933 Bio: 0.8714 GateEnt: 0.0462 GateDiv: 0.1029
Epoch [236/400] Total Loss: 44.2515
Epoch [237/400] Step [0/8] Loss: 5.6958 Bio: 0.8435 GateEnt: 0.0792 GateDiv: 0.1427
Epoch [237/400] Total Loss: 44.7998
Epoch [238/400] Step [0/8] Loss: 5.4251 Bio: 0.7706 GateEnt: 0.0273 GateDiv: 0.1011
Epoch [238/400] Total Loss: 44.3246
Epoch [239/400] Step [0/8] Loss: 5.7048 Bio: 0.8049 GateEnt: 0.0840 GateDiv: 0.1045
Epoch [239/400] Total Loss: 44.1797
Epoch [240/400] Step [0/8] Loss: 5.4860 Bio: 0.9299 GateEnt: 0.0396 GateDiv: 0.1099
Epoch [240/400] Total Loss: 44.4619
Epoch [241/400] Step [0/8] Loss: 5.7169 Bio: 0.6793 GateEnt: 0.0493 GateDiv: 0.1421
Epoch [241/400] Total Loss: 45.4674
Epoch [242/400] Step [0/8] Loss: 5.5804 Bio: 0.8454 GateEnt: 0.0675 GateDiv: 0.1283
Epoch [242/400] Total Loss: 43.9325
Epoch [243/400] Step [0/8] Loss: 5.8476 Bio: 0.6615 GateEnt: 0.0325 GateDiv: 0.0935
Epoch [243/400] Total Loss: 44.8015
Epoch [244/400] Step [0/8] Loss: 5.4544 Bio: 0.8170 GateEnt: 0.0305 GateDiv: 0.1127
Epoch [244/400] Total Loss: 44.3559
Epoch [245/400] Step [0/8] Loss: 5.4667 Bio: 0.7563 GateEnt: 0.0576 GateDiv: 0.0861
Epoch [245/400] Total Loss: 44.3201
Epoch [246/400] Step [0/8] Loss: 5.4121 Bio: 0.7526 GateEnt: 0.0623 GateDiv: 0.1262
Epoch [246/400] Total Loss: 43.8748
Epoch [247/400] Step [0/8] Loss: 5.5367 Bio: 0.8302 GateEnt: 0.0403 GateDiv: 0.1168
Epoch [247/400] Total Loss: 44.7584
Epoch [248/400] Step [0/8] Loss: 5.4837 Bio: 0.7094 GateEnt: 0.0468 GateDiv: 0.1394
Epoch [248/400] Total Loss: 44.4323
Epoch [249/400] Step [0/8] Loss: 5.5496 Bio: 0.8184 GateEnt: 0.0537 GateDiv: 0.1286
Epoch [249/400] Total Loss: 43.9561
Epoch [250/400] Step [0/8] Loss: 5.6462 Bio: 0.7775 GateEnt: 0.0883 GateDiv: 0.1208
Epoch [250/400] Total Loss: 44.9928
Epoch [251/400] Step [0/8] Loss: 5.5405 Bio: 0.8463 GateEnt: 0.0169 GateDiv: 0.0995
Epoch [251/400] Total Loss: 44.5175
Epoch [252/400] Step [0/8] Loss: 5.5697 Bio: 0.7378 GateEnt: 0.0261 GateDiv: 0.1353
Epoch [252/400] Total Loss: 44.4001
Epoch [253/400] Step [0/8] Loss: 5.6405 Bio: 0.8112 GateEnt: 0.0366 GateDiv: 0.1400
Epoch [253/400] Total Loss: 43.8542
Epoch [254/400] Step [0/8] Loss: 5.4901 Bio: 0.8511 GateEnt: 0.0372 GateDiv: 0.1165
Epoch [254/400] Total Loss: 44.1135
Epoch [255/400] Step [0/8] Loss: 5.5057 Bio: 0.8552 GateEnt: 0.0382 GateDiv: 0.1024
Epoch [255/400] Total Loss: 44.9499
Epoch [256/400] Step [0/8] Loss: 5.4853 Bio: 0.7952 GateEnt: 0.0459 GateDiv: 0.1157
Epoch [256/400] Total Loss: 44.3826
Epoch [257/400] Step [0/8] Loss: 5.7912 Bio: 0.9227 GateEnt: 0.0258 GateDiv: 0.1297
Epoch [257/400] Total Loss: 44.4750
Epoch [258/400] Step [0/8] Loss: 5.4985 Bio: 0.7502 GateEnt: 0.0513 GateDiv: 0.1248
Epoch [258/400] Total Loss: 44.3501
Epoch [259/400] Step [0/8] Loss: 5.5617 Bio: 0.7177 GateEnt: 0.0190 GateDiv: 0.1305
Epoch [259/400] Total Loss: 44.1273
Epoch [260/400] Step [0/8] Loss: 5.5053 Bio: 0.7704 GateEnt: 0.0386 GateDiv: 0.1422
Epoch [260/400] Total Loss: 44.3099
Epoch [261/400] Step [0/8] Loss: 5.4093 Bio: 0.7537 GateEnt: 0.0232 GateDiv: 0.1224
Epoch [261/400] Total Loss: 44.5810
Epoch [262/400] Step [0/8] Loss: 5.4833 Bio: 0.8154 GateEnt: 0.0194 GateDiv: 0.0940
Epoch [262/400] Total Loss: 44.3437
Epoch [263/400] Step [0/8] Loss: 5.6904 Bio: 0.8373 GateEnt: 0.0595 GateDiv: 0.1563
Epoch [263/400] Total Loss: 44.4785
Epoch [264/400] Step [0/8] Loss: 5.4989 Bio: 0.8029 GateEnt: 0.0477 GateDiv: 0.1292
Epoch [264/400] Total Loss: 43.6718
Epoch [265/400] Step [0/8] Loss: 5.3557 Bio: 0.7811 GateEnt: 0.0433 GateDiv: 0.1109
Epoch [265/400] Total Loss: 43.8316
Epoch [266/400] Step [0/8] Loss: 5.4372 Bio: 0.7032 GateEnt: 0.0382 GateDiv: 0.1083
Epoch [266/400] Total Loss: 44.4114
Epoch [267/400] Step [0/8] Loss: 5.4016 Bio: 0.8582 GateEnt: 0.0234 GateDiv: 0.0836
Epoch [267/400] Total Loss: 43.5566
Epoch [268/400] Step [0/8] Loss: 5.6822 Bio: 0.8787 GateEnt: 0.0240 GateDiv: 0.1327
Epoch [268/400] Total Loss: 44.2529
Epoch [269/400] Step [0/8] Loss: 5.6609 Bio: 0.6852 GateEnt: 0.0483 GateDiv: 0.1545
Epoch [269/400] Total Loss: 44.2019
Epoch [270/400] Step [0/8] Loss: 5.6523 Bio: 0.7890 GateEnt: 0.0486 GateDiv: 0.1597
Epoch [270/400] Total Loss: 44.3639
Epoch [271/400] Step [0/8] Loss: 5.4010 Bio: 0.8908 GateEnt: 0.0351 GateDiv: 0.1354
Epoch [271/400] Total Loss: 43.6562
Epoch [272/400] Step [0/8] Loss: 5.4632 Bio: 0.8380 GateEnt: 0.0466 GateDiv: 0.0982
Epoch [272/400] Total Loss: 43.6773
Epoch [273/400] Step [0/8] Loss: 5.6928 Bio: 0.7055 GateEnt: 0.0268 GateDiv: 0.1186
Epoch [273/400] Total Loss: 44.3133
Epoch [274/400] Step [0/8] Loss: 5.4335 Bio: 0.8135 GateEnt: 0.0302 GateDiv: 0.1418
Epoch [274/400] Total Loss: 44.3855
Epoch [275/400] Step [0/8] Loss: 5.4938 Bio: 0.7793 GateEnt: 0.0187 GateDiv: 0.1046
Epoch [275/400] Total Loss: 43.8346
Epoch [276/400] Step [0/8] Loss: 5.5549 Bio: 0.9727 GateEnt: 0.0139 GateDiv: 0.0952
Epoch [276/400] Total Loss: 44.0807
Epoch [277/400] Step [0/8] Loss: 5.6206 Bio: 0.9530 GateEnt: 0.0347 GateDiv: 0.1023
Epoch [277/400] Total Loss: 43.6747
Epoch [278/400] Step [0/8] Loss: 5.3786 Bio: 0.7492 GateEnt: 0.0376 GateDiv: 0.1122
Epoch [278/400] Total Loss: 43.8273
Epoch [279/400] Step [0/8] Loss: 5.4262 Bio: 0.9286 GateEnt: 0.0171 GateDiv: 0.0919
Epoch [279/400] Total Loss: 43.7813
Epoch [280/400] Step [0/8] Loss: 5.6834 Bio: 0.7499 GateEnt: 0.0394 GateDiv: 0.1328
Epoch [280/400] Total Loss: 44.4627
Epoch [281/400] Step [0/8] Loss: 5.4267 Bio: 0.7883 GateEnt: 0.0408 GateDiv: 0.1163
Epoch [281/400] Total Loss: 44.0545
Epoch [282/400] Step [0/8] Loss: 5.2744 Bio: 0.9044 GateEnt: 0.0341 GateDiv: 0.1312
Epoch [282/400] Total Loss: 43.5062
Epoch [283/400] Step [0/8] Loss: 5.4601 Bio: 0.8045 GateEnt: 0.0292 GateDiv: 0.1021
Epoch [283/400] Total Loss: 43.1623
Epoch [284/400] Step [0/8] Loss: 5.4333 Bio: 0.8159 GateEnt: 0.0187 GateDiv: 0.1139
Epoch [284/400] Total Loss: 43.1829
Epoch [285/400] Step [0/8] Loss: 5.4768 Bio: 0.8542 GateEnt: 0.0489 GateDiv: 0.1404
Epoch [285/400] Total Loss: 44.0600
Epoch [286/400] Step [0/8] Loss: 5.6385 Bio: 0.7210 GateEnt: 0.0143 GateDiv: 0.1277
Epoch [286/400] Total Loss: 43.6436
Epoch [287/400] Step [0/8] Loss: 5.5849 Bio: 0.8676 GateEnt: 0.0293 GateDiv: 0.1116
Epoch [287/400] Total Loss: 43.6687
Epoch [288/400] Step [0/8] Loss: 5.5129 Bio: 0.8367 GateEnt: 0.0761 GateDiv: 0.1282
Epoch [288/400] Total Loss: 44.0272
Epoch [289/400] Step [0/8] Loss: 5.5645 Bio: 0.9441 GateEnt: 0.0280 GateDiv: 0.0965
Epoch [289/400] Total Loss: 44.4331
Epoch [290/400] Step [0/8] Loss: 5.4881 Bio: 0.7888 GateEnt: 0.0320 GateDiv: 0.1185
Epoch [290/400] Total Loss: 44.1178
Epoch [291/400] Step [0/8] Loss: 5.4764 Bio: 0.7189 GateEnt: 0.0316 GateDiv: 0.1221
Epoch [291/400] Total Loss: 44.1103
Epoch [292/400] Step [0/8] Loss: 5.5108 Bio: 0.7133 GateEnt: 0.0354 GateDiv: 0.1249
Epoch [292/400] Total Loss: 43.5589
Epoch [293/400] Step [0/8] Loss: 5.5869 Bio: 0.8467 GateEnt: 0.0580 GateDiv: 0.1600
Epoch [293/400] Total Loss: 43.7482
Epoch [294/400] Step [0/8] Loss: 5.6082 Bio: 0.8786 GateEnt: 0.0119 GateDiv: 0.1070
Epoch [294/400] Total Loss: 43.7258
Epoch [295/400] Step [0/8] Loss: 5.4626 Bio: 0.8416 GateEnt: 0.0422 GateDiv: 0.1277
Epoch [295/400] Total Loss: 43.4425
Epoch [296/400] Step [0/8] Loss: 5.5547 Bio: 1.0708 GateEnt: 0.0336 GateDiv: 0.1381
Epoch [296/400] Total Loss: 43.8428
Epoch [297/400] Step [0/8] Loss: 5.5965 Bio: 0.7739 GateEnt: 0.0272 GateDiv: 0.1305
Epoch [297/400] Total Loss: 44.0923
Epoch [298/400] Step [0/8] Loss: 5.3330 Bio: 0.8630 GateEnt: 0.0199 GateDiv: 0.1091
Epoch [298/400] Total Loss: 43.3623
Epoch [299/400] Step [0/8] Loss: 5.5620 Bio: 0.8020 GateEnt: 0.0509 GateDiv: 0.1505
Epoch [299/400] Total Loss: 43.7663
Epoch [300/400] Step [0/8] Loss: 5.4014 Bio: 0.7777 GateEnt: 0.0328 GateDiv: 0.1129
Epoch [300/400] Total Loss: 43.7932
Epoch [301/400] Step [0/8] Loss: 5.2363 Bio: 0.8976 GateEnt: 0.0160 GateDiv: 0.0824
Epoch [301/400] Total Loss: 43.3220
Epoch [302/400] Step [0/8] Loss: 5.5134 Bio: 0.8179 GateEnt: 0.0453 GateDiv: 0.1412
Epoch [302/400] Total Loss: 43.6469
Epoch [303/400] Step [0/8] Loss: 5.5184 Bio: 0.8079 GateEnt: 0.0436 GateDiv: 0.1478
Epoch [303/400] Total Loss: 43.6785
Epoch [304/400] Step [0/8] Loss: 5.3771 Bio: 0.7643 GateEnt: 0.0323 GateDiv: 0.1104
Epoch [304/400] Total Loss: 43.7122
Epoch [305/400] Step [0/8] Loss: 5.1637 Bio: 0.8160 GateEnt: 0.0146 GateDiv: 0.0836
Epoch [305/400] Total Loss: 43.1121
Epoch [306/400] Step [0/8] Loss: 5.3521 Bio: 0.8794 GateEnt: 0.0333 GateDiv: 0.0917
Epoch [306/400] Total Loss: 43.5988
Epoch [307/400] Step [0/8] Loss: 5.2954 Bio: 0.8894 GateEnt: 0.0392 GateDiv: 0.1146
Epoch [307/400] Total Loss: 43.6045
Epoch [308/400] Step [0/8] Loss: 5.5843 Bio: 0.7246 GateEnt: 0.0200 GateDiv: 0.1142
Epoch [308/400] Total Loss: 43.3866
Epoch [309/400] Step [0/8] Loss: 5.2540 Bio: 0.8013 GateEnt: 0.0347 GateDiv: 0.1016
Epoch [309/400] Total Loss: 43.0716
Epoch [310/400] Step [0/8] Loss: 5.3872 Bio: 0.8600 GateEnt: 0.0268 GateDiv: 0.1183
Epoch [310/400] Total Loss: 43.8463
Epoch [311/400] Step [0/8] Loss: 5.4934 Bio: 0.8318 GateEnt: 0.0362 GateDiv: 0.1244
Epoch [311/400] Total Loss: 43.7759
Epoch [312/400] Step [0/8] Loss: 5.4106 Bio: 0.8514 GateEnt: 0.0168 GateDiv: 0.0985
Epoch [312/400] Total Loss: 43.2918
Epoch [313/400] Step [0/8] Loss: 5.5028 Bio: 0.8058 GateEnt: 0.0205 GateDiv: 0.1099
Epoch [313/400] Total Loss: 43.6597
Epoch [314/400] Step [0/8] Loss: 5.4191 Bio: 0.8986 GateEnt: 0.0231 GateDiv: 0.1004
Epoch [314/400] Total Loss: 44.3857
Epoch [315/400] Step [0/8] Loss: 5.4108 Bio: 0.7949 GateEnt: 0.0221 GateDiv: 0.1141
Epoch [315/400] Total Loss: 43.8945
Epoch [316/400] Step [0/8] Loss: 5.3732 Bio: 0.7218 GateEnt: 0.0452 GateDiv: 0.1424
Epoch [316/400] Total Loss: 43.7147
Epoch [317/400] Step [0/8] Loss: 5.2747 Bio: 0.8665 GateEnt: 0.0551 GateDiv: 0.1091
Epoch [317/400] Total Loss: 43.2896
Epoch [318/400] Step [0/8] Loss: 5.3696 Bio: 0.7456 GateEnt: 0.0319 GateDiv: 0.0987
Epoch [318/400] Total Loss: 42.9061
Epoch [319/400] Step [0/8] Loss: 5.3165 Bio: 0.7964 GateEnt: 0.0122 GateDiv: 0.0773
Epoch [319/400] Total Loss: 43.5676
Epoch [320/400] Step [0/8] Loss: 5.4419 Bio: 0.9101 GateEnt: 0.0169 GateDiv: 0.0931
Epoch [320/400] Total Loss: 43.0976
Epoch [321/400] Step [0/8] Loss: 5.3954 Bio: 0.8677 GateEnt: 0.0168 GateDiv: 0.0870
Epoch [321/400] Total Loss: 43.0041
Epoch [322/400] Step [0/8] Loss: 5.3909 Bio: 0.7491 GateEnt: 0.0213 GateDiv: 0.0919
Epoch [322/400] Total Loss: 43.8180
Epoch [323/400] Step [0/8] Loss: 5.3424 Bio: 0.7803 GateEnt: 0.0092 GateDiv: 0.0544
Epoch [323/400] Total Loss: 43.5734
Epoch [324/400] Step [0/8] Loss: 5.3549 Bio: 0.7130 GateEnt: 0.0355 GateDiv: 0.0921
Epoch [324/400] Total Loss: 43.0867
Epoch [325/400] Step [0/8] Loss: 5.3941 Bio: 0.9166 GateEnt: 0.0233 GateDiv: 0.0976
Epoch [325/400] Total Loss: 43.2208
Epoch [326/400] Step [0/8] Loss: 5.2174 Bio: 0.7853 GateEnt: 0.0308 GateDiv: 0.0922
Epoch [326/400] Total Loss: 43.5922
Epoch [327/400] Step [0/8] Loss: 5.5675 Bio: 0.7788 GateEnt: 0.0554 GateDiv: 0.1590
Epoch [327/400] Total Loss: 43.5761
Epoch [328/400] Step [0/8] Loss: 5.4108 Bio: 0.8270 GateEnt: 0.0123 GateDiv: 0.1250
Epoch [328/400] Total Loss: 43.4534
Epoch [329/400] Step [0/8] Loss: 5.5908 Bio: 0.8616 GateEnt: 0.0265 GateDiv: 0.1461
Epoch [329/400] Total Loss: 43.5341
Epoch [330/400] Step [0/8] Loss: 5.4202 Bio: 0.6669 GateEnt: 0.0163 GateDiv: 0.1144
Epoch [330/400] Total Loss: 43.2928
Epoch [331/400] Step [0/8] Loss: 5.3219 Bio: 0.8357 GateEnt: 0.0214 GateDiv: 0.0929
Epoch [331/400] Total Loss: 43.5864
Epoch [332/400] Step [0/8] Loss: 5.2769 Bio: 0.8634 GateEnt: 0.0263 GateDiv: 0.0970
Epoch [332/400] Total Loss: 43.0714
Epoch [333/400] Step [0/8] Loss: 5.3833 Bio: 0.7288 GateEnt: 0.0263 GateDiv: 0.0997
Epoch [333/400] Total Loss: 43.2437
Epoch [334/400] Step [0/8] Loss: 5.3930 Bio: 0.7141 GateEnt: 0.0349 GateDiv: 0.1363
Epoch [334/400] Total Loss: 42.8944
Epoch [335/400] Step [0/8] Loss: 5.3589 Bio: 0.7360 GateEnt: 0.0218 GateDiv: 0.1119
Epoch [335/400] Total Loss: 42.8049
Epoch [336/400] Step [0/8] Loss: 5.7139 Bio: 0.7932 GateEnt: 0.0202 GateDiv: 0.1124
Epoch [336/400] Total Loss: 43.0902
Epoch [337/400] Step [0/8] Loss: 5.2603 Bio: 0.8177 GateEnt: 0.0221 GateDiv: 0.0691
Epoch [337/400] Total Loss: 43.5399
Epoch [338/400] Step [0/8] Loss: 5.4926 Bio: 0.6875 GateEnt: 0.0340 GateDiv: 0.0845
Epoch [338/400] Total Loss: 42.9562
Epoch [339/400] Step [0/8] Loss: 5.4742 Bio: 0.7334 GateEnt: 0.0208 GateDiv: 0.0764
Epoch [339/400] Total Loss: 43.1490
Epoch [340/400] Step [0/8] Loss: 5.4320 Bio: 0.7646 GateEnt: 0.0203 GateDiv: 0.1070
Epoch [340/400] Total Loss: 42.9639
Epoch [341/400] Step [0/8] Loss: 5.4226 Bio: 0.7643 GateEnt: 0.0301 GateDiv: 0.1077
Epoch [341/400] Total Loss: 43.0993
Epoch [342/400] Step [0/8] Loss: 5.3704 Bio: 0.8142 GateEnt: 0.0124 GateDiv: 0.1101
Epoch [342/400] Total Loss: 42.6588
Epoch [343/400] Step [0/8] Loss: 5.3309 Bio: 0.7250 GateEnt: 0.0277 GateDiv: 0.1156
Epoch [343/400] Total Loss: 42.5843
Epoch [344/400] Step [0/8] Loss: 5.3872 Bio: 0.7566 GateEnt: 0.0281 GateDiv: 0.1126
Epoch [344/400] Total Loss: 42.3982
Epoch [345/400] Step [0/8] Loss: 5.2199 Bio: 0.7790 GateEnt: 0.0293 GateDiv: 0.1216
Epoch [345/400] Total Loss: 42.5436
Epoch [346/400] Step [0/8] Loss: 5.3403 Bio: 0.8117 GateEnt: 0.0390 GateDiv: 0.1084
Epoch [346/400] Total Loss: 43.0461
Epoch [347/400] Step [0/8] Loss: 5.2363 Bio: 0.7589 GateEnt: 0.0232 GateDiv: 0.0807
Epoch [347/400] Total Loss: 42.9716
Epoch [348/400] Step [0/8] Loss: 5.2917 Bio: 0.8667 GateEnt: 0.0320 GateDiv: 0.0911
Epoch [348/400] Total Loss: 43.0042
Epoch [349/400] Step [0/8] Loss: 5.4121 Bio: 0.7466 GateEnt: 0.0477 GateDiv: 0.1219
Epoch [349/400] Total Loss: 42.9089
Epoch [350/400] Step [0/8] Loss: 5.2963 Bio: 0.8326 GateEnt: 0.0118 GateDiv: 0.0658
Epoch [350/400] Total Loss: 43.3768
Epoch [351/400] Step [0/8] Loss: 5.2122 Bio: 0.8169 GateEnt: 0.0132 GateDiv: 0.1012
Epoch [351/400] Total Loss: 42.7668
Epoch [352/400] Step [0/8] Loss: 5.5268 Bio: 0.8547 GateEnt: 0.0470 GateDiv: 0.1239
Epoch [352/400] Total Loss: 43.1588
Epoch [353/400] Step [0/8] Loss: 5.3397 Bio: 0.7852 GateEnt: 0.0179 GateDiv: 0.0848
Epoch [353/400] Total Loss: 43.5313
Epoch [354/400] Step [0/8] Loss: 5.3859 Bio: 0.7953 GateEnt: 0.0299 GateDiv: 0.1173
Epoch [354/400] Total Loss: 42.8249
Epoch [355/400] Step [0/8] Loss: 5.2988 Bio: 0.7535 GateEnt: 0.0224 GateDiv: 0.1137
Epoch [355/400] Total Loss: 42.8398
Epoch [356/400] Step [0/8] Loss: 5.3013 Bio: 0.8647 GateEnt: 0.0534 GateDiv: 0.1114
Epoch [356/400] Total Loss: 42.6012
Epoch [357/400] Step [0/8] Loss: 5.4715 Bio: 0.8659 GateEnt: 0.0434 GateDiv: 0.1285
Epoch [357/400] Total Loss: 43.2305
Epoch [358/400] Step [0/8] Loss: 5.2739 Bio: 0.9073 GateEnt: 0.0096 GateDiv: 0.0920
Epoch [358/400] Total Loss: 43.2590
Epoch [359/400] Step [0/8] Loss: 5.4450 Bio: 0.7220 GateEnt: 0.0157 GateDiv: 0.1373
Epoch [359/400] Total Loss: 43.1371
Epoch [360/400] Step [0/8] Loss: 5.3836 Bio: 0.7779 GateEnt: 0.0192 GateDiv: 0.0880
Epoch [360/400] Total Loss: 43.4171
Epoch [361/400] Step [0/8] Loss: 5.4356 Bio: 0.7814 GateEnt: 0.0267 GateDiv: 0.0925
Epoch [361/400] Total Loss: 43.1469
Epoch [362/400] Step [0/8] Loss: 5.1353 Bio: 0.7592 GateEnt: 0.0256 GateDiv: 0.0963
Epoch [362/400] Total Loss: 42.5954
Epoch [363/400] Step [0/8] Loss: 5.3497 Bio: 0.9663 GateEnt: 0.0240 GateDiv: 0.0971
Epoch [363/400] Total Loss: 42.6796
Epoch [364/400] Step [0/8] Loss: 5.3734 Bio: 0.8487 GateEnt: 0.0404 GateDiv: 0.1166
Epoch [364/400] Total Loss: 42.9811
Epoch [365/400] Step [0/8] Loss: 5.3968 Bio: 0.7875 GateEnt: 0.0270 GateDiv: 0.1054
Epoch [365/400] Total Loss: 42.6326
Epoch [366/400] Step [0/8] Loss: 5.3694 Bio: 0.8670 GateEnt: 0.0136 GateDiv: 0.1025
Epoch [366/400] Total Loss: 42.9197
Epoch [367/400] Step [0/8] Loss: 5.4092 Bio: 0.7429 GateEnt: 0.0130 GateDiv: 0.1023
Epoch [367/400] Total Loss: 42.7365
Epoch [368/400] Step [0/8] Loss: 5.2632 Bio: 0.7014 GateEnt: 0.0335 GateDiv: 0.1039
Epoch [368/400] Total Loss: 43.2917
Epoch [369/400] Step [0/8] Loss: 5.4577 Bio: 0.7496 GateEnt: 0.0195 GateDiv: 0.1056
Epoch [369/400] Total Loss: 43.0958
Epoch [370/400] Step [0/8] Loss: 5.2002 Bio: 0.7766 GateEnt: 0.0220 GateDiv: 0.0871
Epoch [370/400] Total Loss: 43.0590
Epoch [371/400] Step [0/8] Loss: 5.3279 Bio: 0.7417 GateEnt: 0.0312 GateDiv: 0.0977
Epoch [371/400] Total Loss: 43.6216
Epoch [372/400] Step [0/8] Loss: 5.2574 Bio: 0.8448 GateEnt: 0.0276 GateDiv: 0.1278
Epoch [372/400] Total Loss: 43.0713
Epoch [373/400] Step [0/8] Loss: 5.3507 Bio: 0.8708 GateEnt: 0.0205 GateDiv: 0.1194
Epoch [373/400] Total Loss: 42.7847
Epoch [374/400] Step [0/8] Loss: 5.1937 Bio: 0.8432 GateEnt: 0.0210 GateDiv: 0.0886
Epoch [374/400] Total Loss: 42.8270
Epoch [375/400] Step [0/8] Loss: 5.3182 Bio: 0.7019 GateEnt: 0.0094 GateDiv: 0.1072
Epoch [375/400] Total Loss: 43.1161
Epoch [376/400] Step [0/8] Loss: 5.3957 Bio: 0.7459 GateEnt: 0.0247 GateDiv: 0.1145
Epoch [376/400] Total Loss: 42.2134
Epoch [377/400] Step [0/8] Loss: 5.4921 Bio: 0.7039 GateEnt: 0.0088 GateDiv: 0.1413
Epoch [377/400] Total Loss: 42.9889
Epoch [378/400] Step [0/8] Loss: 5.3477 Bio: 0.7803 GateEnt: 0.0193 GateDiv: 0.1099
Epoch [378/400] Total Loss: 42.4286
Epoch [379/400] Step [0/8] Loss: 5.3944 Bio: 0.8755 GateEnt: 0.0183 GateDiv: 0.1313
Epoch [379/400] Total Loss: 42.9709
Epoch [380/400] Step [0/8] Loss: 5.4668 Bio: 0.8463 GateEnt: 0.0411 GateDiv: 0.1165
Epoch [380/400] Total Loss: 43.1568
Epoch [381/400] Step [0/8] Loss: 5.4026 Bio: 0.8272 GateEnt: 0.0110 GateDiv: 0.0864
Epoch [381/400] Total Loss: 42.9052
Epoch [382/400] Step [0/8] Loss: 5.2832 Bio: 1.0182 GateEnt: 0.0539 GateDiv: 0.1296
Epoch [382/400] Total Loss: 42.3994
Epoch [383/400] Step [0/8] Loss: 5.4845 Bio: 0.7185 GateEnt: 0.0272 GateDiv: 0.1235
Epoch [383/400] Total Loss: 42.6111
Epoch [384/400] Step [0/8] Loss: 5.3107 Bio: 0.7057 GateEnt: 0.0136 GateDiv: 0.1138
Epoch [384/400] Total Loss: 42.6543
Epoch [385/400] Step [0/8] Loss: 5.2247 Bio: 0.8141 GateEnt: 0.0270 GateDiv: 0.1021
Epoch [385/400] Total Loss: 42.7448
Epoch [386/400] Step [0/8] Loss: 5.4462 Bio: 0.7348 GateEnt: 0.0458 GateDiv: 0.1501
Epoch [386/400] Total Loss: 42.7603
Epoch [387/400] Step [0/8] Loss: 5.2782 Bio: 0.7460 GateEnt: 0.0239 GateDiv: 0.1104
Epoch [387/400] Total Loss: 42.5810
Epoch [388/400] Step [0/8] Loss: 5.4222 Bio: 0.7799 GateEnt: 0.0299 GateDiv: 0.1055
Epoch [388/400] Total Loss: 42.8094
Epoch [389/400] Step [0/8] Loss: 5.4238 Bio: 0.8298 GateEnt: 0.0152 GateDiv: 0.1236
Epoch [389/400] Total Loss: 42.8352
Epoch [390/400] Step [0/8] Loss: 5.3207 Bio: 0.7169 GateEnt: 0.0234 GateDiv: 0.0964
Epoch [390/400] Total Loss: 42.4218
Epoch [391/400] Step [0/8] Loss: 5.3226 Bio: 0.7783 GateEnt: 0.0211 GateDiv: 0.1359
Epoch [391/400] Total Loss: 42.6608
Epoch [392/400] Step [0/8] Loss: 5.2132 Bio: 0.8630 GateEnt: 0.0218 GateDiv: 0.0883
Epoch [392/400] Total Loss: 42.8660
Epoch [393/400] Step [0/8] Loss: 5.4114 Bio: 0.7597 GateEnt: 0.0429 GateDiv: 0.1112
Epoch [393/400] Total Loss: 42.5762
Epoch [394/400] Step [0/8] Loss: 5.3663 Bio: 0.7219 GateEnt: 0.0122 GateDiv: 0.1098
Epoch [394/400] Total Loss: 42.5143
Epoch [395/400] Step [0/8] Loss: 5.3488 Bio: 0.7125 GateEnt: 0.0174 GateDiv: 0.1145
Epoch [395/400] Total Loss: 42.4967
Epoch [396/400] Step [0/8] Loss: 5.3657 Bio: 0.7990 GateEnt: 0.0310 GateDiv: 0.0997
Epoch [396/400] Total Loss: 43.2301
Epoch [397/400] Step [0/8] Loss: 5.2304 Bio: 0.9049 GateEnt: 0.0117 GateDiv: 0.0732
Epoch [397/400] Total Loss: 43.0703
Epoch [398/400] Step [0/8] Loss: 5.1215 Bio: 0.7355 GateEnt: 0.0186 GateDiv: 0.1278
Epoch [398/400] Total Loss: 42.3578
Epoch [399/400] Step [0/8] Loss: 5.2841 Bio: 0.6999 GateEnt: 0.0294 GateDiv: 0.1046
Epoch [399/400] Total Loss: 42.5958

=== Loss Summary ===
  Epoch   1: 58.0860
  Epoch 101: 47.5860
  Epoch 201: 44.8707
  Epoch 301: 43.7932
  Epoch 400: 42.5958
  Delta (last 25% = 100 ep): -1.1974
  If delta > -1.0, model has converged
attention_query_v3 training complete.
=== DONE: Tue Jul 28 15:53:21 EDT 2026 ===
