=== host: hpc-m36-2-1.local | start: Tue Aug 18 13:30:17 EDT 2026 ===
=== STEP 1: filter H50 -> H40 (cancer-relevant panel) ===
data/bio_anchors/bio_anchors_UCEC_gsva_H50.csv  ->  data/bio_anchors/bio_anchors_UCEC_gsva_H40.csv
  patients: 545   anchors: 50 -> 40
  dropped (10): HALLMARK_ADIPOGENESIS, HALLMARK_APICAL_SURFACE, HALLMARK_BILE_ACID_METABOLISM, HALLMARK_COAGULATION, HALLMARK_HEME_METABOLISM, HALLMARK_MYOGENESIS, HALLMARK_PANCREAS_BETA_CELLS, HALLMARK_PEROXISOME, HALLMARK_PROTEIN_SECRETION, HALLMARK_SPERMATOGENESIS
  NaNs in output: 0
=== STEP 1b: HARD GATE - anchors cover all omics patients, 40 cols, no NaN ===
anchor shape: (545, 40)
overlap: 510 | missing: 0
gate passed
=== STEP 2: train BIOS UCEC (attention_query_v3, H40, k=4) ===
Head type    : attention_query_v3
Cancer       : UCEC | bio_dim: 16 | lambda_bio: 0.1
Bio anchor   : data/bio_anchors/bio_anchors_UCEC_gsva_H40.csv
Cluster num  : 4
Epochs       : 400
[dataloader] Loaded bio-anchors from data/bio_anchors/bio_anchors_UCEC_gsva_H40.csv: torch.Size([510, 40])
Device       : cpu
Model params : 73,967,375
Epoch [0/400] Step [0/8] Loss: 6.9496 Bio: 0.9044 GateEnt: 1.6089 GateDiv: 0.3000
Epoch [0/400] Total Loss: 55.3898
Epoch [1/400] Step [0/8] Loss: 6.9228 Bio: 0.8978 GateEnt: 1.5953 GateDiv: 0.3000
Epoch [1/400] Total Loss: 55.3305
Epoch [2/400] Step [0/8] Loss: 6.9256 Bio: 0.9609 GateEnt: 1.5793 GateDiv: 0.3000
Epoch [2/400] Total Loss: 55.3186
Epoch [3/400] Step [0/8] Loss: 6.9121 Bio: 0.8330 GateEnt: 1.5624 GateDiv: 0.3000
Epoch [3/400] Total Loss: 55.3140
Epoch [4/400] Step [0/8] Loss: 6.9302 Bio: 1.0198 GateEnt: 1.5451 GateDiv: 0.3000
Epoch [4/400] Total Loss: 55.3107
Epoch [5/400] Step [0/8] Loss: 6.9084 Bio: 0.8063 GateEnt: 1.5271 GateDiv: 0.3000
Epoch [5/400] Total Loss: 55.3069
Epoch [6/400] Step [0/8] Loss: 6.9110 Bio: 0.8369 GateEnt: 1.5083 GateDiv: 0.3000
Epoch [6/400] Total Loss: 55.3033
Epoch [7/400] Step [0/8] Loss: 6.9123 Bio: 0.8542 GateEnt: 1.4879 GateDiv: 0.3000
Epoch [7/400] Total Loss: 55.2996
Epoch [8/400] Step [0/8] Loss: 6.9284 Bio: 1.0193 GateEnt: 1.4656 GateDiv: 0.3000
Epoch [8/400] Total Loss: 55.2954
Epoch [9/400] Step [0/8] Loss: 6.9209 Bio: 0.9507 GateEnt: 1.4407 GateDiv: 0.3000
Epoch [9/400] Total Loss: 55.2902
Epoch [10/400] Step [0/8] Loss: 6.9111 Bio: 0.8610 GateEnt: 1.4127 GateDiv: 0.3000
Epoch [10/400] Total Loss: 55.1837
Epoch [11/400] Step [0/8] Loss: 6.8875 Bio: 0.8403 GateEnt: 1.3850 GateDiv: 0.3000
Epoch [11/400] Total Loss: 54.6704
Epoch [12/400] Step [0/8] Loss: 6.8415 Bio: 0.7788 GateEnt: 1.3503 GateDiv: 0.3000
Epoch [12/400] Total Loss: 54.7118
Epoch [13/400] Step [0/8] Loss: 6.8007 Bio: 0.8047 GateEnt: 1.3122 GateDiv: 0.3000
Epoch [13/400] Total Loss: 54.8551
Epoch [14/400] Step [0/8] Loss: 6.7595 Bio: 0.7502 GateEnt: 1.2700 GateDiv: 0.3000
Epoch [14/400] Total Loss: 53.5193
Epoch [15/400] Step [0/8] Loss: 6.5944 Bio: 0.9481 GateEnt: 1.2285 GateDiv: 0.2999
Epoch [15/400] Total Loss: 53.2373
Epoch [16/400] Step [0/8] Loss: 6.5423 Bio: 0.9789 GateEnt: 1.1818 GateDiv: 0.2998
Epoch [16/400] Total Loss: 51.9613
Epoch [17/400] Step [0/8] Loss: 6.6584 Bio: 0.8488 GateEnt: 1.1340 GateDiv: 0.2995
Epoch [17/400] Total Loss: 51.9913
Epoch [18/400] Step [0/8] Loss: 6.3272 Bio: 0.8326 GateEnt: 1.0822 GateDiv: 0.2987
Epoch [18/400] Total Loss: 51.1942
Epoch [19/400] Step [0/8] Loss: 6.3370 Bio: 0.8528 GateEnt: 1.0256 GateDiv: 0.2973
Epoch [19/400] Total Loss: 50.8466
Epoch [20/400] Step [0/8] Loss: 6.6266 Bio: 0.9105 GateEnt: 0.9720 GateDiv: 0.2938
Epoch [20/400] Total Loss: 51.0744
Epoch [21/400] Step [0/8] Loss: 6.1836 Bio: 0.8957 GateEnt: 0.9166 GateDiv: 0.2855
Epoch [21/400] Total Loss: 51.0242
Epoch [22/400] Step [0/8] Loss: 6.4881 Bio: 0.9311 GateEnt: 0.8724 GateDiv: 0.2710
Epoch [22/400] Total Loss: 51.3085
Epoch [23/400] Step [0/8] Loss: 6.3732 Bio: 0.9558 GateEnt: 0.8297 GateDiv: 0.2423
Epoch [23/400] Total Loss: 50.9501
Epoch [24/400] Step [0/8] Loss: 6.2832 Bio: 0.8440 GateEnt: 0.8496 GateDiv: 0.1834
Epoch [24/400] Total Loss: 50.7477
Epoch [25/400] Step [0/8] Loss: 6.1419 Bio: 0.8459 GateEnt: 0.7961 GateDiv: 0.1430
Epoch [25/400] Total Loss: 50.3163
Epoch [26/400] Step [0/8] Loss: 6.3161 Bio: 1.0178 GateEnt: 0.7012 GateDiv: 0.1072
Epoch [26/400] Total Loss: 50.6382
Epoch [27/400] Step [0/8] Loss: 6.2679 Bio: 0.9060 GateEnt: 0.7024 GateDiv: 0.0536
Epoch [27/400] Total Loss: 50.1341
Epoch [28/400] Step [0/8] Loss: 6.3301 Bio: 0.9764 GateEnt: 0.5648 GateDiv: 0.0226
Epoch [28/400] Total Loss: 50.3654
Epoch [29/400] Step [0/8] Loss: 6.2940 Bio: 0.8548 GateEnt: 0.4285 GateDiv: 0.0140
Epoch [29/400] Total Loss: 50.1781
Epoch [30/400] Step [0/8] Loss: 6.2922 Bio: 0.9551 GateEnt: 0.3690 GateDiv: 0.0054
Epoch [30/400] Total Loss: 50.0776
Epoch [31/400] Step [0/8] Loss: 6.2102 Bio: 0.8278 GateEnt: 0.3069 GateDiv: 0.0000
Epoch [31/400] Total Loss: 50.5304
Epoch [32/400] Step [0/8] Loss: 6.2828 Bio: 0.9056 GateEnt: 0.2251 GateDiv: 0.0000
Epoch [32/400] Total Loss: 49.5943
Epoch [33/400] Step [0/8] Loss: 6.3046 Bio: 0.7963 GateEnt: 0.1380 GateDiv: 0.0000
Epoch [33/400] Total Loss: 49.8906
Epoch [34/400] Step [0/8] Loss: 6.3712 Bio: 0.8425 GateEnt: 0.0131 GateDiv: 0.0000
Epoch [34/400] Total Loss: 49.6006
Epoch [35/400] Step [0/8] Loss: 5.9791 Bio: 0.8195 GateEnt: 0.0000 GateDiv: 0.0000
Epoch [35/400] Total Loss: 49.0078
Epoch [36/400] Step [0/8] Loss: 6.1804 Bio: 0.8834 GateEnt: 0.0000 GateDiv: 0.0000
Epoch [36/400] Total Loss: 49.8112
Epoch [37/400] Step [0/8] Loss: 6.3350 Bio: 0.8298 GateEnt: 0.0000 GateDiv: 0.0000
Epoch [37/400] Total Loss: 50.0804
Epoch [38/400] Step [0/8] Loss: 6.2543 Bio: 0.8053 GateEnt: 0.0000 GateDiv: 0.0000
Epoch [38/400] Total Loss: 49.4576
Epoch [39/400] Step [0/8] Loss: 6.0811 Bio: 0.7832 GateEnt: 0.0000 GateDiv: 0.0000
Epoch [39/400] Total Loss: 48.4142
Epoch [40/400] Step [0/8] Loss: 6.1880 Bio: 0.9586 GateEnt: 0.0000 GateDiv: 0.0000
Epoch [40/400] Total Loss: 49.4426
Epoch [41/400] Step [0/8] Loss: 6.4240 Bio: 0.9413 GateEnt: 0.0000 GateDiv: 0.0000
Epoch [41/400] Total Loss: 49.3952
Epoch [42/400] Step [0/8] Loss: 6.1739 Bio: 0.8335 GateEnt: 0.0000 GateDiv: 0.0000
Epoch [42/400] Total Loss: 49.6387
Epoch [43/400] Step [0/8] Loss: 6.1617 Bio: 0.9676 GateEnt: 0.0000 GateDiv: 0.0000
Epoch [43/400] Total Loss: 49.3405
Epoch [44/400] Step [0/8] Loss: 6.0547 Bio: 0.7921 GateEnt: 0.0000 GateDiv: 0.0000
Epoch [44/400] Total Loss: 48.8691
Epoch [45/400] Step [0/8] Loss: 6.1262 Bio: 0.7983 GateEnt: 0.0000 GateDiv: 0.0000
Epoch [45/400] Total Loss: 49.0392
Epoch [46/400] Step [0/8] Loss: 5.9849 Bio: 0.8790 GateEnt: 0.0000 GateDiv: 0.0000
Epoch [46/400] Total Loss: 48.6540
Epoch [47/400] Step [0/8] Loss: 6.0380 Bio: 0.9374 GateEnt: 0.0000 GateDiv: 0.0000
Epoch [47/400] Total Loss: 48.7901
Epoch [48/400] Step [0/8] Loss: 6.0252 Bio: 0.8068 GateEnt: 0.0000 GateDiv: 0.0000
Epoch [48/400] Total Loss: 49.0890
Epoch [49/400] Step [0/8] Loss: 6.1859 Bio: 0.9611 GateEnt: 0.0000 GateDiv: 0.0000
Epoch [49/400] Total Loss: 49.0298
Epoch [50/400] Step [0/8] Loss: 6.0833 Bio: 0.9554 GateEnt: 0.0000 GateDiv: 0.0000
Epoch [50/400] Total Loss: 48.2755
Epoch [51/400] Step [0/8] Loss: 5.8509 Bio: 0.9200 GateEnt: 0.0000 GateDiv: 0.0000
Epoch [51/400] Total Loss: 48.2330
Epoch [52/400] Step [0/8] Loss: 6.0886 Bio: 0.7773 GateEnt: 0.0000 GateDiv: 0.0000
Epoch [52/400] Total Loss: 48.2801
Epoch [53/400] Step [0/8] Loss: 6.0655 Bio: 0.9293 GateEnt: 0.0000 GateDiv: 0.0000
Epoch [53/400] Total Loss: 48.2970
Epoch [54/400] Step [0/8] Loss: 6.0250 Bio: 0.8765 GateEnt: 0.0000 GateDiv: 0.0000
Epoch [54/400] Total Loss: 49.0823
Epoch [55/400] Step [0/8] Loss: 6.1646 Bio: 0.8382 GateEnt: 0.0000 GateDiv: 0.0000
Epoch [55/400] Total Loss: 48.9250
Epoch [56/400] Step [0/8] Loss: 6.0931 Bio: 0.8490 GateEnt: 0.0000 GateDiv: 0.0000
Epoch [56/400] Total Loss: 48.4594
Epoch [57/400] Step [0/8] Loss: 6.1699 Bio: 0.8098 GateEnt: 0.0000 GateDiv: 0.0000
Epoch [57/400] Total Loss: 48.7024
Epoch [58/400] Step [0/8] Loss: 5.7641 Bio: 0.8130 GateEnt: 0.0000 GateDiv: 0.0000
Epoch [58/400] Total Loss: 47.3829
Epoch [59/400] Step [0/8] Loss: 6.1044 Bio: 0.9005 GateEnt: 0.0000 GateDiv: 0.0000
Epoch [59/400] Total Loss: 48.3743
Epoch [60/400] Step [0/8] Loss: 6.1875 Bio: 0.9263 GateEnt: 0.0000 GateDiv: 0.0000
Epoch [60/400] Total Loss: 48.5438
Epoch [61/400] Step [0/8] Loss: 6.3267 Bio: 0.8733 GateEnt: 0.0000 GateDiv: 0.0000
Epoch [61/400] Total Loss: 48.9494
Epoch [62/400] Step [0/8] Loss: 6.0409 Bio: 0.8447 GateEnt: 0.0000 GateDiv: 0.0000
Epoch [62/400] Total Loss: 48.7731
Epoch [63/400] Step [0/8] Loss: 6.1831 Bio: 0.8598 GateEnt: 0.0000 GateDiv: 0.0000
Epoch [63/400] Total Loss: 47.8801
Epoch [64/400] Step [0/8] Loss: 5.9540 Bio: 0.7453 GateEnt: 0.0000 GateDiv: 0.0000
Epoch [64/400] Total Loss: 48.4765
Epoch [65/400] Step [0/8] Loss: 6.0525 Bio: 1.0417 GateEnt: 0.0000 GateDiv: 0.0000
Epoch [65/400] Total Loss: 48.0089
Epoch [66/400] Step [0/8] Loss: 5.9509 Bio: 0.7990 GateEnt: 0.0000 GateDiv: 0.0000
Epoch [66/400] Total Loss: 47.9574
Epoch [67/400] Step [0/8] Loss: 5.9392 Bio: 0.8657 GateEnt: 0.0000 GateDiv: 0.0000
Epoch [67/400] Total Loss: 47.8951
Epoch [68/400] Step [0/8] Loss: 5.9312 Bio: 0.8744 GateEnt: 0.0000 GateDiv: 0.0000
Epoch [68/400] Total Loss: 47.4468
Epoch [69/400] Step [0/8] Loss: 5.8965 Bio: 0.9620 GateEnt: 0.0000 GateDiv: 0.0000
Epoch [69/400] Total Loss: 48.5228
Epoch [70/400] Step [0/8] Loss: 5.9303 Bio: 0.9632 GateEnt: 0.0000 GateDiv: 0.0000
Epoch [70/400] Total Loss: 47.9129
Epoch [71/400] Step [0/8] Loss: 5.9975 Bio: 1.0203 GateEnt: 0.0000 GateDiv: 0.0000
Epoch [71/400] Total Loss: 47.1171
Epoch [72/400] Step [0/8] Loss: 5.8101 Bio: 0.7682 GateEnt: 0.0000 GateDiv: 0.0000
Epoch [72/400] Total Loss: 47.2205
Epoch [73/400] Step [0/8] Loss: 6.0972 Bio: 0.8750 GateEnt: 0.0000 GateDiv: 0.0000
Epoch [73/400] Total Loss: 47.9061
Epoch [74/400] Step [0/8] Loss: 5.9733 Bio: 0.9499 GateEnt: 0.0000 GateDiv: 0.0000
Epoch [74/400] Total Loss: 47.6012
Epoch [75/400] Step [0/8] Loss: 5.9753 Bio: 0.8647 GateEnt: 0.0000 GateDiv: 0.0000
Epoch [75/400] Total Loss: 47.9388
Epoch [76/400] Step [0/8] Loss: 5.9340 Bio: 0.8151 GateEnt: 0.0000 GateDiv: 0.0000
Epoch [76/400] Total Loss: 47.5442
Epoch [77/400] Step [0/8] Loss: 5.8635 Bio: 0.9069 GateEnt: 0.0000 GateDiv: 0.0000
Epoch [77/400] Total Loss: 47.6652
Epoch [78/400] Step [0/8] Loss: 5.8040 Bio: 0.8632 GateEnt: 0.0000 GateDiv: 0.0000
Epoch [78/400] Total Loss: 48.0479
Epoch [79/400] Step [0/8] Loss: 5.8754 Bio: 0.8049 GateEnt: 0.0000 GateDiv: 0.0000
Epoch [79/400] Total Loss: 48.0241
Epoch [80/400] Step [0/8] Loss: 5.8755 Bio: 0.8719 GateEnt: 0.0000 GateDiv: 0.0000
Epoch [80/400] Total Loss: 47.6602
Epoch [81/400] Step [0/8] Loss: 5.8092 Bio: 0.8152 GateEnt: 0.0000 GateDiv: 0.0000
Epoch [81/400] Total Loss: 47.2494
Epoch [82/400] Step [0/8] Loss: 6.1595 Bio: 0.9089 GateEnt: 0.0000 GateDiv: 0.0000
Epoch [82/400] Total Loss: 48.4447
Epoch [83/400] Step [0/8] Loss: 5.9926 Bio: 0.8387 GateEnt: 0.0000 GateDiv: 0.0000
Epoch [83/400] Total Loss: 47.7218
Epoch [84/400] Step [0/8] Loss: 5.7622 Bio: 0.8126 GateEnt: 0.0000 GateDiv: 0.0000
Epoch [84/400] Total Loss: 47.5372
Epoch [85/400] Step [0/8] Loss: 5.8143 Bio: 0.8440 GateEnt: 0.0000 GateDiv: 0.0000
Epoch [85/400] Total Loss: 47.3185
Epoch [86/400] Step [0/8] Loss: 5.7895 Bio: 0.7794 GateEnt: 0.0000 GateDiv: 0.0000
Epoch [86/400] Total Loss: 47.6674
Epoch [87/400] Step [0/8] Loss: 5.8319 Bio: 0.8828 GateEnt: 0.0000 GateDiv: 0.0000
Epoch [87/400] Total Loss: 47.2146
Epoch [88/400] Step [0/8] Loss: 6.0347 Bio: 0.8361 GateEnt: 0.0000 GateDiv: 0.0000
Epoch [88/400] Total Loss: 47.2440
Epoch [89/400] Step [0/8] Loss: 5.7804 Bio: 0.9001 GateEnt: 0.0000 GateDiv: 0.0000
Epoch [89/400] Total Loss: 47.2163
Epoch [90/400] Step [0/8] Loss: 5.7306 Bio: 0.7772 GateEnt: 0.0000 GateDiv: 0.0000
Epoch [90/400] Total Loss: 46.9663
Epoch [91/400] Step [0/8] Loss: 5.8924 Bio: 0.8716 GateEnt: 0.0000 GateDiv: 0.0000
Epoch [91/400] Total Loss: 47.4838
Epoch [92/400] Step [0/8] Loss: 5.8845 Bio: 0.7126 GateEnt: 0.0000 GateDiv: 0.0000
Epoch [92/400] Total Loss: 47.2295
Epoch [93/400] Step [0/8] Loss: 5.8936 Bio: 0.8189 GateEnt: 0.0000 GateDiv: 0.0000
Epoch [93/400] Total Loss: 47.8823
Epoch [94/400] Step [0/8] Loss: 5.7503 Bio: 0.8308 GateEnt: 0.0000 GateDiv: 0.0000
Epoch [94/400] Total Loss: 47.1548
Epoch [95/400] Step [0/8] Loss: 5.9475 Bio: 0.9614 GateEnt: 0.0000 GateDiv: 0.0000
Epoch [95/400] Total Loss: 47.4357
Epoch [96/400] Step [0/8] Loss: 6.1838 Bio: 0.8384 GateEnt: 0.0000 GateDiv: 0.0000
Epoch [96/400] Total Loss: 47.8439
Epoch [97/400] Step [0/8] Loss: 6.0926 Bio: 0.8726 GateEnt: 0.0000 GateDiv: 0.0000
Epoch [97/400] Total Loss: 47.3999
Epoch [98/400] Step [0/8] Loss: 5.7514 Bio: 0.7393 GateEnt: 0.0000 GateDiv: 0.0000
Epoch [98/400] Total Loss: 47.4394
Epoch [99/400] Step [0/8] Loss: 5.9236 Bio: 0.7943 GateEnt: 0.0000 GateDiv: 0.0000
Epoch [99/400] Total Loss: 47.1707
Epoch [100/400] Step [0/8] Loss: 5.8390 Bio: 0.9221 GateEnt: 0.0000 GateDiv: 0.0000
Epoch [100/400] Total Loss: 47.0997
Epoch [101/400] Step [0/8] Loss: 5.7826 Bio: 0.8433 GateEnt: 0.0000 GateDiv: 0.0000
Epoch [101/400] Total Loss: 47.2443
Epoch [102/400] Step [0/8] Loss: 5.7975 Bio: 0.7458 GateEnt: 0.0000 GateDiv: 0.0000
Epoch [102/400] Total Loss: 46.9736
Epoch [103/400] Step [0/8] Loss: 5.9051 Bio: 0.8207 GateEnt: 0.0000 GateDiv: 0.0000
Epoch [103/400] Total Loss: 47.0469
Epoch [104/400] Step [0/8] Loss: 5.6505 Bio: 0.9486 GateEnt: 0.0000 GateDiv: 0.0000
Epoch [104/400] Total Loss: 46.9150
Epoch [105/400] Step [0/8] Loss: 5.9024 Bio: 0.8008 GateEnt: 0.0000 GateDiv: 0.0000
Epoch [105/400] Total Loss: 47.2203
Epoch [106/400] Step [0/8] Loss: 5.9779 Bio: 0.7395 GateEnt: 0.0000 GateDiv: 0.0000
Epoch [106/400] Total Loss: 46.8619
Epoch [107/400] Step [0/8] Loss: 6.0301 Bio: 0.8492 GateEnt: 0.0000 GateDiv: 0.0000
Epoch [107/400] Total Loss: 46.6140
Epoch [108/400] Step [0/8] Loss: 5.8549 Bio: 0.7952 GateEnt: 0.0000 GateDiv: 0.0000
Epoch [108/400] Total Loss: 46.8633
Epoch [109/400] Step [0/8] Loss: 6.0098 Bio: 0.8813 GateEnt: 0.0000 GateDiv: 0.0000
Epoch [109/400] Total Loss: 47.4722
Epoch [110/400] Step [0/8] Loss: 5.8637 Bio: 0.8672 GateEnt: 0.0000 GateDiv: 0.0000
Epoch [110/400] Total Loss: 47.0194
Epoch [111/400] Step [0/8] Loss: 5.9787 Bio: 0.7600 GateEnt: 0.0000 GateDiv: 0.0000
Epoch [111/400] Total Loss: 46.8344
Epoch [112/400] Step [0/8] Loss: 5.7108 Bio: 0.9091 GateEnt: 0.0000 GateDiv: 0.0000
Epoch [112/400] Total Loss: 46.8179
Epoch [113/400] Step [0/8] Loss: 5.8897 Bio: 0.8402 GateEnt: 0.0000 GateDiv: 0.0000
Epoch [113/400] Total Loss: 46.9238
Epoch [114/400] Step [0/8] Loss: 5.7836 Bio: 0.8512 GateEnt: 0.0000 GateDiv: 0.0000
Epoch [114/400] Total Loss: 46.8175
Epoch [115/400] Step [0/8] Loss: 5.8345 Bio: 0.9404 GateEnt: 0.0000 GateDiv: 0.0000
Epoch [115/400] Total Loss: 46.2612
Epoch [116/400] Step [0/8] Loss: 5.7423 Bio: 0.8069 GateEnt: 0.0000 GateDiv: 0.0000
Epoch [116/400] Total Loss: 46.7572
Epoch [117/400] Step [0/8] Loss: 5.8573 Bio: 0.7042 GateEnt: 0.0000 GateDiv: 0.0000
Epoch [117/400] Total Loss: 46.7871
Epoch [118/400] Step [0/8] Loss: 5.7989 Bio: 0.7394 GateEnt: 0.0000 GateDiv: 0.0000
Epoch [118/400] Total Loss: 46.6099
Epoch [119/400] Step [0/8] Loss: 5.9642 Bio: 0.9139 GateEnt: 0.0000 GateDiv: 0.0000
Epoch [119/400] Total Loss: 46.8598
Epoch [120/400] Step [0/8] Loss: 5.8990 Bio: 0.7647 GateEnt: 0.0000 GateDiv: 0.0000
Epoch [120/400] Total Loss: 46.6920
Epoch [121/400] Step [0/8] Loss: 5.9151 Bio: 0.7653 GateEnt: 0.0000 GateDiv: 0.0000
Epoch [121/400] Total Loss: 47.2718
Epoch [122/400] Step [0/8] Loss: 6.0743 Bio: 0.7089 GateEnt: 0.0000 GateDiv: 0.0000
Epoch [122/400] Total Loss: 47.0414
Epoch [123/400] Step [0/8] Loss: 5.9066 Bio: 0.8565 GateEnt: 0.0000 GateDiv: 0.0000
Epoch [123/400] Total Loss: 46.9192
Epoch [124/400] Step [0/8] Loss: 5.9283 Bio: 0.8286 GateEnt: 0.0000 GateDiv: 0.0000
Epoch [124/400] Total Loss: 46.6934
Epoch [125/400] Step [0/8] Loss: 5.8604 Bio: 0.7759 GateEnt: 0.0000 GateDiv: 0.0000
Epoch [125/400] Total Loss: 46.8620
Epoch [126/400] Step [0/8] Loss: 5.7978 Bio: 0.8229 GateEnt: 0.0000 GateDiv: 0.0000
Epoch [126/400] Total Loss: 47.1857
Epoch [127/400] Step [0/8] Loss: 5.6181 Bio: 0.8926 GateEnt: 0.0000 GateDiv: 0.0000
Epoch [127/400] Total Loss: 47.0965
Epoch [128/400] Step [0/8] Loss: 5.9722 Bio: 1.0787 GateEnt: 0.0000 GateDiv: 0.0000
Epoch [128/400] Total Loss: 47.3650
Epoch [129/400] Step [0/8] Loss: 5.8635 Bio: 0.6577 GateEnt: 0.0000 GateDiv: 0.0000
Epoch [129/400] Total Loss: 47.6823
Epoch [130/400] Step [0/8] Loss: 5.7382 Bio: 0.8853 GateEnt: 0.0000 GateDiv: 0.0000
Epoch [130/400] Total Loss: 46.8416
Epoch [131/400] Step [0/8] Loss: 5.9913 Bio: 0.8833 GateEnt: 0.0000 GateDiv: 0.0000
Epoch [131/400] Total Loss: 46.3993
Epoch [132/400] Step [0/8] Loss: 5.9191 Bio: 0.8118 GateEnt: 0.0000 GateDiv: 0.0000
Epoch [132/400] Total Loss: 46.8581
Epoch [133/400] Step [0/8] Loss: 6.0098 Bio: 0.8282 GateEnt: 0.0000 GateDiv: 0.0000
Epoch [133/400] Total Loss: 46.3256
Epoch [134/400] Step [0/8] Loss: 5.6956 Bio: 0.7368 GateEnt: 0.0000 GateDiv: 0.0000
Epoch [134/400] Total Loss: 46.4159
Epoch [135/400] Step [0/8] Loss: 5.9697 Bio: 0.7925 GateEnt: 0.0000 GateDiv: 0.0000
Epoch [135/400] Total Loss: 46.3096
Epoch [136/400] Step [0/8] Loss: 6.0508 Bio: 1.0590 GateEnt: 0.0000 GateDiv: 0.0000
Epoch [136/400] Total Loss: 46.6538
Epoch [137/400] Step [0/8] Loss: 5.8643 Bio: 0.8290 GateEnt: 0.0000 GateDiv: 0.0000
Epoch [137/400] Total Loss: 46.2851
Epoch [138/400] Step [0/8] Loss: 5.6249 Bio: 0.8905 GateEnt: 0.0000 GateDiv: 0.0000
Epoch [138/400] Total Loss: 46.0693
Epoch [139/400] Step [0/8] Loss: 5.7021 Bio: 0.8701 GateEnt: 0.0000 GateDiv: 0.0000
Epoch [139/400] Total Loss: 45.9630
Epoch [140/400] Step [0/8] Loss: 5.6821 Bio: 0.8356 GateEnt: 0.0000 GateDiv: 0.0000
Epoch [140/400] Total Loss: 46.1530
Epoch [141/400] Step [0/8] Loss: 5.5074 Bio: 0.8920 GateEnt: 0.0000 GateDiv: 0.0000
Epoch [141/400] Total Loss: 45.9803
Epoch [142/400] Step [0/8] Loss: 5.9851 Bio: 0.9814 GateEnt: 0.0000 GateDiv: 0.0000
Epoch [142/400] Total Loss: 46.5505
Epoch [143/400] Step [0/8] Loss: 5.8417 Bio: 0.7526 GateEnt: 0.0000 GateDiv: 0.0000
Epoch [143/400] Total Loss: 46.2436
Epoch [144/400] Step [0/8] Loss: 5.7949 Bio: 0.8986 GateEnt: 0.0000 GateDiv: 0.0000
Epoch [144/400] Total Loss: 46.2770
Epoch [145/400] Step [0/8] Loss: 5.7873 Bio: 0.8588 GateEnt: 0.0000 GateDiv: 0.0000
Epoch [145/400] Total Loss: 46.7440
Epoch [146/400] Step [0/8] Loss: 5.6325 Bio: 0.8069 GateEnt: 0.0000 GateDiv: 0.0000
Epoch [146/400] Total Loss: 46.3933
Epoch [147/400] Step [0/8] Loss: 5.8222 Bio: 0.8981 GateEnt: 0.0000 GateDiv: 0.0000
Epoch [147/400] Total Loss: 45.9603
Epoch [148/400] Step [0/8] Loss: 5.6706 Bio: 0.7853 GateEnt: 0.0000 GateDiv: 0.0000
Epoch [148/400] Total Loss: 46.0923
Epoch [149/400] Step [0/8] Loss: 5.6258 Bio: 1.0467 GateEnt: 0.0000 GateDiv: 0.0000
Epoch [149/400] Total Loss: 45.8310
Epoch [150/400] Step [0/8] Loss: 5.8540 Bio: 0.7215 GateEnt: 0.0000 GateDiv: 0.0000
Epoch [150/400] Total Loss: 46.1545
Epoch [151/400] Step [0/8] Loss: 5.7123 Bio: 0.7595 GateEnt: 0.0000 GateDiv: 0.0000
Epoch [151/400] Total Loss: 46.3033
Epoch [152/400] Step [0/8] Loss: 5.8364 Bio: 0.9249 GateEnt: 0.0000 GateDiv: 0.0000
Epoch [152/400] Total Loss: 46.1645
Epoch [153/400] Step [0/8] Loss: 5.6474 Bio: 0.8011 GateEnt: 0.0000 GateDiv: 0.0000
Epoch [153/400] Total Loss: 45.5100
Epoch [154/400] Step [0/8] Loss: 5.9528 Bio: 0.8297 GateEnt: 0.0000 GateDiv: 0.0000
Epoch [154/400] Total Loss: 46.8600
Epoch [155/400] Step [0/8] Loss: 5.8488 Bio: 0.8276 GateEnt: 0.0000 GateDiv: 0.0000
Epoch [155/400] Total Loss: 46.5467
Epoch [156/400] Step [0/8] Loss: 5.6745 Bio: 0.7567 GateEnt: 0.0000 GateDiv: 0.0000
Epoch [156/400] Total Loss: 45.9392
Epoch [157/400] Step [0/8] Loss: 5.7321 Bio: 0.8081 GateEnt: 0.0000 GateDiv: 0.0000
Epoch [157/400] Total Loss: 45.4915
Epoch [158/400] Step [0/8] Loss: 5.8460 Bio: 0.8816 GateEnt: 0.0000 GateDiv: 0.0000
Epoch [158/400] Total Loss: 45.6477
Epoch [159/400] Step [0/8] Loss: 5.7511 Bio: 0.6827 GateEnt: 0.0000 GateDiv: 0.0000
Epoch [159/400] Total Loss: 45.7535
Epoch [160/400] Step [0/8] Loss: 5.7142 Bio: 0.8598 GateEnt: 0.0000 GateDiv: 0.0000
Epoch [160/400] Total Loss: 45.9491
Epoch [161/400] Step [0/8] Loss: 5.4719 Bio: 0.8805 GateEnt: 0.0000 GateDiv: 0.0000
Epoch [161/400] Total Loss: 45.6340
Epoch [162/400] Step [0/8] Loss: 5.7644 Bio: 0.7877 GateEnt: 0.0000 GateDiv: 0.0000
Epoch [162/400] Total Loss: 45.6060
Epoch [163/400] Step [0/8] Loss: 5.5483 Bio: 0.9120 GateEnt: 0.0000 GateDiv: 0.0000
Epoch [163/400] Total Loss: 45.1781
Epoch [164/400] Step [0/8] Loss: 5.5300 Bio: 0.8191 GateEnt: 0.0000 GateDiv: 0.0000
Epoch [164/400] Total Loss: 45.1493
Epoch [165/400] Step [0/8] Loss: 5.4635 Bio: 0.8083 GateEnt: 0.0000 GateDiv: 0.0000
Epoch [165/400] Total Loss: 45.3180
Epoch [166/400] Step [0/8] Loss: 5.8274 Bio: 0.7651 GateEnt: 0.0000 GateDiv: 0.0000
Epoch [166/400] Total Loss: 45.9497
Epoch [167/400] Step [0/8] Loss: 5.6548 Bio: 0.8666 GateEnt: 0.0000 GateDiv: 0.0000
Epoch [167/400] Total Loss: 45.3035
Epoch [168/400] Step [0/8] Loss: 5.8908 Bio: 0.7933 GateEnt: 0.0000 GateDiv: 0.0000
Epoch [168/400] Total Loss: 45.6969
Epoch [169/400] Step [0/8] Loss: 5.5834 Bio: 0.8427 GateEnt: 0.0000 GateDiv: 0.0000
Epoch [169/400] Total Loss: 45.4471
Epoch [170/400] Step [0/8] Loss: 5.4850 Bio: 0.8279 GateEnt: 0.0000 GateDiv: 0.0000
Epoch [170/400] Total Loss: 45.0178
Epoch [171/400] Step [0/8] Loss: 5.4572 Bio: 0.6811 GateEnt: 0.0000 GateDiv: 0.0000
Epoch [171/400] Total Loss: 44.9145
Epoch [172/400] Step [0/8] Loss: 5.5910 Bio: 0.7111 GateEnt: 0.0000 GateDiv: 0.0000
Epoch [172/400] Total Loss: 45.5482
Epoch [173/400] Step [0/8] Loss: 5.6961 Bio: 0.8157 GateEnt: 0.0000 GateDiv: 0.0000
Epoch [173/400] Total Loss: 45.1099
Epoch [174/400] Step [0/8] Loss: 5.7553 Bio: 0.9351 GateEnt: 0.0000 GateDiv: 0.0000
Epoch [174/400] Total Loss: 45.2167
Epoch [175/400] Step [0/8] Loss: 5.7567 Bio: 0.8928 GateEnt: 0.0000 GateDiv: 0.0000
Epoch [175/400] Total Loss: 45.2370
Epoch [176/400] Step [0/8] Loss: 5.5091 Bio: 0.8214 GateEnt: 0.0000 GateDiv: 0.0000
Epoch [176/400] Total Loss: 45.0971
Epoch [177/400] Step [0/8] Loss: 5.6024 Bio: 0.7216 GateEnt: 0.0000 GateDiv: 0.0000
Epoch [177/400] Total Loss: 44.5091
Epoch [178/400] Step [0/8] Loss: 5.5974 Bio: 0.7273 GateEnt: 0.0000 GateDiv: 0.0000
Epoch [178/400] Total Loss: 45.0379
Epoch [179/400] Step [0/8] Loss: 5.7983 Bio: 0.7445 GateEnt: 0.0000 GateDiv: 0.0000
Epoch [179/400] Total Loss: 45.4540
Epoch [180/400] Step [0/8] Loss: 5.7544 Bio: 0.8523 GateEnt: 0.0000 GateDiv: 0.0000
Epoch [180/400] Total Loss: 45.1484
Epoch [181/400] Step [0/8] Loss: 5.6658 Bio: 0.8989 GateEnt: 0.0000 GateDiv: 0.0000
Epoch [181/400] Total Loss: 45.2810
Epoch [182/400] Step [0/8] Loss: 5.7464 Bio: 0.7389 GateEnt: 0.0000 GateDiv: 0.0000
Epoch [182/400] Total Loss: 45.1744
Epoch [183/400] Step [0/8] Loss: 5.6521 Bio: 0.8204 GateEnt: 0.0000 GateDiv: 0.0000
Epoch [183/400] Total Loss: 44.9078
Epoch [184/400] Step [0/8] Loss: 5.4777 Bio: 0.7818 GateEnt: 0.0000 GateDiv: 0.0000
Epoch [184/400] Total Loss: 44.8886
Epoch [185/400] Step [0/8] Loss: 5.8021 Bio: 1.0156 GateEnt: 0.0000 GateDiv: 0.0000
Epoch [185/400] Total Loss: 44.6775
Epoch [186/400] Step [0/8] Loss: 5.9148 Bio: 0.7434 GateEnt: 0.0000 GateDiv: 0.0000
Epoch [186/400] Total Loss: 45.0202
Epoch [187/400] Step [0/8] Loss: 5.6308 Bio: 0.7408 GateEnt: 0.0000 GateDiv: 0.0000
Epoch [187/400] Total Loss: 44.7105
Epoch [188/400] Step [0/8] Loss: 5.6013 Bio: 0.7489 GateEnt: 0.0000 GateDiv: 0.0000
Epoch [188/400] Total Loss: 44.8364
Epoch [189/400] Step [0/8] Loss: 5.7979 Bio: 0.7959 GateEnt: 0.0000 GateDiv: 0.0000
Epoch [189/400] Total Loss: 45.3211
Epoch [190/400] Step [0/8] Loss: 5.5645 Bio: 0.7879 GateEnt: 0.0000 GateDiv: 0.0000
Epoch [190/400] Total Loss: 45.0790
Epoch [191/400] Step [0/8] Loss: 5.5445 Bio: 0.6981 GateEnt: 0.0000 GateDiv: 0.0000
Epoch [191/400] Total Loss: 45.1132
Epoch [192/400] Step [0/8] Loss: 5.6081 Bio: 0.9496 GateEnt: 0.0000 GateDiv: 0.0000
Epoch [192/400] Total Loss: 44.9028
Epoch [193/400] Step [0/8] Loss: 5.3590 Bio: 0.8775 GateEnt: 0.0000 GateDiv: 0.0000
Epoch [193/400] Total Loss: 44.4680
Epoch [194/400] Step [0/8] Loss: 5.6766 Bio: 0.7817 GateEnt: 0.0000 GateDiv: 0.0000
Epoch [194/400] Total Loss: 45.3658
Epoch [195/400] Step [0/8] Loss: 5.3617 Bio: 0.7555 GateEnt: 0.0000 GateDiv: 0.0000
Epoch [195/400] Total Loss: 44.8301
Epoch [196/400] Step [0/8] Loss: 5.4947 Bio: 0.6983 GateEnt: 0.0000 GateDiv: 0.0000
Epoch [196/400] Total Loss: 44.8105
Epoch [197/400] Step [0/8] Loss: 5.5097 Bio: 0.7445 GateEnt: 0.0000 GateDiv: 0.0000
Epoch [197/400] Total Loss: 44.7460
Epoch [198/400] Step [0/8] Loss: 5.8585 Bio: 0.7037 GateEnt: 0.0000 GateDiv: 0.0000
Epoch [198/400] Total Loss: 44.5796
Epoch [199/400] Step [0/8] Loss: 5.2650 Bio: 0.6646 GateEnt: 0.0000 GateDiv: 0.0000
Epoch [199/400] Total Loss: 44.1732
Epoch [200/400] Step [0/8] Loss: 5.4909 Bio: 0.7504 GateEnt: 0.0000 GateDiv: 0.0000
Epoch [200/400] Total Loss: 44.2426
Epoch [201/400] Step [0/8] Loss: 5.3841 Bio: 0.7242 GateEnt: 0.0000 GateDiv: 0.0000
Epoch [201/400] Total Loss: 44.4943
Epoch [202/400] Step [0/8] Loss: 5.5825 Bio: 0.7577 GateEnt: 0.0000 GateDiv: 0.0000
Epoch [202/400] Total Loss: 44.2767
Epoch [203/400] Step [0/8] Loss: 5.3012 Bio: 1.0341 GateEnt: 0.0000 GateDiv: 0.0000
Epoch [203/400] Total Loss: 44.3201
Epoch [204/400] Step [0/8] Loss: 5.8430 Bio: 0.7552 GateEnt: 0.0000 GateDiv: 0.0000
Epoch [204/400] Total Loss: 45.0065
Epoch [205/400] Step [0/8] Loss: 5.7550 Bio: 0.7593 GateEnt: 0.0000 GateDiv: 0.0000
Epoch [205/400] Total Loss: 44.6944
Epoch [206/400] Step [0/8] Loss: 5.6208 Bio: 0.8365 GateEnt: 0.0000 GateDiv: 0.0000
Epoch [206/400] Total Loss: 43.7353
Epoch [207/400] Step [0/8] Loss: 5.5413 Bio: 0.8519 GateEnt: 0.0000 GateDiv: 0.0000
Epoch [207/400] Total Loss: 44.5621
Epoch [208/400] Step [0/8] Loss: 5.4828 Bio: 0.8659 GateEnt: 0.0000 GateDiv: 0.0000
Epoch [208/400] Total Loss: 44.6172
Epoch [209/400] Step [0/8] Loss: 5.7968 Bio: 0.8899 GateEnt: 0.0000 GateDiv: 0.0000
Epoch [209/400] Total Loss: 44.3776
Epoch [210/400] Step [0/8] Loss: 5.5837 Bio: 0.8138 GateEnt: 0.0000 GateDiv: 0.0000
Epoch [210/400] Total Loss: 43.5209
Epoch [211/400] Step [0/8] Loss: 5.5650 Bio: 0.8415 GateEnt: 0.0000 GateDiv: 0.0000
Epoch [211/400] Total Loss: 44.1069
Epoch [212/400] Step [0/8] Loss: 5.4243 Bio: 0.8757 GateEnt: 0.0000 GateDiv: 0.0000
Epoch [212/400] Total Loss: 44.9569
Epoch [213/400] Step [0/8] Loss: 5.5334 Bio: 0.8257 GateEnt: 0.0000 GateDiv: 0.0000
Epoch [213/400] Total Loss: 44.3585
Epoch [214/400] Step [0/8] Loss: 5.3831 Bio: 0.8200 GateEnt: 0.0000 GateDiv: 0.0000
Epoch [214/400] Total Loss: 44.5839
Epoch [215/400] Step [0/8] Loss: 5.4064 Bio: 0.7436 GateEnt: 0.0000 GateDiv: 0.0000
Epoch [215/400] Total Loss: 44.0339
Epoch [216/400] Step [0/8] Loss: 5.7044 Bio: 0.7773 GateEnt: 0.0000 GateDiv: 0.0000
Epoch [216/400] Total Loss: 44.6366
Epoch [217/400] Step [0/8] Loss: 5.6172 Bio: 0.7286 GateEnt: 0.0000 GateDiv: 0.0000
Epoch [217/400] Total Loss: 44.3532
Epoch [218/400] Step [0/8] Loss: 5.6809 Bio: 0.7813 GateEnt: 0.0000 GateDiv: 0.0000
Epoch [218/400] Total Loss: 44.2618
Epoch [219/400] Step [0/8] Loss: 5.5327 Bio: 0.8613 GateEnt: 0.0000 GateDiv: 0.0000
Epoch [219/400] Total Loss: 43.9987
Epoch [220/400] Step [0/8] Loss: 5.3679 Bio: 0.9385 GateEnt: 0.0000 GateDiv: 0.0000
Epoch [220/400] Total Loss: 44.2121
Epoch [221/400] Step [0/8] Loss: 5.5159 Bio: 0.7893 GateEnt: 0.0000 GateDiv: 0.0000
Epoch [221/400] Total Loss: 43.9439
Epoch [222/400] Step [0/8] Loss: 5.3707 Bio: 0.7549 GateEnt: 0.0000 GateDiv: 0.0000
Epoch [222/400] Total Loss: 43.6643
Epoch [223/400] Step [0/8] Loss: 5.3631 Bio: 0.7965 GateEnt: 0.0000 GateDiv: 0.0000
Epoch [223/400] Total Loss: 44.2811
Epoch [224/400] Step [0/8] Loss: 5.6398 Bio: 0.7725 GateEnt: 0.0000 GateDiv: 0.0000
Epoch [224/400] Total Loss: 43.7245
Epoch [225/400] Step [0/8] Loss: 5.4942 Bio: 0.7890 GateEnt: 0.0000 GateDiv: 0.0000
Epoch [225/400] Total Loss: 43.7846
Epoch [226/400] Step [0/8] Loss: 5.6799 Bio: 0.8109 GateEnt: 0.0000 GateDiv: 0.0000
Epoch [226/400] Total Loss: 44.0714
Epoch [227/400] Step [0/8] Loss: 5.4874 Bio: 0.8550 GateEnt: 0.0000 GateDiv: 0.0000
Epoch [227/400] Total Loss: 44.0646
Epoch [228/400] Step [0/8] Loss: 5.5038 Bio: 0.7899 GateEnt: 0.0000 GateDiv: 0.0000
Epoch [228/400] Total Loss: 43.5520
Epoch [229/400] Step [0/8] Loss: 5.5678 Bio: 0.9199 GateEnt: 0.0000 GateDiv: 0.0000
Epoch [229/400] Total Loss: 44.2094
Epoch [230/400] Step [0/8] Loss: 5.7410 Bio: 0.7869 GateEnt: 0.0000 GateDiv: 0.0000
Epoch [230/400] Total Loss: 44.3115
Epoch [231/400] Step [0/8] Loss: 5.5834 Bio: 0.7717 GateEnt: 0.0000 GateDiv: 0.0000
Epoch [231/400] Total Loss: 43.9589
Epoch [232/400] Step [0/8] Loss: 5.5395 Bio: 0.8024 GateEnt: 0.0000 GateDiv: 0.0000
Epoch [232/400] Total Loss: 43.9719
Epoch [233/400] Step [0/8] Loss: 5.5007 Bio: 0.6989 GateEnt: 0.0000 GateDiv: 0.0000
Epoch [233/400] Total Loss: 44.3420
Epoch [234/400] Step [0/8] Loss: 5.3439 Bio: 0.7972 GateEnt: 0.0000 GateDiv: 0.0000
Epoch [234/400] Total Loss: 43.5973
Epoch [235/400] Step [0/8] Loss: 5.5154 Bio: 0.8829 GateEnt: 0.0000 GateDiv: 0.0000
Epoch [235/400] Total Loss: 44.1331
Epoch [236/400] Step [0/8] Loss: 5.3354 Bio: 0.8433 GateEnt: 0.0000 GateDiv: 0.0000
Epoch [236/400] Total Loss: 43.5068
Epoch [237/400] Step [0/8] Loss: 5.5964 Bio: 0.8221 GateEnt: 0.0000 GateDiv: 0.0000
Epoch [237/400] Total Loss: 43.8842
Epoch [238/400] Step [0/8] Loss: 5.3632 Bio: 0.7389 GateEnt: 0.0000 GateDiv: 0.0000
Epoch [238/400] Total Loss: 43.3603
Epoch [239/400] Step [0/8] Loss: 5.5571 Bio: 0.7364 GateEnt: 0.0000 GateDiv: 0.0000
Epoch [239/400] Total Loss: 43.5461
Epoch [240/400] Step [0/8] Loss: 5.4278 Bio: 0.8685 GateEnt: 0.0000 GateDiv: 0.0000
Epoch [240/400] Total Loss: 43.7643
Epoch [241/400] Step [0/8] Loss: 5.6182 Bio: 0.6470 GateEnt: 0.0000 GateDiv: 0.0000
Epoch [241/400] Total Loss: 44.9918
Epoch [242/400] Step [0/8] Loss: 5.5265 Bio: 0.8018 GateEnt: 0.0000 GateDiv: 0.0000
Epoch [242/400] Total Loss: 43.4671
Epoch [243/400] Step [0/8] Loss: 5.7367 Bio: 0.6297 GateEnt: 0.0000 GateDiv: 0.0000
Epoch [243/400] Total Loss: 44.2376
Epoch [244/400] Step [0/8] Loss: 5.4668 Bio: 0.7848 GateEnt: 0.0000 GateDiv: 0.0000
Epoch [244/400] Total Loss: 43.7139
Epoch [245/400] Step [0/8] Loss: 5.4049 Bio: 0.7100 GateEnt: 0.0000 GateDiv: 0.0000
Epoch [245/400] Total Loss: 43.7214
Epoch [246/400] Step [0/8] Loss: 5.4286 Bio: 0.7079 GateEnt: 0.0000 GateDiv: 0.0000
Epoch [246/400] Total Loss: 43.2744
Epoch [247/400] Step [0/8] Loss: 5.5788 Bio: 0.7949 GateEnt: 0.0000 GateDiv: 0.0000
Epoch [247/400] Total Loss: 43.8204
Epoch [248/400] Step [0/8] Loss: 5.3811 Bio: 0.6694 GateEnt: 0.0000 GateDiv: 0.0000
Epoch [248/400] Total Loss: 43.6170
Epoch [249/400] Step [0/8] Loss: 5.3632 Bio: 0.7684 GateEnt: 0.0000 GateDiv: 0.0000
Epoch [249/400] Total Loss: 42.8862
Epoch [250/400] Step [0/8] Loss: 5.5161 Bio: 0.7274 GateEnt: 0.0000 GateDiv: 0.0000
Epoch [250/400] Total Loss: 44.1023
Epoch [251/400] Step [0/8] Loss: 5.4354 Bio: 0.7498 GateEnt: 0.0000 GateDiv: 0.0000
Epoch [251/400] Total Loss: 43.4528
Epoch [252/400] Step [0/8] Loss: 5.5114 Bio: 0.7233 GateEnt: 0.0000 GateDiv: 0.0000
Epoch [252/400] Total Loss: 43.5277
Epoch [253/400] Step [0/8] Loss: 5.4812 Bio: 0.7837 GateEnt: 0.0000 GateDiv: 0.0000
Epoch [253/400] Total Loss: 43.5208
Epoch [254/400] Step [0/8] Loss: 5.3485 Bio: 0.8133 GateEnt: 0.0000 GateDiv: 0.0000
Epoch [254/400] Total Loss: 43.2291
Epoch [255/400] Step [0/8] Loss: 5.3932 Bio: 0.8167 GateEnt: 0.0000 GateDiv: 0.0000
Epoch [255/400] Total Loss: 43.7638
Epoch [256/400] Step [0/8] Loss: 5.4192 Bio: 0.7806 GateEnt: 0.0000 GateDiv: 0.0000
Epoch [256/400] Total Loss: 43.4610
Epoch [257/400] Step [0/8] Loss: 5.6973 Bio: 0.8934 GateEnt: 0.0000 GateDiv: 0.0000
Epoch [257/400] Total Loss: 43.6895
Epoch [258/400] Step [0/8] Loss: 5.2909 Bio: 0.7186 GateEnt: 0.0000 GateDiv: 0.0000
Epoch [258/400] Total Loss: 43.2724
Epoch [259/400] Step [0/8] Loss: 5.4224 Bio: 0.6830 GateEnt: 0.0000 GateDiv: 0.0000
Epoch [259/400] Total Loss: 43.3650
Epoch [260/400] Step [0/8] Loss: 5.5491 Bio: 0.6896 GateEnt: 0.0000 GateDiv: 0.0000
Epoch [260/400] Total Loss: 43.8638
Epoch [261/400] Step [0/8] Loss: 5.5208 Bio: 0.6630 GateEnt: 0.0000 GateDiv: 0.0000
Epoch [261/400] Total Loss: 44.0523
Epoch [262/400] Step [0/8] Loss: 5.3895 Bio: 0.7525 GateEnt: 0.0000 GateDiv: 0.0000
Epoch [262/400] Total Loss: 43.3674
Epoch [263/400] Step [0/8] Loss: 5.6182 Bio: 0.8048 GateEnt: 0.0000 GateDiv: 0.0000
Epoch [263/400] Total Loss: 43.7702
Epoch [264/400] Step [0/8] Loss: 5.3820 Bio: 0.7158 GateEnt: 0.0000 GateDiv: 0.0000
Epoch [264/400] Total Loss: 43.3689
Epoch [265/400] Step [0/8] Loss: 5.3071 Bio: 0.7217 GateEnt: 0.0000 GateDiv: 0.0000
Epoch [265/400] Total Loss: 43.1814
Epoch [266/400] Step [0/8] Loss: 5.4121 Bio: 0.6633 GateEnt: 0.0000 GateDiv: 0.0000
Epoch [266/400] Total Loss: 43.8300
Epoch [267/400] Step [0/8] Loss: 5.2632 Bio: 0.7915 GateEnt: 0.0000 GateDiv: 0.0000
Epoch [267/400] Total Loss: 42.7834
Epoch [268/400] Step [0/8] Loss: 5.4820 Bio: 0.8117 GateEnt: 0.0000 GateDiv: 0.0000
Epoch [268/400] Total Loss: 43.6328
Epoch [269/400] Step [0/8] Loss: 5.5893 Bio: 0.6548 GateEnt: 0.0000 GateDiv: 0.0000
Epoch [269/400] Total Loss: 43.5186
Epoch [270/400] Step [0/8] Loss: 5.5307 Bio: 0.7484 GateEnt: 0.0000 GateDiv: 0.0000
Epoch [270/400] Total Loss: 43.6176
Epoch [271/400] Step [0/8] Loss: 5.3939 Bio: 0.8761 GateEnt: 0.0000 GateDiv: 0.0000
Epoch [271/400] Total Loss: 43.0064
Epoch [272/400] Step [0/8] Loss: 5.3534 Bio: 0.7806 GateEnt: 0.0000 GateDiv: 0.0000
Epoch [272/400] Total Loss: 42.8528
Epoch [273/400] Step [0/8] Loss: 5.6073 Bio: 0.6753 GateEnt: 0.0000 GateDiv: 0.0000
Epoch [273/400] Total Loss: 43.6914
Epoch [274/400] Step [0/8] Loss: 5.3740 Bio: 0.7556 GateEnt: 0.0000 GateDiv: 0.0000
Epoch [274/400] Total Loss: 43.8489
Epoch [275/400] Step [0/8] Loss: 5.3327 Bio: 0.7412 GateEnt: 0.0000 GateDiv: 0.0000
Epoch [275/400] Total Loss: 43.0203
Epoch [276/400] Step [0/8] Loss: 5.4307 Bio: 0.9029 GateEnt: 0.0000 GateDiv: 0.0000
Epoch [276/400] Total Loss: 43.3408
Epoch [277/400] Step [0/8] Loss: 5.4515 Bio: 0.8826 GateEnt: 0.0000 GateDiv: 0.0000
Epoch [277/400] Total Loss: 42.7988
Epoch [278/400] Step [0/8] Loss: 5.3444 Bio: 0.7110 GateEnt: 0.0000 GateDiv: 0.0000
Epoch [278/400] Total Loss: 43.2720
Epoch [279/400] Step [0/8] Loss: 5.3565 Bio: 0.8683 GateEnt: 0.0000 GateDiv: 0.0000
Epoch [279/400] Total Loss: 43.1389
Epoch [280/400] Step [0/8] Loss: 5.5361 Bio: 0.7139 GateEnt: 0.0000 GateDiv: 0.0000
Epoch [280/400] Total Loss: 43.2987
Epoch [281/400] Step [0/8] Loss: 5.3785 Bio: 0.7198 GateEnt: 0.0000 GateDiv: 0.0000
Epoch [281/400] Total Loss: 43.0777
Epoch [282/400] Step [0/8] Loss: 5.2579 Bio: 0.8228 GateEnt: 0.0000 GateDiv: 0.0000
Epoch [282/400] Total Loss: 42.7854
Epoch [283/400] Step [0/8] Loss: 5.3073 Bio: 0.7758 GateEnt: 0.0000 GateDiv: 0.0000
Epoch [283/400] Total Loss: 42.5015
Epoch [284/400] Step [0/8] Loss: 5.4235 Bio: 0.7747 GateEnt: 0.0000 GateDiv: 0.0000
Epoch [284/400] Total Loss: 42.9643
Epoch [285/400] Step [0/8] Loss: 5.3606 Bio: 0.8376 GateEnt: 0.0000 GateDiv: 0.0000
Epoch [285/400] Total Loss: 43.1841
Epoch [286/400] Step [0/8] Loss: 5.5251 Bio: 0.6776 GateEnt: 0.0000 GateDiv: 0.0000
Epoch [286/400] Total Loss: 42.8075
Epoch [287/400] Step [0/8] Loss: 5.4926 Bio: 0.8165 GateEnt: 0.0000 GateDiv: 0.0000
Epoch [287/400] Total Loss: 42.9492
Epoch [288/400] Step [0/8] Loss: 5.4187 Bio: 0.7700 GateEnt: 0.0000 GateDiv: 0.0000
Epoch [288/400] Total Loss: 43.2370
Epoch [289/400] Step [0/8] Loss: 5.4480 Bio: 0.8866 GateEnt: 0.0000 GateDiv: 0.0000
Epoch [289/400] Total Loss: 43.7048
Epoch [290/400] Step [0/8] Loss: 5.4485 Bio: 0.7679 GateEnt: 0.0000 GateDiv: 0.0000
Epoch [290/400] Total Loss: 43.5598
Epoch [291/400] Step [0/8] Loss: 5.3317 Bio: 0.6638 GateEnt: 0.0000 GateDiv: 0.0000
Epoch [291/400] Total Loss: 43.3839
Epoch [292/400] Step [0/8] Loss: 5.4359 Bio: 0.6803 GateEnt: 0.0000 GateDiv: 0.0000
Epoch [292/400] Total Loss: 43.2652
Epoch [293/400] Step [0/8] Loss: 5.5618 Bio: 0.7974 GateEnt: 0.0000 GateDiv: 0.0000
Epoch [293/400] Total Loss: 43.1204
Epoch [294/400] Step [0/8] Loss: 5.5036 Bio: 0.8486 GateEnt: 0.0000 GateDiv: 0.0000
Epoch [294/400] Total Loss: 42.9061
Epoch [295/400] Step [0/8] Loss: 5.3970 Bio: 0.7909 GateEnt: 0.0000 GateDiv: 0.0000
Epoch [295/400] Total Loss: 42.8539
Epoch [296/400] Step [0/8] Loss: 5.3817 Bio: 0.9712 GateEnt: 0.0000 GateDiv: 0.0000
Epoch [296/400] Total Loss: 43.1097
Epoch [297/400] Step [0/8] Loss: 5.5875 Bio: 0.7346 GateEnt: 0.0000 GateDiv: 0.0000
Epoch [297/400] Total Loss: 43.2966
Epoch [298/400] Step [0/8] Loss: 5.2513 Bio: 0.8139 GateEnt: 0.0000 GateDiv: 0.0000
Epoch [298/400] Total Loss: 42.5730
Epoch [299/400] Step [0/8] Loss: 5.4594 Bio: 0.7630 GateEnt: 0.0000 GateDiv: 0.0000
Epoch [299/400] Total Loss: 43.1019
Epoch [300/400] Step [0/8] Loss: 5.3019 Bio: 0.7181 GateEnt: 0.0000 GateDiv: 0.0000
Epoch [300/400] Total Loss: 43.0691
Epoch [301/400] Step [0/8] Loss: 5.2462 Bio: 0.8371 GateEnt: 0.0000 GateDiv: 0.0000
Epoch [301/400] Total Loss: 42.8511
Epoch [302/400] Step [0/8] Loss: 5.4916 Bio: 0.7594 GateEnt: 0.0000 GateDiv: 0.0000
Epoch [302/400] Total Loss: 43.0558
Epoch [303/400] Step [0/8] Loss: 5.4231 Bio: 0.7440 GateEnt: 0.0000 GateDiv: 0.0000
Epoch [303/400] Total Loss: 42.8159
Epoch [304/400] Step [0/8] Loss: 5.3638 Bio: 0.7208 GateEnt: 0.0000 GateDiv: 0.0000
Epoch [304/400] Total Loss: 43.1513
Epoch [305/400] Step [0/8] Loss: 5.1018 Bio: 0.7832 GateEnt: 0.0000 GateDiv: 0.0000
Epoch [305/400] Total Loss: 42.3915
Epoch [306/400] Step [0/8] Loss: 5.2268 Bio: 0.8056 GateEnt: 0.0000 GateDiv: 0.0000
Epoch [306/400] Total Loss: 42.9437
Epoch [307/400] Step [0/8] Loss: 5.2349 Bio: 0.8495 GateEnt: 0.0000 GateDiv: 0.0000
Epoch [307/400] Total Loss: 42.8507
Epoch [308/400] Step [0/8] Loss: 5.4471 Bio: 0.6746 GateEnt: 0.0000 GateDiv: 0.0000
Epoch [308/400] Total Loss: 42.7037
Epoch [309/400] Step [0/8] Loss: 5.3054 Bio: 0.7443 GateEnt: 0.0000 GateDiv: 0.0000
Epoch [309/400] Total Loss: 42.6825
Epoch [310/400] Step [0/8] Loss: 5.3325 Bio: 0.7979 GateEnt: 0.0000 GateDiv: 0.0000
Epoch [310/400] Total Loss: 43.1636
Epoch [311/400] Step [0/8] Loss: 5.3829 Bio: 0.7717 GateEnt: 0.0000 GateDiv: 0.0000
Epoch [311/400] Total Loss: 43.1376
Epoch [312/400] Step [0/8] Loss: 5.3460 Bio: 0.7983 GateEnt: 0.0000 GateDiv: 0.0000
Epoch [312/400] Total Loss: 42.5529
Epoch [313/400] Step [0/8] Loss: 5.4451 Bio: 0.7530 GateEnt: 0.0000 GateDiv: 0.0000
Epoch [313/400] Total Loss: 43.1340
Epoch [314/400] Step [0/8] Loss: 5.3049 Bio: 0.8475 GateEnt: 0.0000 GateDiv: 0.0000
Epoch [314/400] Total Loss: 43.5798
Epoch [315/400] Step [0/8] Loss: 5.2555 Bio: 0.7513 GateEnt: 0.0000 GateDiv: 0.0000
Epoch [315/400] Total Loss: 42.8990
Epoch [316/400] Step [0/8] Loss: 5.3610 Bio: 0.6919 GateEnt: 0.0000 GateDiv: 0.0000
Epoch [316/400] Total Loss: 43.2524
Epoch [317/400] Step [0/8] Loss: 5.2363 Bio: 0.8352 GateEnt: 0.0000 GateDiv: 0.0000
Epoch [317/400] Total Loss: 42.4362
Epoch [318/400] Step [0/8] Loss: 5.2265 Bio: 0.6922 GateEnt: 0.0000 GateDiv: 0.0000
Epoch [318/400] Total Loss: 42.3119
Epoch [319/400] Step [0/8] Loss: 5.2491 Bio: 0.7325 GateEnt: 0.0000 GateDiv: 0.0000
Epoch [319/400] Total Loss: 42.6002
Epoch [320/400] Step [0/8] Loss: 5.3893 Bio: 0.8563 GateEnt: 0.0000 GateDiv: 0.0000
Epoch [320/400] Total Loss: 42.7907
Epoch [321/400] Step [0/8] Loss: 5.2917 Bio: 0.8059 GateEnt: 0.0000 GateDiv: 0.0000
Epoch [321/400] Total Loss: 42.6062
Epoch [322/400] Step [0/8] Loss: 5.3582 Bio: 0.7243 GateEnt: 0.0000 GateDiv: 0.0000
Epoch [322/400] Total Loss: 43.1565
Epoch [323/400] Step [0/8] Loss: 5.3486 Bio: 0.7613 GateEnt: 0.0000 GateDiv: 0.0000
Epoch [323/400] Total Loss: 43.0676
Epoch [324/400] Step [0/8] Loss: 5.2923 Bio: 0.6831 GateEnt: 0.0000 GateDiv: 0.0000
Epoch [324/400] Total Loss: 42.6350
Epoch [325/400] Step [0/8] Loss: 5.3244 Bio: 0.8688 GateEnt: 0.0000 GateDiv: 0.0000
Epoch [325/400] Total Loss: 42.4276
Epoch [326/400] Step [0/8] Loss: 5.2508 Bio: 0.7251 GateEnt: 0.0000 GateDiv: 0.0000
Epoch [326/400] Total Loss: 43.0198
Epoch [327/400] Step [0/8] Loss: 5.5021 Bio: 0.7508 GateEnt: 0.0000 GateDiv: 0.0000
Epoch [327/400] Total Loss: 42.9050
Epoch [328/400] Step [0/8] Loss: 5.3552 Bio: 0.8191 GateEnt: 0.0000 GateDiv: 0.0000
Epoch [328/400] Total Loss: 42.8428
Epoch [329/400] Step [0/8] Loss: 5.5126 Bio: 0.8227 GateEnt: 0.0000 GateDiv: 0.0000
Epoch [329/400] Total Loss: 42.4881
Epoch [330/400] Step [0/8] Loss: 5.3398 Bio: 0.6292 GateEnt: 0.0000 GateDiv: 0.0000
Epoch [330/400] Total Loss: 42.6715
Epoch [331/400] Step [0/8] Loss: 5.2781 Bio: 0.7882 GateEnt: 0.0000 GateDiv: 0.0000
Epoch [331/400] Total Loss: 43.2853
Epoch [332/400] Step [0/8] Loss: 5.1184 Bio: 0.8317 GateEnt: 0.0000 GateDiv: 0.0000
Epoch [332/400] Total Loss: 42.5875
Epoch [333/400] Step [0/8] Loss: 5.3696 Bio: 0.6916 GateEnt: 0.0000 GateDiv: 0.0000
Epoch [333/400] Total Loss: 42.9574
Epoch [334/400] Step [0/8] Loss: 5.3632 Bio: 0.6713 GateEnt: 0.0000 GateDiv: 0.0000
Epoch [334/400] Total Loss: 42.6680
Epoch [335/400] Step [0/8] Loss: 5.3721 Bio: 0.7095 GateEnt: 0.0000 GateDiv: 0.0000
Epoch [335/400] Total Loss: 42.1922
Epoch [336/400] Step [0/8] Loss: 5.5267 Bio: 0.7389 GateEnt: 0.0000 GateDiv: 0.0000
Epoch [336/400] Total Loss: 42.3974
Epoch [337/400] Step [0/8] Loss: 5.1962 Bio: 0.7763 GateEnt: 0.0000 GateDiv: 0.0000
Epoch [337/400] Total Loss: 42.7382
Epoch [338/400] Step [0/8] Loss: 5.3435 Bio: 0.6382 GateEnt: 0.0000 GateDiv: 0.0000
Epoch [338/400] Total Loss: 42.1773
Epoch [339/400] Step [0/8] Loss: 5.2905 Bio: 0.7038 GateEnt: 0.0000 GateDiv: 0.0000
Epoch [339/400] Total Loss: 42.6711
Epoch [340/400] Step [0/8] Loss: 5.3574 Bio: 0.7301 GateEnt: 0.0000 GateDiv: 0.0000
Epoch [340/400] Total Loss: 42.6646
Epoch [341/400] Step [0/8] Loss: 5.4158 Bio: 0.7435 GateEnt: 0.0000 GateDiv: 0.0000
Epoch [341/400] Total Loss: 42.5251
Epoch [342/400] Step [0/8] Loss: 5.2623 Bio: 0.7599 GateEnt: 0.0000 GateDiv: 0.0000
Epoch [342/400] Total Loss: 42.0359
Epoch [343/400] Step [0/8] Loss: 5.2610 Bio: 0.6781 GateEnt: 0.0000 GateDiv: 0.0000
Epoch [343/400] Total Loss: 42.4661
Epoch [344/400] Step [0/8] Loss: 5.2948 Bio: 0.7174 GateEnt: 0.0000 GateDiv: 0.0000
Epoch [344/400] Total Loss: 41.8668
Epoch [345/400] Step [0/8] Loss: 5.1818 Bio: 0.7448 GateEnt: 0.0000 GateDiv: 0.0000
Epoch [345/400] Total Loss: 42.1392
Epoch [346/400] Step [0/8] Loss: 5.3731 Bio: 0.7818 GateEnt: 0.0000 GateDiv: 0.0000
Epoch [346/400] Total Loss: 42.7369
Epoch [347/400] Step [0/8] Loss: 5.0690 Bio: 0.7291 GateEnt: 0.0000 GateDiv: 0.0000
Epoch [347/400] Total Loss: 42.2351
Epoch [348/400] Step [0/8] Loss: 5.2327 Bio: 0.8258 GateEnt: 0.0000 GateDiv: 0.0000
Epoch [348/400] Total Loss: 42.7292
Epoch [349/400] Step [0/8] Loss: 5.4818 Bio: 0.6876 GateEnt: 0.0000 GateDiv: 0.0000
Epoch [349/400] Total Loss: 42.2929
Epoch [350/400] Step [0/8] Loss: 5.2295 Bio: 0.7941 GateEnt: 0.0000 GateDiv: 0.0000
Epoch [350/400] Total Loss: 42.8935
Epoch [351/400] Step [0/8] Loss: 5.2239 Bio: 0.7740 GateEnt: 0.0000 GateDiv: 0.0000
Epoch [351/400] Total Loss: 42.4664
Epoch [352/400] Step [0/8] Loss: 5.4339 Bio: 0.8097 GateEnt: 0.0000 GateDiv: 0.0000
Epoch [352/400] Total Loss: 42.8843
Epoch [353/400] Step [0/8] Loss: 5.2488 Bio: 0.7684 GateEnt: 0.0000 GateDiv: 0.0000
Epoch [353/400] Total Loss: 43.1858
Epoch [354/400] Step [0/8] Loss: 5.2883 Bio: 0.7532 GateEnt: 0.0000 GateDiv: 0.0000
Epoch [354/400] Total Loss: 42.7978
Epoch [355/400] Step [0/8] Loss: 5.3778 Bio: 0.7186 GateEnt: 0.0000 GateDiv: 0.0000
Epoch [355/400] Total Loss: 42.5552
Epoch [356/400] Step [0/8] Loss: 5.3041 Bio: 0.8481 GateEnt: 0.0000 GateDiv: 0.0000
Epoch [356/400] Total Loss: 42.3793
Epoch [357/400] Step [0/8] Loss: 5.2929 Bio: 0.8555 GateEnt: 0.0000 GateDiv: 0.0000
Epoch [357/400] Total Loss: 42.4690
Epoch [358/400] Step [0/8] Loss: 5.2197 Bio: 0.8796 GateEnt: 0.0000 GateDiv: 0.0000
Epoch [358/400] Total Loss: 42.5920
Epoch [359/400] Step [0/8] Loss: 5.4578 Bio: 0.6875 GateEnt: 0.0000 GateDiv: 0.0000
Epoch [359/400] Total Loss: 42.7870
Epoch [360/400] Step [0/8] Loss: 5.3473 Bio: 0.7420 GateEnt: 0.0000 GateDiv: 0.0000
Epoch [360/400] Total Loss: 42.8961
Epoch [361/400] Step [0/8] Loss: 5.3068 Bio: 0.7527 GateEnt: 0.0000 GateDiv: 0.0000
Epoch [361/400] Total Loss: 42.4194
Epoch [362/400] Step [0/8] Loss: 5.0786 Bio: 0.7055 GateEnt: 0.0000 GateDiv: 0.0000
Epoch [362/400] Total Loss: 42.2124
Epoch [363/400] Step [0/8] Loss: 5.3282 Bio: 0.9223 GateEnt: 0.0000 GateDiv: 0.0000
Epoch [363/400] Total Loss: 42.2466
Epoch [364/400] Step [0/8] Loss: 5.3669 Bio: 0.7884 GateEnt: 0.0000 GateDiv: 0.0000
Epoch [364/400] Total Loss: 42.6025
Epoch [365/400] Step [0/8] Loss: 5.3170 Bio: 0.7520 GateEnt: 0.0000 GateDiv: 0.0000
Epoch [365/400] Total Loss: 42.1594
Epoch [366/400] Step [0/8] Loss: 5.2972 Bio: 0.8287 GateEnt: 0.0000 GateDiv: 0.0000
Epoch [366/400] Total Loss: 42.7156
Epoch [367/400] Step [0/8] Loss: 5.3294 Bio: 0.7085 GateEnt: 0.0000 GateDiv: 0.0000
Epoch [367/400] Total Loss: 42.3373
Epoch [368/400] Step [0/8] Loss: 5.2153 Bio: 0.6663 GateEnt: 0.0000 GateDiv: 0.0000
Epoch [368/400] Total Loss: 42.6981
Epoch [369/400] Step [0/8] Loss: 5.3225 Bio: 0.6967 GateEnt: 0.0000 GateDiv: 0.0000
Epoch [369/400] Total Loss: 42.6129
Epoch [370/400] Step [0/8] Loss: 5.0994 Bio: 0.7214 GateEnt: 0.0000 GateDiv: 0.0000
Epoch [370/400] Total Loss: 42.4236
Epoch [371/400] Step [0/8] Loss: 5.3047 Bio: 0.7013 GateEnt: 0.0000 GateDiv: 0.0000
Epoch [371/400] Total Loss: 43.2676
Epoch [372/400] Step [0/8] Loss: 5.1719 Bio: 0.8229 GateEnt: 0.0000 GateDiv: 0.0000
Epoch [372/400] Total Loss: 42.2656
Epoch [373/400] Step [0/8] Loss: 5.2588 Bio: 0.8438 GateEnt: 0.0000 GateDiv: 0.0000
Epoch [373/400] Total Loss: 42.4193
Epoch [374/400] Step [0/8] Loss: 5.1927 Bio: 0.7871 GateEnt: 0.0000 GateDiv: 0.0000
Epoch [374/400] Total Loss: 42.2523
Epoch [375/400] Step [0/8] Loss: 5.2206 Bio: 0.6616 GateEnt: 0.0000 GateDiv: 0.0000
Epoch [375/400] Total Loss: 42.6920
Epoch [376/400] Step [0/8] Loss: 5.3200 Bio: 0.7007 GateEnt: 0.0000 GateDiv: 0.0000
Epoch [376/400] Total Loss: 41.8755
Epoch [377/400] Step [0/8] Loss: 5.4518 Bio: 0.6609 GateEnt: 0.0000 GateDiv: 0.0000
Epoch [377/400] Total Loss: 42.6425
Epoch [378/400] Step [0/8] Loss: 5.2868 Bio: 0.7327 GateEnt: 0.0000 GateDiv: 0.0000
Epoch [378/400] Total Loss: 42.0179
Epoch [379/400] Step [0/8] Loss: 5.3881 Bio: 0.8296 GateEnt: 0.0000 GateDiv: 0.0000
Epoch [379/400] Total Loss: 42.6594
Epoch [380/400] Step [0/8] Loss: 5.3526 Bio: 0.8000 GateEnt: 0.0000 GateDiv: 0.0000
Epoch [380/400] Total Loss: 42.6887
Epoch [381/400] Step [0/8] Loss: 5.3738 Bio: 0.8067 GateEnt: 0.0000 GateDiv: 0.0000
Epoch [381/400] Total Loss: 42.2559
Epoch [382/400] Step [0/8] Loss: 5.2942 Bio: 0.9570 GateEnt: 0.0000 GateDiv: 0.0000
Epoch [382/400] Total Loss: 42.2106
Epoch [383/400] Step [0/8] Loss: 5.2820 Bio: 0.7092 GateEnt: 0.0000 GateDiv: 0.0000
Epoch [383/400] Total Loss: 42.0878
Epoch [384/400] Step [0/8] Loss: 5.2934 Bio: 0.6777 GateEnt: 0.0000 GateDiv: 0.0000
Epoch [384/400] Total Loss: 42.3637
Epoch [385/400] Step [0/8] Loss: 5.1250 Bio: 0.7630 GateEnt: 0.0000 GateDiv: 0.0000
Epoch [385/400] Total Loss: 42.0927
Epoch [386/400] Step [0/8] Loss: 5.3546 Bio: 0.6817 GateEnt: 0.0000 GateDiv: 0.0000
Epoch [386/400] Total Loss: 42.3165
Epoch [387/400] Step [0/8] Loss: 5.2445 Bio: 0.7204 GateEnt: 0.0000 GateDiv: 0.0000
Epoch [387/400] Total Loss: 42.2264
Epoch [388/400] Step [0/8] Loss: 5.4284 Bio: 0.7306 GateEnt: 0.0000 GateDiv: 0.0000
Epoch [388/400] Total Loss: 42.4004
Epoch [389/400] Step [0/8] Loss: 5.3772 Bio: 0.7893 GateEnt: 0.0000 GateDiv: 0.0000
Epoch [389/400] Total Loss: 42.4432
Epoch [390/400] Step [0/8] Loss: 5.2323 Bio: 0.7185 GateEnt: 0.0000 GateDiv: 0.0000
Epoch [390/400] Total Loss: 42.0352
Epoch [391/400] Step [0/8] Loss: 5.3454 Bio: 0.7796 GateEnt: 0.0000 GateDiv: 0.0000
Epoch [391/400] Total Loss: 42.5313
Epoch [392/400] Step [0/8] Loss: 5.2140 Bio: 0.8010 GateEnt: 0.0000 GateDiv: 0.0000
Epoch [392/400] Total Loss: 42.5079
Epoch [393/400] Step [0/8] Loss: 5.3178 Bio: 0.7368 GateEnt: 0.0000 GateDiv: 0.0000
Epoch [393/400] Total Loss: 42.1950
Epoch [394/400] Step [0/8] Loss: 5.3281 Bio: 0.7076 GateEnt: 0.0000 GateDiv: 0.0000
Epoch [394/400] Total Loss: 42.2977
Epoch [395/400] Step [0/8] Loss: 5.2288 Bio: 0.6666 GateEnt: 0.0000 GateDiv: 0.0000
Epoch [395/400] Total Loss: 42.3522
Epoch [396/400] Step [0/8] Loss: 5.2426 Bio: 0.7632 GateEnt: 0.0000 GateDiv: 0.0000
Epoch [396/400] Total Loss: 42.6738
Epoch [397/400] Step [0/8] Loss: 5.1911 Bio: 0.8750 GateEnt: 0.0000 GateDiv: 0.0000
Epoch [397/400] Total Loss: 42.5346
Epoch [398/400] Step [0/8] Loss: 5.1673 Bio: 0.6982 GateEnt: 0.0000 GateDiv: 0.0000
Epoch [398/400] Total Loss: 42.1682
Epoch [399/400] Step [0/8] Loss: 5.3045 Bio: 0.6787 GateEnt: 0.0000 GateDiv: 0.0000
Epoch [399/400] Total Loss: 42.2811

=== Loss Summary ===
  Epoch   1: 55.3898
  Epoch 101: 47.0997
  Epoch 201: 44.2426
  Epoch 301: 43.0691
  Epoch 400: 42.2811
  Delta (last 25% = 100 ep): -0.7880
  If delta > -1.0, model has converged
attention_query_v3 training complete.
=== DONE: Tue Aug 18 15:13:45 EDT 2026 ===
