=== gate: anchors cover omics ===
gate passed: 1031 patients
=== BRCA | head=attention_query_v3 | k=5 | Thu Sep  3 11:29:41 AM EDT 2026 ===
Head type    : attention_query_v3
Cancer       : BRCA | bio_dim: 16 | lambda_bio: 0.1
Bio anchor   : data/bio_anchors/bio_anchors_BRCA_gsva_decorr_M4.csv
Cluster num  : 5
Epochs       : 600
[dataloader] Loaded bio-anchors from data/bio_anchors/bio_anchors_BRCA_gsva_decorr_M4.csv: torch.Size([1031, 4])
Device       : cpu
Model params : 73,959,692
Epoch [0/600] Step [0/17] Loss: 7.1548 Bio: 0.8286 GateEnt: 0.0000 GateDiv: 0.3000
Epoch [0/600] Total Loss: 118.9871
Epoch [1/600] Step [0/17] Loss: 7.1358 Bio: 0.9616 GateEnt: 0.0000 GateDiv: 0.3000
Epoch [1/600] Total Loss: 118.9074
Epoch [2/600] Step [0/17] Loss: 7.1196 Bio: 0.8007 GateEnt: 0.0000 GateDiv: 0.3000
Epoch [2/600] Total Loss: 118.9215
Epoch [3/600] Step [0/17] Loss: 7.1143 Bio: 0.7477 GateEnt: 0.0000 GateDiv: 0.3000
Epoch [3/600] Total Loss: 118.9844
Epoch [4/600] Step [0/17] Loss: 7.1307 Bio: 0.9126 GateEnt: 0.0000 GateDiv: 0.3000
Epoch [4/600] Total Loss: 118.7760
Epoch [5/600] Step [0/17] Loss: 7.0004 Bio: 0.8936 GateEnt: 0.0000 GateDiv: 0.3000
Epoch [5/600] Total Loss: 117.3041
Epoch [6/600] Step [0/17] Loss: 7.2461 Bio: 1.0437 GateEnt: 0.0000 GateDiv: 0.3000
Epoch [6/600] Total Loss: 116.1872
Epoch [7/600] Step [0/17] Loss: 6.9811 Bio: 1.0506 GateEnt: 0.0000 GateDiv: 0.2998
Epoch [7/600] Total Loss: 114.0956
Epoch [8/600] Step [0/17] Loss: 7.0948 Bio: 0.9571 GateEnt: 0.0000 GateDiv: 0.2983
Epoch [8/600] Total Loss: 112.3849
Epoch [9/600] Step [0/17] Loss: 6.6997 Bio: 0.7576 GateEnt: 0.0000 GateDiv: 0.2958
Epoch [9/600] Total Loss: 114.3570
Epoch [10/600] Step [0/17] Loss: 6.8007 Bio: 0.9338 GateEnt: 0.0000 GateDiv: 0.2875
Epoch [10/600] Total Loss: 111.1183
Epoch [11/600] Step [0/17] Loss: 6.6718 Bio: 0.9536 GateEnt: 0.0000 GateDiv: 0.2724
Epoch [11/600] Total Loss: 110.6829
Epoch [12/600] Step [0/17] Loss: 6.5856 Bio: 0.8633 GateEnt: 0.0000 GateDiv: 0.2401
Epoch [12/600] Total Loss: 110.8585
Epoch [13/600] Step [0/17] Loss: 6.3883 Bio: 0.9246 GateEnt: 0.0000 GateDiv: 0.1663
Epoch [13/600] Total Loss: 108.4039
Epoch [14/600] Step [0/17] Loss: 6.5383 Bio: 0.7696 GateEnt: 0.0000 GateDiv: 0.1075
Epoch [14/600] Total Loss: 108.1857
Epoch [15/600] Step [0/17] Loss: 6.5136 Bio: 0.9238 GateEnt: 0.0000 GateDiv: 0.0555
Epoch [15/600] Total Loss: 107.9394
Epoch [16/600] Step [0/17] Loss: 6.6048 Bio: 0.8553 GateEnt: 0.0000 GateDiv: 0.0078
Epoch [16/600] Total Loss: 109.7644
Epoch [17/600] Step [0/17] Loss: 6.4399 Bio: 0.9414 GateEnt: 0.0000 GateDiv: 0.0181
Epoch [17/600] Total Loss: 107.4016
Epoch [18/600] Step [0/17] Loss: 6.5072 Bio: 1.0068 GateEnt: 0.0000 GateDiv: 0.0041
Epoch [18/600] Total Loss: 107.3301
Epoch [19/600] Step [0/17] Loss: 6.5261 Bio: 0.7785 GateEnt: 0.0000 GateDiv: 0.0189
Epoch [19/600] Total Loss: 107.3227
Epoch [20/600] Step [0/17] Loss: 6.2838 Bio: 0.7624 GateEnt: 0.0000 GateDiv: 0.0046
Epoch [20/600] Total Loss: 106.1647
Epoch [21/600] Step [0/17] Loss: 6.3856 Bio: 0.9442 GateEnt: 0.0000 GateDiv: 0.0000
Epoch [21/600] Total Loss: 106.4260
Epoch [22/600] Step [0/17] Loss: 6.1637 Bio: 0.8191 GateEnt: 0.0000 GateDiv: 0.0000
Epoch [22/600] Total Loss: 105.3634
Epoch [23/600] Step [0/17] Loss: 6.4976 Bio: 0.6538 GateEnt: 0.0000 GateDiv: 0.0000
Epoch [23/600] Total Loss: 106.1796
Epoch [24/600] Step [0/17] Loss: 6.1392 Bio: 0.8399 GateEnt: 0.0000 GateDiv: 0.0000
Epoch [24/600] Total Loss: 104.3169
Epoch [25/600] Step [0/17] Loss: 6.4661 Bio: 0.7582 GateEnt: 0.0000 GateDiv: 0.0000
Epoch [25/600] Total Loss: 104.9073
Epoch [26/600] Step [0/17] Loss: 6.2425 Bio: 0.8417 GateEnt: 0.0000 GateDiv: 0.0000
Epoch [26/600] Total Loss: 105.8700
Epoch [27/600] Step [0/17] Loss: 6.2361 Bio: 0.9564 GateEnt: 0.0000 GateDiv: 0.0000
Epoch [27/600] Total Loss: 104.9200
Epoch [28/600] Step [0/17] Loss: 6.3605 Bio: 0.6867 GateEnt: 0.0000 GateDiv: 0.0000
Epoch [28/600] Total Loss: 103.7730
Epoch [29/600] Step [0/17] Loss: 6.2206 Bio: 0.9012 GateEnt: 0.0000 GateDiv: 0.0000
Epoch [29/600] Total Loss: 104.9657
Epoch [30/600] Step [0/17] Loss: 6.3467 Bio: 0.8460 GateEnt: 0.0000 GateDiv: 0.0000
Epoch [30/600] Total Loss: 104.5457
Epoch [31/600] Step [0/17] Loss: 6.2801 Bio: 0.8250 GateEnt: 0.0000 GateDiv: 0.0000
Epoch [31/600] Total Loss: 104.2707
Epoch [32/600] Step [0/17] Loss: 6.2229 Bio: 0.7446 GateEnt: 0.0000 GateDiv: 0.0000
Epoch [32/600] Total Loss: 104.3055
Epoch [33/600] Step [0/17] Loss: 6.4210 Bio: 0.8478 GateEnt: 0.0000 GateDiv: 0.0035
Epoch [33/600] Total Loss: 103.0792
Epoch [34/600] Step [0/17] Loss: 6.4764 Bio: 0.8303 GateEnt: 0.0000 GateDiv: 0.0000
Epoch [34/600] Total Loss: 105.1150
Epoch [35/600] Step [0/17] Loss: 6.3246 Bio: 0.7692 GateEnt: 0.0000 GateDiv: 0.0000
Epoch [35/600] Total Loss: 103.4829
Epoch [36/600] Step [0/17] Loss: 6.1589 Bio: 0.6742 GateEnt: 0.0000 GateDiv: 0.0000
Epoch [36/600] Total Loss: 103.9537
Epoch [37/600] Step [0/17] Loss: 6.3255 Bio: 0.7418 GateEnt: 0.0000 GateDiv: 0.0000
Epoch [37/600] Total Loss: 104.5135
Epoch [38/600] Step [0/17] Loss: 6.2928 Bio: 0.7686 GateEnt: 0.0000 GateDiv: 0.0000
Epoch [38/600] Total Loss: 104.2998
Epoch [39/600] Step [0/17] Loss: 6.2614 Bio: 0.8279 GateEnt: 0.0000 GateDiv: 0.0000
Epoch [39/600] Total Loss: 103.5640
Epoch [40/600] Step [0/17] Loss: 6.2268 Bio: 0.7297 GateEnt: 0.0000 GateDiv: 0.0000
Epoch [40/600] Total Loss: 104.0401
Epoch [41/600] Step [0/17] Loss: 6.1551 Bio: 0.8360 GateEnt: 0.0000 GateDiv: 0.0000
Epoch [41/600] Total Loss: 101.1045
Epoch [42/600] Step [0/17] Loss: 6.0552 Bio: 0.7636 GateEnt: 0.0000 GateDiv: 0.0000
Epoch [42/600] Total Loss: 102.1588
Epoch [43/600] Step [0/17] Loss: 6.1803 Bio: 0.7358 GateEnt: 0.0000 GateDiv: 0.0000
Epoch [43/600] Total Loss: 104.1053
Epoch [44/600] Step [0/17] Loss: 6.0897 Bio: 0.7864 GateEnt: 0.0000 GateDiv: 0.0000
Epoch [44/600] Total Loss: 101.6187
Epoch [45/600] Step [0/17] Loss: 6.4249 Bio: 0.7418 GateEnt: 0.0000 GateDiv: 0.0000
Epoch [45/600] Total Loss: 102.7841
Epoch [46/600] Step [0/17] Loss: 6.4429 Bio: 1.0238 GateEnt: 0.0000 GateDiv: 0.0000
Epoch [46/600] Total Loss: 102.6461
Epoch [47/600] Step [0/17] Loss: 6.2171 Bio: 0.6780 GateEnt: 0.0000 GateDiv: 0.0000
Epoch [47/600] Total Loss: 102.1078
Epoch [48/600] Step [0/17] Loss: 6.0524 Bio: 0.8952 GateEnt: 0.0000 GateDiv: 0.0000
Epoch [48/600] Total Loss: 101.7191
Epoch [49/600] Step [0/17] Loss: 6.1328 Bio: 0.8829 GateEnt: 0.0000 GateDiv: 0.0000
Epoch [49/600] Total Loss: 102.3318
Epoch [50/600] Step [0/17] Loss: 6.2071 Bio: 0.6772 GateEnt: 0.0000 GateDiv: 0.0000
Epoch [50/600] Total Loss: 100.6923
Epoch [51/600] Step [0/17] Loss: 6.0523 Bio: 0.7802 GateEnt: 0.0000 GateDiv: 0.0000
Epoch [51/600] Total Loss: 101.3439
Epoch [52/600] Step [0/17] Loss: 6.2293 Bio: 0.7533 GateEnt: 0.0000 GateDiv: 0.0000
Epoch [52/600] Total Loss: 100.4996
Epoch [53/600] Step [0/17] Loss: 6.1173 Bio: 0.7250 GateEnt: 0.0000 GateDiv: 0.0000
Epoch [53/600] Total Loss: 100.2601
Epoch [54/600] Step [0/17] Loss: 6.3114 Bio: 0.7148 GateEnt: 0.0000 GateDiv: 0.0000
Epoch [54/600] Total Loss: 102.0274
Epoch [55/600] Step [0/17] Loss: 6.0922 Bio: 0.8299 GateEnt: 0.0000 GateDiv: 0.0000
Epoch [55/600] Total Loss: 100.7681
Epoch [56/600] Step [0/17] Loss: 6.1784 Bio: 0.8419 GateEnt: 0.0000 GateDiv: 0.0000
Epoch [56/600] Total Loss: 102.9893
Epoch [57/600] Step [0/17] Loss: 6.0923 Bio: 0.7450 GateEnt: 0.0000 GateDiv: 0.0000
Epoch [57/600] Total Loss: 99.2025
Epoch [58/600] Step [0/17] Loss: 6.0918 Bio: 0.8494 GateEnt: 0.0000 GateDiv: 0.0000
Epoch [58/600] Total Loss: 100.5137
Epoch [59/600] Step [0/17] Loss: 6.2032 Bio: 0.7020 GateEnt: 0.0000 GateDiv: 0.0000
Epoch [59/600] Total Loss: 101.8356
Epoch [60/600] Step [0/17] Loss: 6.0799 Bio: 0.7362 GateEnt: 0.0000 GateDiv: 0.0000
Epoch [60/600] Total Loss: 100.5111
Epoch [61/600] Step [0/17] Loss: 5.9109 Bio: 0.7013 GateEnt: 0.0000 GateDiv: 0.0000
Epoch [61/600] Total Loss: 99.4067
Epoch [62/600] Step [0/17] Loss: 6.1115 Bio: 0.6597 GateEnt: 0.0000 GateDiv: 0.0000
Epoch [62/600] Total Loss: 99.6063
Epoch [63/600] Step [0/17] Loss: 5.9363 Bio: 0.7563 GateEnt: 0.0000 GateDiv: 0.0000
Epoch [63/600] Total Loss: 99.9233
Epoch [64/600] Step [0/17] Loss: 6.0654 Bio: 0.6991 GateEnt: 0.0000 GateDiv: 0.0000
Epoch [64/600] Total Loss: 100.7058
Epoch [65/600] Step [0/17] Loss: 5.9360 Bio: 0.7275 GateEnt: 0.0000 GateDiv: 0.0000
Epoch [65/600] Total Loss: 100.5950
Epoch [66/600] Step [0/17] Loss: 6.2692 Bio: 0.7387 GateEnt: 0.0000 GateDiv: 0.0000
Epoch [66/600] Total Loss: 100.1832
Epoch [67/600] Step [0/17] Loss: 6.0071 Bio: 0.6619 GateEnt: 0.0000 GateDiv: 0.0000
Epoch [67/600] Total Loss: 100.2462
Epoch [68/600] Step [0/17] Loss: 6.2218 Bio: 0.6555 GateEnt: 0.0000 GateDiv: 0.0000
Epoch [68/600] Total Loss: 99.2349
Epoch [69/600] Step [0/17] Loss: 6.0085 Bio: 0.6108 GateEnt: 0.0000 GateDiv: 0.0000
Epoch [69/600] Total Loss: 99.7659
Epoch [70/600] Step [0/17] Loss: 6.0974 Bio: 0.6257 GateEnt: 0.0000 GateDiv: 0.0000
Epoch [70/600] Total Loss: 99.5319
Epoch [71/600] Step [0/17] Loss: 6.0405 Bio: 0.7078 GateEnt: 0.0000 GateDiv: 0.0000
Epoch [71/600] Total Loss: 100.5779
Epoch [72/600] Step [0/17] Loss: 6.0138 Bio: 0.6306 GateEnt: 0.0000 GateDiv: 0.0000
Epoch [72/600] Total Loss: 99.9259
Epoch [73/600] Step [0/17] Loss: 6.0575 Bio: 0.7605 GateEnt: 0.0000 GateDiv: 0.0000
Epoch [73/600] Total Loss: 99.3615
Epoch [74/600] Step [0/17] Loss: 5.7955 Bio: 0.6906 GateEnt: 0.0000 GateDiv: 0.0000
Epoch [74/600] Total Loss: 100.6715
Epoch [75/600] Step [0/17] Loss: 6.0365 Bio: 0.7114 GateEnt: 0.0000 GateDiv: 0.0000
Epoch [75/600] Total Loss: 99.4091
Epoch [76/600] Step [0/17] Loss: 5.9174 Bio: 0.7103 GateEnt: 0.0000 GateDiv: 0.0000
Epoch [76/600] Total Loss: 99.1967
Epoch [77/600] Step [0/17] Loss: 5.8372 Bio: 0.6135 GateEnt: 0.0000 GateDiv: 0.0000
Epoch [77/600] Total Loss: 99.7427
Epoch [78/600] Step [0/17] Loss: 6.1691 Bio: 0.5909 GateEnt: 0.0000 GateDiv: 0.0000
Epoch [78/600] Total Loss: 99.7038
Epoch [79/600] Step [0/17] Loss: 5.9574 Bio: 0.6102 GateEnt: 0.0000 GateDiv: 0.0000
Epoch [79/600] Total Loss: 99.0650
Epoch [80/600] Step [0/17] Loss: 6.0756 Bio: 0.6373 GateEnt: 0.0000 GateDiv: 0.0000
Epoch [80/600] Total Loss: 99.1884
Epoch [81/600] Step [0/17] Loss: 5.9567 Bio: 0.5676 GateEnt: 0.0000 GateDiv: 0.0000
Epoch [81/600] Total Loss: 99.7747
Epoch [82/600] Step [0/17] Loss: 6.1828 Bio: 0.7260 GateEnt: 0.0000 GateDiv: 0.0000
Epoch [82/600] Total Loss: 99.8871
Epoch [83/600] Step [0/17] Loss: 5.7503 Bio: 0.7171 GateEnt: 0.0000 GateDiv: 0.0000
Epoch [83/600] Total Loss: 98.5752
Epoch [84/600] Step [0/17] Loss: 6.0568 Bio: 0.6777 GateEnt: 0.0000 GateDiv: 0.0000
Epoch [84/600] Total Loss: 100.8851
Epoch [85/600] Step [0/17] Loss: 5.9121 Bio: 0.6902 GateEnt: 0.0000 GateDiv: 0.0000
Epoch [85/600] Total Loss: 98.7660
Epoch [86/600] Step [0/17] Loss: 5.9167 Bio: 0.6609 GateEnt: 0.0000 GateDiv: 0.0000
Epoch [86/600] Total Loss: 99.5687
Epoch [87/600] Step [0/17] Loss: 6.0262 Bio: 0.7091 GateEnt: 0.0000 GateDiv: 0.0025
Epoch [87/600] Total Loss: 98.1470
Epoch [88/600] Step [0/17] Loss: 5.9072 Bio: 0.6654 GateEnt: 0.0000 GateDiv: 0.0000
Epoch [88/600] Total Loss: 98.1618
Epoch [89/600] Step [0/17] Loss: 6.0301 Bio: 0.5902 GateEnt: 0.0000 GateDiv: 0.0000
Epoch [89/600] Total Loss: 97.3766
Epoch [90/600] Step [0/17] Loss: 6.2503 Bio: 0.6253 GateEnt: 0.0000 GateDiv: 0.0000
Epoch [90/600] Total Loss: 99.8646
Epoch [91/600] Step [0/17] Loss: 5.7338 Bio: 0.5913 GateEnt: 0.0000 GateDiv: 0.0000
Epoch [91/600] Total Loss: 98.4352
Epoch [92/600] Step [0/17] Loss: 5.9009 Bio: 0.6134 GateEnt: 0.0000 GateDiv: 0.0000
Epoch [92/600] Total Loss: 98.8854
Epoch [93/600] Step [0/17] Loss: 5.9562 Bio: 0.6842 GateEnt: 0.0000 GateDiv: 0.0000
Epoch [93/600] Total Loss: 98.5618
Epoch [94/600] Step [0/17] Loss: 5.8698 Bio: 0.6362 GateEnt: 0.0000 GateDiv: 0.0000
Epoch [94/600] Total Loss: 98.3156
Epoch [95/600] Step [0/17] Loss: 5.8379 Bio: 0.7605 GateEnt: 0.0000 GateDiv: 0.0000
Epoch [95/600] Total Loss: 98.6125
Epoch [96/600] Step [0/17] Loss: 5.9309 Bio: 0.5921 GateEnt: 0.0000 GateDiv: 0.0040
Epoch [96/600] Total Loss: 98.0132
Epoch [97/600] Step [0/17] Loss: 5.7069 Bio: 0.6519 GateEnt: 0.0000 GateDiv: 0.0000
Epoch [97/600] Total Loss: 96.9264
Epoch [98/600] Step [0/17] Loss: 5.8431 Bio: 0.6381 GateEnt: 0.0000 GateDiv: 0.0000
Epoch [98/600] Total Loss: 97.3248
Epoch [99/600] Step [0/17] Loss: 6.0401 Bio: 0.5685 GateEnt: 0.0000 GateDiv: 0.0000
Epoch [99/600] Total Loss: 99.7259
Epoch [100/600] Step [0/17] Loss: 5.9883 Bio: 0.6629 GateEnt: 0.0000 GateDiv: 0.0000
Epoch [100/600] Total Loss: 99.5219
Epoch [101/600] Step [0/17] Loss: 5.6855 Bio: 0.6051 GateEnt: 0.0000 GateDiv: 0.0000
Epoch [101/600] Total Loss: 97.1113
Epoch [102/600] Step [0/17] Loss: 5.7639 Bio: 0.7190 GateEnt: 0.0000 GateDiv: 0.0000
Epoch [102/600] Total Loss: 97.7464
Epoch [103/600] Step [0/17] Loss: 5.8467 Bio: 0.6780 GateEnt: 0.0000 GateDiv: 0.0000
Epoch [103/600] Total Loss: 98.4307
Epoch [104/600] Step [0/17] Loss: 5.7364 Bio: 0.5883 GateEnt: 0.0000 GateDiv: 0.0084
Epoch [104/600] Total Loss: 99.2634
Epoch [105/600] Step [0/17] Loss: 5.6748 Bio: 0.7332 GateEnt: 0.0000 GateDiv: 0.0000
Epoch [105/600] Total Loss: 96.6664
Epoch [106/600] Step [0/17] Loss: 5.8189 Bio: 0.5956 GateEnt: 0.0000 GateDiv: 0.0025
Epoch [106/600] Total Loss: 97.6076
Epoch [107/600] Step [0/17] Loss: 5.7811 Bio: 0.6400 GateEnt: 0.0000 GateDiv: 0.0000
Epoch [107/600] Total Loss: 97.1542
Epoch [108/600] Step [0/17] Loss: 5.7383 Bio: 0.5734 GateEnt: 0.0000 GateDiv: 0.0000
Epoch [108/600] Total Loss: 97.5113
Epoch [109/600] Step [0/17] Loss: 5.7953 Bio: 0.5997 GateEnt: 0.0000 GateDiv: 0.0000
Epoch [109/600] Total Loss: 98.9783
Epoch [110/600] Step [0/17] Loss: 5.8808 Bio: 0.5933 GateEnt: 0.0000 GateDiv: 0.0000
Epoch [110/600] Total Loss: 96.3996
Epoch [111/600] Step [0/17] Loss: 6.0155 Bio: 0.6263 GateEnt: 0.0000 GateDiv: 0.0000
Epoch [111/600] Total Loss: 98.4927
Epoch [112/600] Step [0/17] Loss: 5.8698 Bio: 0.6075 GateEnt: 0.0000 GateDiv: 0.0000
Epoch [112/600] Total Loss: 96.2111
Epoch [113/600] Step [0/17] Loss: 6.1361 Bio: 0.7104 GateEnt: 0.0000 GateDiv: 0.0000
Epoch [113/600] Total Loss: 98.5978
Epoch [114/600] Step [0/17] Loss: 5.8510 Bio: 0.5645 GateEnt: 0.0000 GateDiv: 0.0000
Epoch [114/600] Total Loss: 97.3998
Epoch [115/600] Step [0/17] Loss: 5.7393 Bio: 0.6245 GateEnt: 0.0000 GateDiv: 0.0000
Epoch [115/600] Total Loss: 96.3285
Epoch [116/600] Step [0/17] Loss: 5.8438 Bio: 0.5720 GateEnt: 0.0000 GateDiv: 0.0000
Epoch [116/600] Total Loss: 95.8674
Epoch [117/600] Step [0/17] Loss: 5.7297 Bio: 0.6726 GateEnt: 0.0000 GateDiv: 0.0000
Epoch [117/600] Total Loss: 97.6878
Epoch [118/600] Step [0/17] Loss: 5.6904 Bio: 0.5419 GateEnt: 0.0000 GateDiv: 0.0000
Epoch [118/600] Total Loss: 96.2657
Epoch [119/600] Step [0/17] Loss: 5.8521 Bio: 0.5097 GateEnt: 0.0000 GateDiv: 0.0019
Epoch [119/600] Total Loss: 99.2609
Epoch [120/600] Step [0/17] Loss: 5.7121 Bio: 0.5965 GateEnt: 0.0000 GateDiv: 0.0000
Epoch [120/600] Total Loss: 97.6343
Epoch [121/600] Step [0/17] Loss: 6.1957 Bio: 0.6945 GateEnt: 0.0000 GateDiv: 0.0358
Epoch [121/600] Total Loss: 97.0346
Epoch [122/600] Step [0/17] Loss: 5.8577 Bio: 0.6526 GateEnt: 0.0000 GateDiv: 0.0000
Epoch [122/600] Total Loss: 97.4879
Epoch [123/600] Step [0/17] Loss: 5.7308 Bio: 0.6861 GateEnt: 0.0000 GateDiv: 0.0000
Epoch [123/600] Total Loss: 96.4876
Epoch [124/600] Step [0/17] Loss: 5.5654 Bio: 0.6490 GateEnt: 0.0000 GateDiv: 0.0000
Epoch [124/600] Total Loss: 95.2373
Epoch [125/600] Step [0/17] Loss: 5.9731 Bio: 0.6190 GateEnt: 0.0000 GateDiv: 0.0000
Epoch [125/600] Total Loss: 96.7531
Epoch [126/600] Step [0/17] Loss: 5.7768 Bio: 0.4724 GateEnt: 0.0000 GateDiv: 0.0000
Epoch [126/600] Total Loss: 96.4113
Epoch [127/600] Step [0/17] Loss: 5.8740 Bio: 0.6407 GateEnt: 0.0000 GateDiv: 0.0000
Epoch [127/600] Total Loss: 96.4834
Epoch [128/600] Step [0/17] Loss: 5.8151 Bio: 0.7338 GateEnt: 0.0000 GateDiv: 0.0000
Epoch [128/600] Total Loss: 95.5005
Epoch [129/600] Step [0/17] Loss: 5.8151 Bio: 0.5539 GateEnt: 0.0000 GateDiv: 0.0081
Epoch [129/600] Total Loss: 96.3507
Epoch [130/600] Step [0/17] Loss: 5.8219 Bio: 0.5297 GateEnt: 0.0000 GateDiv: 0.0027
Epoch [130/600] Total Loss: 96.6924
Epoch [131/600] Step [0/17] Loss: 5.7987 Bio: 0.6519 GateEnt: 0.0000 GateDiv: 0.0000
Epoch [131/600] Total Loss: 95.9887
Epoch [132/600] Step [0/17] Loss: 5.7996 Bio: 0.5942 GateEnt: 0.0000 GateDiv: 0.0000
Epoch [132/600] Total Loss: 97.1452
Epoch [133/600] Step [0/17] Loss: 5.7888 Bio: 0.5861 GateEnt: 0.0000 GateDiv: 0.0000
Epoch [133/600] Total Loss: 96.0545
Epoch [134/600] Step [0/17] Loss: 5.6448 Bio: 0.6253 GateEnt: 0.0000 GateDiv: 0.0000
Epoch [134/600] Total Loss: 96.7964
Epoch [135/600] Step [0/17] Loss: 5.7796 Bio: 0.5909 GateEnt: 0.0000 GateDiv: 0.0000
Epoch [135/600] Total Loss: 96.6398
Epoch [136/600] Step [0/17] Loss: 5.9922 Bio: 0.6647 GateEnt: 0.0000 GateDiv: 0.0079
Epoch [136/600] Total Loss: 95.8377
Epoch [137/600] Step [0/17] Loss: 5.6717 Bio: 0.5808 GateEnt: 0.0000 GateDiv: 0.0000
Epoch [137/600] Total Loss: 95.9956
Epoch [138/600] Step [0/17] Loss: 5.7310 Bio: 0.5472 GateEnt: 0.0000 GateDiv: 0.0000
Epoch [138/600] Total Loss: 96.6151
Epoch [139/600] Step [0/17] Loss: 5.4963 Bio: 0.5711 GateEnt: 0.0000 GateDiv: 0.0000
Epoch [139/600] Total Loss: 96.9792
Epoch [140/600] Step [0/17] Loss: 5.8312 Bio: 0.4756 GateEnt: 0.0000 GateDiv: 0.0000
Epoch [140/600] Total Loss: 95.6856
Epoch [141/600] Step [0/17] Loss: 5.6458 Bio: 0.6008 GateEnt: 0.0000 GateDiv: 0.0000
Epoch [141/600] Total Loss: 95.9664
Epoch [142/600] Step [0/17] Loss: 5.6224 Bio: 0.7117 GateEnt: 0.0000 GateDiv: 0.0000
Epoch [142/600] Total Loss: 96.8751
Epoch [143/600] Step [0/17] Loss: 5.8931 Bio: 0.5967 GateEnt: 0.0000 GateDiv: 0.0000
Epoch [143/600] Total Loss: 97.5244
Epoch [144/600] Step [0/17] Loss: 5.8070 Bio: 0.6252 GateEnt: 0.0000 GateDiv: 0.0000
Epoch [144/600] Total Loss: 97.3735
Epoch [145/600] Step [0/17] Loss: 5.7477 Bio: 0.4773 GateEnt: 0.0000 GateDiv: 0.0000
Epoch [145/600] Total Loss: 95.8211
Epoch [146/600] Step [0/17] Loss: 5.8435 Bio: 0.6885 GateEnt: 0.0000 GateDiv: 0.0000
Epoch [146/600] Total Loss: 95.9467
Epoch [147/600] Step [0/17] Loss: 5.9131 Bio: 0.5671 GateEnt: 0.0000 GateDiv: 0.0000
Epoch [147/600] Total Loss: 96.6572
Epoch [148/600] Step [0/17] Loss: 5.7498 Bio: 0.6413 GateEnt: 0.0000 GateDiv: 0.0000
Epoch [148/600] Total Loss: 96.2181
Epoch [149/600] Step [0/17] Loss: 5.6014 Bio: 0.5818 GateEnt: 0.0000 GateDiv: 0.0000
Epoch [149/600] Total Loss: 97.0958
Epoch [150/600] Step [0/17] Loss: 5.6971 Bio: 0.5669 GateEnt: 0.0000 GateDiv: 0.0000
Epoch [150/600] Total Loss: 95.3194
Epoch [151/600] Step [0/17] Loss: 5.7634 Bio: 0.6381 GateEnt: 0.0000 GateDiv: 0.0000
Epoch [151/600] Total Loss: 97.0066
Epoch [152/600] Step [0/17] Loss: 5.6151 Bio: 0.6537 GateEnt: 0.0000 GateDiv: 0.0000
Epoch [152/600] Total Loss: 94.9937
Epoch [153/600] Step [0/17] Loss: 5.7785 Bio: 0.6055 GateEnt: 0.0000 GateDiv: 0.0000
Epoch [153/600] Total Loss: 96.1355
Epoch [154/600] Step [0/17] Loss: 5.6488 Bio: 0.4692 GateEnt: 0.0000 GateDiv: 0.0000
Epoch [154/600] Total Loss: 96.1490
Epoch [155/600] Step [0/17] Loss: 5.9025 Bio: 0.7002 GateEnt: 0.0000 GateDiv: 0.0000
Epoch [155/600] Total Loss: 94.6202
Epoch [156/600] Step [0/17] Loss: 5.7185 Bio: 0.5137 GateEnt: 0.0000 GateDiv: 0.0000
Epoch [156/600] Total Loss: 96.1031
Epoch [157/600] Step [0/17] Loss: 5.7449 Bio: 0.5668 GateEnt: 0.0000 GateDiv: 0.0000
Epoch [157/600] Total Loss: 95.7922
Epoch [158/600] Step [0/17] Loss: 5.6816 Bio: 0.6124 GateEnt: 0.0000 GateDiv: 0.0000
Epoch [158/600] Total Loss: 95.5726
Epoch [159/600] Step [0/17] Loss: 5.6791 Bio: 0.6013 GateEnt: 0.0000 GateDiv: 0.0000
Epoch [159/600] Total Loss: 96.5573
Epoch [160/600] Step [0/17] Loss: 5.8902 Bio: 0.6092 GateEnt: 0.0000 GateDiv: 0.0000
Epoch [160/600] Total Loss: 95.3562
Epoch [161/600] Step [0/17] Loss: 5.8960 Bio: 0.5842 GateEnt: 0.0000 GateDiv: 0.0000
Epoch [161/600] Total Loss: 95.9445
Epoch [162/600] Step [0/17] Loss: 5.7608 Bio: 0.5870 GateEnt: 0.0000 GateDiv: 0.0000
Epoch [162/600] Total Loss: 94.8582
Epoch [163/600] Step [0/17] Loss: 5.7272 Bio: 0.5850 GateEnt: 0.0000 GateDiv: 0.0000
Epoch [163/600] Total Loss: 94.6041
Epoch [164/600] Step [0/17] Loss: 5.5958 Bio: 0.5474 GateEnt: 0.0000 GateDiv: 0.0000
Epoch [164/600] Total Loss: 94.1661
Epoch [165/600] Step [0/17] Loss: 5.5512 Bio: 0.5429 GateEnt: 0.0000 GateDiv: 0.0000
Epoch [165/600] Total Loss: 94.0820
Epoch [166/600] Step [0/17] Loss: 5.7747 Bio: 0.5497 GateEnt: 0.0000 GateDiv: 0.0000
Epoch [166/600] Total Loss: 94.3060
Epoch [167/600] Step [0/17] Loss: 5.5811 Bio: 0.4922 GateEnt: 0.0000 GateDiv: 0.0000
Epoch [167/600] Total Loss: 94.7935
Epoch [168/600] Step [0/17] Loss: 5.8045 Bio: 0.4921 GateEnt: 0.0000 GateDiv: 0.0000
Epoch [168/600] Total Loss: 96.0031
Epoch [169/600] Step [0/17] Loss: 5.7828 Bio: 0.6039 GateEnt: 0.0000 GateDiv: 0.0000
Epoch [169/600] Total Loss: 96.5652
Epoch [170/600] Step [0/17] Loss: 5.7206 Bio: 0.5666 GateEnt: 0.0000 GateDiv: 0.0000
Epoch [170/600] Total Loss: 96.2574
Epoch [171/600] Step [0/17] Loss: 5.7411 Bio: 0.6238 GateEnt: 0.0000 GateDiv: 0.0005
Epoch [171/600] Total Loss: 94.9397
Epoch [172/600] Step [0/17] Loss: 5.8914 Bio: 0.6249 GateEnt: 0.0000 GateDiv: 0.0015
Epoch [172/600] Total Loss: 96.6455
Epoch [173/600] Step [0/17] Loss: 6.0195 Bio: 0.5003 GateEnt: 0.0000 GateDiv: 0.0000
Epoch [173/600] Total Loss: 96.2110
Epoch [174/600] Step [0/17] Loss: 5.8360 Bio: 0.5884 GateEnt: 0.0000 GateDiv: 0.0000
Epoch [174/600] Total Loss: 95.1276
Epoch [175/600] Step [0/17] Loss: 5.5231 Bio: 0.5696 GateEnt: 0.0000 GateDiv: 0.0000
Epoch [175/600] Total Loss: 95.4693
Epoch [176/600] Step [0/17] Loss: 5.5524 Bio: 0.5698 GateEnt: 0.0000 GateDiv: 0.0000
Epoch [176/600] Total Loss: 94.4572
Epoch [177/600] Step [0/17] Loss: 5.9018 Bio: 0.7171 GateEnt: 0.0000 GateDiv: 0.0000
Epoch [177/600] Total Loss: 95.1846
Epoch [178/600] Step [0/17] Loss: 5.6780 Bio: 0.4894 GateEnt: 0.0000 GateDiv: 0.0000
Epoch [178/600] Total Loss: 94.5214
Epoch [179/600] Step [0/17] Loss: 5.7991 Bio: 0.5914 GateEnt: 0.0000 GateDiv: 0.0000
Epoch [179/600] Total Loss: 94.7210
Epoch [180/600] Step [0/17] Loss: 5.6063 Bio: 0.5317 GateEnt: 0.0000 GateDiv: 0.0000
Epoch [180/600] Total Loss: 94.5856
Epoch [181/600] Step [0/17] Loss: 5.6111 Bio: 0.6342 GateEnt: 0.0000 GateDiv: 0.0000
Epoch [181/600] Total Loss: 93.9608
Epoch [182/600] Step [0/17] Loss: 5.6813 Bio: 0.5868 GateEnt: 0.0000 GateDiv: 0.0000
Epoch [182/600] Total Loss: 93.6921
Epoch [183/600] Step [0/17] Loss: 5.6418 Bio: 0.6629 GateEnt: 0.0000 GateDiv: 0.0000
Epoch [183/600] Total Loss: 94.9048
Epoch [184/600] Step [0/17] Loss: 5.6148 Bio: 0.5356 GateEnt: 0.0000 GateDiv: 0.0000
Epoch [184/600] Total Loss: 94.9356
Epoch [185/600] Step [0/17] Loss: 5.7155 Bio: 0.5804 GateEnt: 0.0000 GateDiv: 0.0000
Epoch [185/600] Total Loss: 95.1699
Epoch [186/600] Step [0/17] Loss: 5.6024 Bio: 0.5476 GateEnt: 0.0000 GateDiv: 0.0000
Epoch [186/600] Total Loss: 94.8429
Epoch [187/600] Step [0/17] Loss: 5.6961 Bio: 0.6077 GateEnt: 0.0000 GateDiv: 0.0000
Epoch [187/600] Total Loss: 95.7926
Epoch [188/600] Step [0/17] Loss: 5.9773 Bio: 0.5263 GateEnt: 0.0000 GateDiv: 0.0000
Epoch [188/600] Total Loss: 95.5128
Epoch [189/600] Step [0/17] Loss: 5.7607 Bio: 0.6109 GateEnt: 0.0000 GateDiv: 0.0000
Epoch [189/600] Total Loss: 94.9305
Epoch [190/600] Step [0/17] Loss: 5.5648 Bio: 0.6095 GateEnt: 0.0000 GateDiv: 0.0000
Epoch [190/600] Total Loss: 96.0968
Epoch [191/600] Step [0/17] Loss: 5.5445 Bio: 0.6456 GateEnt: 0.0000 GateDiv: 0.0000
Epoch [191/600] Total Loss: 94.3677
Epoch [192/600] Step [0/17] Loss: 5.5823 Bio: 0.6519 GateEnt: 0.0000 GateDiv: 0.0000
Epoch [192/600] Total Loss: 96.3615
Epoch [193/600] Step [0/17] Loss: 5.9571 Bio: 0.5740 GateEnt: 0.0000 GateDiv: 0.0042
Epoch [193/600] Total Loss: 95.7130
Epoch [194/600] Step [0/17] Loss: 5.6875 Bio: 0.5415 GateEnt: 0.0000 GateDiv: 0.0000
Epoch [194/600] Total Loss: 95.9109
Epoch [195/600] Step [0/17] Loss: 5.7862 Bio: 0.5829 GateEnt: 0.0000 GateDiv: 0.0000
Epoch [195/600] Total Loss: 95.5620
Epoch [196/600] Step [0/17] Loss: 5.9163 Bio: 0.5888 GateEnt: 0.0000 GateDiv: 0.0000
Epoch [196/600] Total Loss: 94.7137
Epoch [197/600] Step [0/17] Loss: 5.7511 Bio: 0.5464 GateEnt: 0.0000 GateDiv: 0.0000
Epoch [197/600] Total Loss: 94.3610
Epoch [198/600] Step [0/17] Loss: 5.7858 Bio: 0.5584 GateEnt: 0.0000 GateDiv: 0.0000
Epoch [198/600] Total Loss: 94.1550
Epoch [199/600] Step [0/17] Loss: 5.6676 Bio: 0.6440 GateEnt: 0.0000 GateDiv: 0.0000
Epoch [199/600] Total Loss: 94.8491
Epoch [200/600] Step [0/17] Loss: 5.5775 Bio: 0.5979 GateEnt: 0.0000 GateDiv: 0.0000
Epoch [200/600] Total Loss: 94.6605
Epoch [201/600] Step [0/17] Loss: 5.6949 Bio: 0.6036 GateEnt: 0.0000 GateDiv: 0.0000
Epoch [201/600] Total Loss: 95.0132
Epoch [202/600] Step [0/17] Loss: 5.7988 Bio: 0.5780 GateEnt: 0.0000 GateDiv: 0.0000
Epoch [202/600] Total Loss: 95.5001
Epoch [203/600] Step [0/17] Loss: 5.6464 Bio: 0.6038 GateEnt: 0.0000 GateDiv: 0.0000
Epoch [203/600] Total Loss: 94.8229
Epoch [204/600] Step [0/17] Loss: 5.6830 Bio: 0.6811 GateEnt: 0.0000 GateDiv: 0.0000
Epoch [204/600] Total Loss: 95.6350
Epoch [205/600] Step [0/17] Loss: 5.6547 Bio: 0.7101 GateEnt: 0.0000 GateDiv: 0.0000
Epoch [205/600] Total Loss: 95.1800
Epoch [206/600] Step [0/17] Loss: 5.5209 Bio: 0.5412 GateEnt: 0.0000 GateDiv: 0.0000
Epoch [206/600] Total Loss: 94.5535
Epoch [207/600] Step [0/17] Loss: 5.6229 Bio: 0.5479 GateEnt: 0.0000 GateDiv: 0.0000
Epoch [207/600] Total Loss: 94.4014
Epoch [208/600] Step [0/17] Loss: 5.5857 Bio: 0.5300 GateEnt: 0.0000 GateDiv: 0.0000
Epoch [208/600] Total Loss: 96.0549
Epoch [209/600] Step [0/17] Loss: 5.6228 Bio: 0.5592 GateEnt: 0.0000 GateDiv: 0.0000
Epoch [209/600] Total Loss: 95.7102
Epoch [210/600] Step [0/17] Loss: 5.5077 Bio: 0.7087 GateEnt: 0.0000 GateDiv: 0.0000
Epoch [210/600] Total Loss: 95.8358
Epoch [211/600] Step [0/17] Loss: 5.6887 Bio: 0.7547 GateEnt: 0.0000 GateDiv: 0.0000
Epoch [211/600] Total Loss: 94.8937
Epoch [212/600] Step [0/17] Loss: 5.5230 Bio: 0.4856 GateEnt: 0.0000 GateDiv: 0.0000
Epoch [212/600] Total Loss: 95.6477
Epoch [213/600] Step [0/17] Loss: 5.6404 Bio: 0.6516 GateEnt: 0.0000 GateDiv: 0.0000
Epoch [213/600] Total Loss: 94.7740
Epoch [214/600] Step [0/17] Loss: 5.5790 Bio: 0.5827 GateEnt: 0.0000 GateDiv: 0.0000
Epoch [214/600] Total Loss: 95.7764
Epoch [215/600] Step [0/17] Loss: 5.7119 Bio: 0.5532 GateEnt: 0.0000 GateDiv: 0.0000
Epoch [215/600] Total Loss: 95.7958
Epoch [216/600] Step [0/17] Loss: 5.6669 Bio: 0.5652 GateEnt: 0.0000 GateDiv: 0.0000
Epoch [216/600] Total Loss: 94.1136
Epoch [217/600] Step [0/17] Loss: 5.7098 Bio: 0.6061 GateEnt: 0.0000 GateDiv: 0.0000
Epoch [217/600] Total Loss: 93.4356
Epoch [218/600] Step [0/17] Loss: 5.7444 Bio: 0.6480 GateEnt: 0.0000 GateDiv: 0.0000
Epoch [218/600] Total Loss: 94.3160
Epoch [219/600] Step [0/17] Loss: 5.6163 Bio: 0.6212 GateEnt: 0.0000 GateDiv: 0.0000
Epoch [219/600] Total Loss: 93.6164
Epoch [220/600] Step [0/17] Loss: 5.7699 Bio: 0.5727 GateEnt: 0.0000 GateDiv: 0.0000
Epoch [220/600] Total Loss: 95.5507
Epoch [221/600] Step [0/17] Loss: 5.7825 Bio: 0.6218 GateEnt: 0.0000 GateDiv: 0.0000
Epoch [221/600] Total Loss: 96.8878
Epoch [222/600] Step [0/17] Loss: 5.7848 Bio: 0.5667 GateEnt: 0.0000 GateDiv: 0.0000
Epoch [222/600] Total Loss: 95.6335
Epoch [223/600] Step [0/17] Loss: 5.5652 Bio: 0.5293 GateEnt: 0.0000 GateDiv: 0.0000
Epoch [223/600] Total Loss: 94.6370
Epoch [224/600] Step [0/17] Loss: 5.5999 Bio: 0.5167 GateEnt: 0.0000 GateDiv: 0.0000
Epoch [224/600] Total Loss: 95.6654
Epoch [225/600] Step [0/17] Loss: 5.6558 Bio: 0.5261 GateEnt: 0.0000 GateDiv: 0.0000
Epoch [225/600] Total Loss: 94.6774
Epoch [226/600] Step [0/17] Loss: 5.8788 Bio: 0.6477 GateEnt: 0.0000 GateDiv: 0.0000
Epoch [226/600] Total Loss: 94.7147
Epoch [227/600] Step [0/17] Loss: 5.8717 Bio: 0.5410 GateEnt: 0.0000 GateDiv: 0.0000
Epoch [227/600] Total Loss: 94.6634
Epoch [228/600] Step [0/17] Loss: 5.5871 Bio: 0.6220 GateEnt: 0.0000 GateDiv: 0.0000
Epoch [228/600] Total Loss: 94.5973
Epoch [229/600] Step [0/17] Loss: 5.7208 Bio: 0.6016 GateEnt: 0.0000 GateDiv: 0.0000
Epoch [229/600] Total Loss: 95.1890
Epoch [230/600] Step [0/17] Loss: 5.5987 Bio: 0.6470 GateEnt: 0.0000 GateDiv: 0.0000
Epoch [230/600] Total Loss: 93.5711
Epoch [231/600] Step [0/17] Loss: 5.6319 Bio: 0.5089 GateEnt: 0.0000 GateDiv: 0.0000
Epoch [231/600] Total Loss: 95.6749
Epoch [232/600] Step [0/17] Loss: 5.5942 Bio: 0.5301 GateEnt: 0.0000 GateDiv: 0.0000
Epoch [232/600] Total Loss: 93.5056
Epoch [233/600] Step [0/17] Loss: 5.8729 Bio: 0.6829 GateEnt: 0.0000 GateDiv: 0.0000
Epoch [233/600] Total Loss: 95.1221
Epoch [234/600] Step [0/17] Loss: 5.5063 Bio: 0.7256 GateEnt: 0.0000 GateDiv: 0.0000
Epoch [234/600] Total Loss: 93.5142
Epoch [235/600] Step [0/17] Loss: 5.9140 Bio: 0.5308 GateEnt: 0.0000 GateDiv: 0.0000
Epoch [235/600] Total Loss: 94.1669
Epoch [236/600] Step [0/17] Loss: 5.5203 Bio: 0.6467 GateEnt: 0.0000 GateDiv: 0.0000
Epoch [236/600] Total Loss: 94.6454
Epoch [237/600] Step [0/17] Loss: 5.6005 Bio: 0.5542 GateEnt: 0.0000 GateDiv: 0.0000
Epoch [237/600] Total Loss: 94.0655
Epoch [238/600] Step [0/17] Loss: 5.5818 Bio: 0.5471 GateEnt: 0.0000 GateDiv: 0.0000
Epoch [238/600] Total Loss: 93.1607
Epoch [239/600] Step [0/17] Loss: 5.8047 Bio: 0.6530 GateEnt: 0.0000 GateDiv: 0.0000
Epoch [239/600] Total Loss: 94.4249
Epoch [240/600] Step [0/17] Loss: 5.5752 Bio: 0.4776 GateEnt: 0.0000 GateDiv: 0.0000
Epoch [240/600] Total Loss: 94.3167
Epoch [241/600] Step [0/17] Loss: 5.5520 Bio: 0.5075 GateEnt: 0.0000 GateDiv: 0.0000
Epoch [241/600] Total Loss: 94.9750
Epoch [242/600] Step [0/17] Loss: 5.7121 Bio: 0.6742 GateEnt: 0.0000 GateDiv: 0.0000
Epoch [242/600] Total Loss: 95.1887
Epoch [243/600] Step [0/17] Loss: 5.6968 Bio: 0.4862 GateEnt: 0.0000 GateDiv: 0.0000
Epoch [243/600] Total Loss: 94.2452
Epoch [244/600] Step [0/17] Loss: 5.7721 Bio: 0.6785 GateEnt: 0.0000 GateDiv: 0.0000
Epoch [244/600] Total Loss: 95.1147
Epoch [245/600] Step [0/17] Loss: 5.6987 Bio: 0.5838 GateEnt: 0.0000 GateDiv: 0.0000
Epoch [245/600] Total Loss: 95.3184
Epoch [246/600] Step [0/17] Loss: 5.6997 Bio: 0.6131 GateEnt: 0.0000 GateDiv: 0.0000
Epoch [246/600] Total Loss: 93.7165
Epoch [247/600] Step [0/17] Loss: 5.7686 Bio: 0.5591 GateEnt: 0.0000 GateDiv: 0.0000
Epoch [247/600] Total Loss: 95.1170
Epoch [248/600] Step [0/17] Loss: 5.4096 Bio: 0.5295 GateEnt: 0.0000 GateDiv: 0.0000
Epoch [248/600] Total Loss: 95.2307
Epoch [249/600] Step [0/17] Loss: 5.7765 Bio: 0.5727 GateEnt: 0.0000 GateDiv: 0.0000
Epoch [249/600] Total Loss: 93.8285
Epoch [250/600] Step [0/17] Loss: 5.7115 Bio: 0.6462 GateEnt: 0.0000 GateDiv: 0.0000
Epoch [250/600] Total Loss: 94.1778
Epoch [251/600] Step [0/17] Loss: 5.7099 Bio: 0.6206 GateEnt: 0.0000 GateDiv: 0.0000
Epoch [251/600] Total Loss: 93.7582
Epoch [252/600] Step [0/17] Loss: 5.7336 Bio: 0.4758 GateEnt: 0.0000 GateDiv: 0.0000
Epoch [252/600] Total Loss: 93.6557
Epoch [253/600] Step [0/17] Loss: 5.6336 Bio: 0.5469 GateEnt: 0.0000 GateDiv: 0.0000
Epoch [253/600] Total Loss: 92.8326
Epoch [254/600] Step [0/17] Loss: 5.7644 Bio: 0.5595 GateEnt: 0.0000 GateDiv: 0.0000
Epoch [254/600] Total Loss: 94.2674
Epoch [255/600] Step [0/17] Loss: 5.6791 Bio: 0.5457 GateEnt: 0.0000 GateDiv: 0.0000
Epoch [255/600] Total Loss: 95.1481
Epoch [256/600] Step [0/17] Loss: 5.8125 Bio: 0.5680 GateEnt: 0.0000 GateDiv: 0.0000
Epoch [256/600] Total Loss: 95.2295
Epoch [257/600] Step [0/17] Loss: 5.7328 Bio: 0.5801 GateEnt: 0.0000 GateDiv: 0.0000
Epoch [257/600] Total Loss: 93.3700
Epoch [258/600] Step [0/17] Loss: 5.9521 Bio: 0.7077 GateEnt: 0.0000 GateDiv: 0.0000
Epoch [258/600] Total Loss: 94.2344
Epoch [259/600] Step [0/17] Loss: 5.8703 Bio: 0.5268 GateEnt: 0.0000 GateDiv: 0.0000
Epoch [259/600] Total Loss: 94.7487
Epoch [260/600] Step [0/17] Loss: 5.5491 Bio: 0.6679 GateEnt: 0.0000 GateDiv: 0.0000
Epoch [260/600] Total Loss: 93.7508
Epoch [261/600] Step [0/17] Loss: 5.6385 Bio: 0.5967 GateEnt: 0.0000 GateDiv: 0.0000
Epoch [261/600] Total Loss: 94.6578
Epoch [262/600] Step [0/17] Loss: 5.7380 Bio: 0.6460 GateEnt: 0.0000 GateDiv: 0.0000
Epoch [262/600] Total Loss: 95.2607
Epoch [263/600] Step [0/17] Loss: 5.6979 Bio: 0.5591 GateEnt: 0.0000 GateDiv: 0.0000
Epoch [263/600] Total Loss: 94.8256
Epoch [264/600] Step [0/17] Loss: 5.7316 Bio: 0.6604 GateEnt: 0.0000 GateDiv: 0.0000
Epoch [264/600] Total Loss: 94.3349
Epoch [265/600] Step [0/17] Loss: 5.6602 Bio: 0.6118 GateEnt: 0.0000 GateDiv: 0.0000
Epoch [265/600] Total Loss: 93.8238
Epoch [266/600] Step [0/17] Loss: 5.7847 Bio: 0.5694 GateEnt: 0.0000 GateDiv: 0.0000
Epoch [266/600] Total Loss: 93.5537
Epoch [267/600] Step [0/17] Loss: 5.4109 Bio: 0.5721 GateEnt: 0.0000 GateDiv: 0.0000
Epoch [267/600] Total Loss: 94.1807
Epoch [268/600] Step [0/17] Loss: 5.7493 Bio: 0.6030 GateEnt: 0.0000 GateDiv: 0.0000
Epoch [268/600] Total Loss: 93.1094
Epoch [269/600] Step [0/17] Loss: 5.7472 Bio: 0.6044 GateEnt: 0.0000 GateDiv: 0.0000
Epoch [269/600] Total Loss: 94.1200
Epoch [270/600] Step [0/17] Loss: 5.5615 Bio: 0.5629 GateEnt: 0.0000 GateDiv: 0.0000
Epoch [270/600] Total Loss: 93.1099
Epoch [271/600] Step [0/17] Loss: 5.8104 Bio: 0.6571 GateEnt: 0.0000 GateDiv: 0.0000
Epoch [271/600] Total Loss: 94.1322
Epoch [272/600] Step [0/17] Loss: 5.6521 Bio: 0.6189 GateEnt: 0.0000 GateDiv: 0.0000
Epoch [272/600] Total Loss: 94.5163
Epoch [273/600] Step [0/17] Loss: 5.5221 Bio: 0.6128 GateEnt: 0.0000 GateDiv: 0.0000
Epoch [273/600] Total Loss: 93.3112
Epoch [274/600] Step [0/17] Loss: 5.5907 Bio: 0.5472 GateEnt: 0.0000 GateDiv: 0.0000
Epoch [274/600] Total Loss: 95.7725
Epoch [275/600] Step [0/17] Loss: 5.8614 Bio: 0.5886 GateEnt: 0.0000 GateDiv: 0.0000
Epoch [275/600] Total Loss: 93.2663
Epoch [276/600] Step [0/17] Loss: 5.9296 Bio: 0.6929 GateEnt: 0.0000 GateDiv: 0.0000
Epoch [276/600] Total Loss: 94.0457
Epoch [277/600] Step [0/17] Loss: 5.5041 Bio: 0.6060 GateEnt: 0.0000 GateDiv: 0.0000
Epoch [277/600] Total Loss: 95.1699
Epoch [278/600] Step [0/17] Loss: 5.5820 Bio: 0.5756 GateEnt: 0.0000 GateDiv: 0.0000
Epoch [278/600] Total Loss: 95.1600
Epoch [279/600] Step [0/17] Loss: 5.5966 Bio: 0.5744 GateEnt: 0.0000 GateDiv: 0.0000
Epoch [279/600] Total Loss: 93.9612
Epoch [280/600] Step [0/17] Loss: 5.4915 Bio: 0.5602 GateEnt: 0.0000 GateDiv: 0.0000
Epoch [280/600] Total Loss: 93.8106
Epoch [281/600] Step [0/17] Loss: 5.5915 Bio: 0.5479 GateEnt: 0.0000 GateDiv: 0.0000
Epoch [281/600] Total Loss: 93.9759
Epoch [282/600] Step [0/17] Loss: 5.6512 Bio: 0.4945 GateEnt: 0.0000 GateDiv: 0.0000
Epoch [282/600] Total Loss: 93.9682
Epoch [283/600] Step [0/17] Loss: 5.6480 Bio: 0.5408 GateEnt: 0.0000 GateDiv: 0.0000
Epoch [283/600] Total Loss: 94.2116
Epoch [284/600] Step [0/17] Loss: 5.6660 Bio: 0.5660 GateEnt: 0.0000 GateDiv: 0.0000
Epoch [284/600] Total Loss: 94.0490
Epoch [285/600] Step [0/17] Loss: 5.5909 Bio: 0.5566 GateEnt: 0.0000 GateDiv: 0.0000
Epoch [285/600] Total Loss: 94.2580
Epoch [286/600] Step [0/17] Loss: 5.4238 Bio: 0.5527 GateEnt: 0.0000 GateDiv: 0.0000
Epoch [286/600] Total Loss: 93.2588
Epoch [287/600] Step [0/17] Loss: 5.8145 Bio: 0.4917 GateEnt: 0.0000 GateDiv: 0.0000
Epoch [287/600] Total Loss: 94.3591
Epoch [288/600] Step [0/17] Loss: 5.6431 Bio: 0.5721 GateEnt: 0.0000 GateDiv: 0.0000
Epoch [288/600] Total Loss: 94.2553
Epoch [289/600] Step [0/17] Loss: 5.5840 Bio: 0.5967 GateEnt: 0.0000 GateDiv: 0.0000
Epoch [289/600] Total Loss: 93.9885
Epoch [290/600] Step [0/17] Loss: 5.5733 Bio: 0.5229 GateEnt: 0.0000 GateDiv: 0.0000
Epoch [290/600] Total Loss: 95.0750
Epoch [291/600] Step [0/17] Loss: 5.5465 Bio: 0.5614 GateEnt: 0.0000 GateDiv: 0.0000
Epoch [291/600] Total Loss: 92.6576
Epoch [292/600] Step [0/17] Loss: 5.5529 Bio: 0.4643 GateEnt: 0.0000 GateDiv: 0.0000
Epoch [292/600] Total Loss: 95.0575
Epoch [293/600] Step [0/17] Loss: 5.5902 Bio: 0.6978 GateEnt: 0.0000 GateDiv: 0.0000
Epoch [293/600] Total Loss: 94.1476
Epoch [294/600] Step [0/17] Loss: 5.6814 Bio: 0.5899 GateEnt: 0.0000 GateDiv: 0.0000
Epoch [294/600] Total Loss: 93.3762
Epoch [295/600] Step [0/17] Loss: 5.6004 Bio: 0.5916 GateEnt: 0.0000 GateDiv: 0.0000
Epoch [295/600] Total Loss: 94.0441
Epoch [296/600] Step [0/17] Loss: 5.6154 Bio: 0.5708 GateEnt: 0.0000 GateDiv: 0.0000
Epoch [296/600] Total Loss: 94.4352
Epoch [297/600] Step [0/17] Loss: 5.4573 Bio: 0.6239 GateEnt: 0.0000 GateDiv: 0.0000
Epoch [297/600] Total Loss: 93.2987
Epoch [298/600] Step [0/17] Loss: 5.5320 Bio: 0.6095 GateEnt: 0.0000 GateDiv: 0.0000
Epoch [298/600] Total Loss: 93.2399
Epoch [299/600] Step [0/17] Loss: 5.5442 Bio: 0.4839 GateEnt: 0.0000 GateDiv: 0.0000
Epoch [299/600] Total Loss: 93.8895
Epoch [300/600] Step [0/17] Loss: 5.5812 Bio: 0.5656 GateEnt: 0.0000 GateDiv: 0.0000
Epoch [300/600] Total Loss: 92.5906
Epoch [301/600] Step [0/17] Loss: 5.5569 Bio: 0.4788 GateEnt: 0.0000 GateDiv: 0.0000
Epoch [301/600] Total Loss: 93.8805
Epoch [302/600] Step [0/17] Loss: 5.8718 Bio: 0.5404 GateEnt: 0.0000 GateDiv: 0.0000
Epoch [302/600] Total Loss: 94.2956
Epoch [303/600] Step [0/17] Loss: 5.6974 Bio: 0.6255 GateEnt: 0.0000 GateDiv: 0.0000
Epoch [303/600] Total Loss: 93.9685
Epoch [304/600] Step [0/17] Loss: 5.6295 Bio: 0.5591 GateEnt: 0.0000 GateDiv: 0.0000
Epoch [304/600] Total Loss: 94.3955
Epoch [305/600] Step [0/17] Loss: 5.7160 Bio: 0.5653 GateEnt: 0.0000 GateDiv: 0.0000
Epoch [305/600] Total Loss: 95.0777
Epoch [306/600] Step [0/17] Loss: 5.5775 Bio: 0.5719 GateEnt: 0.0000 GateDiv: 0.0000
Epoch [306/600] Total Loss: 93.6907
Epoch [307/600] Step [0/17] Loss: 5.3845 Bio: 0.5014 GateEnt: 0.0000 GateDiv: 0.0000
Epoch [307/600] Total Loss: 93.8852
Epoch [308/600] Step [0/17] Loss: 5.6151 Bio: 0.4701 GateEnt: 0.0000 GateDiv: 0.0000
Epoch [308/600] Total Loss: 95.1595
Epoch [309/600] Step [0/17] Loss: 5.7957 Bio: 0.5503 GateEnt: 0.0000 GateDiv: 0.0000
Epoch [309/600] Total Loss: 93.9480
Epoch [310/600] Step [0/17] Loss: 5.7852 Bio: 0.4731 GateEnt: 0.0000 GateDiv: 0.0000
Epoch [310/600] Total Loss: 93.8302
Epoch [311/600] Step [0/17] Loss: 5.5419 Bio: 0.5731 GateEnt: 0.0000 GateDiv: 0.0000
Epoch [311/600] Total Loss: 94.1537
Epoch [312/600] Step [0/17] Loss: 5.6622 Bio: 0.4717 GateEnt: 0.0000 GateDiv: 0.0000
Epoch [312/600] Total Loss: 94.8853
Epoch [313/600] Step [0/17] Loss: 5.4843 Bio: 0.5192 GateEnt: 0.0000 GateDiv: 0.0000
Epoch [313/600] Total Loss: 92.7094
Epoch [314/600] Step [0/17] Loss: 5.6040 Bio: 0.4963 GateEnt: 0.0000 GateDiv: 0.0000
Epoch [314/600] Total Loss: 94.4519
Epoch [315/600] Step [0/17] Loss: 5.6209 Bio: 0.6336 GateEnt: 0.0000 GateDiv: 0.0000
Epoch [315/600] Total Loss: 93.6374
Epoch [316/600] Step [0/17] Loss: 5.5765 Bio: 0.5262 GateEnt: 0.0000 GateDiv: 0.0000
Epoch [316/600] Total Loss: 93.4760
Epoch [317/600] Step [0/17] Loss: 5.7485 Bio: 0.4925 GateEnt: 0.0000 GateDiv: 0.0000
Epoch [317/600] Total Loss: 93.7673
Epoch [318/600] Step [0/17] Loss: 5.6170 Bio: 0.6069 GateEnt: 0.0000 GateDiv: 0.0000
Epoch [318/600] Total Loss: 92.7101
Epoch [319/600] Step [0/17] Loss: 5.5821 Bio: 0.5192 GateEnt: 0.0000 GateDiv: 0.0000
Epoch [319/600] Total Loss: 94.0647
Epoch [320/600] Step [0/17] Loss: 5.4767 Bio: 0.4850 GateEnt: 0.0000 GateDiv: 0.0000
Epoch [320/600] Total Loss: 93.6625
Epoch [321/600] Step [0/17] Loss: 5.4624 Bio: 0.5612 GateEnt: 0.0000 GateDiv: 0.0000
Epoch [321/600] Total Loss: 92.4982
Epoch [322/600] Step [0/17] Loss: 5.7211 Bio: 0.4707 GateEnt: 0.0000 GateDiv: 0.0000
Epoch [322/600] Total Loss: 93.2316
Epoch [323/600] Step [0/17] Loss: 5.5946 Bio: 0.5237 GateEnt: 0.0000 GateDiv: 0.0000
Epoch [323/600] Total Loss: 92.9301
Epoch [324/600] Step [0/17] Loss: 5.5825 Bio: 0.6140 GateEnt: 0.0000 GateDiv: 0.0000
Epoch [324/600] Total Loss: 94.2094
Epoch [325/600] Step [0/17] Loss: 5.6055 Bio: 0.5704 GateEnt: 0.0000 GateDiv: 0.0000
Epoch [325/600] Total Loss: 92.6788
Epoch [326/600] Step [0/17] Loss: 5.5659 Bio: 0.5095 GateEnt: 0.0000 GateDiv: 0.0000
Epoch [326/600] Total Loss: 93.2132
Epoch [327/600] Step [0/17] Loss: 5.5666 Bio: 0.5231 GateEnt: 0.0000 GateDiv: 0.0000
Epoch [327/600] Total Loss: 93.0907
Epoch [328/600] Step [0/17] Loss: 5.5282 Bio: 0.5695 GateEnt: 0.0000 GateDiv: 0.0000
Epoch [328/600] Total Loss: 92.7360
Epoch [329/600] Step [0/17] Loss: 5.7183 Bio: 0.4599 GateEnt: 0.0000 GateDiv: 0.0000
Epoch [329/600] Total Loss: 93.4625
Epoch [330/600] Step [0/17] Loss: 5.5218 Bio: 0.7030 GateEnt: 0.0000 GateDiv: 0.0000
Epoch [330/600] Total Loss: 92.5076
Epoch [331/600] Step [0/17] Loss: 5.6323 Bio: 0.5321 GateEnt: 0.0000 GateDiv: 0.0000
Epoch [331/600] Total Loss: 92.8603
Epoch [332/600] Step [0/17] Loss: 5.5775 Bio: 0.5380 GateEnt: 0.0000 GateDiv: 0.0000
Epoch [332/600] Total Loss: 93.1678
Epoch [333/600] Step [0/17] Loss: 5.7218 Bio: 0.5284 GateEnt: 0.0000 GateDiv: 0.0000
Epoch [333/600] Total Loss: 93.5405
Epoch [334/600] Step [0/17] Loss: 5.5935 Bio: 0.6123 GateEnt: 0.0000 GateDiv: 0.0000
Epoch [334/600] Total Loss: 91.9684
Epoch [335/600] Step [0/17] Loss: 5.6575 Bio: 0.5389 GateEnt: 0.0000 GateDiv: 0.0000
Epoch [335/600] Total Loss: 93.3262
Epoch [336/600] Step [0/17] Loss: 5.5570 Bio: 0.6175 GateEnt: 0.0000 GateDiv: 0.0000
Epoch [336/600] Total Loss: 93.5428
Epoch [337/600] Step [0/17] Loss: 5.7462 Bio: 0.6146 GateEnt: 0.0000 GateDiv: 0.0000
Epoch [337/600] Total Loss: 94.7452
Epoch [338/600] Step [0/17] Loss: 5.5996 Bio: 0.4683 GateEnt: 0.0000 GateDiv: 0.0000
Epoch [338/600] Total Loss: 92.2619
Epoch [339/600] Step [0/17] Loss: 5.5931 Bio: 0.4808 GateEnt: 0.0000 GateDiv: 0.0000
Epoch [339/600] Total Loss: 91.8052
Epoch [340/600] Step [0/17] Loss: 5.4559 Bio: 0.5892 GateEnt: 0.0000 GateDiv: 0.0000
Epoch [340/600] Total Loss: 93.4652
Epoch [341/600] Step [0/17] Loss: 5.6892 Bio: 0.5488 GateEnt: 0.0000 GateDiv: 0.0000
Epoch [341/600] Total Loss: 93.6283
Epoch [342/600] Step [0/17] Loss: 5.6032 Bio: 0.5126 GateEnt: 0.0000 GateDiv: 0.0000
Epoch [342/600] Total Loss: 93.2311
Epoch [343/600] Step [0/17] Loss: 5.8471 Bio: 0.6616 GateEnt: 0.0000 GateDiv: 0.0000
Epoch [343/600] Total Loss: 94.4502
Epoch [344/600] Step [0/17] Loss: 5.7295 Bio: 0.5528 GateEnt: 0.0000 GateDiv: 0.0000
Epoch [344/600] Total Loss: 93.1114
Epoch [345/600] Step [0/17] Loss: 5.5808 Bio: 0.5849 GateEnt: 0.0000 GateDiv: 0.0000
Epoch [345/600] Total Loss: 93.9113
Epoch [346/600] Step [0/17] Loss: 5.5845 Bio: 0.5427 GateEnt: 0.0000 GateDiv: 0.0000
Epoch [346/600] Total Loss: 93.7999
Epoch [347/600] Step [0/17] Loss: 5.4127 Bio: 0.6141 GateEnt: 0.0000 GateDiv: 0.0000
Epoch [347/600] Total Loss: 93.6191
Epoch [348/600] Step [0/17] Loss: 5.4673 Bio: 0.5727 GateEnt: 0.0000 GateDiv: 0.0000
Epoch [348/600] Total Loss: 93.4639
Epoch [349/600] Step [0/17] Loss: 5.7436 Bio: 0.5426 GateEnt: 0.0000 GateDiv: 0.0000
Epoch [349/600] Total Loss: 93.8429
Epoch [350/600] Step [0/17] Loss: 5.5938 Bio: 0.5242 GateEnt: 0.0000 GateDiv: 0.0000
Epoch [350/600] Total Loss: 93.0090
Epoch [351/600] Step [0/17] Loss: 5.7221 Bio: 0.5052 GateEnt: 0.0000 GateDiv: 0.0000
Epoch [351/600] Total Loss: 94.4940
Epoch [352/600] Step [0/17] Loss: 5.7656 Bio: 0.5033 GateEnt: 0.0000 GateDiv: 0.0000
Epoch [352/600] Total Loss: 93.5921
Epoch [353/600] Step [0/17] Loss: 5.9546 Bio: 0.5544 GateEnt: 0.0000 GateDiv: 0.0000
Epoch [353/600] Total Loss: 93.4800
Epoch [354/600] Step [0/17] Loss: 5.7745 Bio: 0.4521 GateEnt: 0.0000 GateDiv: 0.0000
Epoch [354/600] Total Loss: 92.9852
Epoch [355/600] Step [0/17] Loss: 5.5468 Bio: 0.6312 GateEnt: 0.0000 GateDiv: 0.0000
Epoch [355/600] Total Loss: 95.0225
Epoch [356/600] Step [0/17] Loss: 5.6877 Bio: 0.5941 GateEnt: 0.0000 GateDiv: 0.0000
Epoch [356/600] Total Loss: 93.0096
Epoch [357/600] Step [0/17] Loss: 5.6797 Bio: 0.5855 GateEnt: 0.0000 GateDiv: 0.0000
Epoch [357/600] Total Loss: 92.5379
Epoch [358/600] Step [0/17] Loss: 5.6387 Bio: 0.5886 GateEnt: 0.0000 GateDiv: 0.0000
Epoch [358/600] Total Loss: 93.2234
Epoch [359/600] Step [0/17] Loss: 5.5560 Bio: 0.4805 GateEnt: 0.0000 GateDiv: 0.0000
Epoch [359/600] Total Loss: 92.6033
Epoch [360/600] Step [0/17] Loss: 5.4492 Bio: 0.6228 GateEnt: 0.0000 GateDiv: 0.0000
Epoch [360/600] Total Loss: 92.4432
Epoch [361/600] Step [0/17] Loss: 5.5669 Bio: 0.5484 GateEnt: 0.0000 GateDiv: 0.0000
Epoch [361/600] Total Loss: 94.8975
Epoch [362/600] Step [0/17] Loss: 5.4755 Bio: 0.5599 GateEnt: 0.0000 GateDiv: 0.0000
Epoch [362/600] Total Loss: 93.3998
Epoch [363/600] Step [0/17] Loss: 5.7506 Bio: 0.5008 GateEnt: 0.0000 GateDiv: 0.0000
Epoch [363/600] Total Loss: 93.6031
Epoch [364/600] Step [0/17] Loss: 5.6324 Bio: 0.4732 GateEnt: 0.0000 GateDiv: 0.0000
Epoch [364/600] Total Loss: 92.3365
Epoch [365/600] Step [0/17] Loss: 5.5049 Bio: 0.6447 GateEnt: 0.0000 GateDiv: 0.0000
Epoch [365/600] Total Loss: 93.6431
Epoch [366/600] Step [0/17] Loss: 5.6205 Bio: 0.4365 GateEnt: 0.0000 GateDiv: 0.0000
Epoch [366/600] Total Loss: 92.1393
Epoch [367/600] Step [0/17] Loss: 5.5156 Bio: 0.6660 GateEnt: 0.0000 GateDiv: 0.0000
Epoch [367/600] Total Loss: 92.4852
Epoch [368/600] Step [0/17] Loss: 5.4662 Bio: 0.5832 GateEnt: 0.0000 GateDiv: 0.0000
Epoch [368/600] Total Loss: 93.3830
Epoch [369/600] Step [0/17] Loss: 5.6137 Bio: 0.4788 GateEnt: 0.0000 GateDiv: 0.0000
Epoch [369/600] Total Loss: 94.7293
Epoch [370/600] Step [0/17] Loss: 5.7183 Bio: 0.4901 GateEnt: 0.0000 GateDiv: 0.0000
Epoch [370/600] Total Loss: 93.0821
Epoch [371/600] Step [0/17] Loss: 5.5470 Bio: 0.5316 GateEnt: 0.0000 GateDiv: 0.0000
Epoch [371/600] Total Loss: 95.1848
Epoch [372/600] Step [0/17] Loss: 5.6457 Bio: 0.5646 GateEnt: 0.0000 GateDiv: 0.0000
Epoch [372/600] Total Loss: 91.5281
Epoch [373/600] Step [0/17] Loss: 5.5432 Bio: 0.5854 GateEnt: 0.0000 GateDiv: 0.0000
Epoch [373/600] Total Loss: 94.4360
Epoch [374/600] Step [0/17] Loss: 5.8211 Bio: 0.5114 GateEnt: 0.0000 GateDiv: 0.0000
Epoch [374/600] Total Loss: 93.4905
Epoch [375/600] Step [0/17] Loss: 5.5716 Bio: 0.5420 GateEnt: 0.0000 GateDiv: 0.0000
Epoch [375/600] Total Loss: 92.6902
Epoch [376/600] Step [0/17] Loss: 5.4077 Bio: 0.5709 GateEnt: 0.0000 GateDiv: 0.0000
Epoch [376/600] Total Loss: 93.2377
Epoch [377/600] Step [0/17] Loss: 5.6777 Bio: 0.5093 GateEnt: 0.0000 GateDiv: 0.0000
Epoch [377/600] Total Loss: 93.6070
Epoch [378/600] Step [0/17] Loss: 5.8770 Bio: 0.5082 GateEnt: 0.0000 GateDiv: 0.0000
Epoch [378/600] Total Loss: 92.7545
Epoch [379/600] Step [0/17] Loss: 5.4285 Bio: 0.6892 GateEnt: 0.0000 GateDiv: 0.0000
Epoch [379/600] Total Loss: 93.1681
Epoch [380/600] Step [0/17] Loss: 5.5525 Bio: 0.5038 GateEnt: 0.0000 GateDiv: 0.0000
Epoch [380/600] Total Loss: 95.2903
Epoch [381/600] Step [0/17] Loss: 5.7208 Bio: 0.5021 GateEnt: 0.0000 GateDiv: 0.0000
Epoch [381/600] Total Loss: 92.7055
Epoch [382/600] Step [0/17] Loss: 5.5053 Bio: 0.6637 GateEnt: 0.0000 GateDiv: 0.0000
Epoch [382/600] Total Loss: 93.2002
Epoch [383/600] Step [0/17] Loss: 5.6720 Bio: 0.5822 GateEnt: 0.0000 GateDiv: 0.0000
Epoch [383/600] Total Loss: 93.0502
Epoch [384/600] Step [0/17] Loss: 5.7144 Bio: 0.5163 GateEnt: 0.0000 GateDiv: 0.0000
Epoch [384/600] Total Loss: 94.6499
Epoch [385/600] Step [0/17] Loss: 5.7386 Bio: 0.4447 GateEnt: 0.0000 GateDiv: 0.0000
Epoch [385/600] Total Loss: 93.0839
Epoch [386/600] Step [0/17] Loss: 5.7822 Bio: 0.5848 GateEnt: 0.0000 GateDiv: 0.0000
Epoch [386/600] Total Loss: 93.5370
Epoch [387/600] Step [0/17] Loss: 5.4887 Bio: 0.4575 GateEnt: 0.0000 GateDiv: 0.0000
Epoch [387/600] Total Loss: 92.5510
Epoch [388/600] Step [0/17] Loss: 5.5792 Bio: 0.5425 GateEnt: 0.0000 GateDiv: 0.0000
Epoch [388/600] Total Loss: 93.0270
Epoch [389/600] Step [0/17] Loss: 5.5416 Bio: 0.4785 GateEnt: 0.0000 GateDiv: 0.0000
Epoch [389/600] Total Loss: 92.3722
Epoch [390/600] Step [0/17] Loss: 5.5476 Bio: 0.6024 GateEnt: 0.0000 GateDiv: 0.0000
Epoch [390/600] Total Loss: 93.7523
Epoch [391/600] Step [0/17] Loss: 5.5291 Bio: 0.4942 GateEnt: 0.0000 GateDiv: 0.0000
Epoch [391/600] Total Loss: 93.3082
Epoch [392/600] Step [0/17] Loss: 5.7599 Bio: 0.4774 GateEnt: 0.0000 GateDiv: 0.0000
Epoch [392/600] Total Loss: 93.9112
Epoch [393/600] Step [0/17] Loss: 5.5528 Bio: 0.5618 GateEnt: 0.0000 GateDiv: 0.0000
Epoch [393/600] Total Loss: 92.6967
Epoch [394/600] Step [0/17] Loss: 5.5252 Bio: 0.5063 GateEnt: 0.0000 GateDiv: 0.0000
Epoch [394/600] Total Loss: 94.0739
Epoch [395/600] Step [0/17] Loss: 5.6713 Bio: 0.4505 GateEnt: 0.0000 GateDiv: 0.0000
Epoch [395/600] Total Loss: 92.6292
Epoch [396/600] Step [0/17] Loss: 5.5342 Bio: 0.5508 GateEnt: 0.0000 GateDiv: 0.0000
Epoch [396/600] Total Loss: 94.9874
Epoch [397/600] Step [0/17] Loss: 5.5438 Bio: 0.5106 GateEnt: 0.0000 GateDiv: 0.0000
Epoch [397/600] Total Loss: 92.7657
Epoch [398/600] Step [0/17] Loss: 5.8044 Bio: 0.5866 GateEnt: 0.0000 GateDiv: 0.0000
Epoch [398/600] Total Loss: 93.6483
Epoch [399/600] Step [0/17] Loss: 5.6167 Bio: 0.5175 GateEnt: 0.0000 GateDiv: 0.0000
Epoch [399/600] Total Loss: 93.6864
Epoch [400/600] Step [0/17] Loss: 5.5907 Bio: 0.6380 GateEnt: 0.0000 GateDiv: 0.0000
Epoch [400/600] Total Loss: 94.2420
Epoch [401/600] Step [0/17] Loss: 5.4470 Bio: 0.6041 GateEnt: 0.0000 GateDiv: 0.0000
Epoch [401/600] Total Loss: 93.4469
Epoch [402/600] Step [0/17] Loss: 5.7846 Bio: 0.5407 GateEnt: 0.0000 GateDiv: 0.0000
Epoch [402/600] Total Loss: 93.0126
Epoch [403/600] Step [0/17] Loss: 5.4192 Bio: 0.5577 GateEnt: 0.0000 GateDiv: 0.0000
Epoch [403/600] Total Loss: 93.5100
Epoch [404/600] Step [0/17] Loss: 5.6884 Bio: 0.5398 GateEnt: 0.0000 GateDiv: 0.0000
Epoch [404/600] Total Loss: 93.3640
Epoch [405/600] Step [0/17] Loss: 5.5229 Bio: 0.5668 GateEnt: 0.0000 GateDiv: 0.0000
Epoch [405/600] Total Loss: 92.4385
Epoch [406/600] Step [0/17] Loss: 5.5330 Bio: 0.6164 GateEnt: 0.0000 GateDiv: 0.0000
Epoch [406/600] Total Loss: 92.2468
Epoch [407/600] Step [0/17] Loss: 5.5021 Bio: 0.5402 GateEnt: 0.0000 GateDiv: 0.0000
Epoch [407/600] Total Loss: 92.1874
Epoch [408/600] Step [0/17] Loss: 5.4682 Bio: 0.5539 GateEnt: 0.0000 GateDiv: 0.0000
Epoch [408/600] Total Loss: 92.5701
Epoch [409/600] Step [0/17] Loss: 5.6363 Bio: 0.5373 GateEnt: 0.0000 GateDiv: 0.0000
Epoch [409/600] Total Loss: 93.4902
Epoch [410/600] Step [0/17] Loss: 5.5753 Bio: 0.4862 GateEnt: 0.0000 GateDiv: 0.0000
Epoch [410/600] Total Loss: 92.8965
Epoch [411/600] Step [0/17] Loss: 5.6113 Bio: 0.6511 GateEnt: 0.0000 GateDiv: 0.0000
Epoch [411/600] Total Loss: 92.7423
Epoch [412/600] Step [0/17] Loss: 5.6909 Bio: 0.5821 GateEnt: 0.0000 GateDiv: 0.0000
Epoch [412/600] Total Loss: 92.7695
Epoch [413/600] Step [0/17] Loss: 5.4107 Bio: 0.4616 GateEnt: 0.0000 GateDiv: 0.0000
Epoch [413/600] Total Loss: 92.6118
Epoch [414/600] Step [0/17] Loss: 5.4885 Bio: 0.5238 GateEnt: 0.0000 GateDiv: 0.0000
Epoch [414/600] Total Loss: 93.4083
Epoch [415/600] Step [0/17] Loss: 5.5685 Bio: 0.5517 GateEnt: 0.0000 GateDiv: 0.0000
Epoch [415/600] Total Loss: 91.8206
Epoch [416/600] Step [0/17] Loss: 5.3945 Bio: 0.4631 GateEnt: 0.0000 GateDiv: 0.0000
Epoch [416/600] Total Loss: 92.4649
Epoch [417/600] Step [0/17] Loss: 5.3035 Bio: 0.5906 GateEnt: 0.0000 GateDiv: 0.0000
Epoch [417/600] Total Loss: 91.7789
Epoch [418/600] Step [0/17] Loss: 5.4794 Bio: 0.5077 GateEnt: 0.0000 GateDiv: 0.0000
Epoch [418/600] Total Loss: 91.5986
Epoch [419/600] Step [0/17] Loss: 5.7149 Bio: 0.6903 GateEnt: 0.0000 GateDiv: 0.0000
Epoch [419/600] Total Loss: 94.2886
Epoch [420/600] Step [0/17] Loss: 5.8221 Bio: 0.4836 GateEnt: 0.0000 GateDiv: 0.0000
Epoch [420/600] Total Loss: 93.5464
Epoch [421/600] Step [0/17] Loss: 5.5843 Bio: 0.5481 GateEnt: 0.0000 GateDiv: 0.0000
Epoch [421/600] Total Loss: 92.4253
Epoch [422/600] Step [0/17] Loss: 5.5966 Bio: 0.5042 GateEnt: 0.0000 GateDiv: 0.0000
Epoch [422/600] Total Loss: 92.8896
Epoch [423/600] Step [0/17] Loss: 5.5750 Bio: 0.5217 GateEnt: 0.0000 GateDiv: 0.0000
Epoch [423/600] Total Loss: 92.7439
Epoch [424/600] Step [0/17] Loss: 5.7634 Bio: 0.5813 GateEnt: 0.0000 GateDiv: 0.0000
Epoch [424/600] Total Loss: 91.8990
Epoch [425/600] Step [0/17] Loss: 5.4916 Bio: 0.5783 GateEnt: 0.0000 GateDiv: 0.0000
Epoch [425/600] Total Loss: 94.0227
Epoch [426/600] Step [0/17] Loss: 5.7110 Bio: 0.5076 GateEnt: 0.0000 GateDiv: 0.0000
Epoch [426/600] Total Loss: 92.5663
Epoch [427/600] Step [0/17] Loss: 5.6137 Bio: 0.5331 GateEnt: 0.0000 GateDiv: 0.0000
Epoch [427/600] Total Loss: 92.7923
Epoch [428/600] Step [0/17] Loss: 5.7275 Bio: 0.6323 GateEnt: 0.0000 GateDiv: 0.0000
Epoch [428/600] Total Loss: 93.4731
Epoch [429/600] Step [0/17] Loss: 5.4845 Bio: 0.5274 GateEnt: 0.0000 GateDiv: 0.0000
Epoch [429/600] Total Loss: 92.2272
Epoch [430/600] Step [0/17] Loss: 5.4949 Bio: 0.5410 GateEnt: 0.0000 GateDiv: 0.0000
Epoch [430/600] Total Loss: 93.5813
Epoch [431/600] Step [0/17] Loss: 5.5809 Bio: 0.6040 GateEnt: 0.0000 GateDiv: 0.0000
Epoch [431/600] Total Loss: 93.0323
Epoch [432/600] Step [0/17] Loss: 5.6378 Bio: 0.5187 GateEnt: 0.0000 GateDiv: 0.0000
Epoch [432/600] Total Loss: 92.2051
Epoch [433/600] Step [0/17] Loss: 5.6422 Bio: 0.5712 GateEnt: 0.0000 GateDiv: 0.0000
Epoch [433/600] Total Loss: 92.9873
Epoch [434/600] Step [0/17] Loss: 5.3800 Bio: 0.6356 GateEnt: 0.0000 GateDiv: 0.0000
Epoch [434/600] Total Loss: 92.4938
Epoch [435/600] Step [0/17] Loss: 5.6620 Bio: 0.4921 GateEnt: 0.0000 GateDiv: 0.0000
Epoch [435/600] Total Loss: 93.0356
Epoch [436/600] Step [0/17] Loss: 5.5627 Bio: 0.4628 GateEnt: 0.0000 GateDiv: 0.0000
Epoch [436/600] Total Loss: 92.7120
Epoch [437/600] Step [0/17] Loss: 5.5509 Bio: 0.5554 GateEnt: 0.0000 GateDiv: 0.0000
Epoch [437/600] Total Loss: 93.8011
Epoch [438/600] Step [0/17] Loss: 5.4936 Bio: 0.5203 GateEnt: 0.0000 GateDiv: 0.0000
Epoch [438/600] Total Loss: 92.9054
Epoch [439/600] Step [0/17] Loss: 5.3760 Bio: 0.5469 GateEnt: 0.0000 GateDiv: 0.0000
Epoch [439/600] Total Loss: 92.7759
Epoch [440/600] Step [0/17] Loss: 5.7145 Bio: 0.6589 GateEnt: 0.0000 GateDiv: 0.0000
Epoch [440/600] Total Loss: 92.2311
Epoch [441/600] Step [0/17] Loss: 5.5735 Bio: 0.4882 GateEnt: 0.0000 GateDiv: 0.0000
Epoch [441/600] Total Loss: 92.2986
Epoch [442/600] Step [0/17] Loss: 5.5971 Bio: 0.4190 GateEnt: 0.0000 GateDiv: 0.0000
Epoch [442/600] Total Loss: 93.1877
Epoch [443/600] Step [0/17] Loss: 5.5376 Bio: 0.5302 GateEnt: 0.0000 GateDiv: 0.0000
Epoch [443/600] Total Loss: 92.5600
Epoch [444/600] Step [0/17] Loss: 5.5518 Bio: 0.4845 GateEnt: 0.0000 GateDiv: 0.0000
Epoch [444/600] Total Loss: 92.1739
Epoch [445/600] Step [0/17] Loss: 5.3316 Bio: 0.5472 GateEnt: 0.0000 GateDiv: 0.0000
Epoch [445/600] Total Loss: 91.9622
Epoch [446/600] Step [0/17] Loss: 5.5482 Bio: 0.5337 GateEnt: 0.0000 GateDiv: 0.0000
Epoch [446/600] Total Loss: 92.0008
Epoch [447/600] Step [0/17] Loss: 5.6636 Bio: 0.5307 GateEnt: 0.0000 GateDiv: 0.0000
Epoch [447/600] Total Loss: 91.8526
Epoch [448/600] Step [0/17] Loss: 5.6438 Bio: 0.5902 GateEnt: 0.0000 GateDiv: 0.0000
Epoch [448/600] Total Loss: 92.4801
Epoch [449/600] Step [0/17] Loss: 5.6183 Bio: 0.5209 GateEnt: 0.0000 GateDiv: 0.0000
Epoch [449/600] Total Loss: 92.2966
Epoch [450/600] Step [0/17] Loss: 5.6713 Bio: 0.5689 GateEnt: 0.0000 GateDiv: 0.0000
Epoch [450/600] Total Loss: 92.4151
Epoch [451/600] Step [0/17] Loss: 5.3821 Bio: 0.5394 GateEnt: 0.0000 GateDiv: 0.0000
Epoch [451/600] Total Loss: 92.3265
Epoch [452/600] Step [0/17] Loss: 5.5940 Bio: 0.6653 GateEnt: 0.0000 GateDiv: 0.0000
Epoch [452/600] Total Loss: 92.3580
Epoch [453/600] Step [0/17] Loss: 5.5948 Bio: 0.6111 GateEnt: 0.0000 GateDiv: 0.0000
Epoch [453/600] Total Loss: 94.6935
Epoch [454/600] Step [0/17] Loss: 5.3345 Bio: 0.4798 GateEnt: 0.0000 GateDiv: 0.0000
Epoch [454/600] Total Loss: 91.9523
Epoch [455/600] Step [0/17] Loss: 5.6061 Bio: 0.4627 GateEnt: 0.0000 GateDiv: 0.0000
Epoch [455/600] Total Loss: 91.5221
Epoch [456/600] Step [0/17] Loss: 5.2892 Bio: 0.5337 GateEnt: 0.0000 GateDiv: 0.0000
Epoch [456/600] Total Loss: 91.5294
Epoch [457/600] Step [0/17] Loss: 5.7144 Bio: 0.5629 GateEnt: 0.0000 GateDiv: 0.0000
Epoch [457/600] Total Loss: 92.2961
Epoch [458/600] Step [0/17] Loss: 5.4395 Bio: 0.5815 GateEnt: 0.0000 GateDiv: 0.0000
Epoch [458/600] Total Loss: 93.2221
Epoch [459/600] Step [0/17] Loss: 5.6766 Bio: 0.5262 GateEnt: 0.0000 GateDiv: 0.0000
Epoch [459/600] Total Loss: 91.6671
Epoch [460/600] Step [0/17] Loss: 5.4933 Bio: 0.5220 GateEnt: 0.0000 GateDiv: 0.0000
Epoch [460/600] Total Loss: 92.1384
Epoch [461/600] Step [0/17] Loss: 5.6261 Bio: 0.4604 GateEnt: 0.0000 GateDiv: 0.0000
Epoch [461/600] Total Loss: 92.0178
Epoch [462/600] Step [0/17] Loss: 5.4410 Bio: 0.4655 GateEnt: 0.0000 GateDiv: 0.0000
Epoch [462/600] Total Loss: 91.8921
Epoch [463/600] Step [0/17] Loss: 5.4606 Bio: 0.4901 GateEnt: 0.0000 GateDiv: 0.0000
Epoch [463/600] Total Loss: 91.6951
Epoch [464/600] Step [0/17] Loss: 5.5333 Bio: 0.5721 GateEnt: 0.0000 GateDiv: 0.0000
Epoch [464/600] Total Loss: 92.2882
Epoch [465/600] Step [0/17] Loss: 5.7582 Bio: 0.5728 GateEnt: 0.0000 GateDiv: 0.0000
Epoch [465/600] Total Loss: 93.3801
Epoch [466/600] Step [0/17] Loss: 5.5732 Bio: 0.5574 GateEnt: 0.0000 GateDiv: 0.0000
Epoch [466/600] Total Loss: 92.3692
Epoch [467/600] Step [0/17] Loss: 5.6354 Bio: 0.5100 GateEnt: 0.0000 GateDiv: 0.0000
Epoch [467/600] Total Loss: 92.4728
Epoch [468/600] Step [0/17] Loss: 5.4968 Bio: 0.5521 GateEnt: 0.0000 GateDiv: 0.0000
Epoch [468/600] Total Loss: 92.7461
Epoch [469/600] Step [0/17] Loss: 5.5993 Bio: 0.4672 GateEnt: 0.0000 GateDiv: 0.0000
Epoch [469/600] Total Loss: 91.8928
Epoch [470/600] Step [0/17] Loss: 5.5227 Bio: 0.5976 GateEnt: 0.0000 GateDiv: 0.0000
Epoch [470/600] Total Loss: 92.2447
Epoch [471/600] Step [0/17] Loss: 5.5564 Bio: 0.5251 GateEnt: 0.0000 GateDiv: 0.0000
Epoch [471/600] Total Loss: 92.4724
Epoch [472/600] Step [0/17] Loss: 5.4477 Bio: 0.5878 GateEnt: 0.0000 GateDiv: 0.0000
Epoch [472/600] Total Loss: 90.8978
Epoch [473/600] Step [0/17] Loss: 5.5739 Bio: 0.4649 GateEnt: 0.0000 GateDiv: 0.0000
Epoch [473/600] Total Loss: 92.9593
Epoch [474/600] Step [0/17] Loss: 5.4896 Bio: 0.5706 GateEnt: 0.0000 GateDiv: 0.0000
Epoch [474/600] Total Loss: 93.0807
Epoch [475/600] Step [0/17] Loss: 5.5953 Bio: 0.4965 GateEnt: 0.0000 GateDiv: 0.0000
Epoch [475/600] Total Loss: 91.9591
Epoch [476/600] Step [0/17] Loss: 5.5692 Bio: 0.5633 GateEnt: 0.0000 GateDiv: 0.0000
Epoch [476/600] Total Loss: 93.6926
Epoch [477/600] Step [0/17] Loss: 5.5225 Bio: 0.6199 GateEnt: 0.0000 GateDiv: 0.0000
Epoch [477/600] Total Loss: 92.6842
Epoch [478/600] Step [0/17] Loss: 5.4462 Bio: 0.5180 GateEnt: 0.0000 GateDiv: 0.0000
Epoch [478/600] Total Loss: 91.1745
Epoch [479/600] Step [0/17] Loss: 5.3807 Bio: 0.5032 GateEnt: 0.0000 GateDiv: 0.0000
Epoch [479/600] Total Loss: 92.9904
Epoch [480/600] Step [0/17] Loss: 5.5255 Bio: 0.4813 GateEnt: 0.0000 GateDiv: 0.0000
Epoch [480/600] Total Loss: 92.5297
Epoch [481/600] Step [0/17] Loss: 5.5622 Bio: 0.5300 GateEnt: 0.0000 GateDiv: 0.0000
Epoch [481/600] Total Loss: 92.1508
Epoch [482/600] Step [0/17] Loss: 5.4793 Bio: 0.5171 GateEnt: 0.0000 GateDiv: 0.0000
Epoch [482/600] Total Loss: 92.4050
Epoch [483/600] Step [0/17] Loss: 5.5224 Bio: 0.5777 GateEnt: 0.0000 GateDiv: 0.0000
Epoch [483/600] Total Loss: 93.4031
Epoch [484/600] Step [0/17] Loss: 5.7995 Bio: 0.4559 GateEnt: 0.0000 GateDiv: 0.0000
Epoch [484/600] Total Loss: 93.3816
Epoch [485/600] Step [0/17] Loss: 5.6805 Bio: 0.5112 GateEnt: 0.0000 GateDiv: 0.0000
Epoch [485/600] Total Loss: 93.0456
Epoch [486/600] Step [0/17] Loss: 5.5368 Bio: 0.5055 GateEnt: 0.0000 GateDiv: 0.0000
Epoch [486/600] Total Loss: 92.1722
Epoch [487/600] Step [0/17] Loss: 5.4405 Bio: 0.5984 GateEnt: 0.0000 GateDiv: 0.0000
Epoch [487/600] Total Loss: 92.1496
Epoch [488/600] Step [0/17] Loss: 5.4968 Bio: 0.5787 GateEnt: 0.0000 GateDiv: 0.0000
Epoch [488/600] Total Loss: 91.5947
Epoch [489/600] Step [0/17] Loss: 5.5306 Bio: 0.5206 GateEnt: 0.0000 GateDiv: 0.0000
Epoch [489/600] Total Loss: 91.9649
Epoch [490/600] Step [0/17] Loss: 5.5151 Bio: 0.5185 GateEnt: 0.0000 GateDiv: 0.0000
Epoch [490/600] Total Loss: 92.7939
Epoch [491/600] Step [0/17] Loss: 5.6109 Bio: 0.6440 GateEnt: 0.0000 GateDiv: 0.0000
Epoch [491/600] Total Loss: 92.1902
Epoch [492/600] Step [0/17] Loss: 5.4927 Bio: 0.4978 GateEnt: 0.0000 GateDiv: 0.0000
Epoch [492/600] Total Loss: 91.3870
Epoch [493/600] Step [0/17] Loss: 5.3570 Bio: 0.6598 GateEnt: 0.0000 GateDiv: 0.0000
Epoch [493/600] Total Loss: 90.5368
Epoch [494/600] Step [0/17] Loss: 5.4446 Bio: 0.5430 GateEnt: 0.0000 GateDiv: 0.0000
Epoch [494/600] Total Loss: 92.2658
Epoch [495/600] Step [0/17] Loss: 5.5494 Bio: 0.4700 GateEnt: 0.0000 GateDiv: 0.0000
Epoch [495/600] Total Loss: 92.1567
Epoch [496/600] Step [0/17] Loss: 5.5961 Bio: 0.4086 GateEnt: 0.0000 GateDiv: 0.0000
Epoch [496/600] Total Loss: 93.4112
Epoch [497/600] Step [0/17] Loss: 5.6059 Bio: 0.5017 GateEnt: 0.0000 GateDiv: 0.0000
Epoch [497/600] Total Loss: 92.4853
Epoch [498/600] Step [0/17] Loss: 5.5187 Bio: 0.5562 GateEnt: 0.0000 GateDiv: 0.0000
Epoch [498/600] Total Loss: 92.3946
Epoch [499/600] Step [0/17] Loss: 5.5631 Bio: 0.4882 GateEnt: 0.0000 GateDiv: 0.0000
Epoch [499/600] Total Loss: 91.4618
Epoch [500/600] Step [0/17] Loss: 5.5567 Bio: 0.5391 GateEnt: 0.0000 GateDiv: 0.0000
Epoch [500/600] Total Loss: 91.8523
Epoch [501/600] Step [0/17] Loss: 5.6200 Bio: 0.5531 GateEnt: 0.0000 GateDiv: 0.0000
Epoch [501/600] Total Loss: 91.5026
Epoch [502/600] Step [0/17] Loss: 5.5600 Bio: 0.5165 GateEnt: 0.0000 GateDiv: 0.0000
Epoch [502/600] Total Loss: 92.1693
Epoch [503/600] Step [0/17] Loss: 5.4968 Bio: 0.6087 GateEnt: 0.0000 GateDiv: 0.0000
Epoch [503/600] Total Loss: 92.3386
Epoch [504/600] Step [0/17] Loss: 5.6198 Bio: 0.5521 GateEnt: 0.0000 GateDiv: 0.0000
Epoch [504/600] Total Loss: 92.4325
Epoch [505/600] Step [0/17] Loss: 5.5385 Bio: 0.5649 GateEnt: 0.0000 GateDiv: 0.0000
Epoch [505/600] Total Loss: 91.7671
Epoch [506/600] Step [0/17] Loss: 5.3973 Bio: 0.5230 GateEnt: 0.0000 GateDiv: 0.0000
Epoch [506/600] Total Loss: 91.5509
Epoch [507/600] Step [0/17] Loss: 5.5272 Bio: 0.5857 GateEnt: 0.0000 GateDiv: 0.0000
Epoch [507/600] Total Loss: 91.8491
Epoch [508/600] Step [0/17] Loss: 5.4394 Bio: 0.4723 GateEnt: 0.0000 GateDiv: 0.0000
Epoch [508/600] Total Loss: 90.9309
Epoch [509/600] Step [0/17] Loss: 5.5656 Bio: 0.5563 GateEnt: 0.0000 GateDiv: 0.0000
Epoch [509/600] Total Loss: 92.0254
Epoch [510/600] Step [0/17] Loss: 5.3367 Bio: 0.4926 GateEnt: 0.0000 GateDiv: 0.0000
Epoch [510/600] Total Loss: 92.6574
Epoch [511/600] Step [0/17] Loss: 5.5432 Bio: 0.5681 GateEnt: 0.0000 GateDiv: 0.0000
Epoch [511/600] Total Loss: 92.0149
Epoch [512/600] Step [0/17] Loss: 5.4951 Bio: 0.6548 GateEnt: 0.0000 GateDiv: 0.0000
Epoch [512/600] Total Loss: 93.2406
Epoch [513/600] Step [0/17] Loss: 5.6230 Bio: 0.5683 GateEnt: 0.0000 GateDiv: 0.0000
Epoch [513/600] Total Loss: 92.4124
Epoch [514/600] Step [0/17] Loss: 5.5167 Bio: 0.4841 GateEnt: 0.0000 GateDiv: 0.0000
Epoch [514/600] Total Loss: 91.3425
Epoch [515/600] Step [0/17] Loss: 5.6514 Bio: 0.4845 GateEnt: 0.0000 GateDiv: 0.0000
Epoch [515/600] Total Loss: 92.1222
Epoch [516/600] Step [0/17] Loss: 5.6356 Bio: 0.5305 GateEnt: 0.0000 GateDiv: 0.0000
Epoch [516/600] Total Loss: 92.3235
Epoch [517/600] Step [0/17] Loss: 5.5376 Bio: 0.4985 GateEnt: 0.0000 GateDiv: 0.0000
Epoch [517/600] Total Loss: 92.1212
Epoch [518/600] Step [0/17] Loss: 5.7232 Bio: 0.5942 GateEnt: 0.0000 GateDiv: 0.0000
Epoch [518/600] Total Loss: 91.3676
Epoch [519/600] Step [0/17] Loss: 5.6198 Bio: 0.5329 GateEnt: 0.0000 GateDiv: 0.0000
Epoch [519/600] Total Loss: 91.6442
Epoch [520/600] Step [0/17] Loss: 5.5906 Bio: 0.4690 GateEnt: 0.0000 GateDiv: 0.0000
Epoch [520/600] Total Loss: 91.4171
Epoch [521/600] Step [0/17] Loss: 5.6830 Bio: 0.4966 GateEnt: 0.0000 GateDiv: 0.0000
Epoch [521/600] Total Loss: 92.0126
Epoch [522/600] Step [0/17] Loss: 5.7100 Bio: 0.4824 GateEnt: 0.0000 GateDiv: 0.0000
Epoch [522/600] Total Loss: 92.5092
Epoch [523/600] Step [0/17] Loss: 5.4642 Bio: 0.5330 GateEnt: 0.0000 GateDiv: 0.0000
Epoch [523/600] Total Loss: 91.1616
Epoch [524/600] Step [0/17] Loss: 5.4738 Bio: 0.4820 GateEnt: 0.0000 GateDiv: 0.0000
Epoch [524/600] Total Loss: 91.5178
Epoch [525/600] Step [0/17] Loss: 5.5799 Bio: 0.5224 GateEnt: 0.0000 GateDiv: 0.0000
Epoch [525/600] Total Loss: 91.0115
Epoch [526/600] Step [0/17] Loss: 5.5000 Bio: 0.6241 GateEnt: 0.0000 GateDiv: 0.0000
Epoch [526/600] Total Loss: 90.8288
Epoch [527/600] Step [0/17] Loss: 5.4598 Bio: 0.5320 GateEnt: 0.0000 GateDiv: 0.0000
Epoch [527/600] Total Loss: 91.6831
Epoch [528/600] Step [0/17] Loss: 5.6218 Bio: 0.4954 GateEnt: 0.0000 GateDiv: 0.0000
Epoch [528/600] Total Loss: 92.6505
Epoch [529/600] Step [0/17] Loss: 5.5649 Bio: 0.5360 GateEnt: 0.0000 GateDiv: 0.0000
Epoch [529/600] Total Loss: 91.9593
Epoch [530/600] Step [0/17] Loss: 5.5123 Bio: 0.4522 GateEnt: 0.0000 GateDiv: 0.0000
Epoch [530/600] Total Loss: 91.8305
Epoch [531/600] Step [0/17] Loss: 5.3315 Bio: 0.5798 GateEnt: 0.0000 GateDiv: 0.0000
Epoch [531/600] Total Loss: 91.7756
Epoch [532/600] Step [0/17] Loss: 5.5293 Bio: 0.5207 GateEnt: 0.0000 GateDiv: 0.0000
Epoch [532/600] Total Loss: 91.3462
Epoch [533/600] Step [0/17] Loss: 5.4259 Bio: 0.5483 GateEnt: 0.0000 GateDiv: 0.0000
Epoch [533/600] Total Loss: 91.8677
Epoch [534/600] Step [0/17] Loss: 5.6625 Bio: 0.4862 GateEnt: 0.0000 GateDiv: 0.0000
Epoch [534/600] Total Loss: 92.8972
Epoch [535/600] Step [0/17] Loss: 5.6135 Bio: 0.4895 GateEnt: 0.0000 GateDiv: 0.0000
Epoch [535/600] Total Loss: 91.6211
Epoch [536/600] Step [0/17] Loss: 5.4774 Bio: 0.5132 GateEnt: 0.0000 GateDiv: 0.0000
Epoch [536/600] Total Loss: 91.6394
Epoch [537/600] Step [0/17] Loss: 5.4150 Bio: 0.5207 GateEnt: 0.0000 GateDiv: 0.0000
Epoch [537/600] Total Loss: 93.3632
Epoch [538/600] Step [0/17] Loss: 5.7344 Bio: 0.4618 GateEnt: 0.0000 GateDiv: 0.0000
Epoch [538/600] Total Loss: 92.8332
Epoch [539/600] Step [0/17] Loss: 5.5224 Bio: 0.5586 GateEnt: 0.0000 GateDiv: 0.0000
Epoch [539/600] Total Loss: 91.5624
Epoch [540/600] Step [0/17] Loss: 5.2463 Bio: 0.5419 GateEnt: 0.0000 GateDiv: 0.0000
Epoch [540/600] Total Loss: 90.6130
Epoch [541/600] Step [0/17] Loss: 5.7465 Bio: 0.5217 GateEnt: 0.0000 GateDiv: 0.0000
Epoch [541/600] Total Loss: 92.0381
Epoch [542/600] Step [0/17] Loss: 5.5064 Bio: 0.5249 GateEnt: 0.0000 GateDiv: 0.0000
Epoch [542/600] Total Loss: 92.5946
Epoch [543/600] Step [0/17] Loss: 5.5591 Bio: 0.5124 GateEnt: 0.0000 GateDiv: 0.0000
Epoch [543/600] Total Loss: 93.1376
Epoch [544/600] Step [0/17] Loss: 5.5647 Bio: 0.5414 GateEnt: 0.0000 GateDiv: 0.0000
Epoch [544/600] Total Loss: 91.9750
Epoch [545/600] Step [0/17] Loss: 5.4791 Bio: 0.4087 GateEnt: 0.0000 GateDiv: 0.0000
Epoch [545/600] Total Loss: 92.2336
Epoch [546/600] Step [0/17] Loss: 5.6306 Bio: 0.5324 GateEnt: 0.0000 GateDiv: 0.0000
Epoch [546/600] Total Loss: 90.9412
Epoch [547/600] Step [0/17] Loss: 5.5327 Bio: 0.4886 GateEnt: 0.0000 GateDiv: 0.0000
Epoch [547/600] Total Loss: 91.6137
Epoch [548/600] Step [0/17] Loss: 5.5852 Bio: 0.5376 GateEnt: 0.0000 GateDiv: 0.0000
Epoch [548/600] Total Loss: 91.6685
Epoch [549/600] Step [0/17] Loss: 5.4196 Bio: 0.5522 GateEnt: 0.0000 GateDiv: 0.0000
Epoch [549/600] Total Loss: 92.0412
Epoch [550/600] Step [0/17] Loss: 5.4682 Bio: 0.5825 GateEnt: 0.0000 GateDiv: 0.0000
Epoch [550/600] Total Loss: 91.5901
Epoch [551/600] Step [0/17] Loss: 5.5995 Bio: 0.4878 GateEnt: 0.0000 GateDiv: 0.0000
Epoch [551/600] Total Loss: 91.5276
Epoch [552/600] Step [0/17] Loss: 5.5318 Bio: 0.5358 GateEnt: 0.0000 GateDiv: 0.0000
Epoch [552/600] Total Loss: 91.8883
Epoch [553/600] Step [0/17] Loss: 5.4003 Bio: 0.6080 GateEnt: 0.0000 GateDiv: 0.0000
Epoch [553/600] Total Loss: 92.1762
Epoch [554/600] Step [0/17] Loss: 5.5829 Bio: 0.5463 GateEnt: 0.0000 GateDiv: 0.0000
Epoch [554/600] Total Loss: 91.4299
Epoch [555/600] Step [0/17] Loss: 5.4702 Bio: 0.4898 GateEnt: 0.0000 GateDiv: 0.0000
Epoch [555/600] Total Loss: 91.6899
Epoch [556/600] Step [0/17] Loss: 5.5933 Bio: 0.6108 GateEnt: 0.0000 GateDiv: 0.0000
Epoch [556/600] Total Loss: 92.7144
Epoch [557/600] Step [0/17] Loss: 5.5444 Bio: 0.4413 GateEnt: 0.0000 GateDiv: 0.0000
Epoch [557/600] Total Loss: 91.3089
Epoch [558/600] Step [0/17] Loss: 5.6470 Bio: 0.4627 GateEnt: 0.0000 GateDiv: 0.0000
Epoch [558/600] Total Loss: 91.7764
Epoch [559/600] Step [0/17] Loss: 5.3772 Bio: 0.5798 GateEnt: 0.0000 GateDiv: 0.0000
Epoch [559/600] Total Loss: 91.2906
Epoch [560/600] Step [0/17] Loss: 5.4542 Bio: 0.4648 GateEnt: 0.0000 GateDiv: 0.0000
Epoch [560/600] Total Loss: 93.1455
Epoch [561/600] Step [0/17] Loss: 5.5216 Bio: 0.4964 GateEnt: 0.0000 GateDiv: 0.0000
Epoch [561/600] Total Loss: 92.9339
Epoch [562/600] Step [0/17] Loss: 5.7219 Bio: 0.4598 GateEnt: 0.0000 GateDiv: 0.0000
Epoch [562/600] Total Loss: 91.9196
Epoch [563/600] Step [0/17] Loss: 5.3989 Bio: 0.5027 GateEnt: 0.0000 GateDiv: 0.0000
Epoch [563/600] Total Loss: 92.8985
Epoch [564/600] Step [0/17] Loss: 5.4238 Bio: 0.5098 GateEnt: 0.0000 GateDiv: 0.0000
Epoch [564/600] Total Loss: 91.5881
Epoch [565/600] Step [0/17] Loss: 5.4140 Bio: 0.5259 GateEnt: 0.0000 GateDiv: 0.0000
Epoch [565/600] Total Loss: 91.7634
Epoch [566/600] Step [0/17] Loss: 5.4608 Bio: 0.4448 GateEnt: 0.0000 GateDiv: 0.0000
Epoch [566/600] Total Loss: 91.7838
Epoch [567/600] Step [0/17] Loss: 5.4841 Bio: 0.5852 GateEnt: 0.0000 GateDiv: 0.0000
Epoch [567/600] Total Loss: 91.3036
Epoch [568/600] Step [0/17] Loss: 5.4716 Bio: 0.5343 GateEnt: 0.0000 GateDiv: 0.0000
Epoch [568/600] Total Loss: 92.0379
Epoch [569/600] Step [0/17] Loss: 5.7900 Bio: 0.5566 GateEnt: 0.0000 GateDiv: 0.0000
Epoch [569/600] Total Loss: 90.8610
Epoch [570/600] Step [0/17] Loss: 5.4194 Bio: 0.5011 GateEnt: 0.0000 GateDiv: 0.0000
Epoch [570/600] Total Loss: 90.9309
Epoch [571/600] Step [0/17] Loss: 5.4780 Bio: 0.5582 GateEnt: 0.0000 GateDiv: 0.0000
Epoch [571/600] Total Loss: 92.7739
Epoch [572/600] Step [0/17] Loss: 5.5823 Bio: 0.5457 GateEnt: 0.0000 GateDiv: 0.0000
Epoch [572/600] Total Loss: 92.9600
Epoch [573/600] Step [0/17] Loss: 5.4659 Bio: 0.5036 GateEnt: 0.0000 GateDiv: 0.0000
Epoch [573/600] Total Loss: 91.2195
Epoch [574/600] Step [0/17] Loss: 5.7472 Bio: 0.5308 GateEnt: 0.0000 GateDiv: 0.0000
Epoch [574/600] Total Loss: 92.3101
Epoch [575/600] Step [0/17] Loss: 5.6920 Bio: 0.4782 GateEnt: 0.0000 GateDiv: 0.0000
Epoch [575/600] Total Loss: 91.6718
Epoch [576/600] Step [0/17] Loss: 5.4240 Bio: 0.5190 GateEnt: 0.0000 GateDiv: 0.0000
Epoch [576/600] Total Loss: 91.5788
Epoch [577/600] Step [0/17] Loss: 5.4810 Bio: 0.5087 GateEnt: 0.0000 GateDiv: 0.0000
Epoch [577/600] Total Loss: 91.8449
Epoch [578/600] Step [0/17] Loss: 5.4933 Bio: 0.4813 GateEnt: 0.0000 GateDiv: 0.0000
Epoch [578/600] Total Loss: 91.3798
Epoch [579/600] Step [0/17] Loss: 5.7176 Bio: 0.5793 GateEnt: 0.0000 GateDiv: 0.0000
Epoch [579/600] Total Loss: 92.0716
Epoch [580/600] Step [0/17] Loss: 5.4419 Bio: 0.5475 GateEnt: 0.0000 GateDiv: 0.0000
Epoch [580/600] Total Loss: 91.3870
Epoch [581/600] Step [0/17] Loss: 5.6927 Bio: 0.5040 GateEnt: 0.0000 GateDiv: 0.0000
Epoch [581/600] Total Loss: 89.9399
Epoch [582/600] Step [0/17] Loss: 5.3199 Bio: 0.4721 GateEnt: 0.0000 GateDiv: 0.0000
Epoch [582/600] Total Loss: 90.6713
Epoch [583/600] Step [0/17] Loss: 5.6334 Bio: 0.5083 GateEnt: 0.0000 GateDiv: 0.0000
Epoch [583/600] Total Loss: 92.1275
Epoch [584/600] Step [0/17] Loss: 5.5692 Bio: 0.5156 GateEnt: 0.0000 GateDiv: 0.0000
Epoch [584/600] Total Loss: 91.0640
Epoch [585/600] Step [0/17] Loss: 5.4699 Bio: 0.5267 GateEnt: 0.0000 GateDiv: 0.0000
Epoch [585/600] Total Loss: 91.7746
Epoch [586/600] Step [0/17] Loss: 5.5169 Bio: 0.5644 GateEnt: 0.0000 GateDiv: 0.0000
Epoch [586/600] Total Loss: 92.2364
Epoch [587/600] Step [0/17] Loss: 5.7651 Bio: 0.4836 GateEnt: 0.0000 GateDiv: 0.0000
Epoch [587/600] Total Loss: 91.6033
Epoch [588/600] Step [0/17] Loss: 5.4594 Bio: 0.5256 GateEnt: 0.0000 GateDiv: 0.0000
Epoch [588/600] Total Loss: 89.5662
Epoch [589/600] Step [0/17] Loss: 5.6250 Bio: 0.5477 GateEnt: 0.0000 GateDiv: 0.0000
Epoch [589/600] Total Loss: 90.9534
Epoch [590/600] Step [0/17] Loss: 5.6758 Bio: 0.4837 GateEnt: 0.0000 GateDiv: 0.0000
Epoch [590/600] Total Loss: 92.6634
Epoch [591/600] Step [0/17] Loss: 5.5373 Bio: 0.4798 GateEnt: 0.0000 GateDiv: 0.0000
Epoch [591/600] Total Loss: 92.2595
Epoch [592/600] Step [0/17] Loss: 5.5493 Bio: 0.5148 GateEnt: 0.0000 GateDiv: 0.0000
Epoch [592/600] Total Loss: 91.7169
Epoch [593/600] Step [0/17] Loss: 5.4089 Bio: 0.5097 GateEnt: 0.0000 GateDiv: 0.0000
Epoch [593/600] Total Loss: 91.0985
Epoch [594/600] Step [0/17] Loss: 5.4315 Bio: 0.5037 GateEnt: 0.0000 GateDiv: 0.0000
Epoch [594/600] Total Loss: 91.3628
Epoch [595/600] Step [0/17] Loss: 5.3848 Bio: 0.4971 GateEnt: 0.0000 GateDiv: 0.0000
Epoch [595/600] Total Loss: 90.7498
Epoch [596/600] Step [0/17] Loss: 5.3895 Bio: 0.5397 GateEnt: 0.0000 GateDiv: 0.0000
Epoch [596/600] Total Loss: 90.6108
Epoch [597/600] Step [0/17] Loss: 5.4820 Bio: 0.6076 GateEnt: 0.0000 GateDiv: 0.0000
Epoch [597/600] Total Loss: 90.9721
Epoch [598/600] Step [0/17] Loss: 5.5730 Bio: 0.5262 GateEnt: 0.0000 GateDiv: 0.0000
Epoch [598/600] Total Loss: 93.0724
Epoch [599/600] Step [0/17] Loss: 5.4905 Bio: 0.4826 GateEnt: 0.0000 GateDiv: 0.0000
Epoch [599/600] Total Loss: 91.4239

=== Loss Summary ===
  Epoch   1: 118.9871
  Epoch 151: 95.3194
  Epoch 301: 92.5906
  Epoch 451: 92.4151
  Epoch 600: 91.4239
  Delta (last 25% = 150 ep): -0.9912
  If delta > -1.0, model has converged
attention_query_v3 training complete.
=== DONE Thu Sep  3 04:44:39 PM EDT 2026 ===
