=== config ===
# BIOS v2_benchmark_600ep_2026-09-10 — KIRC
cancer_type:      KIRC
cluster_number:   4
head_type:        linear
bio_dim:          16
n_anchors:        40
bio_anchor_file:  /gpfs/research/fangroup/ug25b/BIOS/BIOS_v2/KIRC/anchors/bio_anchors_KIRC_gsva_H40.csv
epochs:           600
lambda_bio:       0.1
batch_size:       64
seed:             42
model_path:       /gpfs/research/fangroup/ug25b/BIOS/BIOS_v2/KIRC/results/subtyping_results/BIOS/v2_benchmark_600ep_2026-09-10/checkpoint
=== train: Fri Sep 11 12:46:01 EDT 2026 ===
[config] loaded /gpfs/research/fangroup/ug25b/BIOS/BIOS_v2/KIRC/configs/BIOS_v2_benchmark_600ep_2026-09-10.yaml
[config]   cancer_type: KIRC
[config]   cluster_number: 4
[config]   head_type: linear
[config]   bio_dim: 16
[config]   n_anchors: 40
[config]   bio_anchor_file: /gpfs/research/fangroup/ug25b/BIOS/BIOS_v2/KIRC/anchors/bio_anchors_KIRC_gsva_H40.csv
[config]   epochs: 600
[config]   lambda_bio: 0.1
[config]   batch_size: 64
[config]   seed: 42
[config]   model_path: /gpfs/research/fangroup/ug25b/BIOS/BIOS_v2/KIRC/results/subtyping_results/BIOS/v2_benchmark_600ep_2026-09-10/checkpoint
Head type    : linear
Cancer       : KIRC | bio_dim: 16 | lambda_bio: 0.1
Bio anchor   : /gpfs/research/fangroup/ug25b/BIOS/BIOS_v2/KIRC/anchors/bio_anchors_KIRC_gsva_H40.csv
Cluster num  : 4
Epochs       : 600
[dataloader] Loaded bio-anchors from /gpfs/research/fangroup/ug25b/BIOS/BIOS_v2/KIRC/anchors/bio_anchors_KIRC_gsva_H40.csv: torch.Size([488, 40])
Device       : cpu
Model params : 73,947,340
Epoch [0/600] Step [0/8] Loss: 6.8981 Bio: 1.1624 GateEnt: nan GateDiv: nan
Epoch [0/600] Total Loss: 54.5128
Epoch [1/600] Step [0/8] Loss: 6.8883 Bio: 1.0607 GateEnt: nan GateDiv: nan
Epoch [1/600] Total Loss: 54.5182
Epoch [2/600] Step [0/8] Loss: 6.8784 Bio: 0.9845 GateEnt: nan GateDiv: nan
Epoch [2/600] Total Loss: 54.2565
Epoch [3/600] Step [0/8] Loss: 6.7717 Bio: 0.9268 GateEnt: nan GateDiv: nan
Epoch [3/600] Total Loss: 53.4930
Epoch [4/600] Step [0/8] Loss: 6.6613 Bio: 1.0961 GateEnt: nan GateDiv: nan
Epoch [4/600] Total Loss: 53.2125
Epoch [5/600] Step [0/8] Loss: 6.6246 Bio: 0.8158 GateEnt: nan GateDiv: nan
Epoch [5/600] Total Loss: 53.0674
Epoch [6/600] Step [0/8] Loss: 6.7232 Bio: 0.9646 GateEnt: nan GateDiv: nan
Epoch [6/600] Total Loss: 51.7674
Epoch [7/600] Step [0/8] Loss: 6.2954 Bio: 0.7845 GateEnt: nan GateDiv: nan
Epoch [7/600] Total Loss: 50.6347
Epoch [8/600] Step [0/8] Loss: 6.3835 Bio: 1.0775 GateEnt: nan GateDiv: nan
Epoch [8/600] Total Loss: 50.4338
Epoch [9/600] Step [0/8] Loss: 6.5045 Bio: 1.0310 GateEnt: nan GateDiv: nan
Epoch [9/600] Total Loss: 50.6029
Epoch [10/600] Step [0/8] Loss: 6.3312 Bio: 0.8735 GateEnt: nan GateDiv: nan
Epoch [10/600] Total Loss: 49.5710
Epoch [11/600] Step [0/8] Loss: 6.1808 Bio: 0.8252 GateEnt: nan GateDiv: nan
Epoch [11/600] Total Loss: 49.8560
Epoch [12/600] Step [0/8] Loss: 6.1705 Bio: 0.9506 GateEnt: nan GateDiv: nan
Epoch [12/600] Total Loss: 49.5910
Epoch [13/600] Step [0/8] Loss: 6.3425 Bio: 1.1145 GateEnt: nan GateDiv: nan
Epoch [13/600] Total Loss: 50.8670
Epoch [14/600] Step [0/8] Loss: 6.2954 Bio: 0.8664 GateEnt: nan GateDiv: nan
Epoch [14/600] Total Loss: 50.3590
Epoch [15/600] Step [0/8] Loss: 6.5644 Bio: 0.7998 GateEnt: nan GateDiv: nan
Epoch [15/600] Total Loss: 50.5914
Epoch [16/600] Step [0/8] Loss: 6.4797 Bio: 0.7814 GateEnt: nan GateDiv: nan
Epoch [16/600] Total Loss: 50.5302
Epoch [17/600] Step [0/8] Loss: 6.4742 Bio: 0.8144 GateEnt: nan GateDiv: nan
Epoch [17/600] Total Loss: 50.0277
Epoch [18/600] Step [0/8] Loss: 6.5096 Bio: 0.9602 GateEnt: nan GateDiv: nan
Epoch [18/600] Total Loss: 49.6019
Epoch [19/600] Step [0/8] Loss: 6.3279 Bio: 0.9657 GateEnt: nan GateDiv: nan
Epoch [19/600] Total Loss: 49.5989
Epoch [20/600] Step [0/8] Loss: 6.2913 Bio: 0.9102 GateEnt: nan GateDiv: nan
Epoch [20/600] Total Loss: 48.8628
Epoch [21/600] Step [0/8] Loss: 5.9351 Bio: 0.8007 GateEnt: nan GateDiv: nan
Epoch [21/600] Total Loss: 49.1027
Epoch [22/600] Step [0/8] Loss: 6.1790 Bio: 0.7234 GateEnt: nan GateDiv: nan
Epoch [22/600] Total Loss: 49.3782
Epoch [23/600] Step [0/8] Loss: 6.1829 Bio: 0.9601 GateEnt: nan GateDiv: nan
Epoch [23/600] Total Loss: 49.0275
Epoch [24/600] Step [0/8] Loss: 6.1021 Bio: 0.9639 GateEnt: nan GateDiv: nan
Epoch [24/600] Total Loss: 48.4116
Epoch [25/600] Step [0/8] Loss: 6.4543 Bio: 0.7826 GateEnt: nan GateDiv: nan
Epoch [25/600] Total Loss: 49.0809
Epoch [26/600] Step [0/8] Loss: 6.1780 Bio: 0.8071 GateEnt: nan GateDiv: nan
Epoch [26/600] Total Loss: 48.3818
Epoch [27/600] Step [0/8] Loss: 5.9918 Bio: 0.8363 GateEnt: nan GateDiv: nan
Epoch [27/600] Total Loss: 48.2455
Epoch [28/600] Step [0/8] Loss: 6.0771 Bio: 0.9452 GateEnt: nan GateDiv: nan
Epoch [28/600] Total Loss: 49.0049
Epoch [29/600] Step [0/8] Loss: 5.9969 Bio: 0.9627 GateEnt: nan GateDiv: nan
Epoch [29/600] Total Loss: 48.3596
Epoch [30/600] Step [0/8] Loss: 6.0931 Bio: 1.0341 GateEnt: nan GateDiv: nan
Epoch [30/600] Total Loss: 47.8757
Epoch [31/600] Step [0/8] Loss: 6.3490 Bio: 0.9704 GateEnt: nan GateDiv: nan
Epoch [31/600] Total Loss: 48.4817
Epoch [32/600] Step [0/8] Loss: 6.0625 Bio: 0.9987 GateEnt: nan GateDiv: nan
Epoch [32/600] Total Loss: 49.0545
Epoch [33/600] Step [0/8] Loss: 6.6324 Bio: 0.9033 GateEnt: nan GateDiv: nan
Epoch [33/600] Total Loss: 48.7382
Epoch [34/600] Step [0/8] Loss: 6.2139 Bio: 0.9204 GateEnt: nan GateDiv: nan
Epoch [34/600] Total Loss: 48.5706
Epoch [35/600] Step [0/8] Loss: 6.3416 Bio: 0.7437 GateEnt: nan GateDiv: nan
Epoch [35/600] Total Loss: 48.3605
Epoch [36/600] Step [0/8] Loss: 6.1359 Bio: 1.0274 GateEnt: nan GateDiv: nan
Epoch [36/600] Total Loss: 48.1771
Epoch [37/600] Step [0/8] Loss: 6.1153 Bio: 0.9950 GateEnt: nan GateDiv: nan
Epoch [37/600] Total Loss: 47.9891
Epoch [38/600] Step [0/8] Loss: 6.1466 Bio: 1.0360 GateEnt: nan GateDiv: nan
Epoch [38/600] Total Loss: 48.0149
Epoch [39/600] Step [0/8] Loss: 6.0432 Bio: 0.8075 GateEnt: nan GateDiv: nan
Epoch [39/600] Total Loss: 47.1552
Epoch [40/600] Step [0/8] Loss: 6.0847 Bio: 0.6499 GateEnt: nan GateDiv: nan
Epoch [40/600] Total Loss: 48.8400
Epoch [41/600] Step [0/8] Loss: 5.9528 Bio: 0.9498 GateEnt: nan GateDiv: nan
Epoch [41/600] Total Loss: 48.7852
Epoch [42/600] Step [0/8] Loss: 6.0072 Bio: 0.8176 GateEnt: nan GateDiv: nan
Epoch [42/600] Total Loss: 47.9904
Epoch [43/600] Step [0/8] Loss: 6.3081 Bio: 0.9426 GateEnt: nan GateDiv: nan
Epoch [43/600] Total Loss: 48.5623
Epoch [44/600] Step [0/8] Loss: 5.8292 Bio: 0.8246 GateEnt: nan GateDiv: nan
Epoch [44/600] Total Loss: 47.3529
Epoch [45/600] Step [0/8] Loss: 6.1105 Bio: 1.0745 GateEnt: nan GateDiv: nan
Epoch [45/600] Total Loss: 47.9261
Epoch [46/600] Step [0/8] Loss: 5.9469 Bio: 0.7256 GateEnt: nan GateDiv: nan
Epoch [46/600] Total Loss: 47.7634
Epoch [47/600] Step [0/8] Loss: 5.9158 Bio: 0.9924 GateEnt: nan GateDiv: nan
Epoch [47/600] Total Loss: 47.9147
Epoch [48/600] Step [0/8] Loss: 5.9864 Bio: 0.8051 GateEnt: nan GateDiv: nan
Epoch [48/600] Total Loss: 47.2364
Epoch [49/600] Step [0/8] Loss: 6.1467 Bio: 0.8700 GateEnt: nan GateDiv: nan
Epoch [49/600] Total Loss: 48.2229
Epoch [50/600] Step [0/8] Loss: 6.0156 Bio: 0.8745 GateEnt: nan GateDiv: nan
Epoch [50/600] Total Loss: 48.1197
Epoch [51/600] Step [0/8] Loss: 6.1027 Bio: 1.2100 GateEnt: nan GateDiv: nan
Epoch [51/600] Total Loss: 47.4358
Epoch [52/600] Step [0/8] Loss: 6.2155 Bio: 0.8813 GateEnt: nan GateDiv: nan
Epoch [52/600] Total Loss: 48.0697
Epoch [53/600] Step [0/8] Loss: 6.0631 Bio: 0.9136 GateEnt: nan GateDiv: nan
Epoch [53/600] Total Loss: 48.0829
Epoch [54/600] Step [0/8] Loss: 5.9422 Bio: 0.9182 GateEnt: nan GateDiv: nan
Epoch [54/600] Total Loss: 47.6888
Epoch [55/600] Step [0/8] Loss: 5.9312 Bio: 0.7129 GateEnt: nan GateDiv: nan
Epoch [55/600] Total Loss: 47.7222
Epoch [56/600] Step [0/8] Loss: 5.8563 Bio: 0.8382 GateEnt: nan GateDiv: nan
Epoch [56/600] Total Loss: 47.0046
Epoch [57/600] Step [0/8] Loss: 5.9835 Bio: 0.9701 GateEnt: nan GateDiv: nan
Epoch [57/600] Total Loss: 47.2723
Epoch [58/600] Step [0/8] Loss: 6.0135 Bio: 0.9033 GateEnt: nan GateDiv: nan
Epoch [58/600] Total Loss: 47.6089
Epoch [59/600] Step [0/8] Loss: 5.8800 Bio: 0.7942 GateEnt: nan GateDiv: nan
Epoch [59/600] Total Loss: 47.2387
Epoch [60/600] Step [0/8] Loss: 5.8836 Bio: 0.8454 GateEnt: nan GateDiv: nan
Epoch [60/600] Total Loss: 47.1877
Epoch [61/600] Step [0/8] Loss: 5.8383 Bio: 1.0437 GateEnt: nan GateDiv: nan
Epoch [61/600] Total Loss: 46.7393
Epoch [62/600] Step [0/8] Loss: 5.9537 Bio: 0.8645 GateEnt: nan GateDiv: nan
Epoch [62/600] Total Loss: 47.6938
Epoch [63/600] Step [0/8] Loss: 5.9683 Bio: 0.7126 GateEnt: nan GateDiv: nan
Epoch [63/600] Total Loss: 47.5303
Epoch [64/600] Step [0/8] Loss: 5.9198 Bio: 0.9326 GateEnt: nan GateDiv: nan
Epoch [64/600] Total Loss: 47.5564
Epoch [65/600] Step [0/8] Loss: 5.9862 Bio: 0.8496 GateEnt: nan GateDiv: nan
Epoch [65/600] Total Loss: 47.8195
Epoch [66/600] Step [0/8] Loss: 5.6979 Bio: 0.8241 GateEnt: nan GateDiv: nan
Epoch [66/600] Total Loss: 46.8013
Epoch [67/600] Step [0/8] Loss: 6.0158 Bio: 0.8450 GateEnt: nan GateDiv: nan
Epoch [67/600] Total Loss: 47.1267
Epoch [68/600] Step [0/8] Loss: 5.9373 Bio: 0.9774 GateEnt: nan GateDiv: nan
Epoch [68/600] Total Loss: 48.4295
Epoch [69/600] Step [0/8] Loss: 5.8955 Bio: 0.9206 GateEnt: nan GateDiv: nan
Epoch [69/600] Total Loss: 48.2071
Epoch [70/600] Step [0/8] Loss: 6.0194 Bio: 0.9154 GateEnt: nan GateDiv: nan
Epoch [70/600] Total Loss: 48.3045
Epoch [71/600] Step [0/8] Loss: 5.7523 Bio: 0.8515 GateEnt: nan GateDiv: nan
Epoch [71/600] Total Loss: 46.7004
Epoch [72/600] Step [0/8] Loss: 5.9820 Bio: 0.8847 GateEnt: nan GateDiv: nan
Epoch [72/600] Total Loss: 47.6261
Epoch [73/600] Step [0/8] Loss: 6.0333 Bio: 0.9245 GateEnt: nan GateDiv: nan
Epoch [73/600] Total Loss: 47.3788
Epoch [74/600] Step [0/8] Loss: 5.8264 Bio: 0.8329 GateEnt: nan GateDiv: nan
Epoch [74/600] Total Loss: 47.2269
Epoch [75/600] Step [0/8] Loss: 6.1271 Bio: 1.0311 GateEnt: nan GateDiv: nan
Epoch [75/600] Total Loss: 47.4210
Epoch [76/600] Step [0/8] Loss: 6.0260 Bio: 0.9377 GateEnt: nan GateDiv: nan
Epoch [76/600] Total Loss: 47.6238
Epoch [77/600] Step [0/8] Loss: 5.9056 Bio: 0.8850 GateEnt: nan GateDiv: nan
Epoch [77/600] Total Loss: 47.1684
Epoch [78/600] Step [0/8] Loss: 5.9847 Bio: 1.0982 GateEnt: nan GateDiv: nan
Epoch [78/600] Total Loss: 47.2407
Epoch [79/600] Step [0/8] Loss: 5.8256 Bio: 0.8519 GateEnt: nan GateDiv: nan
Epoch [79/600] Total Loss: 46.8211
Epoch [80/600] Step [0/8] Loss: 6.0603 Bio: 0.7467 GateEnt: nan GateDiv: nan
Epoch [80/600] Total Loss: 47.1971
Epoch [81/600] Step [0/8] Loss: 6.0375 Bio: 0.8878 GateEnt: nan GateDiv: nan
Epoch [81/600] Total Loss: 47.1954
Epoch [82/600] Step [0/8] Loss: 5.9006 Bio: 1.0290 GateEnt: nan GateDiv: nan
Epoch [82/600] Total Loss: 47.2508
Epoch [83/600] Step [0/8] Loss: 5.9565 Bio: 1.1780 GateEnt: nan GateDiv: nan
Epoch [83/600] Total Loss: 46.8500
Epoch [84/600] Step [0/8] Loss: 6.0208 Bio: 1.1960 GateEnt: nan GateDiv: nan
Epoch [84/600] Total Loss: 47.3586
Epoch [85/600] Step [0/8] Loss: 5.8927 Bio: 0.7211 GateEnt: nan GateDiv: nan
Epoch [85/600] Total Loss: 46.9698
Epoch [86/600] Step [0/8] Loss: 5.7344 Bio: 0.8538 GateEnt: nan GateDiv: nan
Epoch [86/600] Total Loss: 47.1899
Epoch [87/600] Step [0/8] Loss: 5.8989 Bio: 1.0239 GateEnt: nan GateDiv: nan
Epoch [87/600] Total Loss: 47.3869
Epoch [88/600] Step [0/8] Loss: 5.9815 Bio: 0.8474 GateEnt: nan GateDiv: nan
Epoch [88/600] Total Loss: 47.1462
Epoch [89/600] Step [0/8] Loss: 5.8991 Bio: 0.9107 GateEnt: nan GateDiv: nan
Epoch [89/600] Total Loss: 46.8276
Epoch [90/600] Step [0/8] Loss: 5.9186 Bio: 0.8397 GateEnt: nan GateDiv: nan
Epoch [90/600] Total Loss: 46.8447
Epoch [91/600] Step [0/8] Loss: 5.8000 Bio: 0.8108 GateEnt: nan GateDiv: nan
Epoch [91/600] Total Loss: 47.6805
Epoch [92/600] Step [0/8] Loss: 6.0694 Bio: 0.9584 GateEnt: nan GateDiv: nan
Epoch [92/600] Total Loss: 47.4403
Epoch [93/600] Step [0/8] Loss: 5.9456 Bio: 1.0070 GateEnt: nan GateDiv: nan
Epoch [93/600] Total Loss: 47.4634
Epoch [94/600] Step [0/8] Loss: 5.8772 Bio: 0.7641 GateEnt: nan GateDiv: nan
Epoch [94/600] Total Loss: 47.6480
Epoch [95/600] Step [0/8] Loss: 5.9807 Bio: 0.9816 GateEnt: nan GateDiv: nan
Epoch [95/600] Total Loss: 46.9658
Epoch [96/600] Step [0/8] Loss: 5.9479 Bio: 1.1389 GateEnt: nan GateDiv: nan
Epoch [96/600] Total Loss: 47.2569
Epoch [97/600] Step [0/8] Loss: 5.8529 Bio: 1.0644 GateEnt: nan GateDiv: nan
Epoch [97/600] Total Loss: 47.1611
Epoch [98/600] Step [0/8] Loss: 6.0191 Bio: 0.9454 GateEnt: nan GateDiv: nan
Epoch [98/600] Total Loss: 47.0565
Epoch [99/600] Step [0/8] Loss: 6.0600 Bio: 1.0880 GateEnt: nan GateDiv: nan
Epoch [99/600] Total Loss: 46.8853
Epoch [100/600] Step [0/8] Loss: 5.8744 Bio: 0.9113 GateEnt: nan GateDiv: nan
Epoch [100/600] Total Loss: 47.0399
Epoch [101/600] Step [0/8] Loss: 5.7908 Bio: 0.9005 GateEnt: nan GateDiv: nan
Epoch [101/600] Total Loss: 46.5492
Epoch [102/600] Step [0/8] Loss: 6.0159 Bio: 0.9401 GateEnt: nan GateDiv: nan
Epoch [102/600] Total Loss: 46.9804
Epoch [103/600] Step [0/8] Loss: 5.8995 Bio: 0.8295 GateEnt: nan GateDiv: nan
Epoch [103/600] Total Loss: 47.5345
Epoch [104/600] Step [0/8] Loss: 5.8703 Bio: 1.0574 GateEnt: nan GateDiv: nan
Epoch [104/600] Total Loss: 46.7086
Epoch [105/600] Step [0/8] Loss: 6.1467 Bio: 1.1341 GateEnt: nan GateDiv: nan
Epoch [105/600] Total Loss: 46.2600
Epoch [106/600] Step [0/8] Loss: 5.6896 Bio: 0.7535 GateEnt: nan GateDiv: nan
Epoch [106/600] Total Loss: 46.4836
Epoch [107/600] Step [0/8] Loss: 6.0180 Bio: 0.9212 GateEnt: nan GateDiv: nan
Epoch [107/600] Total Loss: 46.5834
Epoch [108/600] Step [0/8] Loss: 6.0564 Bio: 0.8407 GateEnt: nan GateDiv: nan
Epoch [108/600] Total Loss: 47.2525
Epoch [109/600] Step [0/8] Loss: 5.9457 Bio: 0.9414 GateEnt: nan GateDiv: nan
Epoch [109/600] Total Loss: 46.6164
Epoch [110/600] Step [0/8] Loss: 5.8137 Bio: 0.8763 GateEnt: nan GateDiv: nan
Epoch [110/600] Total Loss: 46.8122
Epoch [111/600] Step [0/8] Loss: 5.7314 Bio: 0.8005 GateEnt: nan GateDiv: nan
Epoch [111/600] Total Loss: 46.3285
Epoch [112/600] Step [0/8] Loss: 5.8396 Bio: 0.7736 GateEnt: nan GateDiv: nan
Epoch [112/600] Total Loss: 46.4143
Epoch [113/600] Step [0/8] Loss: 5.6953 Bio: 0.8292 GateEnt: nan GateDiv: nan
Epoch [113/600] Total Loss: 46.9826
Epoch [114/600] Step [0/8] Loss: 5.8804 Bio: 0.9627 GateEnt: nan GateDiv: nan
Epoch [114/600] Total Loss: 46.3106
Epoch [115/600] Step [0/8] Loss: 5.9685 Bio: 1.0897 GateEnt: nan GateDiv: nan
Epoch [115/600] Total Loss: 46.6767
Epoch [116/600] Step [0/8] Loss: 5.9081 Bio: 0.8110 GateEnt: nan GateDiv: nan
Epoch [116/600] Total Loss: 46.6201
Epoch [117/600] Step [0/8] Loss: 5.9808 Bio: 1.1585 GateEnt: nan GateDiv: nan
Epoch [117/600] Total Loss: 46.6878
Epoch [118/600] Step [0/8] Loss: 5.6567 Bio: 0.9059 GateEnt: nan GateDiv: nan
Epoch [118/600] Total Loss: 46.3885
Epoch [119/600] Step [0/8] Loss: 5.7709 Bio: 0.8363 GateEnt: nan GateDiv: nan
Epoch [119/600] Total Loss: 46.2972
Epoch [120/600] Step [0/8] Loss: 5.7784 Bio: 0.9896 GateEnt: nan GateDiv: nan
Epoch [120/600] Total Loss: 46.2833
Epoch [121/600] Step [0/8] Loss: 5.7370 Bio: 0.7842 GateEnt: nan GateDiv: nan
Epoch [121/600] Total Loss: 46.0443
Epoch [122/600] Step [0/8] Loss: 6.0639 Bio: 0.8133 GateEnt: nan GateDiv: nan
Epoch [122/600] Total Loss: 46.7923
Epoch [123/600] Step [0/8] Loss: 5.9418 Bio: 0.8354 GateEnt: nan GateDiv: nan
Epoch [123/600] Total Loss: 47.1352
Epoch [124/600] Step [0/8] Loss: 5.9845 Bio: 0.9752 GateEnt: nan GateDiv: nan
Epoch [124/600] Total Loss: 46.5802
Epoch [125/600] Step [0/8] Loss: 5.9736 Bio: 0.8393 GateEnt: nan GateDiv: nan
Epoch [125/600] Total Loss: 47.1611
Epoch [126/600] Step [0/8] Loss: 5.8852 Bio: 0.7329 GateEnt: nan GateDiv: nan
Epoch [126/600] Total Loss: 46.1221
Epoch [127/600] Step [0/8] Loss: 5.6368 Bio: 0.9592 GateEnt: nan GateDiv: nan
Epoch [127/600] Total Loss: 46.5152
Epoch [128/600] Step [0/8] Loss: 5.6757 Bio: 0.9695 GateEnt: nan GateDiv: nan
Epoch [128/600] Total Loss: 46.6991
Epoch [129/600] Step [0/8] Loss: 5.8086 Bio: 0.7250 GateEnt: nan GateDiv: nan
Epoch [129/600] Total Loss: 46.4136
Epoch [130/600] Step [0/8] Loss: 5.8897 Bio: 0.8351 GateEnt: nan GateDiv: nan
Epoch [130/600] Total Loss: 46.3222
Epoch [131/600] Step [0/8] Loss: 5.8444 Bio: 0.9146 GateEnt: nan GateDiv: nan
Epoch [131/600] Total Loss: 47.3759
Epoch [132/600] Step [0/8] Loss: 5.7661 Bio: 0.8148 GateEnt: nan GateDiv: nan
Epoch [132/600] Total Loss: 46.7170
Epoch [133/600] Step [0/8] Loss: 5.8682 Bio: 0.7807 GateEnt: nan GateDiv: nan
Epoch [133/600] Total Loss: 46.7913
Epoch [134/600] Step [0/8] Loss: 6.0576 Bio: 1.0103 GateEnt: nan GateDiv: nan
Epoch [134/600] Total Loss: 46.9042
Epoch [135/600] Step [0/8] Loss: 5.8726 Bio: 0.9062 GateEnt: nan GateDiv: nan
Epoch [135/600] Total Loss: 47.0960
Epoch [136/600] Step [0/8] Loss: 5.9441 Bio: 0.8176 GateEnt: nan GateDiv: nan
Epoch [136/600] Total Loss: 46.0834
Epoch [137/600] Step [0/8] Loss: 5.8157 Bio: 1.0648 GateEnt: nan GateDiv: nan
Epoch [137/600] Total Loss: 46.3477
Epoch [138/600] Step [0/8] Loss: 5.9056 Bio: 0.8771 GateEnt: nan GateDiv: nan
Epoch [138/600] Total Loss: 47.1392
Epoch [139/600] Step [0/8] Loss: 5.7329 Bio: 0.8903 GateEnt: nan GateDiv: nan
Epoch [139/600] Total Loss: 46.1258
Epoch [140/600] Step [0/8] Loss: 6.0962 Bio: 0.8527 GateEnt: nan GateDiv: nan
Epoch [140/600] Total Loss: 46.9570
Epoch [141/600] Step [0/8] Loss: 5.7800 Bio: 0.8421 GateEnt: nan GateDiv: nan
Epoch [141/600] Total Loss: 46.5718
Epoch [142/600] Step [0/8] Loss: 5.9332 Bio: 0.8845 GateEnt: nan GateDiv: nan
Epoch [142/600] Total Loss: 46.4371
Epoch [143/600] Step [0/8] Loss: 5.7001 Bio: 0.8026 GateEnt: nan GateDiv: nan
Epoch [143/600] Total Loss: 46.4481
Epoch [144/600] Step [0/8] Loss: 5.9426 Bio: 0.7564 GateEnt: nan GateDiv: nan
Epoch [144/600] Total Loss: 46.5772
Epoch [145/600] Step [0/8] Loss: 5.7831 Bio: 1.1520 GateEnt: nan GateDiv: nan
Epoch [145/600] Total Loss: 46.5227
Epoch [146/600] Step [0/8] Loss: 5.7854 Bio: 0.8912 GateEnt: nan GateDiv: nan
Epoch [146/600] Total Loss: 46.0666
Epoch [147/600] Step [0/8] Loss: 5.8889 Bio: 1.1309 GateEnt: nan GateDiv: nan
Epoch [147/600] Total Loss: 46.2395
Epoch [148/600] Step [0/8] Loss: 5.7216 Bio: 1.1700 GateEnt: nan GateDiv: nan
Epoch [148/600] Total Loss: 46.9958
Epoch [149/600] Step [0/8] Loss: 5.9307 Bio: 0.6949 GateEnt: nan GateDiv: nan
Epoch [149/600] Total Loss: 46.9115
Epoch [150/600] Step [0/8] Loss: 5.8656 Bio: 0.7845 GateEnt: nan GateDiv: nan
Epoch [150/600] Total Loss: 46.3598
Epoch [151/600] Step [0/8] Loss: 5.8397 Bio: 0.9931 GateEnt: nan GateDiv: nan
Epoch [151/600] Total Loss: 46.7364
Epoch [152/600] Step [0/8] Loss: 5.8040 Bio: 1.0750 GateEnt: nan GateDiv: nan
Epoch [152/600] Total Loss: 46.4579
Epoch [153/600] Step [0/8] Loss: 5.9872 Bio: 0.8419 GateEnt: nan GateDiv: nan
Epoch [153/600] Total Loss: 46.3314
Epoch [154/600] Step [0/8] Loss: 5.9718 Bio: 1.0091 GateEnt: nan GateDiv: nan
Epoch [154/600] Total Loss: 46.5521
Epoch [155/600] Step [0/8] Loss: 5.9624 Bio: 0.9531 GateEnt: nan GateDiv: nan
Epoch [155/600] Total Loss: 46.2606
Epoch [156/600] Step [0/8] Loss: 5.9940 Bio: 0.8434 GateEnt: nan GateDiv: nan
Epoch [156/600] Total Loss: 46.1973
Epoch [157/600] Step [0/8] Loss: 5.8534 Bio: 0.8926 GateEnt: nan GateDiv: nan
Epoch [157/600] Total Loss: 45.6235
Epoch [158/600] Step [0/8] Loss: 6.0845 Bio: 0.8446 GateEnt: nan GateDiv: nan
Epoch [158/600] Total Loss: 46.2126
Epoch [159/600] Step [0/8] Loss: 5.9338 Bio: 0.7809 GateEnt: nan GateDiv: nan
Epoch [159/600] Total Loss: 45.9251
Epoch [160/600] Step [0/8] Loss: 5.6500 Bio: 0.6196 GateEnt: nan GateDiv: nan
Epoch [160/600] Total Loss: 45.9543
Epoch [161/600] Step [0/8] Loss: 5.9476 Bio: 0.8218 GateEnt: nan GateDiv: nan
Epoch [161/600] Total Loss: 47.0082
Epoch [162/600] Step [0/8] Loss: 5.8926 Bio: 0.9617 GateEnt: nan GateDiv: nan
Epoch [162/600] Total Loss: 45.8572
Epoch [163/600] Step [0/8] Loss: 5.5659 Bio: 0.9504 GateEnt: nan GateDiv: nan
Epoch [163/600] Total Loss: 45.7453
Epoch [164/600] Step [0/8] Loss: 5.9606 Bio: 0.8160 GateEnt: nan GateDiv: nan
Epoch [164/600] Total Loss: 46.7542
Epoch [165/600] Step [0/8] Loss: 6.3523 Bio: 0.7910 GateEnt: nan GateDiv: nan
Epoch [165/600] Total Loss: 46.7373
Epoch [166/600] Step [0/8] Loss: 5.8679 Bio: 0.9741 GateEnt: nan GateDiv: nan
Epoch [166/600] Total Loss: 46.3500
Epoch [167/600] Step [0/8] Loss: 5.8920 Bio: 0.9381 GateEnt: nan GateDiv: nan
Epoch [167/600] Total Loss: 46.3798
Epoch [168/600] Step [0/8] Loss: 5.7148 Bio: 0.8874 GateEnt: nan GateDiv: nan
Epoch [168/600] Total Loss: 46.1685
Epoch [169/600] Step [0/8] Loss: 6.0006 Bio: 0.8002 GateEnt: nan GateDiv: nan
Epoch [169/600] Total Loss: 46.7020
Epoch [170/600] Step [0/8] Loss: 5.9218 Bio: 0.9547 GateEnt: nan GateDiv: nan
Epoch [170/600] Total Loss: 46.0643
Epoch [171/600] Step [0/8] Loss: 5.7465 Bio: 0.8844 GateEnt: nan GateDiv: nan
Epoch [171/600] Total Loss: 45.2696
Epoch [172/600] Step [0/8] Loss: 5.8705 Bio: 0.8845 GateEnt: nan GateDiv: nan
Epoch [172/600] Total Loss: 46.1225
Epoch [173/600] Step [0/8] Loss: 5.6851 Bio: 0.8489 GateEnt: nan GateDiv: nan
Epoch [173/600] Total Loss: 46.3215
Epoch [174/600] Step [0/8] Loss: 5.8630 Bio: 0.7014 GateEnt: nan GateDiv: nan
Epoch [174/600] Total Loss: 46.5099
Epoch [175/600] Step [0/8] Loss: 5.7788 Bio: 1.0448 GateEnt: nan GateDiv: nan
Epoch [175/600] Total Loss: 46.1562
Epoch [176/600] Step [0/8] Loss: 5.8653 Bio: 0.7685 GateEnt: nan GateDiv: nan
Epoch [176/600] Total Loss: 46.7694
Epoch [177/600] Step [0/8] Loss: 5.7750 Bio: 0.8808 GateEnt: nan GateDiv: nan
Epoch [177/600] Total Loss: 45.7193
Epoch [178/600] Step [0/8] Loss: 5.9314 Bio: 0.8387 GateEnt: nan GateDiv: nan
Epoch [178/600] Total Loss: 46.2335
Epoch [179/600] Step [0/8] Loss: 5.8262 Bio: 0.7490 GateEnt: nan GateDiv: nan
Epoch [179/600] Total Loss: 46.1131
Epoch [180/600] Step [0/8] Loss: 5.9788 Bio: 0.7512 GateEnt: nan GateDiv: nan
Epoch [180/600] Total Loss: 46.2872
Epoch [181/600] Step [0/8] Loss: 5.7457 Bio: 0.9336 GateEnt: nan GateDiv: nan
Epoch [181/600] Total Loss: 46.1547
Epoch [182/600] Step [0/8] Loss: 5.7163 Bio: 0.8228 GateEnt: nan GateDiv: nan
Epoch [182/600] Total Loss: 45.7352
Epoch [183/600] Step [0/8] Loss: 5.7477 Bio: 0.9090 GateEnt: nan GateDiv: nan
Epoch [183/600] Total Loss: 45.8016
Epoch [184/600] Step [0/8] Loss: 5.5859 Bio: 1.0008 GateEnt: nan GateDiv: nan
Epoch [184/600] Total Loss: 46.5971
Epoch [185/600] Step [0/8] Loss: 5.8448 Bio: 1.1711 GateEnt: nan GateDiv: nan
Epoch [185/600] Total Loss: 46.4402
Epoch [186/600] Step [0/8] Loss: 5.6713 Bio: 0.8319 GateEnt: nan GateDiv: nan
Epoch [186/600] Total Loss: 45.5533
Epoch [187/600] Step [0/8] Loss: 5.7244 Bio: 0.7020 GateEnt: nan GateDiv: nan
Epoch [187/600] Total Loss: 45.7725
Epoch [188/600] Step [0/8] Loss: 5.8980 Bio: 0.8365 GateEnt: nan GateDiv: nan
Epoch [188/600] Total Loss: 45.8326
Epoch [189/600] Step [0/8] Loss: 6.0010 Bio: 0.7749 GateEnt: nan GateDiv: nan
Epoch [189/600] Total Loss: 46.4802
Epoch [190/600] Step [0/8] Loss: 5.6461 Bio: 1.0111 GateEnt: nan GateDiv: nan
Epoch [190/600] Total Loss: 45.8453
Epoch [191/600] Step [0/8] Loss: 5.7059 Bio: 0.8186 GateEnt: nan GateDiv: nan
Epoch [191/600] Total Loss: 46.0490
Epoch [192/600] Step [0/8] Loss: 5.7421 Bio: 0.8816 GateEnt: nan GateDiv: nan
Epoch [192/600] Total Loss: 45.3879
Epoch [193/600] Step [0/8] Loss: 5.8698 Bio: 0.8639 GateEnt: nan GateDiv: nan
Epoch [193/600] Total Loss: 46.3015
Epoch [194/600] Step [0/8] Loss: 5.7903 Bio: 0.8241 GateEnt: nan GateDiv: nan
Epoch [194/600] Total Loss: 46.2574
Epoch [195/600] Step [0/8] Loss: 5.8133 Bio: 0.8708 GateEnt: nan GateDiv: nan
Epoch [195/600] Total Loss: 46.3831
Epoch [196/600] Step [0/8] Loss: 5.9814 Bio: 0.8742 GateEnt: nan GateDiv: nan
Epoch [196/600] Total Loss: 46.0363
Epoch [197/600] Step [0/8] Loss: 6.0009 Bio: 0.8851 GateEnt: nan GateDiv: nan
Epoch [197/600] Total Loss: 45.7200
Epoch [198/600] Step [0/8] Loss: 5.7704 Bio: 0.7636 GateEnt: nan GateDiv: nan
Epoch [198/600] Total Loss: 45.3440
Epoch [199/600] Step [0/8] Loss: 5.6753 Bio: 0.9046 GateEnt: nan GateDiv: nan
Epoch [199/600] Total Loss: 45.4483
Epoch [200/600] Step [0/8] Loss: 5.7980 Bio: 0.8149 GateEnt: nan GateDiv: nan
Epoch [200/600] Total Loss: 45.4571
Epoch [201/600] Step [0/8] Loss: 5.8098 Bio: 0.7551 GateEnt: nan GateDiv: nan
Epoch [201/600] Total Loss: 45.6003
Epoch [202/600] Step [0/8] Loss: 5.5887 Bio: 0.9055 GateEnt: nan GateDiv: nan
Epoch [202/600] Total Loss: 44.7191
Epoch [203/600] Step [0/8] Loss: 5.8715 Bio: 0.8302 GateEnt: nan GateDiv: nan
Epoch [203/600] Total Loss: 45.6129
Epoch [204/600] Step [0/8] Loss: 5.9019 Bio: 0.8218 GateEnt: nan GateDiv: nan
Epoch [204/600] Total Loss: 46.0058
Epoch [205/600] Step [0/8] Loss: 5.8399 Bio: 1.0019 GateEnt: nan GateDiv: nan
Epoch [205/600] Total Loss: 45.7291
Epoch [206/600] Step [0/8] Loss: 5.6477 Bio: 0.9338 GateEnt: nan GateDiv: nan
Epoch [206/600] Total Loss: 45.0588
Epoch [207/600] Step [0/8] Loss: 5.5428 Bio: 1.0207 GateEnt: nan GateDiv: nan
Epoch [207/600] Total Loss: 45.4533
Epoch [208/600] Step [0/8] Loss: 5.7064 Bio: 0.9033 GateEnt: nan GateDiv: nan
Epoch [208/600] Total Loss: 45.4310
Epoch [209/600] Step [0/8] Loss: 5.8445 Bio: 0.8239 GateEnt: nan GateDiv: nan
Epoch [209/600] Total Loss: 44.9398
Epoch [210/600] Step [0/8] Loss: 5.6550 Bio: 0.8820 GateEnt: nan GateDiv: nan
Epoch [210/600] Total Loss: 44.9786
Epoch [211/600] Step [0/8] Loss: 5.7106 Bio: 0.9873 GateEnt: nan GateDiv: nan
Epoch [211/600] Total Loss: 45.0734
Epoch [212/600] Step [0/8] Loss: 5.5078 Bio: 0.8244 GateEnt: nan GateDiv: nan
Epoch [212/600] Total Loss: 45.0600
Epoch [213/600] Step [0/8] Loss: 5.9426 Bio: 0.8327 GateEnt: nan GateDiv: nan
Epoch [213/600] Total Loss: 45.5877
Epoch [214/600] Step [0/8] Loss: 5.6647 Bio: 0.8495 GateEnt: nan GateDiv: nan
Epoch [214/600] Total Loss: 45.6502
Epoch [215/600] Step [0/8] Loss: 5.6791 Bio: 0.8500 GateEnt: nan GateDiv: nan
Epoch [215/600] Total Loss: 45.0363
Epoch [216/600] Step [0/8] Loss: 5.6185 Bio: 0.9283 GateEnt: nan GateDiv: nan
Epoch [216/600] Total Loss: 44.4715
Epoch [217/600] Step [0/8] Loss: 5.4803 Bio: 0.9264 GateEnt: nan GateDiv: nan
Epoch [217/600] Total Loss: 44.6015
Epoch [218/600] Step [0/8] Loss: 5.7345 Bio: 0.7269 GateEnt: nan GateDiv: nan
Epoch [218/600] Total Loss: 45.1591
Epoch [219/600] Step [0/8] Loss: 5.6952 Bio: 0.8252 GateEnt: nan GateDiv: nan
Epoch [219/600] Total Loss: 44.5571
Epoch [220/600] Step [0/8] Loss: 5.6358 Bio: 1.0410 GateEnt: nan GateDiv: nan
Epoch [220/600] Total Loss: 44.3982
Epoch [221/600] Step [0/8] Loss: 5.7796 Bio: 0.8824 GateEnt: nan GateDiv: nan
Epoch [221/600] Total Loss: 44.7250
Epoch [222/600] Step [0/8] Loss: 5.7680 Bio: 0.6578 GateEnt: nan GateDiv: nan
Epoch [222/600] Total Loss: 45.1739
Epoch [223/600] Step [0/8] Loss: 5.6328 Bio: 0.7682 GateEnt: nan GateDiv: nan
Epoch [223/600] Total Loss: 45.2950
Epoch [224/600] Step [0/8] Loss: 5.7372 Bio: 0.8720 GateEnt: nan GateDiv: nan
Epoch [224/600] Total Loss: 44.6660
Epoch [225/600] Step [0/8] Loss: 5.5617 Bio: 1.0430 GateEnt: nan GateDiv: nan
Epoch [225/600] Total Loss: 44.6350
Epoch [226/600] Step [0/8] Loss: 5.6265 Bio: 0.8546 GateEnt: nan GateDiv: nan
Epoch [226/600] Total Loss: 44.4161
Epoch [227/600] Step [0/8] Loss: 5.7239 Bio: 0.8073 GateEnt: nan GateDiv: nan
Epoch [227/600] Total Loss: 44.2108
Epoch [228/600] Step [0/8] Loss: 5.5993 Bio: 0.8189 GateEnt: nan GateDiv: nan
Epoch [228/600] Total Loss: 44.6867
Epoch [229/600] Step [0/8] Loss: 5.4633 Bio: 0.9051 GateEnt: nan GateDiv: nan
Epoch [229/600] Total Loss: 43.8174
Epoch [230/600] Step [0/8] Loss: 5.7636 Bio: 0.8761 GateEnt: nan GateDiv: nan
Epoch [230/600] Total Loss: 44.7345
Epoch [231/600] Step [0/8] Loss: 5.6179 Bio: 0.8470 GateEnt: nan GateDiv: nan
Epoch [231/600] Total Loss: 44.9985
Epoch [232/600] Step [0/8] Loss: 5.4623 Bio: 0.9381 GateEnt: nan GateDiv: nan
Epoch [232/600] Total Loss: 44.1172
Epoch [233/600] Step [0/8] Loss: 5.5998 Bio: 0.9525 GateEnt: nan GateDiv: nan
Epoch [233/600] Total Loss: 44.8115
Epoch [234/600] Step [0/8] Loss: 5.4594 Bio: 1.0080 GateEnt: nan GateDiv: nan
Epoch [234/600] Total Loss: 44.5894
Epoch [235/600] Step [0/8] Loss: 5.5927 Bio: 0.8491 GateEnt: nan GateDiv: nan
Epoch [235/600] Total Loss: 44.3051
Epoch [236/600] Step [0/8] Loss: 5.6337 Bio: 0.9751 GateEnt: nan GateDiv: nan
Epoch [236/600] Total Loss: 44.4202
Epoch [237/600] Step [0/8] Loss: 5.4963 Bio: 0.8703 GateEnt: nan GateDiv: nan
Epoch [237/600] Total Loss: 44.1643
Epoch [238/600] Step [0/8] Loss: 5.6095 Bio: 0.9119 GateEnt: nan GateDiv: nan
Epoch [238/600] Total Loss: 44.0471
Epoch [239/600] Step [0/8] Loss: 5.6311 Bio: 0.7297 GateEnt: nan GateDiv: nan
Epoch [239/600] Total Loss: 43.9979
Epoch [240/600] Step [0/8] Loss: 5.4829 Bio: 0.8230 GateEnt: nan GateDiv: nan
Epoch [240/600] Total Loss: 44.4665
Epoch [241/600] Step [0/8] Loss: 5.7961 Bio: 0.8275 GateEnt: nan GateDiv: nan
Epoch [241/600] Total Loss: 44.3638
Epoch [242/600] Step [0/8] Loss: 5.5601 Bio: 0.8963 GateEnt: nan GateDiv: nan
Epoch [242/600] Total Loss: 44.3267
Epoch [243/600] Step [0/8] Loss: 5.5243 Bio: 0.9227 GateEnt: nan GateDiv: nan
Epoch [243/600] Total Loss: 43.9066
Epoch [244/600] Step [0/8] Loss: 5.3328 Bio: 0.8262 GateEnt: nan GateDiv: nan
Epoch [244/600] Total Loss: 43.8363
Epoch [245/600] Step [0/8] Loss: 5.6257 Bio: 0.8946 GateEnt: nan GateDiv: nan
Epoch [245/600] Total Loss: 44.2400
Epoch [246/600] Step [0/8] Loss: 5.4189 Bio: 0.8493 GateEnt: nan GateDiv: nan
Epoch [246/600] Total Loss: 44.1582
Epoch [247/600] Step [0/8] Loss: 5.7342 Bio: 0.7411 GateEnt: nan GateDiv: nan
Epoch [247/600] Total Loss: 44.1959
Epoch [248/600] Step [0/8] Loss: 5.5670 Bio: 0.7209 GateEnt: nan GateDiv: nan
Epoch [248/600] Total Loss: 44.0648
Epoch [249/600] Step [0/8] Loss: 5.5750 Bio: 0.9339 GateEnt: nan GateDiv: nan
Epoch [249/600] Total Loss: 43.9194
Epoch [250/600] Step [0/8] Loss: 5.5111 Bio: 1.0888 GateEnt: nan GateDiv: nan
Epoch [250/600] Total Loss: 43.5065
Epoch [251/600] Step [0/8] Loss: 5.6939 Bio: 0.7635 GateEnt: nan GateDiv: nan
Epoch [251/600] Total Loss: 44.2727
Epoch [252/600] Step [0/8] Loss: 5.5659 Bio: 0.8398 GateEnt: nan GateDiv: nan
Epoch [252/600] Total Loss: 43.4213
Epoch [253/600] Step [0/8] Loss: 5.5183 Bio: 0.8717 GateEnt: nan GateDiv: nan
Epoch [253/600] Total Loss: 43.7123
Epoch [254/600] Step [0/8] Loss: 5.4668 Bio: 0.8931 GateEnt: nan GateDiv: nan
Epoch [254/600] Total Loss: 43.8957
Epoch [255/600] Step [0/8] Loss: 5.8652 Bio: 0.9775 GateEnt: nan GateDiv: nan
Epoch [255/600] Total Loss: 44.2635
Epoch [256/600] Step [0/8] Loss: 5.7183 Bio: 0.8811 GateEnt: nan GateDiv: nan
Epoch [256/600] Total Loss: 43.9975
Epoch [257/600] Step [0/8] Loss: 5.7113 Bio: 0.8334 GateEnt: nan GateDiv: nan
Epoch [257/600] Total Loss: 43.6924
Epoch [258/600] Step [0/8] Loss: 5.6515 Bio: 0.7351 GateEnt: nan GateDiv: nan
Epoch [258/600] Total Loss: 43.9645
Epoch [259/600] Step [0/8] Loss: 5.3020 Bio: 0.9367 GateEnt: nan GateDiv: nan
Epoch [259/600] Total Loss: 43.8162
Epoch [260/600] Step [0/8] Loss: 5.4528 Bio: 0.9312 GateEnt: nan GateDiv: nan
Epoch [260/600] Total Loss: 43.7198
Epoch [261/600] Step [0/8] Loss: 5.5719 Bio: 1.1251 GateEnt: nan GateDiv: nan
Epoch [261/600] Total Loss: 44.0650
Epoch [262/600] Step [0/8] Loss: 5.4273 Bio: 0.7777 GateEnt: nan GateDiv: nan
Epoch [262/600] Total Loss: 44.1421
Epoch [263/600] Step [0/8] Loss: 5.6141 Bio: 0.8589 GateEnt: nan GateDiv: nan
Epoch [263/600] Total Loss: 43.6783
Epoch [264/600] Step [0/8] Loss: 5.5547 Bio: 0.9147 GateEnt: nan GateDiv: nan
Epoch [264/600] Total Loss: 43.9747
Epoch [265/600] Step [0/8] Loss: 5.5683 Bio: 0.8557 GateEnt: nan GateDiv: nan
Epoch [265/600] Total Loss: 43.6344
Epoch [266/600] Step [0/8] Loss: 5.4161 Bio: 0.7533 GateEnt: nan GateDiv: nan
Epoch [266/600] Total Loss: 43.1040
Epoch [267/600] Step [0/8] Loss: 5.4509 Bio: 0.8179 GateEnt: nan GateDiv: nan
Epoch [267/600] Total Loss: 43.3443
Epoch [268/600] Step [0/8] Loss: 5.5220 Bio: 0.8348 GateEnt: nan GateDiv: nan
Epoch [268/600] Total Loss: 44.1854
Epoch [269/600] Step [0/8] Loss: 5.4213 Bio: 0.8979 GateEnt: nan GateDiv: nan
Epoch [269/600] Total Loss: 43.9115
Epoch [270/600] Step [0/8] Loss: 5.8743 Bio: 0.6873 GateEnt: nan GateDiv: nan
Epoch [270/600] Total Loss: 43.6508
Epoch [271/600] Step [0/8] Loss: 5.5252 Bio: 0.8370 GateEnt: nan GateDiv: nan
Epoch [271/600] Total Loss: 43.3056
Epoch [272/600] Step [0/8] Loss: 5.5430 Bio: 0.8685 GateEnt: nan GateDiv: nan
Epoch [272/600] Total Loss: 43.3540
Epoch [273/600] Step [0/8] Loss: 5.6115 Bio: 0.8585 GateEnt: nan GateDiv: nan
Epoch [273/600] Total Loss: 43.6710
Epoch [274/600] Step [0/8] Loss: 5.3213 Bio: 1.1121 GateEnt: nan GateDiv: nan
Epoch [274/600] Total Loss: 43.4652
Epoch [275/600] Step [0/8] Loss: 5.5253 Bio: 0.7902 GateEnt: nan GateDiv: nan
Epoch [275/600] Total Loss: 43.4206
Epoch [276/600] Step [0/8] Loss: 5.3880 Bio: 0.9880 GateEnt: nan GateDiv: nan
Epoch [276/600] Total Loss: 43.3030
Epoch [277/600] Step [0/8] Loss: 5.5873 Bio: 0.8944 GateEnt: nan GateDiv: nan
Epoch [277/600] Total Loss: 43.8572
Epoch [278/600] Step [0/8] Loss: 5.4405 Bio: 0.7723 GateEnt: nan GateDiv: nan
Epoch [278/600] Total Loss: 43.3836
Epoch [279/600] Step [0/8] Loss: 5.5089 Bio: 0.8928 GateEnt: nan GateDiv: nan
Epoch [279/600] Total Loss: 43.2276
Epoch [280/600] Step [0/8] Loss: 5.2441 Bio: 0.9553 GateEnt: nan GateDiv: nan
Epoch [280/600] Total Loss: 43.0957
Epoch [281/600] Step [0/8] Loss: 5.4375 Bio: 0.8113 GateEnt: nan GateDiv: nan
Epoch [281/600] Total Loss: 43.1625
Epoch [282/600] Step [0/8] Loss: 5.4519 Bio: 0.8843 GateEnt: nan GateDiv: nan
Epoch [282/600] Total Loss: 43.5958
Epoch [283/600] Step [0/8] Loss: 5.6623 Bio: 0.9333 GateEnt: nan GateDiv: nan
Epoch [283/600] Total Loss: 43.2468
Epoch [284/600] Step [0/8] Loss: 5.4720 Bio: 0.9977 GateEnt: nan GateDiv: nan
Epoch [284/600] Total Loss: 43.1514
Epoch [285/600] Step [0/8] Loss: 5.3808 Bio: 0.8628 GateEnt: nan GateDiv: nan
Epoch [285/600] Total Loss: 43.5565
Epoch [286/600] Step [0/8] Loss: 5.3602 Bio: 0.9747 GateEnt: nan GateDiv: nan
Epoch [286/600] Total Loss: 42.9371
Epoch [287/600] Step [0/8] Loss: 5.3348 Bio: 0.6551 GateEnt: nan GateDiv: nan
Epoch [287/600] Total Loss: 43.3345
Epoch [288/600] Step [0/8] Loss: 5.2165 Bio: 1.0060 GateEnt: nan GateDiv: nan
Epoch [288/600] Total Loss: 43.3648
Epoch [289/600] Step [0/8] Loss: 5.5476 Bio: 0.8674 GateEnt: nan GateDiv: nan
Epoch [289/600] Total Loss: 42.8118
Epoch [290/600] Step [0/8] Loss: 5.4477 Bio: 0.8340 GateEnt: nan GateDiv: nan
Epoch [290/600] Total Loss: 43.2032
Epoch [291/600] Step [0/8] Loss: 5.3928 Bio: 0.7429 GateEnt: nan GateDiv: nan
Epoch [291/600] Total Loss: 43.1954
Epoch [292/600] Step [0/8] Loss: 5.4795 Bio: 0.8893 GateEnt: nan GateDiv: nan
Epoch [292/600] Total Loss: 43.1918
Epoch [293/600] Step [0/8] Loss: 5.3599 Bio: 1.1550 GateEnt: nan GateDiv: nan
Epoch [293/600] Total Loss: 43.2639
Epoch [294/600] Step [0/8] Loss: 5.3839 Bio: 1.0597 GateEnt: nan GateDiv: nan
Epoch [294/600] Total Loss: 43.0254
Epoch [295/600] Step [0/8] Loss: 5.3403 Bio: 0.8437 GateEnt: nan GateDiv: nan
Epoch [295/600] Total Loss: 43.2190
Epoch [296/600] Step [0/8] Loss: 5.6589 Bio: 1.0471 GateEnt: nan GateDiv: nan
Epoch [296/600] Total Loss: 43.5390
Epoch [297/600] Step [0/8] Loss: 5.3243 Bio: 0.9052 GateEnt: nan GateDiv: nan
Epoch [297/600] Total Loss: 43.4054
Epoch [298/600] Step [0/8] Loss: 5.4028 Bio: 0.9936 GateEnt: nan GateDiv: nan
Epoch [298/600] Total Loss: 43.4490
Epoch [299/600] Step [0/8] Loss: 5.2462 Bio: 0.7408 GateEnt: nan GateDiv: nan
Epoch [299/600] Total Loss: 43.1195
Epoch [300/600] Step [0/8] Loss: 5.5343 Bio: 0.8695 GateEnt: nan GateDiv: nan
Epoch [300/600] Total Loss: 42.9841
Epoch [301/600] Step [0/8] Loss: 5.5180 Bio: 0.7906 GateEnt: nan GateDiv: nan
Epoch [301/600] Total Loss: 43.2354
Epoch [302/600] Step [0/8] Loss: 5.4392 Bio: 0.8164 GateEnt: nan GateDiv: nan
Epoch [302/600] Total Loss: 42.5591
Epoch [303/600] Step [0/8] Loss: 5.4426 Bio: 0.9078 GateEnt: nan GateDiv: nan
Epoch [303/600] Total Loss: 42.9930
Epoch [304/600] Step [0/8] Loss: 5.4261 Bio: 0.8913 GateEnt: nan GateDiv: nan
Epoch [304/600] Total Loss: 43.6154
Epoch [305/600] Step [0/8] Loss: 5.4937 Bio: 1.0757 GateEnt: nan GateDiv: nan
Epoch [305/600] Total Loss: 43.0698
Epoch [306/600] Step [0/8] Loss: 5.5318 Bio: 0.7720 GateEnt: nan GateDiv: nan
Epoch [306/600] Total Loss: 43.5284
Epoch [307/600] Step [0/8] Loss: 5.4674 Bio: 0.9737 GateEnt: nan GateDiv: nan
Epoch [307/600] Total Loss: 43.1815
Epoch [308/600] Step [0/8] Loss: 5.2263 Bio: 0.9069 GateEnt: nan GateDiv: nan
Epoch [308/600] Total Loss: 43.2951
Epoch [309/600] Step [0/8] Loss: 5.2234 Bio: 0.9265 GateEnt: nan GateDiv: nan
Epoch [309/600] Total Loss: 42.3312
Epoch [310/600] Step [0/8] Loss: 5.2722 Bio: 1.0013 GateEnt: nan GateDiv: nan
Epoch [310/600] Total Loss: 42.7478
Epoch [311/600] Step [0/8] Loss: 5.4453 Bio: 0.9918 GateEnt: nan GateDiv: nan
Epoch [311/600] Total Loss: 43.1762
Epoch [312/600] Step [0/8] Loss: 5.6114 Bio: 1.0705 GateEnt: nan GateDiv: nan
Epoch [312/600] Total Loss: 43.0857
Epoch [313/600] Step [0/8] Loss: 5.3855 Bio: 1.0852 GateEnt: nan GateDiv: nan
Epoch [313/600] Total Loss: 43.4240
Epoch [314/600] Step [0/8] Loss: 5.4404 Bio: 0.7537 GateEnt: nan GateDiv: nan
Epoch [314/600] Total Loss: 43.3648
Epoch [315/600] Step [0/8] Loss: 5.3283 Bio: 0.8226 GateEnt: nan GateDiv: nan
Epoch [315/600] Total Loss: 42.9055
Epoch [316/600] Step [0/8] Loss: 5.3573 Bio: 0.9909 GateEnt: nan GateDiv: nan
Epoch [316/600] Total Loss: 43.2488
Epoch [317/600] Step [0/8] Loss: 5.2846 Bio: 1.0943 GateEnt: nan GateDiv: nan
Epoch [317/600] Total Loss: 42.9447
Epoch [318/600] Step [0/8] Loss: 5.3952 Bio: 0.8581 GateEnt: nan GateDiv: nan
Epoch [318/600] Total Loss: 42.3495
Epoch [319/600] Step [0/8] Loss: 5.4132 Bio: 1.0031 GateEnt: nan GateDiv: nan
Epoch [319/600] Total Loss: 42.7384
Epoch [320/600] Step [0/8] Loss: 5.5420 Bio: 0.8527 GateEnt: nan GateDiv: nan
Epoch [320/600] Total Loss: 42.8729
Epoch [321/600] Step [0/8] Loss: 5.3133 Bio: 0.9138 GateEnt: nan GateDiv: nan
Epoch [321/600] Total Loss: 43.1609
Epoch [322/600] Step [0/8] Loss: 5.3805 Bio: 0.7669 GateEnt: nan GateDiv: nan
Epoch [322/600] Total Loss: 42.5323
Epoch [323/600] Step [0/8] Loss: 5.3724 Bio: 0.9359 GateEnt: nan GateDiv: nan
Epoch [323/600] Total Loss: 42.8675
Epoch [324/600] Step [0/8] Loss: 5.3935 Bio: 0.8472 GateEnt: nan GateDiv: nan
Epoch [324/600] Total Loss: 42.4132
Epoch [325/600] Step [0/8] Loss: 5.4481 Bio: 0.8316 GateEnt: nan GateDiv: nan
Epoch [325/600] Total Loss: 42.6357
Epoch [326/600] Step [0/8] Loss: 5.4896 Bio: 0.9605 GateEnt: nan GateDiv: nan
Epoch [326/600] Total Loss: 43.1281
Epoch [327/600] Step [0/8] Loss: 5.5427 Bio: 0.9305 GateEnt: nan GateDiv: nan
Epoch [327/600] Total Loss: 43.2243
Epoch [328/600] Step [0/8] Loss: 5.4463 Bio: 0.8071 GateEnt: nan GateDiv: nan
Epoch [328/600] Total Loss: 42.9709
Epoch [329/600] Step [0/8] Loss: 5.8046 Bio: 0.7191 GateEnt: nan GateDiv: nan
Epoch [329/600] Total Loss: 43.3388
Epoch [330/600] Step [0/8] Loss: 5.5234 Bio: 0.7967 GateEnt: nan GateDiv: nan
Epoch [330/600] Total Loss: 42.9947
Epoch [331/600] Step [0/8] Loss: 5.2861 Bio: 1.3101 GateEnt: nan GateDiv: nan
Epoch [331/600] Total Loss: 42.4943
Epoch [332/600] Step [0/8] Loss: 5.3693 Bio: 0.7301 GateEnt: nan GateDiv: nan
Epoch [332/600] Total Loss: 42.4326
Epoch [333/600] Step [0/8] Loss: 5.4586 Bio: 0.9633 GateEnt: nan GateDiv: nan
Epoch [333/600] Total Loss: 42.6710
Epoch [334/600] Step [0/8] Loss: 5.7873 Bio: 0.9042 GateEnt: nan GateDiv: nan
Epoch [334/600] Total Loss: 42.6403
Epoch [335/600] Step [0/8] Loss: 5.3671 Bio: 0.9505 GateEnt: nan GateDiv: nan
Epoch [335/600] Total Loss: 42.5452
Epoch [336/600] Step [0/8] Loss: 5.4445 Bio: 0.7669 GateEnt: nan GateDiv: nan
Epoch [336/600] Total Loss: 42.6950
Epoch [337/600] Step [0/8] Loss: 5.3801 Bio: 0.8268 GateEnt: nan GateDiv: nan
Epoch [337/600] Total Loss: 42.9957
Epoch [338/600] Step [0/8] Loss: 5.4397 Bio: 0.7813 GateEnt: nan GateDiv: nan
Epoch [338/600] Total Loss: 42.7620
Epoch [339/600] Step [0/8] Loss: 5.2662 Bio: 0.7956 GateEnt: nan GateDiv: nan
Epoch [339/600] Total Loss: 42.7505
Epoch [340/600] Step [0/8] Loss: 5.2840 Bio: 0.9570 GateEnt: nan GateDiv: nan
Epoch [340/600] Total Loss: 43.0551
Epoch [341/600] Step [0/8] Loss: 5.5808 Bio: 0.7904 GateEnt: nan GateDiv: nan
Epoch [341/600] Total Loss: 42.9945
Epoch [342/600] Step [0/8] Loss: 5.3519 Bio: 1.0399 GateEnt: nan GateDiv: nan
Epoch [342/600] Total Loss: 42.8570
Epoch [343/600] Step [0/8] Loss: 5.2391 Bio: 0.9740 GateEnt: nan GateDiv: nan
Epoch [343/600] Total Loss: 42.5499
Epoch [344/600] Step [0/8] Loss: 5.3352 Bio: 0.7770 GateEnt: nan GateDiv: nan
Epoch [344/600] Total Loss: 42.8572
Epoch [345/600] Step [0/8] Loss: 5.6151 Bio: 0.6593 GateEnt: nan GateDiv: nan
Epoch [345/600] Total Loss: 42.6433
Epoch [346/600] Step [0/8] Loss: 5.2631 Bio: 0.7917 GateEnt: nan GateDiv: nan
Epoch [346/600] Total Loss: 42.3381
Epoch [347/600] Step [0/8] Loss: 5.3316 Bio: 0.8098 GateEnt: nan GateDiv: nan
Epoch [347/600] Total Loss: 42.7544
Epoch [348/600] Step [0/8] Loss: 5.4798 Bio: 1.0814 GateEnt: nan GateDiv: nan
Epoch [348/600] Total Loss: 42.9150
Epoch [349/600] Step [0/8] Loss: 5.6160 Bio: 0.6802 GateEnt: nan GateDiv: nan
Epoch [349/600] Total Loss: 42.3747
Epoch [350/600] Step [0/8] Loss: 5.4076 Bio: 0.7688 GateEnt: nan GateDiv: nan
Epoch [350/600] Total Loss: 42.7415
Epoch [351/600] Step [0/8] Loss: 5.3488 Bio: 1.0878 GateEnt: nan GateDiv: nan
Epoch [351/600] Total Loss: 42.4236
Epoch [352/600] Step [0/8] Loss: 5.2390 Bio: 1.0231 GateEnt: nan GateDiv: nan
Epoch [352/600] Total Loss: 42.8301
Epoch [353/600] Step [0/8] Loss: 5.5401 Bio: 1.0560 GateEnt: nan GateDiv: nan
Epoch [353/600] Total Loss: 42.6854
Epoch [354/600] Step [0/8] Loss: 5.2333 Bio: 0.9467 GateEnt: nan GateDiv: nan
Epoch [354/600] Total Loss: 43.1088
Epoch [355/600] Step [0/8] Loss: 5.4165 Bio: 0.9031 GateEnt: nan GateDiv: nan
Epoch [355/600] Total Loss: 42.6883
Epoch [356/600] Step [0/8] Loss: 5.3879 Bio: 0.7777 GateEnt: nan GateDiv: nan
Epoch [356/600] Total Loss: 42.6763
Epoch [357/600] Step [0/8] Loss: 5.4169 Bio: 0.8946 GateEnt: nan GateDiv: nan
Epoch [357/600] Total Loss: 42.5440
Epoch [358/600] Step [0/8] Loss: 5.3241 Bio: 0.8526 GateEnt: nan GateDiv: nan
Epoch [358/600] Total Loss: 42.0774
Epoch [359/600] Step [0/8] Loss: 5.2022 Bio: 0.8822 GateEnt: nan GateDiv: nan
Epoch [359/600] Total Loss: 42.6052
Epoch [360/600] Step [0/8] Loss: 5.6610 Bio: 0.9515 GateEnt: nan GateDiv: nan
Epoch [360/600] Total Loss: 42.4547
Epoch [361/600] Step [0/8] Loss: 5.4155 Bio: 0.8596 GateEnt: nan GateDiv: nan
Epoch [361/600] Total Loss: 42.5040
Epoch [362/600] Step [0/8] Loss: 5.4537 Bio: 0.7504 GateEnt: nan GateDiv: nan
Epoch [362/600] Total Loss: 42.8671
Epoch [363/600] Step [0/8] Loss: 5.3660 Bio: 0.8816 GateEnt: nan GateDiv: nan
Epoch [363/600] Total Loss: 42.8885
Epoch [364/600] Step [0/8] Loss: 5.3267 Bio: 0.6388 GateEnt: nan GateDiv: nan
Epoch [364/600] Total Loss: 42.4200
Epoch [365/600] Step [0/8] Loss: 5.2860 Bio: 0.9502 GateEnt: nan GateDiv: nan
Epoch [365/600] Total Loss: 42.6368
Epoch [366/600] Step [0/8] Loss: 5.1947 Bio: 0.8018 GateEnt: nan GateDiv: nan
Epoch [366/600] Total Loss: 42.4066
Epoch [367/600] Step [0/8] Loss: 5.2881 Bio: 0.9533 GateEnt: nan GateDiv: nan
Epoch [367/600] Total Loss: 42.5768
Epoch [368/600] Step [0/8] Loss: 5.5108 Bio: 0.9407 GateEnt: nan GateDiv: nan
Epoch [368/600] Total Loss: 42.8245
Epoch [369/600] Step [0/8] Loss: 5.3782 Bio: 0.7368 GateEnt: nan GateDiv: nan
Epoch [369/600] Total Loss: 42.8182
Epoch [370/600] Step [0/8] Loss: 5.3476 Bio: 0.7657 GateEnt: nan GateDiv: nan
Epoch [370/600] Total Loss: 42.6424
Epoch [371/600] Step [0/8] Loss: 5.3670 Bio: 0.6764 GateEnt: nan GateDiv: nan
Epoch [371/600] Total Loss: 42.3818
Epoch [372/600] Step [0/8] Loss: 5.2595 Bio: 0.9266 GateEnt: nan GateDiv: nan
Epoch [372/600] Total Loss: 43.0855
Epoch [373/600] Step [0/8] Loss: 5.4378 Bio: 0.7990 GateEnt: nan GateDiv: nan
Epoch [373/600] Total Loss: 42.5602
Epoch [374/600] Step [0/8] Loss: 5.3040 Bio: 0.7971 GateEnt: nan GateDiv: nan
Epoch [374/600] Total Loss: 42.4750
Epoch [375/600] Step [0/8] Loss: 5.2614 Bio: 0.9494 GateEnt: nan GateDiv: nan
Epoch [375/600] Total Loss: 42.1043
Epoch [376/600] Step [0/8] Loss: 5.4044 Bio: 0.6995 GateEnt: nan GateDiv: nan
Epoch [376/600] Total Loss: 42.7977
Epoch [377/600] Step [0/8] Loss: 5.2813 Bio: 0.8703 GateEnt: nan GateDiv: nan
Epoch [377/600] Total Loss: 42.2656
Epoch [378/600] Step [0/8] Loss: 5.4509 Bio: 0.8734 GateEnt: nan GateDiv: nan
Epoch [378/600] Total Loss: 42.5988
Epoch [379/600] Step [0/8] Loss: 5.6234 Bio: 0.8102 GateEnt: nan GateDiv: nan
Epoch [379/600] Total Loss: 43.4880
Epoch [380/600] Step [0/8] Loss: 5.5329 Bio: 0.8328 GateEnt: nan GateDiv: nan
Epoch [380/600] Total Loss: 42.4570
Epoch [381/600] Step [0/8] Loss: 5.5115 Bio: 0.9009 GateEnt: nan GateDiv: nan
Epoch [381/600] Total Loss: 42.7620
Epoch [382/600] Step [0/8] Loss: 5.3589 Bio: 0.7952 GateEnt: nan GateDiv: nan
Epoch [382/600] Total Loss: 42.3098
Epoch [383/600] Step [0/8] Loss: 5.3039 Bio: 0.6836 GateEnt: nan GateDiv: nan
Epoch [383/600] Total Loss: 42.5437
Epoch [384/600] Step [0/8] Loss: 5.2814 Bio: 0.9002 GateEnt: nan GateDiv: nan
Epoch [384/600] Total Loss: 43.1722
Epoch [385/600] Step [0/8] Loss: 5.4971 Bio: 0.8596 GateEnt: nan GateDiv: nan
Epoch [385/600] Total Loss: 42.9995
Epoch [386/600] Step [0/8] Loss: 5.3751 Bio: 0.8787 GateEnt: nan GateDiv: nan
Epoch [386/600] Total Loss: 42.7883
Epoch [387/600] Step [0/8] Loss: 5.5002 Bio: 0.7460 GateEnt: nan GateDiv: nan
Epoch [387/600] Total Loss: 42.4434
Epoch [388/600] Step [0/8] Loss: 5.4974 Bio: 0.8142 GateEnt: nan GateDiv: nan
Epoch [388/600] Total Loss: 42.6147
Epoch [389/600] Step [0/8] Loss: 5.3300 Bio: 0.8493 GateEnt: nan GateDiv: nan
Epoch [389/600] Total Loss: 42.5535
Epoch [390/600] Step [0/8] Loss: 5.1635 Bio: 0.9504 GateEnt: nan GateDiv: nan
Epoch [390/600] Total Loss: 42.6851
Epoch [391/600] Step [0/8] Loss: 5.2274 Bio: 0.9823 GateEnt: nan GateDiv: nan
Epoch [391/600] Total Loss: 42.1791
Epoch [392/600] Step [0/8] Loss: 5.2377 Bio: 0.6819 GateEnt: nan GateDiv: nan
Epoch [392/600] Total Loss: 42.3708
Epoch [393/600] Step [0/8] Loss: 5.4532 Bio: 0.9169 GateEnt: nan GateDiv: nan
Epoch [393/600] Total Loss: 42.3446
Epoch [394/600] Step [0/8] Loss: 5.3813 Bio: 0.8891 GateEnt: nan GateDiv: nan
Epoch [394/600] Total Loss: 42.8906
Epoch [395/600] Step [0/8] Loss: 5.4122 Bio: 0.8698 GateEnt: nan GateDiv: nan
Epoch [395/600] Total Loss: 42.4307
Epoch [396/600] Step [0/8] Loss: 5.5440 Bio: 0.6531 GateEnt: nan GateDiv: nan
Epoch [396/600] Total Loss: 41.9556
Epoch [397/600] Step [0/8] Loss: 5.4169 Bio: 0.8003 GateEnt: nan GateDiv: nan
Epoch [397/600] Total Loss: 42.7223
Epoch [398/600] Step [0/8] Loss: 5.1986 Bio: 1.0583 GateEnt: nan GateDiv: nan
Epoch [398/600] Total Loss: 42.1188
Epoch [399/600] Step [0/8] Loss: 5.1592 Bio: 0.9632 GateEnt: nan GateDiv: nan
Epoch [399/600] Total Loss: 42.5263
Epoch [400/600] Step [0/8] Loss: 5.4671 Bio: 0.8625 GateEnt: nan GateDiv: nan
Epoch [400/600] Total Loss: 43.1077
Epoch [401/600] Step [0/8] Loss: 5.1927 Bio: 1.2010 GateEnt: nan GateDiv: nan
Epoch [401/600] Total Loss: 42.4226
Epoch [402/600] Step [0/8] Loss: 5.4478 Bio: 0.7836 GateEnt: nan GateDiv: nan
Epoch [402/600] Total Loss: 42.7599
Epoch [403/600] Step [0/8] Loss: 5.3692 Bio: 0.7899 GateEnt: nan GateDiv: nan
Epoch [403/600] Total Loss: 42.2842
Epoch [404/600] Step [0/8] Loss: 5.3921 Bio: 0.9034 GateEnt: nan GateDiv: nan
Epoch [404/600] Total Loss: 42.5929
Epoch [405/600] Step [0/8] Loss: 5.4965 Bio: 0.8072 GateEnt: nan GateDiv: nan
Epoch [405/600] Total Loss: 42.1510
Epoch [406/600] Step [0/8] Loss: 5.5990 Bio: 0.9231 GateEnt: nan GateDiv: nan
Epoch [406/600] Total Loss: 42.3723
Epoch [407/600] Step [0/8] Loss: 5.4688 Bio: 0.6426 GateEnt: nan GateDiv: nan
Epoch [407/600] Total Loss: 42.3639
Epoch [408/600] Step [0/8] Loss: 5.7009 Bio: 0.7451 GateEnt: nan GateDiv: nan
Epoch [408/600] Total Loss: 41.8433
Epoch [409/600] Step [0/8] Loss: 5.3276 Bio: 0.6937 GateEnt: nan GateDiv: nan
Epoch [409/600] Total Loss: 42.1610
Epoch [410/600] Step [0/8] Loss: 5.2482 Bio: 0.8478 GateEnt: nan GateDiv: nan
Epoch [410/600] Total Loss: 42.0510
Epoch [411/600] Step [0/8] Loss: 5.4520 Bio: 0.8283 GateEnt: nan GateDiv: nan
Epoch [411/600] Total Loss: 42.2434
Epoch [412/600] Step [0/8] Loss: 5.2842 Bio: 0.9512 GateEnt: nan GateDiv: nan
Epoch [412/600] Total Loss: 42.4119
Epoch [413/600] Step [0/8] Loss: 5.2662 Bio: 0.8124 GateEnt: nan GateDiv: nan
Epoch [413/600] Total Loss: 42.0816
Epoch [414/600] Step [0/8] Loss: 5.2130 Bio: 1.0494 GateEnt: nan GateDiv: nan
Epoch [414/600] Total Loss: 42.4462
Epoch [415/600] Step [0/8] Loss: 5.4219 Bio: 1.0239 GateEnt: nan GateDiv: nan
Epoch [415/600] Total Loss: 42.3856
Epoch [416/600] Step [0/8] Loss: 5.3152 Bio: 0.8175 GateEnt: nan GateDiv: nan
Epoch [416/600] Total Loss: 42.0833
Epoch [417/600] Step [0/8] Loss: 5.2783 Bio: 0.7210 GateEnt: nan GateDiv: nan
Epoch [417/600] Total Loss: 42.2362
Epoch [418/600] Step [0/8] Loss: 5.0938 Bio: 0.9777 GateEnt: nan GateDiv: nan
Epoch [418/600] Total Loss: 42.1506
Epoch [419/600] Step [0/8] Loss: 5.3137 Bio: 1.0010 GateEnt: nan GateDiv: nan
Epoch [419/600] Total Loss: 42.4490
Epoch [420/600] Step [0/8] Loss: 5.6590 Bio: 0.6626 GateEnt: nan GateDiv: nan
Epoch [420/600] Total Loss: 42.5167
Epoch [421/600] Step [0/8] Loss: 5.1552 Bio: 0.8292 GateEnt: nan GateDiv: nan
Epoch [421/600] Total Loss: 42.2077
Epoch [422/600] Step [0/8] Loss: 5.3442 Bio: 0.7498 GateEnt: nan GateDiv: nan
Epoch [422/600] Total Loss: 42.2969
Epoch [423/600] Step [0/8] Loss: 5.3460 Bio: 1.0772 GateEnt: nan GateDiv: nan
Epoch [423/600] Total Loss: 42.0178
Epoch [424/600] Step [0/8] Loss: 5.4424 Bio: 0.8619 GateEnt: nan GateDiv: nan
Epoch [424/600] Total Loss: 42.7975
Epoch [425/600] Step [0/8] Loss: 5.2887 Bio: 1.1090 GateEnt: nan GateDiv: nan
Epoch [425/600] Total Loss: 42.6843
Epoch [426/600] Step [0/8] Loss: 5.2389 Bio: 0.9088 GateEnt: nan GateDiv: nan
Epoch [426/600] Total Loss: 42.6288
Epoch [427/600] Step [0/8] Loss: 5.4177 Bio: 0.8091 GateEnt: nan GateDiv: nan
Epoch [427/600] Total Loss: 42.5045
Epoch [428/600] Step [0/8] Loss: 5.3556 Bio: 0.9337 GateEnt: nan GateDiv: nan
Epoch [428/600] Total Loss: 41.8846
Epoch [429/600] Step [0/8] Loss: 5.3537 Bio: 1.0551 GateEnt: nan GateDiv: nan
Epoch [429/600] Total Loss: 42.5859
Epoch [430/600] Step [0/8] Loss: 5.2691 Bio: 0.9678 GateEnt: nan GateDiv: nan
Epoch [430/600] Total Loss: 42.5072
Epoch [431/600] Step [0/8] Loss: 5.1548 Bio: 0.9504 GateEnt: nan GateDiv: nan
Epoch [431/600] Total Loss: 42.2330
Epoch [432/600] Step [0/8] Loss: 5.3508 Bio: 0.8614 GateEnt: nan GateDiv: nan
Epoch [432/600] Total Loss: 42.2444
Epoch [433/600] Step [0/8] Loss: 5.2330 Bio: 0.8630 GateEnt: nan GateDiv: nan
Epoch [433/600] Total Loss: 42.4883
Epoch [434/600] Step [0/8] Loss: 5.2094 Bio: 1.0368 GateEnt: nan GateDiv: nan
Epoch [434/600] Total Loss: 42.2926
Epoch [435/600] Step [0/8] Loss: 5.5029 Bio: 1.0010 GateEnt: nan GateDiv: nan
Epoch [435/600] Total Loss: 42.6008
Epoch [436/600] Step [0/8] Loss: 5.3520 Bio: 1.0752 GateEnt: nan GateDiv: nan
Epoch [436/600] Total Loss: 42.4794
Epoch [437/600] Step [0/8] Loss: 5.2849 Bio: 0.9422 GateEnt: nan GateDiv: nan
Epoch [437/600] Total Loss: 42.0075
Epoch [438/600] Step [0/8] Loss: 5.2124 Bio: 0.8924 GateEnt: nan GateDiv: nan
Epoch [438/600] Total Loss: 42.3802
Epoch [439/600] Step [0/8] Loss: 5.0392 Bio: 1.0043 GateEnt: nan GateDiv: nan
Epoch [439/600] Total Loss: 42.0727
Epoch [440/600] Step [0/8] Loss: 5.2068 Bio: 1.0761 GateEnt: nan GateDiv: nan
Epoch [440/600] Total Loss: 42.3433
Epoch [441/600] Step [0/8] Loss: 5.1937 Bio: 1.2026 GateEnt: nan GateDiv: nan
Epoch [441/600] Total Loss: 42.0576
Epoch [442/600] Step [0/8] Loss: 5.4137 Bio: 0.7584 GateEnt: nan GateDiv: nan
Epoch [442/600] Total Loss: 42.2040
Epoch [443/600] Step [0/8] Loss: 5.3721 Bio: 1.0206 GateEnt: nan GateDiv: nan
Epoch [443/600] Total Loss: 42.1556
Epoch [444/600] Step [0/8] Loss: 5.4188 Bio: 1.0359 GateEnt: nan GateDiv: nan
Epoch [444/600] Total Loss: 42.1572
Epoch [445/600] Step [0/8] Loss: 5.2620 Bio: 1.0757 GateEnt: nan GateDiv: nan
Epoch [445/600] Total Loss: 42.4298
Epoch [446/600] Step [0/8] Loss: 5.4374 Bio: 0.7831 GateEnt: nan GateDiv: nan
Epoch [446/600] Total Loss: 41.8938
Epoch [447/600] Step [0/8] Loss: 5.4905 Bio: 0.8479 GateEnt: nan GateDiv: nan
Epoch [447/600] Total Loss: 42.5832
Epoch [448/600] Step [0/8] Loss: 5.2996 Bio: 0.8161 GateEnt: nan GateDiv: nan
Epoch [448/600] Total Loss: 42.1746
Epoch [449/600] Step [0/8] Loss: 5.2652 Bio: 1.0388 GateEnt: nan GateDiv: nan
Epoch [449/600] Total Loss: 42.2985
Epoch [450/600] Step [0/8] Loss: 5.4990 Bio: 0.7880 GateEnt: nan GateDiv: nan
Epoch [450/600] Total Loss: 42.3980
Epoch [451/600] Step [0/8] Loss: 5.2528 Bio: 0.8281 GateEnt: nan GateDiv: nan
Epoch [451/600] Total Loss: 42.4617
Epoch [452/600] Step [0/8] Loss: 5.2135 Bio: 0.8750 GateEnt: nan GateDiv: nan
Epoch [452/600] Total Loss: 42.8284
Epoch [453/600] Step [0/8] Loss: 5.4481 Bio: 0.7001 GateEnt: nan GateDiv: nan
Epoch [453/600] Total Loss: 42.1853
Epoch [454/600] Step [0/8] Loss: 5.1877 Bio: 0.9035 GateEnt: nan GateDiv: nan
Epoch [454/600] Total Loss: 42.1440
Epoch [455/600] Step [0/8] Loss: 5.3827 Bio: 0.8817 GateEnt: nan GateDiv: nan
Epoch [455/600] Total Loss: 42.5454
Epoch [456/600] Step [0/8] Loss: 5.1604 Bio: 0.7472 GateEnt: nan GateDiv: nan
Epoch [456/600] Total Loss: 42.3027
Epoch [457/600] Step [0/8] Loss: 5.3499 Bio: 0.8693 GateEnt: nan GateDiv: nan
Epoch [457/600] Total Loss: 41.9984
Epoch [458/600] Step [0/8] Loss: 5.2861 Bio: 0.9431 GateEnt: nan GateDiv: nan
Epoch [458/600] Total Loss: 41.9880
Epoch [459/600] Step [0/8] Loss: 5.2497 Bio: 0.9617 GateEnt: nan GateDiv: nan
Epoch [459/600] Total Loss: 42.0151
Epoch [460/600] Step [0/8] Loss: 5.2299 Bio: 0.7893 GateEnt: nan GateDiv: nan
Epoch [460/600] Total Loss: 42.1663
Epoch [461/600] Step [0/8] Loss: 5.4310 Bio: 1.0328 GateEnt: nan GateDiv: nan
Epoch [461/600] Total Loss: 42.1858
Epoch [462/600] Step [0/8] Loss: 5.3833 Bio: 0.6797 GateEnt: nan GateDiv: nan
Epoch [462/600] Total Loss: 41.9714
Epoch [463/600] Step [0/8] Loss: 5.3105 Bio: 0.8139 GateEnt: nan GateDiv: nan
Epoch [463/600] Total Loss: 42.2862
Epoch [464/600] Step [0/8] Loss: 5.2746 Bio: 0.9208 GateEnt: nan GateDiv: nan
Epoch [464/600] Total Loss: 41.8256
Epoch [465/600] Step [0/8] Loss: 5.1794 Bio: 0.9148 GateEnt: nan GateDiv: nan
Epoch [465/600] Total Loss: 42.7080
Epoch [466/600] Step [0/8] Loss: 5.4604 Bio: 0.9461 GateEnt: nan GateDiv: nan
Epoch [466/600] Total Loss: 41.8113
Epoch [467/600] Step [0/8] Loss: 5.4402 Bio: 0.8266 GateEnt: nan GateDiv: nan
Epoch [467/600] Total Loss: 41.8651
Epoch [468/600] Step [0/8] Loss: 5.3999 Bio: 0.9751 GateEnt: nan GateDiv: nan
Epoch [468/600] Total Loss: 41.9814
Epoch [469/600] Step [0/8] Loss: 5.1723 Bio: 0.8749 GateEnt: nan GateDiv: nan
Epoch [469/600] Total Loss: 41.9370
Epoch [470/600] Step [0/8] Loss: 5.1985 Bio: 0.9824 GateEnt: nan GateDiv: nan
Epoch [470/600] Total Loss: 41.3487
Epoch [471/600] Step [0/8] Loss: 5.4177 Bio: 0.8468 GateEnt: nan GateDiv: nan
Epoch [471/600] Total Loss: 42.1307
Epoch [472/600] Step [0/8] Loss: 5.3572 Bio: 0.8910 GateEnt: nan GateDiv: nan
Epoch [472/600] Total Loss: 42.8063
Epoch [473/600] Step [0/8] Loss: 5.4394 Bio: 0.9627 GateEnt: nan GateDiv: nan
Epoch [473/600] Total Loss: 42.0271
Epoch [474/600] Step [0/8] Loss: 5.1639 Bio: 0.8513 GateEnt: nan GateDiv: nan
Epoch [474/600] Total Loss: 41.9835
Epoch [475/600] Step [0/8] Loss: 5.3913 Bio: 0.8328 GateEnt: nan GateDiv: nan
Epoch [475/600] Total Loss: 42.3625
Epoch [476/600] Step [0/8] Loss: 5.2995 Bio: 0.9354 GateEnt: nan GateDiv: nan
Epoch [476/600] Total Loss: 41.7404
Epoch [477/600] Step [0/8] Loss: 5.2225 Bio: 0.9869 GateEnt: nan GateDiv: nan
Epoch [477/600] Total Loss: 41.6669
Epoch [478/600] Step [0/8] Loss: 5.2550 Bio: 1.0040 GateEnt: nan GateDiv: nan
Epoch [478/600] Total Loss: 41.8503
Epoch [479/600] Step [0/8] Loss: 5.1722 Bio: 0.9551 GateEnt: nan GateDiv: nan
Epoch [479/600] Total Loss: 42.0141
Epoch [480/600] Step [0/8] Loss: 5.3103 Bio: 0.8827 GateEnt: nan GateDiv: nan
Epoch [480/600] Total Loss: 41.4973
Epoch [481/600] Step [0/8] Loss: 4.9950 Bio: 0.9008 GateEnt: nan GateDiv: nan
Epoch [481/600] Total Loss: 41.8539
Epoch [482/600] Step [0/8] Loss: 5.3815 Bio: 1.0535 GateEnt: nan GateDiv: nan
Epoch [482/600] Total Loss: 42.1874
Epoch [483/600] Step [0/8] Loss: 5.3052 Bio: 0.9879 GateEnt: nan GateDiv: nan
Epoch [483/600] Total Loss: 42.1494
Epoch [484/600] Step [0/8] Loss: 5.3208 Bio: 0.8702 GateEnt: nan GateDiv: nan
Epoch [484/600] Total Loss: 42.3726
Epoch [485/600] Step [0/8] Loss: 5.1806 Bio: 0.9686 GateEnt: nan GateDiv: nan
Epoch [485/600] Total Loss: 42.2283
Epoch [486/600] Step [0/8] Loss: 5.2064 Bio: 0.8654 GateEnt: nan GateDiv: nan
Epoch [486/600] Total Loss: 41.7788
Epoch [487/600] Step [0/8] Loss: 5.3611 Bio: 1.0516 GateEnt: nan GateDiv: nan
Epoch [487/600] Total Loss: 42.2751
Epoch [488/600] Step [0/8] Loss: 5.3656 Bio: 0.6253 GateEnt: nan GateDiv: nan
Epoch [488/600] Total Loss: 42.2170
Epoch [489/600] Step [0/8] Loss: 5.3097 Bio: 0.9037 GateEnt: nan GateDiv: nan
Epoch [489/600] Total Loss: 41.6176
Epoch [490/600] Step [0/8] Loss: 5.1800 Bio: 0.9864 GateEnt: nan GateDiv: nan
Epoch [490/600] Total Loss: 42.0241
Epoch [491/600] Step [0/8] Loss: 5.2549 Bio: 0.9698 GateEnt: nan GateDiv: nan
Epoch [491/600] Total Loss: 42.3487
Epoch [492/600] Step [0/8] Loss: 5.4299 Bio: 0.8433 GateEnt: nan GateDiv: nan
Epoch [492/600] Total Loss: 41.8948
Epoch [493/600] Step [0/8] Loss: 5.1914 Bio: 0.7859 GateEnt: nan GateDiv: nan
Epoch [493/600] Total Loss: 41.9581
Epoch [494/600] Step [0/8] Loss: 5.2977 Bio: 0.7308 GateEnt: nan GateDiv: nan
Epoch [494/600] Total Loss: 41.6783
Epoch [495/600] Step [0/8] Loss: 5.2776 Bio: 0.9308 GateEnt: nan GateDiv: nan
Epoch [495/600] Total Loss: 42.0161
Epoch [496/600] Step [0/8] Loss: 5.2497 Bio: 0.8453 GateEnt: nan GateDiv: nan
Epoch [496/600] Total Loss: 42.5715
Epoch [497/600] Step [0/8] Loss: 5.2282 Bio: 0.8040 GateEnt: nan GateDiv: nan
Epoch [497/600] Total Loss: 41.5116
Epoch [498/600] Step [0/8] Loss: 5.1128 Bio: 0.9305 GateEnt: nan GateDiv: nan
Epoch [498/600] Total Loss: 41.8777
Epoch [499/600] Step [0/8] Loss: 5.4788 Bio: 0.8834 GateEnt: nan GateDiv: nan
Epoch [499/600] Total Loss: 42.0851
Epoch [500/600] Step [0/8] Loss: 5.3433 Bio: 1.1652 GateEnt: nan GateDiv: nan
Epoch [500/600] Total Loss: 41.9263
Epoch [501/600] Step [0/8] Loss: 5.3427 Bio: 0.6916 GateEnt: nan GateDiv: nan
Epoch [501/600] Total Loss: 42.0368
Epoch [502/600] Step [0/8] Loss: 5.3355 Bio: 0.8634 GateEnt: nan GateDiv: nan
Epoch [502/600] Total Loss: 42.3264
Epoch [503/600] Step [0/8] Loss: 5.3824 Bio: 0.7292 GateEnt: nan GateDiv: nan
Epoch [503/600] Total Loss: 41.8809
Epoch [504/600] Step [0/8] Loss: 5.3787 Bio: 0.8740 GateEnt: nan GateDiv: nan
Epoch [504/600] Total Loss: 42.1458
Epoch [505/600] Step [0/8] Loss: 5.3748 Bio: 0.8362 GateEnt: nan GateDiv: nan
Epoch [505/600] Total Loss: 42.3679
Epoch [506/600] Step [0/8] Loss: 5.2567 Bio: 1.0750 GateEnt: nan GateDiv: nan
Epoch [506/600] Total Loss: 41.8038
Epoch [507/600] Step [0/8] Loss: 5.0340 Bio: 1.0061 GateEnt: nan GateDiv: nan
Epoch [507/600] Total Loss: 42.3230
Epoch [508/600] Step [0/8] Loss: 5.3859 Bio: 1.0166 GateEnt: nan GateDiv: nan
Epoch [508/600] Total Loss: 42.5844
Epoch [509/600] Step [0/8] Loss: 5.3745 Bio: 0.8814 GateEnt: nan GateDiv: nan
Epoch [509/600] Total Loss: 42.2337
Epoch [510/600] Step [0/8] Loss: 5.2255 Bio: 0.7158 GateEnt: nan GateDiv: nan
Epoch [510/600] Total Loss: 41.6570
Epoch [511/600] Step [0/8] Loss: 5.2463 Bio: 0.9473 GateEnt: nan GateDiv: nan
Epoch [511/600] Total Loss: 41.8590
Epoch [512/600] Step [0/8] Loss: 5.3024 Bio: 0.8809 GateEnt: nan GateDiv: nan
Epoch [512/600] Total Loss: 41.8841
Epoch [513/600] Step [0/8] Loss: 5.2176 Bio: 0.9762 GateEnt: nan GateDiv: nan
Epoch [513/600] Total Loss: 41.7994
Epoch [514/600] Step [0/8] Loss: 5.1833 Bio: 0.7801 GateEnt: nan GateDiv: nan
Epoch [514/600] Total Loss: 41.6345
Epoch [515/600] Step [0/8] Loss: 5.2165 Bio: 1.0751 GateEnt: nan GateDiv: nan
Epoch [515/600] Total Loss: 41.6691
Epoch [516/600] Step [0/8] Loss: 5.0962 Bio: 0.9060 GateEnt: nan GateDiv: nan
Epoch [516/600] Total Loss: 41.3832
Epoch [517/600] Step [0/8] Loss: 5.3465 Bio: 0.8629 GateEnt: nan GateDiv: nan
Epoch [517/600] Total Loss: 41.7647
Epoch [518/600] Step [0/8] Loss: 5.1548 Bio: 0.9211 GateEnt: nan GateDiv: nan
Epoch [518/600] Total Loss: 41.7882
Epoch [519/600] Step [0/8] Loss: 5.4059 Bio: 0.7662 GateEnt: nan GateDiv: nan
Epoch [519/600] Total Loss: 41.5577
Epoch [520/600] Step [0/8] Loss: 5.3107 Bio: 0.7730 GateEnt: nan GateDiv: nan
Epoch [520/600] Total Loss: 42.0037
Epoch [521/600] Step [0/8] Loss: 5.3999 Bio: 0.9588 GateEnt: nan GateDiv: nan
Epoch [521/600] Total Loss: 41.8094
Epoch [522/600] Step [0/8] Loss: 5.3624 Bio: 0.7232 GateEnt: nan GateDiv: nan
Epoch [522/600] Total Loss: 42.4602
Epoch [523/600] Step [0/8] Loss: 5.2018 Bio: 1.0208 GateEnt: nan GateDiv: nan
Epoch [523/600] Total Loss: 42.0792
Epoch [524/600] Step [0/8] Loss: 5.4071 Bio: 0.8560 GateEnt: nan GateDiv: nan
Epoch [524/600] Total Loss: 41.8210
Epoch [525/600] Step [0/8] Loss: 5.3610 Bio: 0.8196 GateEnt: nan GateDiv: nan
Epoch [525/600] Total Loss: 42.1501
Epoch [526/600] Step [0/8] Loss: 5.3085 Bio: 0.9487 GateEnt: nan GateDiv: nan
Epoch [526/600] Total Loss: 42.0253
Epoch [527/600] Step [0/8] Loss: 5.2726 Bio: 0.8596 GateEnt: nan GateDiv: nan
Epoch [527/600] Total Loss: 42.0830
Epoch [528/600] Step [0/8] Loss: 5.3165 Bio: 0.7859 GateEnt: nan GateDiv: nan
Epoch [528/600] Total Loss: 41.5094
Epoch [529/600] Step [0/8] Loss: 5.1678 Bio: 0.9183 GateEnt: nan GateDiv: nan
Epoch [529/600] Total Loss: 41.1510
Epoch [530/600] Step [0/8] Loss: 5.2178 Bio: 0.6914 GateEnt: nan GateDiv: nan
Epoch [530/600] Total Loss: 41.7053
Epoch [531/600] Step [0/8] Loss: 5.3143 Bio: 0.9287 GateEnt: nan GateDiv: nan
Epoch [531/600] Total Loss: 42.2734
Epoch [532/600] Step [0/8] Loss: 5.4162 Bio: 0.9039 GateEnt: nan GateDiv: nan
Epoch [532/600] Total Loss: 42.0607
Epoch [533/600] Step [0/8] Loss: 5.1125 Bio: 0.9282 GateEnt: nan GateDiv: nan
Epoch [533/600] Total Loss: 41.2020
Epoch [534/600] Step [0/8] Loss: 5.2320 Bio: 0.9788 GateEnt: nan GateDiv: nan
Epoch [534/600] Total Loss: 41.9353
Epoch [535/600] Step [0/8] Loss: 5.2424 Bio: 0.8219 GateEnt: nan GateDiv: nan
Epoch [535/600] Total Loss: 41.4985
Epoch [536/600] Step [0/8] Loss: 5.2729 Bio: 0.7727 GateEnt: nan GateDiv: nan
Epoch [536/600] Total Loss: 41.7625
Epoch [537/600] Step [0/8] Loss: 5.2336 Bio: 0.8324 GateEnt: nan GateDiv: nan
Epoch [537/600] Total Loss: 41.7801
Epoch [538/600] Step [0/8] Loss: 5.2888 Bio: 0.8105 GateEnt: nan GateDiv: nan
Epoch [538/600] Total Loss: 41.8036
Epoch [539/600] Step [0/8] Loss: 5.1613 Bio: 0.9414 GateEnt: nan GateDiv: nan
Epoch [539/600] Total Loss: 41.9763
Epoch [540/600] Step [0/8] Loss: 5.2742 Bio: 0.8985 GateEnt: nan GateDiv: nan
Epoch [540/600] Total Loss: 42.0316
Epoch [541/600] Step [0/8] Loss: 5.1636 Bio: 0.8737 GateEnt: nan GateDiv: nan
Epoch [541/600] Total Loss: 41.7905
Epoch [542/600] Step [0/8] Loss: 5.1530 Bio: 0.8404 GateEnt: nan GateDiv: nan
Epoch [542/600] Total Loss: 41.7477
Epoch [543/600] Step [0/8] Loss: 5.0811 Bio: 1.0385 GateEnt: nan GateDiv: nan
Epoch [543/600] Total Loss: 41.8036
Epoch [544/600] Step [0/8] Loss: 5.2384 Bio: 0.8031 GateEnt: nan GateDiv: nan
Epoch [544/600] Total Loss: 41.5956
Epoch [545/600] Step [0/8] Loss: 5.2327 Bio: 0.8081 GateEnt: nan GateDiv: nan
Epoch [545/600] Total Loss: 42.1932
Epoch [546/600] Step [0/8] Loss: 5.1783 Bio: 0.8943 GateEnt: nan GateDiv: nan
Epoch [546/600] Total Loss: 42.0138
Epoch [547/600] Step [0/8] Loss: 5.3075 Bio: 0.9660 GateEnt: nan GateDiv: nan
Epoch [547/600] Total Loss: 41.6095
Epoch [548/600] Step [0/8] Loss: 5.1383 Bio: 0.9605 GateEnt: nan GateDiv: nan
Epoch [548/600] Total Loss: 41.9307
Epoch [549/600] Step [0/8] Loss: 5.2165 Bio: 1.1691 GateEnt: nan GateDiv: nan
Epoch [549/600] Total Loss: 41.9838
Epoch [550/600] Step [0/8] Loss: 5.3016 Bio: 0.7533 GateEnt: nan GateDiv: nan
Epoch [550/600] Total Loss: 41.6073
Epoch [551/600] Step [0/8] Loss: 5.2838 Bio: 0.7509 GateEnt: nan GateDiv: nan
Epoch [551/600] Total Loss: 41.3798
Epoch [552/600] Step [0/8] Loss: 5.4028 Bio: 0.7632 GateEnt: nan GateDiv: nan
Epoch [552/600] Total Loss: 41.3107
Epoch [553/600] Step [0/8] Loss: 5.3206 Bio: 0.8978 GateEnt: nan GateDiv: nan
Epoch [553/600] Total Loss: 41.8677
Epoch [554/600] Step [0/8] Loss: 5.2795 Bio: 0.8728 GateEnt: nan GateDiv: nan
Epoch [554/600] Total Loss: 41.9010
Epoch [555/600] Step [0/8] Loss: 5.2457 Bio: 0.8799 GateEnt: nan GateDiv: nan
Epoch [555/600] Total Loss: 42.0742
Epoch [556/600] Step [0/8] Loss: 5.2392 Bio: 1.0882 GateEnt: nan GateDiv: nan
Epoch [556/600] Total Loss: 41.3592
Epoch [557/600] Step [0/8] Loss: 5.3353 Bio: 0.8326 GateEnt: nan GateDiv: nan
Epoch [557/600] Total Loss: 41.9757
Epoch [558/600] Step [0/8] Loss: 5.3628 Bio: 0.9279 GateEnt: nan GateDiv: nan
Epoch [558/600] Total Loss: 42.5611
Epoch [559/600] Step [0/8] Loss: 5.2109 Bio: 0.8016 GateEnt: nan GateDiv: nan
Epoch [559/600] Total Loss: 41.0760
Epoch [560/600] Step [0/8] Loss: 5.3038 Bio: 0.8404 GateEnt: nan GateDiv: nan
Epoch [560/600] Total Loss: 41.6926
Epoch [561/600] Step [0/8] Loss: 5.2181 Bio: 0.7430 GateEnt: nan GateDiv: nan
Epoch [561/600] Total Loss: 41.2823
Epoch [562/600] Step [0/8] Loss: 5.4781 Bio: 0.8719 GateEnt: nan GateDiv: nan
Epoch [562/600] Total Loss: 41.9101
Epoch [563/600] Step [0/8] Loss: 5.2124 Bio: 0.6791 GateEnt: nan GateDiv: nan
Epoch [563/600] Total Loss: 41.1506
Epoch [564/600] Step [0/8] Loss: 5.1829 Bio: 1.0325 GateEnt: nan GateDiv: nan
Epoch [564/600] Total Loss: 41.3641
Epoch [565/600] Step [0/8] Loss: 5.3805 Bio: 1.0711 GateEnt: nan GateDiv: nan
Epoch [565/600] Total Loss: 41.7799
Epoch [566/600] Step [0/8] Loss: 5.2483 Bio: 0.8122 GateEnt: nan GateDiv: nan
Epoch [566/600] Total Loss: 41.4425
Epoch [567/600] Step [0/8] Loss: 5.2560 Bio: 0.9320 GateEnt: nan GateDiv: nan
Epoch [567/600] Total Loss: 41.7127
Epoch [568/600] Step [0/8] Loss: 5.1373 Bio: 0.7558 GateEnt: nan GateDiv: nan
Epoch [568/600] Total Loss: 41.0363
Epoch [569/600] Step [0/8] Loss: 5.2612 Bio: 0.6533 GateEnt: nan GateDiv: nan
Epoch [569/600] Total Loss: 41.5093
Epoch [570/600] Step [0/8] Loss: 5.2348 Bio: 0.7422 GateEnt: nan GateDiv: nan
Epoch [570/600] Total Loss: 42.4913
Epoch [571/600] Step [0/8] Loss: 5.1889 Bio: 0.9160 GateEnt: nan GateDiv: nan
Epoch [571/600] Total Loss: 41.3512
Epoch [572/600] Step [0/8] Loss: 5.1475 Bio: 0.8824 GateEnt: nan GateDiv: nan
Epoch [572/600] Total Loss: 41.2964
Epoch [573/600] Step [0/8] Loss: 5.2544 Bio: 0.8557 GateEnt: nan GateDiv: nan
Epoch [573/600] Total Loss: 41.3895
Epoch [574/600] Step [0/8] Loss: 5.3551 Bio: 0.7957 GateEnt: nan GateDiv: nan
Epoch [574/600] Total Loss: 41.1683
Epoch [575/600] Step [0/8] Loss: 5.3331 Bio: 0.8413 GateEnt: nan GateDiv: nan
Epoch [575/600] Total Loss: 42.0928
Epoch [576/600] Step [0/8] Loss: 5.5369 Bio: 0.7106 GateEnt: nan GateDiv: nan
Epoch [576/600] Total Loss: 41.7033
Epoch [577/600] Step [0/8] Loss: 5.4514 Bio: 0.8729 GateEnt: nan GateDiv: nan
Epoch [577/600] Total Loss: 41.1850
Epoch [578/600] Step [0/8] Loss: 5.3423 Bio: 0.8421 GateEnt: nan GateDiv: nan
Epoch [578/600] Total Loss: 41.8506
Epoch [579/600] Step [0/8] Loss: 5.1848 Bio: 1.0005 GateEnt: nan GateDiv: nan
Epoch [579/600] Total Loss: 41.6268
Epoch [580/600] Step [0/8] Loss: 5.4560 Bio: 0.6941 GateEnt: nan GateDiv: nan
Epoch [580/600] Total Loss: 42.0034
Epoch [581/600] Step [0/8] Loss: 5.3535 Bio: 0.6283 GateEnt: nan GateDiv: nan
Epoch [581/600] Total Loss: 41.5632
Epoch [582/600] Step [0/8] Loss: 5.1557 Bio: 0.8420 GateEnt: nan GateDiv: nan
Epoch [582/600] Total Loss: 41.4320
Epoch [583/600] Step [0/8] Loss: 5.1530 Bio: 0.8635 GateEnt: nan GateDiv: nan
Epoch [583/600] Total Loss: 41.7344
Epoch [584/600] Step [0/8] Loss: 5.2878 Bio: 0.6938 GateEnt: nan GateDiv: nan
Epoch [584/600] Total Loss: 41.6074
Epoch [585/600] Step [0/8] Loss: 5.1879 Bio: 0.9633 GateEnt: nan GateDiv: nan
Epoch [585/600] Total Loss: 41.3382
Epoch [586/600] Step [0/8] Loss: 5.1918 Bio: 0.9983 GateEnt: nan GateDiv: nan
Epoch [586/600] Total Loss: 42.0529
Epoch [587/600] Step [0/8] Loss: 5.2645 Bio: 0.8283 GateEnt: nan GateDiv: nan
Epoch [587/600] Total Loss: 41.2921
Epoch [588/600] Step [0/8] Loss: 5.3177 Bio: 0.6460 GateEnt: nan GateDiv: nan
Epoch [588/600] Total Loss: 41.7918
Epoch [589/600] Step [0/8] Loss: 5.0958 Bio: 0.8872 GateEnt: nan GateDiv: nan
Epoch [589/600] Total Loss: 41.4505
Epoch [590/600] Step [0/8] Loss: 5.2375 Bio: 0.6406 GateEnt: nan GateDiv: nan
Epoch [590/600] Total Loss: 41.5174
Epoch [591/600] Step [0/8] Loss: 5.2668 Bio: 0.8405 GateEnt: nan GateDiv: nan
Epoch [591/600] Total Loss: 41.1224
Epoch [592/600] Step [0/8] Loss: 5.2656 Bio: 0.9437 GateEnt: nan GateDiv: nan
Epoch [592/600] Total Loss: 41.7012
Epoch [593/600] Step [0/8] Loss: 5.2355 Bio: 0.7303 GateEnt: nan GateDiv: nan
Epoch [593/600] Total Loss: 41.2165
Epoch [594/600] Step [0/8] Loss: 5.1203 Bio: 0.9096 GateEnt: nan GateDiv: nan
Epoch [594/600] Total Loss: 41.6382
Epoch [595/600] Step [0/8] Loss: 5.1475 Bio: 0.8528 GateEnt: nan GateDiv: nan
Epoch [595/600] Total Loss: 41.4378
Epoch [596/600] Step [0/8] Loss: 5.2843 Bio: 0.8991 GateEnt: nan GateDiv: nan
Epoch [596/600] Total Loss: 41.7190
Epoch [597/600] Step [0/8] Loss: 5.0947 Bio: 0.8317 GateEnt: nan GateDiv: nan
Epoch [597/600] Total Loss: 41.4351
Epoch [598/600] Step [0/8] Loss: 5.2758 Bio: 0.8236 GateEnt: nan GateDiv: nan
Epoch [598/600] Total Loss: 42.0869
Epoch [599/600] Step [0/8] Loss: 5.2680 Bio: 0.8231 GateEnt: nan GateDiv: nan
Epoch [599/600] Total Loss: 41.5109

=== Loss Summary ===
  Epoch   1: 54.5128
  Epoch 151: 46.3598
  Epoch 301: 42.9841
  Epoch 451: 42.3980
  Epoch 600: 41.5109
  Delta (last 25% = 150 ep): -0.8871
  If delta > -1.0, model has converged
linear training complete.
=== extract clusters: Fri Sep 11 16:51:58 EDT 2026 ===
[dataloader] Loaded bio-anchors from /gpfs/research/fangroup/ug25b/BIOS/BIOS_v2/KIRC/anchors/bio_anchors_KIRC_gsva_H40.csv: torch.Size([488, 40])
saved /gpfs/research/fangroup/ug25b/BIOS/BIOS_v2/KIRC/results/subtyping_results/BIOS/v2_benchmark_600ep_2026-09-10/clusters.csv  (488 patients, 4 clusters, sizes {0: 109, 1: 116, 2: 152, 3: 111})
=== DONE Fri Sep 11 16:52:07 EDT 2026 ===
