=== config ===
# BIOS v2_biodim0_seed42_600ep_2026-09-28 — LUAD
cancer_type:      LUAD
cluster_number:   3
head_type:        linear
bio_dim:          0
n_anchors:        40
bio_anchor_file:  /gpfs/research/fangroup/ug25b/BIOS/BIOS_v2/LUAD/anchors/bio_anchors_LUAD_gsva_H40.csv
epochs:           600
lambda_bio:       0.1
batch_size:       64
seed:             42
model_path:       /gpfs/research/fangroup/ug25b/BIOS/BIOS_v2/LUAD/results/subtyping_results/BIOS/v2_biodim0_seed42_600ep_2026-09-28/checkpoint
=== train: Mon Sep 28 01:01:55 EDT 2026 ===
[config] loaded /gpfs/research/fangroup/ug25b/BIOS/BIOS_v2/LUAD/configs/BIOS_v2_biodim0_seed42_600ep_2026-09-28.yaml
[config]   cancer_type: LUAD
[config]   cluster_number: 3
[config]   head_type: linear
[config]   bio_dim: 0
[config]   n_anchors: 40
[config]   bio_anchor_file: /gpfs/research/fangroup/ug25b/BIOS/BIOS_v2/LUAD/anchors/bio_anchors_LUAD_gsva_H40.csv
[config]   epochs: 600
[config]   lambda_bio: 0.1
[config]   batch_size: 64
[config]   seed: 42
[config]   model_path: /gpfs/research/fangroup/ug25b/BIOS/BIOS_v2/LUAD/results/subtyping_results/BIOS/v2_biodim0_seed42_600ep_2026-09-28/checkpoint
Head type    : linear
Cancer       : LUAD | bio_dim: 0 | lambda_bio: 0.1
Bio anchor   : /gpfs/research/fangroup/ug25b/BIOS/BIOS_v2/LUAD/anchors/bio_anchors_LUAD_gsva_H40.csv
Cluster num  : 3
Epochs       : 600
[dataloader] Loaded bio-anchors from /gpfs/research/fangroup/ug25b/BIOS/BIOS_v2/LUAD/anchors/bio_anchors_LUAD_gsva_H40.csv: torch.Size([490, 40])
Device       : cpu
Model params : 73,946,443
Epoch [0/600] Step [0/8] Loss: 6.5415 Bio: 0.9532 GateEnt: nan GateDiv: nan
Epoch [0/600] Total Loss: 51.9046
Epoch [1/600] Step [0/8] Loss: 6.5355 Bio: 0.8844 GateEnt: nan GateDiv: nan
Epoch [1/600] Total Loss: 51.9015
Epoch [2/600] Step [0/8] Loss: 6.5511 Bio: 1.0650 GateEnt: nan GateDiv: nan
Epoch [2/600] Total Loss: 51.8436
Epoch [3/600] Step [0/8] Loss: 6.5155 Bio: 0.9252 GateEnt: nan GateDiv: nan
Epoch [3/600] Total Loss: 51.5185
Epoch [4/600] Step [0/8] Loss: 6.4541 Bio: 0.9812 GateEnt: nan GateDiv: nan
Epoch [4/600] Total Loss: 51.6560
Epoch [5/600] Step [0/8] Loss: 6.4448 Bio: 1.0054 GateEnt: nan GateDiv: nan
Epoch [5/600] Total Loss: 51.0653
Epoch [6/600] Step [0/8] Loss: 6.2940 Bio: 0.9221 GateEnt: nan GateDiv: nan
Epoch [6/600] Total Loss: 50.6901
Epoch [7/600] Step [0/8] Loss: 6.2044 Bio: 0.9826 GateEnt: nan GateDiv: nan
Epoch [7/600] Total Loss: 49.9615
Epoch [8/600] Step [0/8] Loss: 6.1283 Bio: 1.0245 GateEnt: nan GateDiv: nan
Epoch [8/600] Total Loss: 48.6901
Epoch [9/600] Step [0/8] Loss: 6.3485 Bio: 0.9641 GateEnt: nan GateDiv: nan
Epoch [9/600] Total Loss: 48.8648
Epoch [10/600] Step [0/8] Loss: 6.0421 Bio: 1.1290 GateEnt: nan GateDiv: nan
Epoch [10/600] Total Loss: 49.3355
Epoch [11/600] Step [0/8] Loss: 6.0127 Bio: 1.0496 GateEnt: nan GateDiv: nan
Epoch [11/600] Total Loss: 48.5323
Epoch [12/600] Step [0/8] Loss: 6.1089 Bio: 1.0472 GateEnt: nan GateDiv: nan
Epoch [12/600] Total Loss: 48.5796
Epoch [13/600] Step [0/8] Loss: 5.9957 Bio: 1.1748 GateEnt: nan GateDiv: nan
Epoch [13/600] Total Loss: 48.0673
Epoch [14/600] Step [0/8] Loss: 6.1208 Bio: 0.8240 GateEnt: nan GateDiv: nan
Epoch [14/600] Total Loss: 48.3160
Epoch [15/600] Step [0/8] Loss: 5.9901 Bio: 0.8899 GateEnt: nan GateDiv: nan
Epoch [15/600] Total Loss: 48.3491
Epoch [16/600] Step [0/8] Loss: 6.1889 Bio: 0.8746 GateEnt: nan GateDiv: nan
Epoch [16/600] Total Loss: 48.0765
Epoch [17/600] Step [0/8] Loss: 5.8058 Bio: 0.9280 GateEnt: nan GateDiv: nan
Epoch [17/600] Total Loss: 47.1800
Epoch [18/600] Step [0/8] Loss: 6.0601 Bio: 0.9673 GateEnt: nan GateDiv: nan
Epoch [18/600] Total Loss: 47.9817
Epoch [19/600] Step [0/8] Loss: 6.6230 Bio: 0.8155 GateEnt: nan GateDiv: nan
Epoch [19/600] Total Loss: 49.1214
Epoch [20/600] Step [0/8] Loss: 5.8199 Bio: 0.9666 GateEnt: nan GateDiv: nan
Epoch [20/600] Total Loss: 46.4800
Epoch [21/600] Step [0/8] Loss: 6.0863 Bio: 0.9343 GateEnt: nan GateDiv: nan
Epoch [21/600] Total Loss: 47.2689
Epoch [22/600] Step [0/8] Loss: 5.9031 Bio: 0.8655 GateEnt: nan GateDiv: nan
Epoch [22/600] Total Loss: 46.3923
Epoch [23/600] Step [0/8] Loss: 6.0031 Bio: 1.0442 GateEnt: nan GateDiv: nan
Epoch [23/600] Total Loss: 46.6522
Epoch [24/600] Step [0/8] Loss: 5.9956 Bio: 0.8491 GateEnt: nan GateDiv: nan
Epoch [24/600] Total Loss: 47.6860
Epoch [25/600] Step [0/8] Loss: 5.9989 Bio: 0.9240 GateEnt: nan GateDiv: nan
Epoch [25/600] Total Loss: 47.3139
Epoch [26/600] Step [0/8] Loss: 5.9643 Bio: 0.9714 GateEnt: nan GateDiv: nan
Epoch [26/600] Total Loss: 47.2174
Epoch [27/600] Step [0/8] Loss: 5.9403 Bio: 1.0698 GateEnt: nan GateDiv: nan
Epoch [27/600] Total Loss: 47.3275
Epoch [28/600] Step [0/8] Loss: 5.7943 Bio: 1.0953 GateEnt: nan GateDiv: nan
Epoch [28/600] Total Loss: 47.0222
Epoch [29/600] Step [0/8] Loss: 5.8675 Bio: 0.9361 GateEnt: nan GateDiv: nan
Epoch [29/600] Total Loss: 46.6940
Epoch [30/600] Step [0/8] Loss: 5.9497 Bio: 0.9503 GateEnt: nan GateDiv: nan
Epoch [30/600] Total Loss: 46.6203
Epoch [31/600] Step [0/8] Loss: 5.9247 Bio: 0.8994 GateEnt: nan GateDiv: nan
Epoch [31/600] Total Loss: 46.7449
Epoch [32/600] Step [0/8] Loss: 6.1975 Bio: 0.8963 GateEnt: nan GateDiv: nan
Epoch [32/600] Total Loss: 47.4089
Epoch [33/600] Step [0/8] Loss: 5.9980 Bio: 0.8875 GateEnt: nan GateDiv: nan
Epoch [33/600] Total Loss: 46.5362
Epoch [34/600] Step [0/8] Loss: 5.8405 Bio: 0.9762 GateEnt: nan GateDiv: nan
Epoch [34/600] Total Loss: 46.9838
Epoch [35/600] Step [0/8] Loss: 5.7421 Bio: 0.9866 GateEnt: nan GateDiv: nan
Epoch [35/600] Total Loss: 46.4979
Epoch [36/600] Step [0/8] Loss: 5.7575 Bio: 0.9434 GateEnt: nan GateDiv: nan
Epoch [36/600] Total Loss: 46.5979
Epoch [37/600] Step [0/8] Loss: 5.9056 Bio: 0.9565 GateEnt: nan GateDiv: nan
Epoch [37/600] Total Loss: 46.6464
Epoch [38/600] Step [0/8] Loss: 6.0520 Bio: 0.8292 GateEnt: nan GateDiv: nan
Epoch [38/600] Total Loss: 46.9355
Epoch [39/600] Step [0/8] Loss: 5.8716 Bio: 0.8293 GateEnt: nan GateDiv: nan
Epoch [39/600] Total Loss: 46.3159
Epoch [40/600] Step [0/8] Loss: 5.8191 Bio: 1.0150 GateEnt: nan GateDiv: nan
Epoch [40/600] Total Loss: 46.4469
Epoch [41/600] Step [0/8] Loss: 5.6043 Bio: 0.8900 GateEnt: nan GateDiv: nan
Epoch [41/600] Total Loss: 46.2236
Epoch [42/600] Step [0/8] Loss: 5.9948 Bio: 0.9334 GateEnt: nan GateDiv: nan
Epoch [42/600] Total Loss: 46.2990
Epoch [43/600] Step [0/8] Loss: 5.6789 Bio: 0.9021 GateEnt: nan GateDiv: nan
Epoch [43/600] Total Loss: 45.7616
Epoch [44/600] Step [0/8] Loss: 5.8888 Bio: 0.9752 GateEnt: nan GateDiv: nan
Epoch [44/600] Total Loss: 46.2346
Epoch [45/600] Step [0/8] Loss: 6.0156 Bio: 0.9164 GateEnt: nan GateDiv: nan
Epoch [45/600] Total Loss: 46.7913
Epoch [46/600] Step [0/8] Loss: 5.7269 Bio: 0.8386 GateEnt: nan GateDiv: nan
Epoch [46/600] Total Loss: 46.2284
Epoch [47/600] Step [0/8] Loss: 5.7264 Bio: 1.0153 GateEnt: nan GateDiv: nan
Epoch [47/600] Total Loss: 46.3968
Epoch [48/600] Step [0/8] Loss: 5.7328 Bio: 0.9663 GateEnt: nan GateDiv: nan
Epoch [48/600] Total Loss: 46.0125
Epoch [49/600] Step [0/8] Loss: 5.9162 Bio: 0.8639 GateEnt: nan GateDiv: nan
Epoch [49/600] Total Loss: 45.9677
Epoch [50/600] Step [0/8] Loss: 5.7554 Bio: 0.7774 GateEnt: nan GateDiv: nan
Epoch [50/600] Total Loss: 47.2437
Epoch [51/600] Step [0/8] Loss: 5.6358 Bio: 0.8897 GateEnt: nan GateDiv: nan
Epoch [51/600] Total Loss: 46.2585
Epoch [52/600] Step [0/8] Loss: 6.1147 Bio: 0.9394 GateEnt: nan GateDiv: nan
Epoch [52/600] Total Loss: 46.9009
Epoch [53/600] Step [0/8] Loss: 5.8058 Bio: 0.9349 GateEnt: nan GateDiv: nan
Epoch [53/600] Total Loss: 45.5740
Epoch [54/600] Step [0/8] Loss: 5.6516 Bio: 0.9974 GateEnt: nan GateDiv: nan
Epoch [54/600] Total Loss: 45.5283
Epoch [55/600] Step [0/8] Loss: 5.5810 Bio: 1.0146 GateEnt: nan GateDiv: nan
Epoch [55/600] Total Loss: 45.6658
Epoch [56/600] Step [0/8] Loss: 5.8339 Bio: 0.8510 GateEnt: nan GateDiv: nan
Epoch [56/600] Total Loss: 45.6690
Epoch [57/600] Step [0/8] Loss: 5.9927 Bio: 0.9635 GateEnt: nan GateDiv: nan
Epoch [57/600] Total Loss: 46.0214
Epoch [58/600] Step [0/8] Loss: 5.9085 Bio: 0.8942 GateEnt: nan GateDiv: nan
Epoch [58/600] Total Loss: 46.8740
Epoch [59/600] Step [0/8] Loss: 5.9982 Bio: 0.9755 GateEnt: nan GateDiv: nan
Epoch [59/600] Total Loss: 46.2284
Epoch [60/600] Step [0/8] Loss: 5.6206 Bio: 0.9041 GateEnt: nan GateDiv: nan
Epoch [60/600] Total Loss: 45.5579
Epoch [61/600] Step [0/8] Loss: 5.7719 Bio: 0.9889 GateEnt: nan GateDiv: nan
Epoch [61/600] Total Loss: 45.5057
Epoch [62/600] Step [0/8] Loss: 5.8592 Bio: 1.0064 GateEnt: nan GateDiv: nan
Epoch [62/600] Total Loss: 46.0695
Epoch [63/600] Step [0/8] Loss: 5.9328 Bio: 0.9716 GateEnt: nan GateDiv: nan
Epoch [63/600] Total Loss: 45.4858
Epoch [64/600] Step [0/8] Loss: 5.7119 Bio: 0.9017 GateEnt: nan GateDiv: nan
Epoch [64/600] Total Loss: 45.8071
Epoch [65/600] Step [0/8] Loss: 5.7368 Bio: 0.8378 GateEnt: nan GateDiv: nan
Epoch [65/600] Total Loss: 45.7279
Epoch [66/600] Step [0/8] Loss: 5.8708 Bio: 0.9085 GateEnt: nan GateDiv: nan
Epoch [66/600] Total Loss: 45.7654
Epoch [67/600] Step [0/8] Loss: 5.8048 Bio: 0.9053 GateEnt: nan GateDiv: nan
Epoch [67/600] Total Loss: 46.0625
Epoch [68/600] Step [0/8] Loss: 5.6494 Bio: 0.7644 GateEnt: nan GateDiv: nan
Epoch [68/600] Total Loss: 45.7456
Epoch [69/600] Step [0/8] Loss: 6.1159 Bio: 0.9868 GateEnt: nan GateDiv: nan
Epoch [69/600] Total Loss: 46.1258
Epoch [70/600] Step [0/8] Loss: 5.9500 Bio: 0.9724 GateEnt: nan GateDiv: nan
Epoch [70/600] Total Loss: 46.1936
Epoch [71/600] Step [0/8] Loss: 5.7734 Bio: 1.1627 GateEnt: nan GateDiv: nan
Epoch [71/600] Total Loss: 45.5539
Epoch [72/600] Step [0/8] Loss: 5.9378 Bio: 0.9431 GateEnt: nan GateDiv: nan
Epoch [72/600] Total Loss: 44.9595
Epoch [73/600] Step [0/8] Loss: 5.7334 Bio: 1.0986 GateEnt: nan GateDiv: nan
Epoch [73/600] Total Loss: 45.3520
Epoch [74/600] Step [0/8] Loss: 5.7445 Bio: 0.9638 GateEnt: nan GateDiv: nan
Epoch [74/600] Total Loss: 45.3919
Epoch [75/600] Step [0/8] Loss: 5.8817 Bio: 0.7883 GateEnt: nan GateDiv: nan
Epoch [75/600] Total Loss: 45.4250
Epoch [76/600] Step [0/8] Loss: 5.7716 Bio: 0.8770 GateEnt: nan GateDiv: nan
Epoch [76/600] Total Loss: 45.0456
Epoch [77/600] Step [0/8] Loss: 5.6354 Bio: 0.9322 GateEnt: nan GateDiv: nan
Epoch [77/600] Total Loss: 45.5024
Epoch [78/600] Step [0/8] Loss: 5.8383 Bio: 0.8583 GateEnt: nan GateDiv: nan
Epoch [78/600] Total Loss: 45.1032
Epoch [79/600] Step [0/8] Loss: 5.5405 Bio: 0.9193 GateEnt: nan GateDiv: nan
Epoch [79/600] Total Loss: 44.8613
Epoch [80/600] Step [0/8] Loss: 5.6812 Bio: 0.9285 GateEnt: nan GateDiv: nan
Epoch [80/600] Total Loss: 45.2011
Epoch [81/600] Step [0/8] Loss: 5.8416 Bio: 0.9324 GateEnt: nan GateDiv: nan
Epoch [81/600] Total Loss: 44.8936
Epoch [82/600] Step [0/8] Loss: 5.5919 Bio: 0.9450 GateEnt: nan GateDiv: nan
Epoch [82/600] Total Loss: 45.4326
Epoch [83/600] Step [0/8] Loss: 5.7944 Bio: 0.8779 GateEnt: nan GateDiv: nan
Epoch [83/600] Total Loss: 44.7145
Epoch [84/600] Step [0/8] Loss: 5.6991 Bio: 0.9529 GateEnt: nan GateDiv: nan
Epoch [84/600] Total Loss: 44.2517
Epoch [85/600] Step [0/8] Loss: 5.6130 Bio: 0.9049 GateEnt: nan GateDiv: nan
Epoch [85/600] Total Loss: 44.2086
Epoch [86/600] Step [0/8] Loss: 5.4897 Bio: 0.9737 GateEnt: nan GateDiv: nan
Epoch [86/600] Total Loss: 44.9447
Epoch [87/600] Step [0/8] Loss: 5.6020 Bio: 1.0757 GateEnt: nan GateDiv: nan
Epoch [87/600] Total Loss: 44.6541
Epoch [88/600] Step [0/8] Loss: 5.6218 Bio: 1.1987 GateEnt: nan GateDiv: nan
Epoch [88/600] Total Loss: 44.2057
Epoch [89/600] Step [0/8] Loss: 5.7112 Bio: 1.1039 GateEnt: nan GateDiv: nan
Epoch [89/600] Total Loss: 44.7673
Epoch [90/600] Step [0/8] Loss: 5.6785 Bio: 0.9015 GateEnt: nan GateDiv: nan
Epoch [90/600] Total Loss: 45.1180
Epoch [91/600] Step [0/8] Loss: 5.5275 Bio: 0.8611 GateEnt: nan GateDiv: nan
Epoch [91/600] Total Loss: 44.8516
Epoch [92/600] Step [0/8] Loss: 5.6027 Bio: 1.0712 GateEnt: nan GateDiv: nan
Epoch [92/600] Total Loss: 44.3206
Epoch [93/600] Step [0/8] Loss: 5.5609 Bio: 1.0422 GateEnt: nan GateDiv: nan
Epoch [93/600] Total Loss: 44.5157
Epoch [94/600] Step [0/8] Loss: 5.7808 Bio: 0.8907 GateEnt: nan GateDiv: nan
Epoch [94/600] Total Loss: 45.5087
Epoch [95/600] Step [0/8] Loss: 5.5381 Bio: 0.8736 GateEnt: nan GateDiv: nan
Epoch [95/600] Total Loss: 44.6570
Epoch [96/600] Step [0/8] Loss: 5.6648 Bio: 0.9610 GateEnt: nan GateDiv: nan
Epoch [96/600] Total Loss: 45.0259
Epoch [97/600] Step [0/8] Loss: 5.8504 Bio: 0.9847 GateEnt: nan GateDiv: nan
Epoch [97/600] Total Loss: 45.0194
Epoch [98/600] Step [0/8] Loss: 5.7252 Bio: 1.0530 GateEnt: nan GateDiv: nan
Epoch [98/600] Total Loss: 44.8720
Epoch [99/600] Step [0/8] Loss: 5.4392 Bio: 0.9672 GateEnt: nan GateDiv: nan
Epoch [99/600] Total Loss: 44.2643
Epoch [100/600] Step [0/8] Loss: 5.4757 Bio: 0.8494 GateEnt: nan GateDiv: nan
Epoch [100/600] Total Loss: 44.4570
Epoch [101/600] Step [0/8] Loss: 5.7766 Bio: 0.9120 GateEnt: nan GateDiv: nan
Epoch [101/600] Total Loss: 44.1062
Epoch [102/600] Step [0/8] Loss: 5.5018 Bio: 0.9528 GateEnt: nan GateDiv: nan
Epoch [102/600] Total Loss: 44.2674
Epoch [103/600] Step [0/8] Loss: 5.6546 Bio: 1.1431 GateEnt: nan GateDiv: nan
Epoch [103/600] Total Loss: 44.2280
Epoch [104/600] Step [0/8] Loss: 5.2854 Bio: 0.9254 GateEnt: nan GateDiv: nan
Epoch [104/600] Total Loss: 44.1421
Epoch [105/600] Step [0/8] Loss: 5.6556 Bio: 0.9038 GateEnt: nan GateDiv: nan
Epoch [105/600] Total Loss: 44.1890
Epoch [106/600] Step [0/8] Loss: 5.7721 Bio: 1.0357 GateEnt: nan GateDiv: nan
Epoch [106/600] Total Loss: 43.9234
Epoch [107/600] Step [0/8] Loss: 5.6572 Bio: 0.8788 GateEnt: nan GateDiv: nan
Epoch [107/600] Total Loss: 44.1031
Epoch [108/600] Step [0/8] Loss: 5.4642 Bio: 0.9727 GateEnt: nan GateDiv: nan
Epoch [108/600] Total Loss: 43.6788
Epoch [109/600] Step [0/8] Loss: 5.4293 Bio: 0.8752 GateEnt: nan GateDiv: nan
Epoch [109/600] Total Loss: 43.3277
Epoch [110/600] Step [0/8] Loss: 5.5083 Bio: 0.9269 GateEnt: nan GateDiv: nan
Epoch [110/600] Total Loss: 43.2530
Epoch [111/600] Step [0/8] Loss: 5.3045 Bio: 1.0607 GateEnt: nan GateDiv: nan
Epoch [111/600] Total Loss: 43.2727
Epoch [112/600] Step [0/8] Loss: 5.5968 Bio: 0.8407 GateEnt: nan GateDiv: nan
Epoch [112/600] Total Loss: 43.0528
Epoch [113/600] Step [0/8] Loss: 5.3125 Bio: 0.9915 GateEnt: nan GateDiv: nan
Epoch [113/600] Total Loss: 42.6439
Epoch [114/600] Step [0/8] Loss: 5.4807 Bio: 1.0455 GateEnt: nan GateDiv: nan
Epoch [114/600] Total Loss: 42.2135
Epoch [115/600] Step [0/8] Loss: 5.7883 Bio: 0.9196 GateEnt: nan GateDiv: nan
Epoch [115/600] Total Loss: 43.4893
Epoch [116/600] Step [0/8] Loss: 5.4605 Bio: 0.8856 GateEnt: nan GateDiv: nan
Epoch [116/600] Total Loss: 43.7788
Epoch [117/600] Step [0/8] Loss: 5.4515 Bio: 0.9666 GateEnt: nan GateDiv: nan
Epoch [117/600] Total Loss: 42.8040
Epoch [118/600] Step [0/8] Loss: 5.5210 Bio: 0.9539 GateEnt: nan GateDiv: nan
Epoch [118/600] Total Loss: 42.9760
Epoch [119/600] Step [0/8] Loss: 5.2818 Bio: 0.9352 GateEnt: nan GateDiv: nan
Epoch [119/600] Total Loss: 43.0059
Epoch [120/600] Step [0/8] Loss: 5.6743 Bio: 0.8718 GateEnt: nan GateDiv: nan
Epoch [120/600] Total Loss: 42.8257
Epoch [121/600] Step [0/8] Loss: 5.3889 Bio: 1.0320 GateEnt: nan GateDiv: nan
Epoch [121/600] Total Loss: 42.9429
Epoch [122/600] Step [0/8] Loss: 5.2983 Bio: 0.9230 GateEnt: nan GateDiv: nan
Epoch [122/600] Total Loss: 42.1382
Epoch [123/600] Step [0/8] Loss: 5.1809 Bio: 0.8770 GateEnt: nan GateDiv: nan
Epoch [123/600] Total Loss: 42.2578
Epoch [124/600] Step [0/8] Loss: 5.5102 Bio: 0.9343 GateEnt: nan GateDiv: nan
Epoch [124/600] Total Loss: 42.8927
Epoch [125/600] Step [0/8] Loss: 5.4475 Bio: 0.9309 GateEnt: nan GateDiv: nan
Epoch [125/600] Total Loss: 42.9898
Epoch [126/600] Step [0/8] Loss: 5.3281 Bio: 0.8026 GateEnt: nan GateDiv: nan
Epoch [126/600] Total Loss: 42.4445
Epoch [127/600] Step [0/8] Loss: 5.4688 Bio: 0.9106 GateEnt: nan GateDiv: nan
Epoch [127/600] Total Loss: 42.0321
Epoch [128/600] Step [0/8] Loss: 5.3847 Bio: 0.7931 GateEnt: nan GateDiv: nan
Epoch [128/600] Total Loss: 42.3920
Epoch [129/600] Step [0/8] Loss: 5.3926 Bio: 0.8583 GateEnt: nan GateDiv: nan
Epoch [129/600] Total Loss: 42.1044
Epoch [130/600] Step [0/8] Loss: 5.4336 Bio: 0.8605 GateEnt: nan GateDiv: nan
Epoch [130/600] Total Loss: 43.0715
Epoch [131/600] Step [0/8] Loss: 5.2097 Bio: 0.9304 GateEnt: nan GateDiv: nan
Epoch [131/600] Total Loss: 42.6614
Epoch [132/600] Step [0/8] Loss: 5.3992 Bio: 0.8894 GateEnt: nan GateDiv: nan
Epoch [132/600] Total Loss: 42.2980
Epoch [133/600] Step [0/8] Loss: 5.4336 Bio: 0.8857 GateEnt: nan GateDiv: nan
Epoch [133/600] Total Loss: 42.6118
Epoch [134/600] Step [0/8] Loss: 5.1790 Bio: 0.9254 GateEnt: nan GateDiv: nan
Epoch [134/600] Total Loss: 42.1524
Epoch [135/600] Step [0/8] Loss: 5.2612 Bio: 0.9674 GateEnt: nan GateDiv: nan
Epoch [135/600] Total Loss: 42.5163
Epoch [136/600] Step [0/8] Loss: 5.3083 Bio: 0.9474 GateEnt: nan GateDiv: nan
Epoch [136/600] Total Loss: 41.8996
Epoch [137/600] Step [0/8] Loss: 5.2270 Bio: 0.9449 GateEnt: nan GateDiv: nan
Epoch [137/600] Total Loss: 42.2756
Epoch [138/600] Step [0/8] Loss: 5.2328 Bio: 0.8675 GateEnt: nan GateDiv: nan
Epoch [138/600] Total Loss: 42.4671
Epoch [139/600] Step [0/8] Loss: 5.1952 Bio: 0.9960 GateEnt: nan GateDiv: nan
Epoch [139/600] Total Loss: 42.3939
Epoch [140/600] Step [0/8] Loss: 5.5223 Bio: 0.9825 GateEnt: nan GateDiv: nan
Epoch [140/600] Total Loss: 42.0376
Epoch [141/600] Step [0/8] Loss: 5.3426 Bio: 0.9290 GateEnt: nan GateDiv: nan
Epoch [141/600] Total Loss: 42.1719
Epoch [142/600] Step [0/8] Loss: 5.2860 Bio: 0.9334 GateEnt: nan GateDiv: nan
Epoch [142/600] Total Loss: 41.8535
Epoch [143/600] Step [0/8] Loss: 5.0986 Bio: 0.9378 GateEnt: nan GateDiv: nan
Epoch [143/600] Total Loss: 42.6272
Epoch [144/600] Step [0/8] Loss: 5.2236 Bio: 0.9579 GateEnt: nan GateDiv: nan
Epoch [144/600] Total Loss: 41.6163
Epoch [145/600] Step [0/8] Loss: 5.3324 Bio: 1.0311 GateEnt: nan GateDiv: nan
Epoch [145/600] Total Loss: 41.6510
Epoch [146/600] Step [0/8] Loss: 5.5445 Bio: 0.8740 GateEnt: nan GateDiv: nan
Epoch [146/600] Total Loss: 41.9785
Epoch [147/600] Step [0/8] Loss: 5.1876 Bio: 1.0390 GateEnt: nan GateDiv: nan
Epoch [147/600] Total Loss: 41.7979
Epoch [148/600] Step [0/8] Loss: 5.3698 Bio: 0.9798 GateEnt: nan GateDiv: nan
Epoch [148/600] Total Loss: 42.0674
Epoch [149/600] Step [0/8] Loss: 5.3195 Bio: 0.9397 GateEnt: nan GateDiv: nan
Epoch [149/600] Total Loss: 41.6656
Epoch [150/600] Step [0/8] Loss: 5.3762 Bio: 0.9629 GateEnt: nan GateDiv: nan
Epoch [150/600] Total Loss: 41.9441
Epoch [151/600] Step [0/8] Loss: 5.0757 Bio: 1.0440 GateEnt: nan GateDiv: nan
Epoch [151/600] Total Loss: 41.2885
Epoch [152/600] Step [0/8] Loss: 5.1696 Bio: 0.8114 GateEnt: nan GateDiv: nan
Epoch [152/600] Total Loss: 41.6974
Epoch [153/600] Step [0/8] Loss: 5.3421 Bio: 0.8373 GateEnt: nan GateDiv: nan
Epoch [153/600] Total Loss: 41.4520
Epoch [154/600] Step [0/8] Loss: 5.2670 Bio: 0.9889 GateEnt: nan GateDiv: nan
Epoch [154/600] Total Loss: 42.6319
Epoch [155/600] Step [0/8] Loss: 5.1480 Bio: 0.8944 GateEnt: nan GateDiv: nan
Epoch [155/600] Total Loss: 41.1611
Epoch [156/600] Step [0/8] Loss: 5.2628 Bio: 0.9046 GateEnt: nan GateDiv: nan
Epoch [156/600] Total Loss: 41.6519
Epoch [157/600] Step [0/8] Loss: 5.1642 Bio: 0.9138 GateEnt: nan GateDiv: nan
Epoch [157/600] Total Loss: 41.3806
Epoch [158/600] Step [0/8] Loss: 5.3873 Bio: 0.8088 GateEnt: nan GateDiv: nan
Epoch [158/600] Total Loss: 41.7343
Epoch [159/600] Step [0/8] Loss: 5.3631 Bio: 1.0016 GateEnt: nan GateDiv: nan
Epoch [159/600] Total Loss: 41.8252
Epoch [160/600] Step [0/8] Loss: 5.2148 Bio: 0.8154 GateEnt: nan GateDiv: nan
Epoch [160/600] Total Loss: 41.9433
Epoch [161/600] Step [0/8] Loss: 5.1499 Bio: 0.8398 GateEnt: nan GateDiv: nan
Epoch [161/600] Total Loss: 41.8784
Epoch [162/600] Step [0/8] Loss: 5.3790 Bio: 0.8824 GateEnt: nan GateDiv: nan
Epoch [162/600] Total Loss: 41.7545
Epoch [163/600] Step [0/8] Loss: 5.3045 Bio: 0.9894 GateEnt: nan GateDiv: nan
Epoch [163/600] Total Loss: 42.2660
Epoch [164/600] Step [0/8] Loss: 5.1971 Bio: 1.0454 GateEnt: nan GateDiv: nan
Epoch [164/600] Total Loss: 41.9531
Epoch [165/600] Step [0/8] Loss: 5.2960 Bio: 1.0943 GateEnt: nan GateDiv: nan
Epoch [165/600] Total Loss: 41.8137
Epoch [166/600] Step [0/8] Loss: 5.2103 Bio: 0.8909 GateEnt: nan GateDiv: nan
Epoch [166/600] Total Loss: 41.1868
Epoch [167/600] Step [0/8] Loss: 5.1839 Bio: 0.8285 GateEnt: nan GateDiv: nan
Epoch [167/600] Total Loss: 41.3663
Epoch [168/600] Step [0/8] Loss: 5.2490 Bio: 0.9261 GateEnt: nan GateDiv: nan
Epoch [168/600] Total Loss: 41.5763
Epoch [169/600] Step [0/8] Loss: 5.1825 Bio: 0.9947 GateEnt: nan GateDiv: nan
Epoch [169/600] Total Loss: 41.3364
Epoch [170/600] Step [0/8] Loss: 5.1996 Bio: 0.9470 GateEnt: nan GateDiv: nan
Epoch [170/600] Total Loss: 41.4830
Epoch [171/600] Step [0/8] Loss: 5.3212 Bio: 1.0035 GateEnt: nan GateDiv: nan
Epoch [171/600] Total Loss: 41.8795
Epoch [172/600] Step [0/8] Loss: 5.2915 Bio: 0.8511 GateEnt: nan GateDiv: nan
Epoch [172/600] Total Loss: 41.6877
Epoch [173/600] Step [0/8] Loss: 5.3531 Bio: 1.0536 GateEnt: nan GateDiv: nan
Epoch [173/600] Total Loss: 42.0002
Epoch [174/600] Step [0/8] Loss: 5.2768 Bio: 0.9416 GateEnt: nan GateDiv: nan
Epoch [174/600] Total Loss: 41.9973
Epoch [175/600] Step [0/8] Loss: 5.0262 Bio: 0.8692 GateEnt: nan GateDiv: nan
Epoch [175/600] Total Loss: 41.5478
Epoch [176/600] Step [0/8] Loss: 5.2499 Bio: 0.9024 GateEnt: nan GateDiv: nan
Epoch [176/600] Total Loss: 40.9548
Epoch [177/600] Step [0/8] Loss: 5.2297 Bio: 0.9938 GateEnt: nan GateDiv: nan
Epoch [177/600] Total Loss: 41.9516
Epoch [178/600] Step [0/8] Loss: 4.9762 Bio: 0.8570 GateEnt: nan GateDiv: nan
Epoch [178/600] Total Loss: 40.6647
Epoch [179/600] Step [0/8] Loss: 5.3746 Bio: 0.8738 GateEnt: nan GateDiv: nan
Epoch [179/600] Total Loss: 41.8204
Epoch [180/600] Step [0/8] Loss: 4.9098 Bio: 0.9982 GateEnt: nan GateDiv: nan
Epoch [180/600] Total Loss: 41.6175
Epoch [181/600] Step [0/8] Loss: 5.3340 Bio: 0.9326 GateEnt: nan GateDiv: nan
Epoch [181/600] Total Loss: 41.0434
Epoch [182/600] Step [0/8] Loss: 5.2649 Bio: 0.9803 GateEnt: nan GateDiv: nan
Epoch [182/600] Total Loss: 41.6694
Epoch [183/600] Step [0/8] Loss: 5.4999 Bio: 1.0154 GateEnt: nan GateDiv: nan
Epoch [183/600] Total Loss: 41.5194
Epoch [184/600] Step [0/8] Loss: 5.2828 Bio: 0.9958 GateEnt: nan GateDiv: nan
Epoch [184/600] Total Loss: 41.4335
Epoch [185/600] Step [0/8] Loss: 5.3303 Bio: 0.8336 GateEnt: nan GateDiv: nan
Epoch [185/600] Total Loss: 41.6655
Epoch [186/600] Step [0/8] Loss: 5.1254 Bio: 0.9578 GateEnt: nan GateDiv: nan
Epoch [186/600] Total Loss: 41.6438
Epoch [187/600] Step [0/8] Loss: 5.1133 Bio: 1.0108 GateEnt: nan GateDiv: nan
Epoch [187/600] Total Loss: 41.1344
Epoch [188/600] Step [0/8] Loss: 5.1000 Bio: 0.9271 GateEnt: nan GateDiv: nan
Epoch [188/600] Total Loss: 41.2184
Epoch [189/600] Step [0/8] Loss: 5.3692 Bio: 0.7566 GateEnt: nan GateDiv: nan
Epoch [189/600] Total Loss: 41.1351
Epoch [190/600] Step [0/8] Loss: 5.2741 Bio: 0.9684 GateEnt: nan GateDiv: nan
Epoch [190/600] Total Loss: 42.4750
Epoch [191/600] Step [0/8] Loss: 5.4896 Bio: 1.0741 GateEnt: nan GateDiv: nan
Epoch [191/600] Total Loss: 42.0198
Epoch [192/600] Step [0/8] Loss: 5.3793 Bio: 0.8911 GateEnt: nan GateDiv: nan
Epoch [192/600] Total Loss: 41.5923
Epoch [193/600] Step [0/8] Loss: 5.4705 Bio: 0.9014 GateEnt: nan GateDiv: nan
Epoch [193/600] Total Loss: 41.9089
Epoch [194/600] Step [0/8] Loss: 5.1748 Bio: 0.9167 GateEnt: nan GateDiv: nan
Epoch [194/600] Total Loss: 41.0459
Epoch [195/600] Step [0/8] Loss: 5.3463 Bio: 0.9751 GateEnt: nan GateDiv: nan
Epoch [195/600] Total Loss: 41.7970
Epoch [196/600] Step [0/8] Loss: 5.1138 Bio: 0.8089 GateEnt: nan GateDiv: nan
Epoch [196/600] Total Loss: 41.0807
Epoch [197/600] Step [0/8] Loss: 5.1628 Bio: 0.9664 GateEnt: nan GateDiv: nan
Epoch [197/600] Total Loss: 40.9583
Epoch [198/600] Step [0/8] Loss: 5.2701 Bio: 1.0315 GateEnt: nan GateDiv: nan
Epoch [198/600] Total Loss: 41.4718
Epoch [199/600] Step [0/8] Loss: 5.3124 Bio: 0.9277 GateEnt: nan GateDiv: nan
Epoch [199/600] Total Loss: 40.6739
Epoch [200/600] Step [0/8] Loss: 5.0759 Bio: 0.8561 GateEnt: nan GateDiv: nan
Epoch [200/600] Total Loss: 41.1255
Epoch [201/600] Step [0/8] Loss: 5.2139 Bio: 0.9155 GateEnt: nan GateDiv: nan
Epoch [201/600] Total Loss: 41.8161
Epoch [202/600] Step [0/8] Loss: 5.3402 Bio: 0.9940 GateEnt: nan GateDiv: nan
Epoch [202/600] Total Loss: 41.3535
Epoch [203/600] Step [0/8] Loss: 5.2528 Bio: 0.9088 GateEnt: nan GateDiv: nan
Epoch [203/600] Total Loss: 41.8248
Epoch [204/600] Step [0/8] Loss: 5.1407 Bio: 0.9020 GateEnt: nan GateDiv: nan
Epoch [204/600] Total Loss: 41.1628
Epoch [205/600] Step [0/8] Loss: 5.2410 Bio: 0.8889 GateEnt: nan GateDiv: nan
Epoch [205/600] Total Loss: 41.5287
Epoch [206/600] Step [0/8] Loss: 5.0258 Bio: 0.8788 GateEnt: nan GateDiv: nan
Epoch [206/600] Total Loss: 40.5448
Epoch [207/600] Step [0/8] Loss: 5.2175 Bio: 0.9706 GateEnt: nan GateDiv: nan
Epoch [207/600] Total Loss: 41.3021
Epoch [208/600] Step [0/8] Loss: 5.1318 Bio: 0.9144 GateEnt: nan GateDiv: nan
Epoch [208/600] Total Loss: 41.0795
Epoch [209/600] Step [0/8] Loss: 5.1572 Bio: 0.9719 GateEnt: nan GateDiv: nan
Epoch [209/600] Total Loss: 41.2206
Epoch [210/600] Step [0/8] Loss: 5.1779 Bio: 0.8916 GateEnt: nan GateDiv: nan
Epoch [210/600] Total Loss: 40.9894
Epoch [211/600] Step [0/8] Loss: 5.0604 Bio: 0.9766 GateEnt: nan GateDiv: nan
Epoch [211/600] Total Loss: 41.2585
Epoch [212/600] Step [0/8] Loss: 5.1695 Bio: 0.7561 GateEnt: nan GateDiv: nan
Epoch [212/600] Total Loss: 41.1063
Epoch [213/600] Step [0/8] Loss: 5.1028 Bio: 0.8836 GateEnt: nan GateDiv: nan
Epoch [213/600] Total Loss: 41.5758
Epoch [214/600] Step [0/8] Loss: 5.1865 Bio: 0.8494 GateEnt: nan GateDiv: nan
Epoch [214/600] Total Loss: 41.3145
Epoch [215/600] Step [0/8] Loss: 5.3337 Bio: 1.0678 GateEnt: nan GateDiv: nan
Epoch [215/600] Total Loss: 41.3185
Epoch [216/600] Step [0/8] Loss: 5.4796 Bio: 0.9029 GateEnt: nan GateDiv: nan
Epoch [216/600] Total Loss: 41.5362
Epoch [217/600] Step [0/8] Loss: 5.3679 Bio: 0.8419 GateEnt: nan GateDiv: nan
Epoch [217/600] Total Loss: 41.0291
Epoch [218/600] Step [0/8] Loss: 5.3213 Bio: 1.0480 GateEnt: nan GateDiv: nan
Epoch [218/600] Total Loss: 40.8059
Epoch [219/600] Step [0/8] Loss: 5.1289 Bio: 0.9558 GateEnt: nan GateDiv: nan
Epoch [219/600] Total Loss: 40.7103
Epoch [220/600] Step [0/8] Loss: 5.2438 Bio: 0.9719 GateEnt: nan GateDiv: nan
Epoch [220/600] Total Loss: 41.2571
Epoch [221/600] Step [0/8] Loss: 5.1611 Bio: 1.1089 GateEnt: nan GateDiv: nan
Epoch [221/600] Total Loss: 41.5552
Epoch [222/600] Step [0/8] Loss: 5.2871 Bio: 0.8530 GateEnt: nan GateDiv: nan
Epoch [222/600] Total Loss: 41.0880
Epoch [223/600] Step [0/8] Loss: 5.0906 Bio: 0.7961 GateEnt: nan GateDiv: nan
Epoch [223/600] Total Loss: 41.3606
Epoch [224/600] Step [0/8] Loss: 5.1400 Bio: 0.8828 GateEnt: nan GateDiv: nan
Epoch [224/600] Total Loss: 40.7021
Epoch [225/600] Step [0/8] Loss: 5.1090 Bio: 0.9166 GateEnt: nan GateDiv: nan
Epoch [225/600] Total Loss: 40.3978
Epoch [226/600] Step [0/8] Loss: 5.3610 Bio: 0.9627 GateEnt: nan GateDiv: nan
Epoch [226/600] Total Loss: 41.5126
Epoch [227/600] Step [0/8] Loss: 5.1755 Bio: 0.8567 GateEnt: nan GateDiv: nan
Epoch [227/600] Total Loss: 41.1850
Epoch [228/600] Step [0/8] Loss: 5.3214 Bio: 1.0175 GateEnt: nan GateDiv: nan
Epoch [228/600] Total Loss: 41.2110
Epoch [229/600] Step [0/8] Loss: 5.2597 Bio: 0.9582 GateEnt: nan GateDiv: nan
Epoch [229/600] Total Loss: 41.7133
Epoch [230/600] Step [0/8] Loss: 5.1118 Bio: 0.9329 GateEnt: nan GateDiv: nan
Epoch [230/600] Total Loss: 40.9981
Epoch [231/600] Step [0/8] Loss: 5.3201 Bio: 0.9581 GateEnt: nan GateDiv: nan
Epoch [231/600] Total Loss: 41.2930
Epoch [232/600] Step [0/8] Loss: 4.9669 Bio: 0.9123 GateEnt: nan GateDiv: nan
Epoch [232/600] Total Loss: 41.0140
Epoch [233/600] Step [0/8] Loss: 5.2028 Bio: 0.9171 GateEnt: nan GateDiv: nan
Epoch [233/600] Total Loss: 41.6991
Epoch [234/600] Step [0/8] Loss: 5.1909 Bio: 0.9109 GateEnt: nan GateDiv: nan
Epoch [234/600] Total Loss: 40.9494
Epoch [235/600] Step [0/8] Loss: 5.2828 Bio: 0.8147 GateEnt: nan GateDiv: nan
Epoch [235/600] Total Loss: 40.9457
Epoch [236/600] Step [0/8] Loss: 5.1701 Bio: 0.8764 GateEnt: nan GateDiv: nan
Epoch [236/600] Total Loss: 41.1186
Epoch [237/600] Step [0/8] Loss: 5.3005 Bio: 1.0321 GateEnt: nan GateDiv: nan
Epoch [237/600] Total Loss: 40.9335
Epoch [238/600] Step [0/8] Loss: 5.1655 Bio: 0.9872 GateEnt: nan GateDiv: nan
Epoch [238/600] Total Loss: 40.5448
Epoch [239/600] Step [0/8] Loss: 5.1563 Bio: 0.9909 GateEnt: nan GateDiv: nan
Epoch [239/600] Total Loss: 40.9704
Epoch [240/600] Step [0/8] Loss: 5.3138 Bio: 0.8694 GateEnt: nan GateDiv: nan
Epoch [240/600] Total Loss: 40.5033
Epoch [241/600] Step [0/8] Loss: 5.0723 Bio: 0.9996 GateEnt: nan GateDiv: nan
Epoch [241/600] Total Loss: 41.2281
Epoch [242/600] Step [0/8] Loss: 5.2074 Bio: 0.9913 GateEnt: nan GateDiv: nan
Epoch [242/600] Total Loss: 41.1142
Epoch [243/600] Step [0/8] Loss: 5.1865 Bio: 0.9288 GateEnt: nan GateDiv: nan
Epoch [243/600] Total Loss: 40.7901
Epoch [244/600] Step [0/8] Loss: 5.2189 Bio: 0.8548 GateEnt: nan GateDiv: nan
Epoch [244/600] Total Loss: 40.7444
Epoch [245/600] Step [0/8] Loss: 5.2427 Bio: 1.0237 GateEnt: nan GateDiv: nan
Epoch [245/600] Total Loss: 41.3403
Epoch [246/600] Step [0/8] Loss: 4.9929 Bio: 1.0510 GateEnt: nan GateDiv: nan
Epoch [246/600] Total Loss: 40.9621
Epoch [247/600] Step [0/8] Loss: 5.1765 Bio: 0.9161 GateEnt: nan GateDiv: nan
Epoch [247/600] Total Loss: 41.0406
Epoch [248/600] Step [0/8] Loss: 5.2691 Bio: 0.9593 GateEnt: nan GateDiv: nan
Epoch [248/600] Total Loss: 40.7994
Epoch [249/600] Step [0/8] Loss: 5.3266 Bio: 0.8484 GateEnt: nan GateDiv: nan
Epoch [249/600] Total Loss: 41.0101
Epoch [250/600] Step [0/8] Loss: 5.0790 Bio: 1.0125 GateEnt: nan GateDiv: nan
Epoch [250/600] Total Loss: 41.1718
Epoch [251/600] Step [0/8] Loss: 5.1403 Bio: 0.9710 GateEnt: nan GateDiv: nan
Epoch [251/600] Total Loss: 41.0807
Epoch [252/600] Step [0/8] Loss: 5.0132 Bio: 0.9902 GateEnt: nan GateDiv: nan
Epoch [252/600] Total Loss: 40.7083
Epoch [253/600] Step [0/8] Loss: 5.2784 Bio: 0.9429 GateEnt: nan GateDiv: nan
Epoch [253/600] Total Loss: 40.8959
Epoch [254/600] Step [0/8] Loss: 5.1623 Bio: 0.9328 GateEnt: nan GateDiv: nan
Epoch [254/600] Total Loss: 40.8795
Epoch [255/600] Step [0/8] Loss: 5.0386 Bio: 0.8441 GateEnt: nan GateDiv: nan
Epoch [255/600] Total Loss: 40.8411
Epoch [256/600] Step [0/8] Loss: 5.3023 Bio: 0.9787 GateEnt: nan GateDiv: nan
Epoch [256/600] Total Loss: 40.8391
Epoch [257/600] Step [0/8] Loss: 5.1171 Bio: 0.8555 GateEnt: nan GateDiv: nan
Epoch [257/600] Total Loss: 40.8803
Epoch [258/600] Step [0/8] Loss: 5.0364 Bio: 0.9227 GateEnt: nan GateDiv: nan
Epoch [258/600] Total Loss: 40.7287
Epoch [259/600] Step [0/8] Loss: 5.0229 Bio: 1.0180 GateEnt: nan GateDiv: nan
Epoch [259/600] Total Loss: 40.7915
Epoch [260/600] Step [0/8] Loss: 5.2885 Bio: 0.7543 GateEnt: nan GateDiv: nan
Epoch [260/600] Total Loss: 40.9276
Epoch [261/600] Step [0/8] Loss: 5.1818 Bio: 0.9567 GateEnt: nan GateDiv: nan
Epoch [261/600] Total Loss: 40.7870
Epoch [262/600] Step [0/8] Loss: 5.3389 Bio: 0.9628 GateEnt: nan GateDiv: nan
Epoch [262/600] Total Loss: 41.1765
Epoch [263/600] Step [0/8] Loss: 5.0669 Bio: 0.9776 GateEnt: nan GateDiv: nan
Epoch [263/600] Total Loss: 40.4899
Epoch [264/600] Step [0/8] Loss: 5.5970 Bio: 0.7931 GateEnt: nan GateDiv: nan
Epoch [264/600] Total Loss: 41.3602
Epoch [265/600] Step [0/8] Loss: 5.2050 Bio: 0.9145 GateEnt: nan GateDiv: nan
Epoch [265/600] Total Loss: 40.6883
Epoch [266/600] Step [0/8] Loss: 5.1491 Bio: 1.0231 GateEnt: nan GateDiv: nan
Epoch [266/600] Total Loss: 41.6424
Epoch [267/600] Step [0/8] Loss: 5.0258 Bio: 0.9568 GateEnt: nan GateDiv: nan
Epoch [267/600] Total Loss: 41.2761
Epoch [268/600] Step [0/8] Loss: 5.2307 Bio: 0.9684 GateEnt: nan GateDiv: nan
Epoch [268/600] Total Loss: 40.5481
Epoch [269/600] Step [0/8] Loss: 5.0091 Bio: 1.0714 GateEnt: nan GateDiv: nan
Epoch [269/600] Total Loss: 41.1446
Epoch [270/600] Step [0/8] Loss: 5.3274 Bio: 0.9602 GateEnt: nan GateDiv: nan
Epoch [270/600] Total Loss: 40.6470
Epoch [271/600] Step [0/8] Loss: 5.2816 Bio: 0.8255 GateEnt: nan GateDiv: nan
Epoch [271/600] Total Loss: 41.1920
Epoch [272/600] Step [0/8] Loss: 5.0888 Bio: 0.9325 GateEnt: nan GateDiv: nan
Epoch [272/600] Total Loss: 40.8263
Epoch [273/600] Step [0/8] Loss: 5.0887 Bio: 0.8780 GateEnt: nan GateDiv: nan
Epoch [273/600] Total Loss: 40.5345
Epoch [274/600] Step [0/8] Loss: 4.9370 Bio: 0.9180 GateEnt: nan GateDiv: nan
Epoch [274/600] Total Loss: 40.9424
Epoch [275/600] Step [0/8] Loss: 5.1942 Bio: 0.8184 GateEnt: nan GateDiv: nan
Epoch [275/600] Total Loss: 40.9109
Epoch [276/600] Step [0/8] Loss: 5.1472 Bio: 0.8995 GateEnt: nan GateDiv: nan
Epoch [276/600] Total Loss: 41.1962
Epoch [277/600] Step [0/8] Loss: 5.2645 Bio: 0.9558 GateEnt: nan GateDiv: nan
Epoch [277/600] Total Loss: 40.5594
Epoch [278/600] Step [0/8] Loss: 5.2696 Bio: 0.9611 GateEnt: nan GateDiv: nan
Epoch [278/600] Total Loss: 40.8482
Epoch [279/600] Step [0/8] Loss: 5.2204 Bio: 1.0357 GateEnt: nan GateDiv: nan
Epoch [279/600] Total Loss: 41.2728
Epoch [280/600] Step [0/8] Loss: 4.9425 Bio: 1.0014 GateEnt: nan GateDiv: nan
Epoch [280/600] Total Loss: 40.6148
Epoch [281/600] Step [0/8] Loss: 5.1205 Bio: 0.9345 GateEnt: nan GateDiv: nan
Epoch [281/600] Total Loss: 40.8628
Epoch [282/600] Step [0/8] Loss: 5.2029 Bio: 1.0419 GateEnt: nan GateDiv: nan
Epoch [282/600] Total Loss: 40.8790
Epoch [283/600] Step [0/8] Loss: 5.1877 Bio: 0.8800 GateEnt: nan GateDiv: nan
Epoch [283/600] Total Loss: 40.6773
Epoch [284/600] Step [0/8] Loss: 5.2164 Bio: 0.9922 GateEnt: nan GateDiv: nan
Epoch [284/600] Total Loss: 40.6385
Epoch [285/600] Step [0/8] Loss: 5.1079 Bio: 0.8216 GateEnt: nan GateDiv: nan
Epoch [285/600] Total Loss: 40.5443
Epoch [286/600] Step [0/8] Loss: 5.1641 Bio: 0.9082 GateEnt: nan GateDiv: nan
Epoch [286/600] Total Loss: 40.6226
Epoch [287/600] Step [0/8] Loss: 5.2666 Bio: 0.9629 GateEnt: nan GateDiv: nan
Epoch [287/600] Total Loss: 41.0832
Epoch [288/600] Step [0/8] Loss: 5.1656 Bio: 0.8666 GateEnt: nan GateDiv: nan
Epoch [288/600] Total Loss: 40.1764
Epoch [289/600] Step [0/8] Loss: 5.2733 Bio: 1.0415 GateEnt: nan GateDiv: nan
Epoch [289/600] Total Loss: 41.1556
Epoch [290/600] Step [0/8] Loss: 5.2818 Bio: 0.8887 GateEnt: nan GateDiv: nan
Epoch [290/600] Total Loss: 41.0360
Epoch [291/600] Step [0/8] Loss: 5.2731 Bio: 0.9723 GateEnt: nan GateDiv: nan
Epoch [291/600] Total Loss: 40.6338
Epoch [292/600] Step [0/8] Loss: 5.1092 Bio: 0.9522 GateEnt: nan GateDiv: nan
Epoch [292/600] Total Loss: 40.4518
Epoch [293/600] Step [0/8] Loss: 5.0904 Bio: 0.8209 GateEnt: nan GateDiv: nan
Epoch [293/600] Total Loss: 40.5578
Epoch [294/600] Step [0/8] Loss: 5.0720 Bio: 0.9040 GateEnt: nan GateDiv: nan
Epoch [294/600] Total Loss: 40.6727
Epoch [295/600] Step [0/8] Loss: 5.0826 Bio: 1.0378 GateEnt: nan GateDiv: nan
Epoch [295/600] Total Loss: 40.8345
Epoch [296/600] Step [0/8] Loss: 5.0782 Bio: 0.9593 GateEnt: nan GateDiv: nan
Epoch [296/600] Total Loss: 40.4535
Epoch [297/600] Step [0/8] Loss: 4.9987 Bio: 1.0950 GateEnt: nan GateDiv: nan
Epoch [297/600] Total Loss: 41.0807
Epoch [298/600] Step [0/8] Loss: 5.2750 Bio: 0.9224 GateEnt: nan GateDiv: nan
Epoch [298/600] Total Loss: 40.3729
Epoch [299/600] Step [0/8] Loss: 4.9815 Bio: 0.9405 GateEnt: nan GateDiv: nan
Epoch [299/600] Total Loss: 40.7701
Epoch [300/600] Step [0/8] Loss: 5.0858 Bio: 0.8824 GateEnt: nan GateDiv: nan
Epoch [300/600] Total Loss: 40.7373
Epoch [301/600] Step [0/8] Loss: 5.2786 Bio: 0.9916 GateEnt: nan GateDiv: nan
Epoch [301/600] Total Loss: 40.5932
Epoch [302/600] Step [0/8] Loss: 5.4302 Bio: 0.9908 GateEnt: nan GateDiv: nan
Epoch [302/600] Total Loss: 40.4525
Epoch [303/600] Step [0/8] Loss: 5.0831 Bio: 0.9280 GateEnt: nan GateDiv: nan
Epoch [303/600] Total Loss: 41.4746
Epoch [304/600] Step [0/8] Loss: 5.1342 Bio: 0.8130 GateEnt: nan GateDiv: nan
Epoch [304/600] Total Loss: 41.1864
Epoch [305/600] Step [0/8] Loss: 5.1661 Bio: 0.8306 GateEnt: nan GateDiv: nan
Epoch [305/600] Total Loss: 40.5837
Epoch [306/600] Step [0/8] Loss: 5.0691 Bio: 0.9095 GateEnt: nan GateDiv: nan
Epoch [306/600] Total Loss: 40.3297
Epoch [307/600] Step [0/8] Loss: 5.2061 Bio: 0.8293 GateEnt: nan GateDiv: nan
Epoch [307/600] Total Loss: 40.6921
Epoch [308/600] Step [0/8] Loss: 5.0945 Bio: 1.0764 GateEnt: nan GateDiv: nan
Epoch [308/600] Total Loss: 40.0870
Epoch [309/600] Step [0/8] Loss: 5.3067 Bio: 0.9333 GateEnt: nan GateDiv: nan
Epoch [309/600] Total Loss: 40.5489
Epoch [310/600] Step [0/8] Loss: 5.1189 Bio: 0.8401 GateEnt: nan GateDiv: nan
Epoch [310/600] Total Loss: 40.7949
Epoch [311/600] Step [0/8] Loss: 5.1022 Bio: 0.8360 GateEnt: nan GateDiv: nan
Epoch [311/600] Total Loss: 40.8208
Epoch [312/600] Step [0/8] Loss: 4.9577 Bio: 1.0116 GateEnt: nan GateDiv: nan
Epoch [312/600] Total Loss: 40.8239
Epoch [313/600] Step [0/8] Loss: 5.2626 Bio: 0.8855 GateEnt: nan GateDiv: nan
Epoch [313/600] Total Loss: 41.2791
Epoch [314/600] Step [0/8] Loss: 5.2646 Bio: 1.1155 GateEnt: nan GateDiv: nan
Epoch [314/600] Total Loss: 40.3833
Epoch [315/600] Step [0/8] Loss: 5.0608 Bio: 0.8701 GateEnt: nan GateDiv: nan
Epoch [315/600] Total Loss: 40.2543
Epoch [316/600] Step [0/8] Loss: 4.9657 Bio: 0.9849 GateEnt: nan GateDiv: nan
Epoch [316/600] Total Loss: 40.8159
Epoch [317/600] Step [0/8] Loss: 5.0632 Bio: 0.9110 GateEnt: nan GateDiv: nan
Epoch [317/600] Total Loss: 40.9874
Epoch [318/600] Step [0/8] Loss: 5.1228 Bio: 0.9937 GateEnt: nan GateDiv: nan
Epoch [318/600] Total Loss: 40.8331
Epoch [319/600] Step [0/8] Loss: 5.0549 Bio: 0.8549 GateEnt: nan GateDiv: nan
Epoch [319/600] Total Loss: 40.4334
Epoch [320/600] Step [0/8] Loss: 5.0386 Bio: 0.9896 GateEnt: nan GateDiv: nan
Epoch [320/600] Total Loss: 40.6533
Epoch [321/600] Step [0/8] Loss: 5.3039 Bio: 0.8832 GateEnt: nan GateDiv: nan
Epoch [321/600] Total Loss: 41.3879
Epoch [322/600] Step [0/8] Loss: 5.1226 Bio: 0.9120 GateEnt: nan GateDiv: nan
Epoch [322/600] Total Loss: 41.0483
Epoch [323/600] Step [0/8] Loss: 5.0162 Bio: 0.9091 GateEnt: nan GateDiv: nan
Epoch [323/600] Total Loss: 41.0307
Epoch [324/600] Step [0/8] Loss: 5.2120 Bio: 0.9608 GateEnt: nan GateDiv: nan
Epoch [324/600] Total Loss: 40.5642
Epoch [325/600] Step [0/8] Loss: 5.1106 Bio: 0.8745 GateEnt: nan GateDiv: nan
Epoch [325/600] Total Loss: 40.4094
Epoch [326/600] Step [0/8] Loss: 5.1913 Bio: 0.8583 GateEnt: nan GateDiv: nan
Epoch [326/600] Total Loss: 40.5343
Epoch [327/600] Step [0/8] Loss: 5.0547 Bio: 0.8726 GateEnt: nan GateDiv: nan
Epoch [327/600] Total Loss: 40.7926
Epoch [328/600] Step [0/8] Loss: 5.1773 Bio: 0.9296 GateEnt: nan GateDiv: nan
Epoch [328/600] Total Loss: 40.5379
Epoch [329/600] Step [0/8] Loss: 5.1143 Bio: 1.0373 GateEnt: nan GateDiv: nan
Epoch [329/600] Total Loss: 39.9497
Epoch [330/600] Step [0/8] Loss: 5.1748 Bio: 0.9103 GateEnt: nan GateDiv: nan
Epoch [330/600] Total Loss: 41.0097
Epoch [331/600] Step [0/8] Loss: 5.1227 Bio: 0.9734 GateEnt: nan GateDiv: nan
Epoch [331/600] Total Loss: 40.6280
Epoch [332/600] Step [0/8] Loss: 5.1946 Bio: 0.9177 GateEnt: nan GateDiv: nan
Epoch [332/600] Total Loss: 40.8774
Epoch [333/600] Step [0/8] Loss: 5.1634 Bio: 0.8310 GateEnt: nan GateDiv: nan
Epoch [333/600] Total Loss: 40.4008
Epoch [334/600] Step [0/8] Loss: 5.3327 Bio: 0.9091 GateEnt: nan GateDiv: nan
Epoch [334/600] Total Loss: 40.5978
Epoch [335/600] Step [0/8] Loss: 5.1825 Bio: 0.8321 GateEnt: nan GateDiv: nan
Epoch [335/600] Total Loss: 40.5755
Epoch [336/600] Step [0/8] Loss: 5.0945 Bio: 1.1572 GateEnt: nan GateDiv: nan
Epoch [336/600] Total Loss: 40.7278
Epoch [337/600] Step [0/8] Loss: 5.3555 Bio: 0.9352 GateEnt: nan GateDiv: nan
Epoch [337/600] Total Loss: 41.1417
Epoch [338/600] Step [0/8] Loss: 5.4830 Bio: 0.9266 GateEnt: nan GateDiv: nan
Epoch [338/600] Total Loss: 40.7681
Epoch [339/600] Step [0/8] Loss: 5.2436 Bio: 0.8917 GateEnt: nan GateDiv: nan
Epoch [339/600] Total Loss: 40.3463
Epoch [340/600] Step [0/8] Loss: 5.2492 Bio: 1.0106 GateEnt: nan GateDiv: nan
Epoch [340/600] Total Loss: 40.6651
Epoch [341/600] Step [0/8] Loss: 5.0736 Bio: 1.1209 GateEnt: nan GateDiv: nan
Epoch [341/600] Total Loss: 40.5617
Epoch [342/600] Step [0/8] Loss: 5.0715 Bio: 0.9827 GateEnt: nan GateDiv: nan
Epoch [342/600] Total Loss: 40.7096
Epoch [343/600] Step [0/8] Loss: 5.2239 Bio: 0.7807 GateEnt: nan GateDiv: nan
Epoch [343/600] Total Loss: 40.4879
Epoch [344/600] Step [0/8] Loss: 5.2983 Bio: 0.8973 GateEnt: nan GateDiv: nan
Epoch [344/600] Total Loss: 40.1573
Epoch [345/600] Step [0/8] Loss: 5.0911 Bio: 0.9375 GateEnt: nan GateDiv: nan
Epoch [345/600] Total Loss: 40.4719
Epoch [346/600] Step [0/8] Loss: 5.0355 Bio: 1.0169 GateEnt: nan GateDiv: nan
Epoch [346/600] Total Loss: 40.5908
Epoch [347/600] Step [0/8] Loss: 5.1237 Bio: 0.9548 GateEnt: nan GateDiv: nan
Epoch [347/600] Total Loss: 40.6577
Epoch [348/600] Step [0/8] Loss: 5.0446 Bio: 0.9209 GateEnt: nan GateDiv: nan
Epoch [348/600] Total Loss: 40.6437
Epoch [349/600] Step [0/8] Loss: 5.0612 Bio: 0.8578 GateEnt: nan GateDiv: nan
Epoch [349/600] Total Loss: 40.3577
Epoch [350/600] Step [0/8] Loss: 5.0337 Bio: 0.9558 GateEnt: nan GateDiv: nan
Epoch [350/600] Total Loss: 40.0449
Epoch [351/600] Step [0/8] Loss: 5.2148 Bio: 0.9810 GateEnt: nan GateDiv: nan
Epoch [351/600] Total Loss: 40.2998
Epoch [352/600] Step [0/8] Loss: 5.0950 Bio: 0.9728 GateEnt: nan GateDiv: nan
Epoch [352/600] Total Loss: 40.1646
Epoch [353/600] Step [0/8] Loss: 5.0034 Bio: 0.9336 GateEnt: nan GateDiv: nan
Epoch [353/600] Total Loss: 39.8993
Epoch [354/600] Step [0/8] Loss: 5.0991 Bio: 0.8232 GateEnt: nan GateDiv: nan
Epoch [354/600] Total Loss: 40.3736
Epoch [355/600] Step [0/8] Loss: 5.0351 Bio: 0.8745 GateEnt: nan GateDiv: nan
Epoch [355/600] Total Loss: 40.5409
Epoch [356/600] Step [0/8] Loss: 5.0852 Bio: 0.8900 GateEnt: nan GateDiv: nan
Epoch [356/600] Total Loss: 40.0682
Epoch [357/600] Step [0/8] Loss: 5.0592 Bio: 1.0611 GateEnt: nan GateDiv: nan
Epoch [357/600] Total Loss: 40.3883
Epoch [358/600] Step [0/8] Loss: 5.0486 Bio: 0.9569 GateEnt: nan GateDiv: nan
Epoch [358/600] Total Loss: 40.2457
Epoch [359/600] Step [0/8] Loss: 5.0124 Bio: 0.8837 GateEnt: nan GateDiv: nan
Epoch [359/600] Total Loss: 40.2897
Epoch [360/600] Step [0/8] Loss: 5.0396 Bio: 0.9825 GateEnt: nan GateDiv: nan
Epoch [360/600] Total Loss: 40.7117
Epoch [361/600] Step [0/8] Loss: 5.0452 Bio: 1.0621 GateEnt: nan GateDiv: nan
Epoch [361/600] Total Loss: 40.3142
Epoch [362/600] Step [0/8] Loss: 5.1831 Bio: 1.0033 GateEnt: nan GateDiv: nan
Epoch [362/600] Total Loss: 40.2150
Epoch [363/600] Step [0/8] Loss: 5.1165 Bio: 0.8918 GateEnt: nan GateDiv: nan
Epoch [363/600] Total Loss: 40.6349
Epoch [364/600] Step [0/8] Loss: 5.1950 Bio: 0.8464 GateEnt: nan GateDiv: nan
Epoch [364/600] Total Loss: 40.5270
Epoch [365/600] Step [0/8] Loss: 5.1174 Bio: 0.9568 GateEnt: nan GateDiv: nan
Epoch [365/600] Total Loss: 40.5228
Epoch [366/600] Step [0/8] Loss: 5.1888 Bio: 0.9538 GateEnt: nan GateDiv: nan
Epoch [366/600] Total Loss: 40.5039
Epoch [367/600] Step [0/8] Loss: 5.0324 Bio: 0.9987 GateEnt: nan GateDiv: nan
Epoch [367/600] Total Loss: 40.2280
Epoch [368/600] Step [0/8] Loss: 4.9589 Bio: 0.9115 GateEnt: nan GateDiv: nan
Epoch [368/600] Total Loss: 40.3976
Epoch [369/600] Step [0/8] Loss: 5.1094 Bio: 0.9021 GateEnt: nan GateDiv: nan
Epoch [369/600] Total Loss: 40.4692
Epoch [370/600] Step [0/8] Loss: 5.0797 Bio: 0.8952 GateEnt: nan GateDiv: nan
Epoch [370/600] Total Loss: 40.3553
Epoch [371/600] Step [0/8] Loss: 5.0077 Bio: 1.1946 GateEnt: nan GateDiv: nan
Epoch [371/600] Total Loss: 40.1998
Epoch [372/600] Step [0/8] Loss: 5.0884 Bio: 1.0151 GateEnt: nan GateDiv: nan
Epoch [372/600] Total Loss: 40.2640
Epoch [373/600] Step [0/8] Loss: 5.0570 Bio: 0.9633 GateEnt: nan GateDiv: nan
Epoch [373/600] Total Loss: 39.9852
Epoch [374/600] Step [0/8] Loss: 4.9725 Bio: 1.0145 GateEnt: nan GateDiv: nan
Epoch [374/600] Total Loss: 39.9834
Epoch [375/600] Step [0/8] Loss: 5.2031 Bio: 0.8804 GateEnt: nan GateDiv: nan
Epoch [375/600] Total Loss: 40.2950
Epoch [376/600] Step [0/8] Loss: 4.9717 Bio: 0.9939 GateEnt: nan GateDiv: nan
Epoch [376/600] Total Loss: 40.4320
Epoch [377/600] Step [0/8] Loss: 5.3433 Bio: 0.8888 GateEnt: nan GateDiv: nan
Epoch [377/600] Total Loss: 40.8636
Epoch [378/600] Step [0/8] Loss: 5.1625 Bio: 0.8855 GateEnt: nan GateDiv: nan
Epoch [378/600] Total Loss: 40.4769
Epoch [379/600] Step [0/8] Loss: 5.1896 Bio: 1.0177 GateEnt: nan GateDiv: nan
Epoch [379/600] Total Loss: 39.9997
Epoch [380/600] Step [0/8] Loss: 5.0556 Bio: 0.9457 GateEnt: nan GateDiv: nan
Epoch [380/600] Total Loss: 39.9813
Epoch [381/600] Step [0/8] Loss: 5.0679 Bio: 1.0206 GateEnt: nan GateDiv: nan
Epoch [381/600] Total Loss: 39.6061
Epoch [382/600] Step [0/8] Loss: 5.0056 Bio: 1.0439 GateEnt: nan GateDiv: nan
Epoch [382/600] Total Loss: 40.3577
Epoch [383/600] Step [0/8] Loss: 5.0436 Bio: 0.7662 GateEnt: nan GateDiv: nan
Epoch [383/600] Total Loss: 40.3916
Epoch [384/600] Step [0/8] Loss: 5.2619 Bio: 0.9519 GateEnt: nan GateDiv: nan
Epoch [384/600] Total Loss: 40.6547
Epoch [385/600] Step [0/8] Loss: 5.0131 Bio: 0.9043 GateEnt: nan GateDiv: nan
Epoch [385/600] Total Loss: 39.8654
Epoch [386/600] Step [0/8] Loss: 5.1828 Bio: 0.8670 GateEnt: nan GateDiv: nan
Epoch [386/600] Total Loss: 39.9038
Epoch [387/600] Step [0/8] Loss: 4.9537 Bio: 1.0133 GateEnt: nan GateDiv: nan
Epoch [387/600] Total Loss: 40.3634
Epoch [388/600] Step [0/8] Loss: 5.0409 Bio: 0.9507 GateEnt: nan GateDiv: nan
Epoch [388/600] Total Loss: 40.0688
Epoch [389/600] Step [0/8] Loss: 5.1638 Bio: 0.9753 GateEnt: nan GateDiv: nan
Epoch [389/600] Total Loss: 40.3031
Epoch [390/600] Step [0/8] Loss: 4.9307 Bio: 0.8899 GateEnt: nan GateDiv: nan
Epoch [390/600] Total Loss: 40.0912
Epoch [391/600] Step [0/8] Loss: 5.1393 Bio: 1.0443 GateEnt: nan GateDiv: nan
Epoch [391/600] Total Loss: 40.0726
Epoch [392/600] Step [0/8] Loss: 5.1334 Bio: 0.9029 GateEnt: nan GateDiv: nan
Epoch [392/600] Total Loss: 40.2874
Epoch [393/600] Step [0/8] Loss: 5.1464 Bio: 0.8797 GateEnt: nan GateDiv: nan
Epoch [393/600] Total Loss: 39.8345
Epoch [394/600] Step [0/8] Loss: 4.9845 Bio: 0.8921 GateEnt: nan GateDiv: nan
Epoch [394/600] Total Loss: 40.0814
Epoch [395/600] Step [0/8] Loss: 4.9381 Bio: 1.0112 GateEnt: nan GateDiv: nan
Epoch [395/600] Total Loss: 40.1056
Epoch [396/600] Step [0/8] Loss: 4.9572 Bio: 0.8177 GateEnt: nan GateDiv: nan
Epoch [396/600] Total Loss: 39.8398
Epoch [397/600] Step [0/8] Loss: 5.1946 Bio: 0.8446 GateEnt: nan GateDiv: nan
Epoch [397/600] Total Loss: 40.4969
Epoch [398/600] Step [0/8] Loss: 4.9970 Bio: 1.0199 GateEnt: nan GateDiv: nan
Epoch [398/600] Total Loss: 40.0791
Epoch [399/600] Step [0/8] Loss: 5.1575 Bio: 1.0069 GateEnt: nan GateDiv: nan
Epoch [399/600] Total Loss: 40.3347
Epoch [400/600] Step [0/8] Loss: 5.0013 Bio: 0.9762 GateEnt: nan GateDiv: nan
Epoch [400/600] Total Loss: 39.9902
Epoch [401/600] Step [0/8] Loss: 5.1704 Bio: 0.8680 GateEnt: nan GateDiv: nan
Epoch [401/600] Total Loss: 40.5081
Epoch [402/600] Step [0/8] Loss: 5.0283 Bio: 1.0512 GateEnt: nan GateDiv: nan
Epoch [402/600] Total Loss: 40.5068
Epoch [403/600] Step [0/8] Loss: 5.0883 Bio: 0.9582 GateEnt: nan GateDiv: nan
Epoch [403/600] Total Loss: 40.3411
Epoch [404/600] Step [0/8] Loss: 5.1208 Bio: 1.0071 GateEnt: nan GateDiv: nan
Epoch [404/600] Total Loss: 39.7689
Epoch [405/600] Step [0/8] Loss: 5.1133 Bio: 0.9996 GateEnt: nan GateDiv: nan
Epoch [405/600] Total Loss: 40.3667
Epoch [406/600] Step [0/8] Loss: 4.8973 Bio: 1.1369 GateEnt: nan GateDiv: nan
Epoch [406/600] Total Loss: 39.4821
Epoch [407/600] Step [0/8] Loss: 5.0693 Bio: 0.8269 GateEnt: nan GateDiv: nan
Epoch [407/600] Total Loss: 39.8270
Epoch [408/600] Step [0/8] Loss: 5.0151 Bio: 0.9182 GateEnt: nan GateDiv: nan
Epoch [408/600] Total Loss: 40.3462
Epoch [409/600] Step [0/8] Loss: 4.9899 Bio: 0.8654 GateEnt: nan GateDiv: nan
Epoch [409/600] Total Loss: 39.9918
Epoch [410/600] Step [0/8] Loss: 5.0706 Bio: 0.9879 GateEnt: nan GateDiv: nan
Epoch [410/600] Total Loss: 39.8643
Epoch [411/600] Step [0/8] Loss: 5.0800 Bio: 0.8076 GateEnt: nan GateDiv: nan
Epoch [411/600] Total Loss: 40.0530
Epoch [412/600] Step [0/8] Loss: 5.1264 Bio: 0.8996 GateEnt: nan GateDiv: nan
Epoch [412/600] Total Loss: 40.0848
Epoch [413/600] Step [0/8] Loss: 5.0018 Bio: 0.9701 GateEnt: nan GateDiv: nan
Epoch [413/600] Total Loss: 39.9691
Epoch [414/600] Step [0/8] Loss: 5.2305 Bio: 0.9590 GateEnt: nan GateDiv: nan
Epoch [414/600] Total Loss: 39.6820
Epoch [415/600] Step [0/8] Loss: 5.0578 Bio: 0.8793 GateEnt: nan GateDiv: nan
Epoch [415/600] Total Loss: 39.7690
Epoch [416/600] Step [0/8] Loss: 5.0104 Bio: 0.8922 GateEnt: nan GateDiv: nan
Epoch [416/600] Total Loss: 39.8117
Epoch [417/600] Step [0/8] Loss: 4.9960 Bio: 0.9040 GateEnt: nan GateDiv: nan
Epoch [417/600] Total Loss: 39.9954
Epoch [418/600] Step [0/8] Loss: 4.9459 Bio: 1.0714 GateEnt: nan GateDiv: nan
Epoch [418/600] Total Loss: 39.5169
Epoch [419/600] Step [0/8] Loss: 4.9756 Bio: 0.8575 GateEnt: nan GateDiv: nan
Epoch [419/600] Total Loss: 40.1304
Epoch [420/600] Step [0/8] Loss: 5.0661 Bio: 1.0287 GateEnt: nan GateDiv: nan
Epoch [420/600] Total Loss: 40.2032
Epoch [421/600] Step [0/8] Loss: 5.0344 Bio: 1.0085 GateEnt: nan GateDiv: nan
Epoch [421/600] Total Loss: 39.9069
Epoch [422/600] Step [0/8] Loss: 5.0873 Bio: 0.9382 GateEnt: nan GateDiv: nan
Epoch [422/600] Total Loss: 39.6384
Epoch [423/600] Step [0/8] Loss: 5.1448 Bio: 0.9416 GateEnt: nan GateDiv: nan
Epoch [423/600] Total Loss: 39.3769
Epoch [424/600] Step [0/8] Loss: 4.9384 Bio: 0.9230 GateEnt: nan GateDiv: nan
Epoch [424/600] Total Loss: 39.9682
Epoch [425/600] Step [0/8] Loss: 5.0822 Bio: 0.8527 GateEnt: nan GateDiv: nan
Epoch [425/600] Total Loss: 39.9966
Epoch [426/600] Step [0/8] Loss: 4.8327 Bio: 0.8992 GateEnt: nan GateDiv: nan
Epoch [426/600] Total Loss: 39.5573
Epoch [427/600] Step [0/8] Loss: 4.8601 Bio: 1.0058 GateEnt: nan GateDiv: nan
Epoch [427/600] Total Loss: 39.8411
Epoch [428/600] Step [0/8] Loss: 5.2936 Bio: 0.8241 GateEnt: nan GateDiv: nan
Epoch [428/600] Total Loss: 40.2527
Epoch [429/600] Step [0/8] Loss: 4.9791 Bio: 1.0856 GateEnt: nan GateDiv: nan
Epoch [429/600] Total Loss: 40.1530
Epoch [430/600] Step [0/8] Loss: 5.0703 Bio: 0.9374 GateEnt: nan GateDiv: nan
Epoch [430/600] Total Loss: 40.0380
Epoch [431/600] Step [0/8] Loss: 5.0210 Bio: 0.9264 GateEnt: nan GateDiv: nan
Epoch [431/600] Total Loss: 39.7139
Epoch [432/600] Step [0/8] Loss: 5.1016 Bio: 0.7921 GateEnt: nan GateDiv: nan
Epoch [432/600] Total Loss: 39.4831
Epoch [433/600] Step [0/8] Loss: 5.0857 Bio: 0.9267 GateEnt: nan GateDiv: nan
Epoch [433/600] Total Loss: 40.0610
Epoch [434/600] Step [0/8] Loss: 5.2088 Bio: 0.9054 GateEnt: nan GateDiv: nan
Epoch [434/600] Total Loss: 40.1233
Epoch [435/600] Step [0/8] Loss: 5.1383 Bio: 0.8396 GateEnt: nan GateDiv: nan
Epoch [435/600] Total Loss: 40.0772
Epoch [436/600] Step [0/8] Loss: 4.8932 Bio: 0.9876 GateEnt: nan GateDiv: nan
Epoch [436/600] Total Loss: 39.6228
Epoch [437/600] Step [0/8] Loss: 4.8466 Bio: 0.9491 GateEnt: nan GateDiv: nan
Epoch [437/600] Total Loss: 39.4157
Epoch [438/600] Step [0/8] Loss: 4.9969 Bio: 0.8440 GateEnt: nan GateDiv: nan
Epoch [438/600] Total Loss: 40.5739
Epoch [439/600] Step [0/8] Loss: 5.1461 Bio: 0.8168 GateEnt: nan GateDiv: nan
Epoch [439/600] Total Loss: 39.5382
Epoch [440/600] Step [0/8] Loss: 5.0908 Bio: 0.8172 GateEnt: nan GateDiv: nan
Epoch [440/600] Total Loss: 40.1152
Epoch [441/600] Step [0/8] Loss: 4.9964 Bio: 1.0523 GateEnt: nan GateDiv: nan
Epoch [441/600] Total Loss: 39.6101
Epoch [442/600] Step [0/8] Loss: 4.8674 Bio: 1.0988 GateEnt: nan GateDiv: nan
Epoch [442/600] Total Loss: 39.2951
Epoch [443/600] Step [0/8] Loss: 4.8897 Bio: 0.9491 GateEnt: nan GateDiv: nan
Epoch [443/600] Total Loss: 39.3170
Epoch [444/600] Step [0/8] Loss: 4.7653 Bio: 1.0422 GateEnt: nan GateDiv: nan
Epoch [444/600] Total Loss: 39.8757
Epoch [445/600] Step [0/8] Loss: 4.9179 Bio: 0.9953 GateEnt: nan GateDiv: nan
Epoch [445/600] Total Loss: 39.4083
Epoch [446/600] Step [0/8] Loss: 4.9240 Bio: 0.8681 GateEnt: nan GateDiv: nan
Epoch [446/600] Total Loss: 40.0392
Epoch [447/600] Step [0/8] Loss: 5.1330 Bio: 0.8731 GateEnt: nan GateDiv: nan
Epoch [447/600] Total Loss: 39.3815
Epoch [448/600] Step [0/8] Loss: 4.7590 Bio: 0.8078 GateEnt: nan GateDiv: nan
Epoch [448/600] Total Loss: 39.2473
Epoch [449/600] Step [0/8] Loss: 5.3546 Bio: 0.8595 GateEnt: nan GateDiv: nan
Epoch [449/600] Total Loss: 39.9333
Epoch [450/600] Step [0/8] Loss: 4.8690 Bio: 1.0201 GateEnt: nan GateDiv: nan
Epoch [450/600] Total Loss: 39.2064
Epoch [451/600] Step [0/8] Loss: 4.8305 Bio: 1.1264 GateEnt: nan GateDiv: nan
Epoch [451/600] Total Loss: 39.0334
Epoch [452/600] Step [0/8] Loss: 5.1048 Bio: 0.8366 GateEnt: nan GateDiv: nan
Epoch [452/600] Total Loss: 39.7630
Epoch [453/600] Step [0/8] Loss: 5.1404 Bio: 0.8885 GateEnt: nan GateDiv: nan
Epoch [453/600] Total Loss: 39.6891
Epoch [454/600] Step [0/8] Loss: 4.9752 Bio: 0.9222 GateEnt: nan GateDiv: nan
Epoch [454/600] Total Loss: 39.3487
Epoch [455/600] Step [0/8] Loss: 5.2406 Bio: 0.8711 GateEnt: nan GateDiv: nan
Epoch [455/600] Total Loss: 39.5791
Epoch [456/600] Step [0/8] Loss: 4.8381 Bio: 0.8639 GateEnt: nan GateDiv: nan
Epoch [456/600] Total Loss: 39.2822
Epoch [457/600] Step [0/8] Loss: 4.9200 Bio: 1.1287 GateEnt: nan GateDiv: nan
Epoch [457/600] Total Loss: 39.5034
Epoch [458/600] Step [0/8] Loss: 4.9940 Bio: 1.0093 GateEnt: nan GateDiv: nan
Epoch [458/600] Total Loss: 39.7089
Epoch [459/600] Step [0/8] Loss: 4.9163 Bio: 0.9990 GateEnt: nan GateDiv: nan
Epoch [459/600] Total Loss: 39.1305
Epoch [460/600] Step [0/8] Loss: 5.3085 Bio: 0.8214 GateEnt: nan GateDiv: nan
Epoch [460/600] Total Loss: 39.6318
Epoch [461/600] Step [0/8] Loss: 5.0508 Bio: 0.9001 GateEnt: nan GateDiv: nan
Epoch [461/600] Total Loss: 39.3932
Epoch [462/600] Step [0/8] Loss: 5.0236 Bio: 0.9481 GateEnt: nan GateDiv: nan
Epoch [462/600] Total Loss: 39.6933
Epoch [463/600] Step [0/8] Loss: 5.0477 Bio: 1.0182 GateEnt: nan GateDiv: nan
Epoch [463/600] Total Loss: 39.4862
Epoch [464/600] Step [0/8] Loss: 5.0047 Bio: 1.0233 GateEnt: nan GateDiv: nan
Epoch [464/600] Total Loss: 39.3246
Epoch [465/600] Step [0/8] Loss: 4.8370 Bio: 0.9202 GateEnt: nan GateDiv: nan
Epoch [465/600] Total Loss: 39.1896
Epoch [466/600] Step [0/8] Loss: 4.9210 Bio: 0.9312 GateEnt: nan GateDiv: nan
Epoch [466/600] Total Loss: 39.2390
Epoch [467/600] Step [0/8] Loss: 4.7581 Bio: 0.9609 GateEnt: nan GateDiv: nan
Epoch [467/600] Total Loss: 39.4019
Epoch [468/600] Step [0/8] Loss: 4.8699 Bio: 0.8728 GateEnt: nan GateDiv: nan
Epoch [468/600] Total Loss: 39.1896
Epoch [469/600] Step [0/8] Loss: 4.9164 Bio: 0.8420 GateEnt: nan GateDiv: nan
Epoch [469/600] Total Loss: 39.2360
Epoch [470/600] Step [0/8] Loss: 4.8789 Bio: 0.9648 GateEnt: nan GateDiv: nan
Epoch [470/600] Total Loss: 39.2734
Epoch [471/600] Step [0/8] Loss: 4.9696 Bio: 0.8564 GateEnt: nan GateDiv: nan
Epoch [471/600] Total Loss: 39.1216
Epoch [472/600] Step [0/8] Loss: 5.0559 Bio: 0.8678 GateEnt: nan GateDiv: nan
Epoch [472/600] Total Loss: 38.6866
Epoch [473/600] Step [0/8] Loss: 4.8996 Bio: 0.9667 GateEnt: nan GateDiv: nan
Epoch [473/600] Total Loss: 39.2811
Epoch [474/600] Step [0/8] Loss: 5.0972 Bio: 0.8355 GateEnt: nan GateDiv: nan
Epoch [474/600] Total Loss: 39.6217
Epoch [475/600] Step [0/8] Loss: 4.8490 Bio: 0.9374 GateEnt: nan GateDiv: nan
Epoch [475/600] Total Loss: 39.1941
Epoch [476/600] Step [0/8] Loss: 4.9608 Bio: 0.8257 GateEnt: nan GateDiv: nan
Epoch [476/600] Total Loss: 39.4257
Epoch [477/600] Step [0/8] Loss: 5.0291 Bio: 0.9220 GateEnt: nan GateDiv: nan
Epoch [477/600] Total Loss: 39.3924
Epoch [478/600] Step [0/8] Loss: 4.9534 Bio: 0.9458 GateEnt: nan GateDiv: nan
Epoch [478/600] Total Loss: 39.2694
Epoch [479/600] Step [0/8] Loss: 5.0290 Bio: 0.9131 GateEnt: nan GateDiv: nan
Epoch [479/600] Total Loss: 39.1310
Epoch [480/600] Step [0/8] Loss: 4.7856 Bio: 0.9891 GateEnt: nan GateDiv: nan
Epoch [480/600] Total Loss: 39.0355
Epoch [481/600] Step [0/8] Loss: 4.8685 Bio: 1.0245 GateEnt: nan GateDiv: nan
Epoch [481/600] Total Loss: 39.2022
Epoch [482/600] Step [0/8] Loss: 4.9218 Bio: 0.8910 GateEnt: nan GateDiv: nan
Epoch [482/600] Total Loss: 39.0272
Epoch [483/600] Step [0/8] Loss: 5.0398 Bio: 0.9370 GateEnt: nan GateDiv: nan
Epoch [483/600] Total Loss: 39.2659
Epoch [484/600] Step [0/8] Loss: 5.0926 Bio: 0.8902 GateEnt: nan GateDiv: nan
Epoch [484/600] Total Loss: 39.4797
Epoch [485/600] Step [0/8] Loss: 4.9426 Bio: 1.0077 GateEnt: nan GateDiv: nan
Epoch [485/600] Total Loss: 38.6761
Epoch [486/600] Step [0/8] Loss: 5.0188 Bio: 0.9846 GateEnt: nan GateDiv: nan
Epoch [486/600] Total Loss: 39.5104
Epoch [487/600] Step [0/8] Loss: 5.0668 Bio: 1.0698 GateEnt: nan GateDiv: nan
Epoch [487/600] Total Loss: 38.9709
Epoch [488/600] Step [0/8] Loss: 4.9800 Bio: 1.0092 GateEnt: nan GateDiv: nan
Epoch [488/600] Total Loss: 38.8452
Epoch [489/600] Step [0/8] Loss: 5.0493 Bio: 0.9400 GateEnt: nan GateDiv: nan
Epoch [489/600] Total Loss: 39.0064
Epoch [490/600] Step [0/8] Loss: 4.8683 Bio: 1.0651 GateEnt: nan GateDiv: nan
Epoch [490/600] Total Loss: 39.0714
Epoch [491/600] Step [0/8] Loss: 4.7503 Bio: 0.8721 GateEnt: nan GateDiv: nan
Epoch [491/600] Total Loss: 39.1000
Epoch [492/600] Step [0/8] Loss: 5.0749 Bio: 0.8738 GateEnt: nan GateDiv: nan
Epoch [492/600] Total Loss: 39.3046
Epoch [493/600] Step [0/8] Loss: 4.8273 Bio: 0.7782 GateEnt: nan GateDiv: nan
Epoch [493/600] Total Loss: 38.8974
Epoch [494/600] Step [0/8] Loss: 4.9924 Bio: 0.8494 GateEnt: nan GateDiv: nan
Epoch [494/600] Total Loss: 38.8089
Epoch [495/600] Step [0/8] Loss: 4.9230 Bio: 0.9374 GateEnt: nan GateDiv: nan
Epoch [495/600] Total Loss: 38.8568
Epoch [496/600] Step [0/8] Loss: 4.8263 Bio: 0.8613 GateEnt: nan GateDiv: nan
Epoch [496/600] Total Loss: 38.9493
Epoch [497/600] Step [0/8] Loss: 4.9168 Bio: 0.8830 GateEnt: nan GateDiv: nan
Epoch [497/600] Total Loss: 39.1705
Epoch [498/600] Step [0/8] Loss: 4.9160 Bio: 0.9437 GateEnt: nan GateDiv: nan
Epoch [498/600] Total Loss: 38.9593
Epoch [499/600] Step [0/8] Loss: 4.8977 Bio: 1.0145 GateEnt: nan GateDiv: nan
Epoch [499/600] Total Loss: 38.6393
Epoch [500/600] Step [0/8] Loss: 5.0551 Bio: 1.0255 GateEnt: nan GateDiv: nan
Epoch [500/600] Total Loss: 38.7629
Epoch [501/600] Step [0/8] Loss: 4.9853 Bio: 0.9620 GateEnt: nan GateDiv: nan
Epoch [501/600] Total Loss: 38.8333
Epoch [502/600] Step [0/8] Loss: 5.0255 Bio: 0.8920 GateEnt: nan GateDiv: nan
Epoch [502/600] Total Loss: 38.9663
Epoch [503/600] Step [0/8] Loss: 4.9023 Bio: 0.9301 GateEnt: nan GateDiv: nan
Epoch [503/600] Total Loss: 39.0608
Epoch [504/600] Step [0/8] Loss: 4.8320 Bio: 1.0527 GateEnt: nan GateDiv: nan
Epoch [504/600] Total Loss: 38.9435
Epoch [505/600] Step [0/8] Loss: 5.0813 Bio: 0.9631 GateEnt: nan GateDiv: nan
Epoch [505/600] Total Loss: 39.1192
Epoch [506/600] Step [0/8] Loss: 4.9928 Bio: 0.8898 GateEnt: nan GateDiv: nan
Epoch [506/600] Total Loss: 38.7254
Epoch [507/600] Step [0/8] Loss: 4.7801 Bio: 0.9959 GateEnt: nan GateDiv: nan
Epoch [507/600] Total Loss: 38.8004
Epoch [508/600] Step [0/8] Loss: 5.0083 Bio: 0.7940 GateEnt: nan GateDiv: nan
Epoch [508/600] Total Loss: 38.8652
Epoch [509/600] Step [0/8] Loss: 5.1227 Bio: 0.9401 GateEnt: nan GateDiv: nan
Epoch [509/600] Total Loss: 39.0234
Epoch [510/600] Step [0/8] Loss: 4.9810 Bio: 0.9464 GateEnt: nan GateDiv: nan
Epoch [510/600] Total Loss: 38.7560
Epoch [511/600] Step [0/8] Loss: 4.7678 Bio: 0.7526 GateEnt: nan GateDiv: nan
Epoch [511/600] Total Loss: 39.3270
Epoch [512/600] Step [0/8] Loss: 4.9386 Bio: 0.9738 GateEnt: nan GateDiv: nan
Epoch [512/600] Total Loss: 38.9034
Epoch [513/600] Step [0/8] Loss: 4.8403 Bio: 0.9374 GateEnt: nan GateDiv: nan
Epoch [513/600] Total Loss: 38.3885
Epoch [514/600] Step [0/8] Loss: 4.9047 Bio: 0.9137 GateEnt: nan GateDiv: nan
Epoch [514/600] Total Loss: 39.1009
Epoch [515/600] Step [0/8] Loss: 5.3235 Bio: 0.8813 GateEnt: nan GateDiv: nan
Epoch [515/600] Total Loss: 39.0668
Epoch [516/600] Step [0/8] Loss: 4.9687 Bio: 0.8304 GateEnt: nan GateDiv: nan
Epoch [516/600] Total Loss: 39.1821
Epoch [517/600] Step [0/8] Loss: 4.8478 Bio: 0.8928 GateEnt: nan GateDiv: nan
Epoch [517/600] Total Loss: 39.0030
Epoch [518/600] Step [0/8] Loss: 4.8316 Bio: 0.8497 GateEnt: nan GateDiv: nan
Epoch [518/600] Total Loss: 38.3765
Epoch [519/600] Step [0/8] Loss: 4.8588 Bio: 0.8337 GateEnt: nan GateDiv: nan
Epoch [519/600] Total Loss: 38.8236
Epoch [520/600] Step [0/8] Loss: 4.8970 Bio: 0.9117 GateEnt: nan GateDiv: nan
Epoch [520/600] Total Loss: 38.4428
Epoch [521/600] Step [0/8] Loss: 4.8825 Bio: 1.0502 GateEnt: nan GateDiv: nan
Epoch [521/600] Total Loss: 38.5521
Epoch [522/600] Step [0/8] Loss: 4.7788 Bio: 0.9826 GateEnt: nan GateDiv: nan
Epoch [522/600] Total Loss: 38.6680
Epoch [523/600] Step [0/8] Loss: 4.8449 Bio: 0.9324 GateEnt: nan GateDiv: nan
Epoch [523/600] Total Loss: 38.5972
Epoch [524/600] Step [0/8] Loss: 4.9801 Bio: 0.8932 GateEnt: nan GateDiv: nan
Epoch [524/600] Total Loss: 39.2370
Epoch [525/600] Step [0/8] Loss: 4.9642 Bio: 0.8598 GateEnt: nan GateDiv: nan
Epoch [525/600] Total Loss: 39.1680
Epoch [526/600] Step [0/8] Loss: 4.9264 Bio: 0.9288 GateEnt: nan GateDiv: nan
Epoch [526/600] Total Loss: 38.9769
Epoch [527/600] Step [0/8] Loss: 4.6956 Bio: 0.8633 GateEnt: nan GateDiv: nan
Epoch [527/600] Total Loss: 38.5199
Epoch [528/600] Step [0/8] Loss: 4.9688 Bio: 0.8962 GateEnt: nan GateDiv: nan
Epoch [528/600] Total Loss: 38.5000
Epoch [529/600] Step [0/8] Loss: 4.9361 Bio: 0.8455 GateEnt: nan GateDiv: nan
Epoch [529/600] Total Loss: 39.3128
Epoch [530/600] Step [0/8] Loss: 4.8154 Bio: 0.8394 GateEnt: nan GateDiv: nan
Epoch [530/600] Total Loss: 38.4815
Epoch [531/600] Step [0/8] Loss: 4.9566 Bio: 0.7853 GateEnt: nan GateDiv: nan
Epoch [531/600] Total Loss: 38.7925
Epoch [532/600] Step [0/8] Loss: 4.8499 Bio: 0.9785 GateEnt: nan GateDiv: nan
Epoch [532/600] Total Loss: 38.6528
Epoch [533/600] Step [0/8] Loss: 4.9025 Bio: 0.8094 GateEnt: nan GateDiv: nan
Epoch [533/600] Total Loss: 38.1198
Epoch [534/600] Step [0/8] Loss: 4.8219 Bio: 1.0214 GateEnt: nan GateDiv: nan
Epoch [534/600] Total Loss: 38.7351
Epoch [535/600] Step [0/8] Loss: 4.7134 Bio: 1.0140 GateEnt: nan GateDiv: nan
Epoch [535/600] Total Loss: 38.1929
Epoch [536/600] Step [0/8] Loss: 4.8442 Bio: 0.8833 GateEnt: nan GateDiv: nan
Epoch [536/600] Total Loss: 38.1958
Epoch [537/600] Step [0/8] Loss: 4.8572 Bio: 0.8431 GateEnt: nan GateDiv: nan
Epoch [537/600] Total Loss: 38.4390
Epoch [538/600] Step [0/8] Loss: 4.9671 Bio: 0.9084 GateEnt: nan GateDiv: nan
Epoch [538/600] Total Loss: 38.3326
Epoch [539/600] Step [0/8] Loss: 4.8197 Bio: 0.9044 GateEnt: nan GateDiv: nan
Epoch [539/600] Total Loss: 38.2774
Epoch [540/600] Step [0/8] Loss: 4.9555 Bio: 0.9829 GateEnt: nan GateDiv: nan
Epoch [540/600] Total Loss: 38.9137
Epoch [541/600] Step [0/8] Loss: 4.8728 Bio: 1.0544 GateEnt: nan GateDiv: nan
Epoch [541/600] Total Loss: 38.7829
Epoch [542/600] Step [0/8] Loss: 5.0493 Bio: 0.8854 GateEnt: nan GateDiv: nan
Epoch [542/600] Total Loss: 38.8180
Epoch [543/600] Step [0/8] Loss: 4.8459 Bio: 0.9534 GateEnt: nan GateDiv: nan
Epoch [543/600] Total Loss: 39.0927
Epoch [544/600] Step [0/8] Loss: 5.0518 Bio: 1.0588 GateEnt: nan GateDiv: nan
Epoch [544/600] Total Loss: 38.4699
Epoch [545/600] Step [0/8] Loss: 4.9217 Bio: 0.8874 GateEnt: nan GateDiv: nan
Epoch [545/600] Total Loss: 38.6461
Epoch [546/600] Step [0/8] Loss: 4.8214 Bio: 0.9645 GateEnt: nan GateDiv: nan
Epoch [546/600] Total Loss: 39.0112
Epoch [547/600] Step [0/8] Loss: 4.8434 Bio: 1.0832 GateEnt: nan GateDiv: nan
Epoch [547/600] Total Loss: 39.2382
Epoch [548/600] Step [0/8] Loss: 4.7972 Bio: 0.8965 GateEnt: nan GateDiv: nan
Epoch [548/600] Total Loss: 38.4902
Epoch [549/600] Step [0/8] Loss: 4.8564 Bio: 0.9123 GateEnt: nan GateDiv: nan
Epoch [549/600] Total Loss: 38.6024
Epoch [550/600] Step [0/8] Loss: 4.9075 Bio: 0.8313 GateEnt: nan GateDiv: nan
Epoch [550/600] Total Loss: 38.7808
Epoch [551/600] Step [0/8] Loss: 4.8097 Bio: 0.9963 GateEnt: nan GateDiv: nan
Epoch [551/600] Total Loss: 38.8929
Epoch [552/600] Step [0/8] Loss: 4.9157 Bio: 0.9827 GateEnt: nan GateDiv: nan
Epoch [552/600] Total Loss: 38.1596
Epoch [553/600] Step [0/8] Loss: 4.9426 Bio: 0.9016 GateEnt: nan GateDiv: nan
Epoch [553/600] Total Loss: 38.3167
Epoch [554/600] Step [0/8] Loss: 4.9487 Bio: 1.0301 GateEnt: nan GateDiv: nan
Epoch [554/600] Total Loss: 38.4688
Epoch [555/600] Step [0/8] Loss: 4.8963 Bio: 0.9289 GateEnt: nan GateDiv: nan
Epoch [555/600] Total Loss: 38.4101
Epoch [556/600] Step [0/8] Loss: 4.9145 Bio: 0.8659 GateEnt: nan GateDiv: nan
Epoch [556/600] Total Loss: 38.4338
Epoch [557/600] Step [0/8] Loss: 4.8359 Bio: 1.0151 GateEnt: nan GateDiv: nan
Epoch [557/600] Total Loss: 38.7419
Epoch [558/600] Step [0/8] Loss: 4.7474 Bio: 0.9655 GateEnt: nan GateDiv: nan
Epoch [558/600] Total Loss: 38.4891
Epoch [559/600] Step [0/8] Loss: 4.7875 Bio: 0.9153 GateEnt: nan GateDiv: nan
Epoch [559/600] Total Loss: 38.6735
Epoch [560/600] Step [0/8] Loss: 4.7358 Bio: 0.9344 GateEnt: nan GateDiv: nan
Epoch [560/600] Total Loss: 38.5305
Epoch [561/600] Step [0/8] Loss: 4.7845 Bio: 1.0486 GateEnt: nan GateDiv: nan
Epoch [561/600] Total Loss: 38.7049
Epoch [562/600] Step [0/8] Loss: 4.8478 Bio: 1.0939 GateEnt: nan GateDiv: nan
Epoch [562/600] Total Loss: 38.5307
Epoch [563/600] Step [0/8] Loss: 4.8951 Bio: 1.0605 GateEnt: nan GateDiv: nan
Epoch [563/600] Total Loss: 38.4408
Epoch [564/600] Step [0/8] Loss: 4.8790 Bio: 1.0744 GateEnt: nan GateDiv: nan
Epoch [564/600] Total Loss: 38.6172
Epoch [565/600] Step [0/8] Loss: 4.9544 Bio: 0.7846 GateEnt: nan GateDiv: nan
Epoch [565/600] Total Loss: 38.2439
Epoch [566/600] Step [0/8] Loss: 4.9976 Bio: 0.9597 GateEnt: nan GateDiv: nan
Epoch [566/600] Total Loss: 38.4831
Epoch [567/600] Step [0/8] Loss: 4.8410 Bio: 0.9296 GateEnt: nan GateDiv: nan
Epoch [567/600] Total Loss: 38.6495
Epoch [568/600] Step [0/8] Loss: 4.7352 Bio: 0.9228 GateEnt: nan GateDiv: nan
Epoch [568/600] Total Loss: 38.4897
Epoch [569/600] Step [0/8] Loss: 4.8853 Bio: 0.9809 GateEnt: nan GateDiv: nan
Epoch [569/600] Total Loss: 38.9282
Epoch [570/600] Step [0/8] Loss: 4.6933 Bio: 0.9482 GateEnt: nan GateDiv: nan
Epoch [570/600] Total Loss: 38.3589
Epoch [571/600] Step [0/8] Loss: 4.7890 Bio: 0.8982 GateEnt: nan GateDiv: nan
Epoch [571/600] Total Loss: 38.4546
Epoch [572/600] Step [0/8] Loss: 4.9129 Bio: 1.0301 GateEnt: nan GateDiv: nan
Epoch [572/600] Total Loss: 39.0153
Epoch [573/600] Step [0/8] Loss: 4.8241 Bio: 0.9626 GateEnt: nan GateDiv: nan
Epoch [573/600] Total Loss: 38.7480
Epoch [574/600] Step [0/8] Loss: 4.9587 Bio: 0.8486 GateEnt: nan GateDiv: nan
Epoch [574/600] Total Loss: 38.5835
Epoch [575/600] Step [0/8] Loss: 4.7140 Bio: 0.9508 GateEnt: nan GateDiv: nan
Epoch [575/600] Total Loss: 38.3156
Epoch [576/600] Step [0/8] Loss: 4.7761 Bio: 0.9625 GateEnt: nan GateDiv: nan
Epoch [576/600] Total Loss: 38.4783
Epoch [577/600] Step [0/8] Loss: 4.8582 Bio: 1.0255 GateEnt: nan GateDiv: nan
Epoch [577/600] Total Loss: 38.4735
Epoch [578/600] Step [0/8] Loss: 4.8070 Bio: 1.0499 GateEnt: nan GateDiv: nan
Epoch [578/600] Total Loss: 38.4138
Epoch [579/600] Step [0/8] Loss: 4.7625 Bio: 0.8897 GateEnt: nan GateDiv: nan
Epoch [579/600] Total Loss: 38.3320
Epoch [580/600] Step [0/8] Loss: 4.7440 Bio: 0.9345 GateEnt: nan GateDiv: nan
Epoch [580/600] Total Loss: 38.1951
Epoch [581/600] Step [0/8] Loss: 4.7174 Bio: 0.9091 GateEnt: nan GateDiv: nan
Epoch [581/600] Total Loss: 38.2124
Epoch [582/600] Step [0/8] Loss: 4.8188 Bio: 0.8722 GateEnt: nan GateDiv: nan
Epoch [582/600] Total Loss: 38.0944
Epoch [583/600] Step [0/8] Loss: 4.8666 Bio: 1.0100 GateEnt: nan GateDiv: nan
Epoch [583/600] Total Loss: 38.4045
Epoch [584/600] Step [0/8] Loss: 4.7790 Bio: 0.9629 GateEnt: nan GateDiv: nan
Epoch [584/600] Total Loss: 38.5368
Epoch [585/600] Step [0/8] Loss: 4.8872 Bio: 0.8992 GateEnt: nan GateDiv: nan
Epoch [585/600] Total Loss: 38.2216
Epoch [586/600] Step [0/8] Loss: 4.7024 Bio: 0.9131 GateEnt: nan GateDiv: nan
Epoch [586/600] Total Loss: 38.2801
Epoch [587/600] Step [0/8] Loss: 4.8969 Bio: 0.9533 GateEnt: nan GateDiv: nan
Epoch [587/600] Total Loss: 38.4278
Epoch [588/600] Step [0/8] Loss: 5.0480 Bio: 0.9357 GateEnt: nan GateDiv: nan
Epoch [588/600] Total Loss: 38.4737
Epoch [589/600] Step [0/8] Loss: 4.7433 Bio: 0.9364 GateEnt: nan GateDiv: nan
Epoch [589/600] Total Loss: 38.2061
Epoch [590/600] Step [0/8] Loss: 4.8582 Bio: 0.9082 GateEnt: nan GateDiv: nan
Epoch [590/600] Total Loss: 38.4660
Epoch [591/600] Step [0/8] Loss: 4.7697 Bio: 1.0139 GateEnt: nan GateDiv: nan
Epoch [591/600] Total Loss: 37.9473
Epoch [592/600] Step [0/8] Loss: 4.8622 Bio: 0.9122 GateEnt: nan GateDiv: nan
Epoch [592/600] Total Loss: 38.3568
Epoch [593/600] Step [0/8] Loss: 4.7637 Bio: 0.9205 GateEnt: nan GateDiv: nan
Epoch [593/600] Total Loss: 38.4330
Epoch [594/600] Step [0/8] Loss: 4.8177 Bio: 0.9343 GateEnt: nan GateDiv: nan
Epoch [594/600] Total Loss: 38.2357
Epoch [595/600] Step [0/8] Loss: 4.8751 Bio: 0.9373 GateEnt: nan GateDiv: nan
Epoch [595/600] Total Loss: 38.8669
Epoch [596/600] Step [0/8] Loss: 4.8836 Bio: 0.9553 GateEnt: nan GateDiv: nan
Epoch [596/600] Total Loss: 38.4380
Epoch [597/600] Step [0/8] Loss: 4.8836 Bio: 1.0091 GateEnt: nan GateDiv: nan
Epoch [597/600] Total Loss: 38.6115
Epoch [598/600] Step [0/8] Loss: 4.7788 Bio: 1.0509 GateEnt: nan GateDiv: nan
Epoch [598/600] Total Loss: 38.2589
Epoch [599/600] Step [0/8] Loss: 4.7063 Bio: 0.9711 GateEnt: nan GateDiv: nan
Epoch [599/600] Total Loss: 37.9748

=== Loss Summary ===
  Epoch   1: 51.9046
  Epoch 151: 41.9441
  Epoch 301: 40.7373
  Epoch 451: 39.2064
  Epoch 600: 37.9748
  Delta (last 25% = 150 ep): -1.2316
  If delta > -1.0, model has converged
linear training complete.
=== extract clusters: Mon Sep 28 03:16:35 EDT 2026 ===
[dataloader] Loaded bio-anchors from /gpfs/research/fangroup/ug25b/BIOS/BIOS_v2/LUAD/anchors/bio_anchors_LUAD_gsva_H40.csv: torch.Size([490, 40])
saved /gpfs/research/fangroup/ug25b/BIOS/BIOS_v2/LUAD/results/subtyping_results/BIOS/v2_biodim0_seed42_600ep_2026-09-28/clusters.csv  (490 patients, 3 clusters, sizes {0: 158, 1: 164, 2: 168})
=== DONE Mon Sep 28 03:16:42 EDT 2026 ===
