=== config ===
# BIOS v2_biodim0_seed42_600ep_2026-09-28 — STAD
cancer_type:      STAD
cluster_number:   3
head_type:        linear
bio_dim:          0
n_anchors:        40
bio_anchor_file:  /gpfs/research/fangroup/ug25b/BIOS/BIOS_v2/STAD/anchors/bio_anchors_STAD_gsva_H40.csv
epochs:           600
lambda_bio:       0.1
batch_size:       64
seed:             42
model_path:       /gpfs/research/fangroup/ug25b/BIOS/BIOS_v2/STAD/results/subtyping_results/BIOS/v2_biodim0_seed42_600ep_2026-09-28/checkpoint
=== train: Mon Sep 28 01:01:58 EDT 2026 ===
[config] loaded /gpfs/research/fangroup/ug25b/BIOS/BIOS_v2/STAD/configs/BIOS_v2_biodim0_seed42_600ep_2026-09-28.yaml
[config]   cancer_type: STAD
[config]   cluster_number: 3
[config]   head_type: linear
[config]   bio_dim: 0
[config]   n_anchors: 40
[config]   bio_anchor_file: /gpfs/research/fangroup/ug25b/BIOS/BIOS_v2/STAD/anchors/bio_anchors_STAD_gsva_H40.csv
[config]   epochs: 600
[config]   lambda_bio: 0.1
[config]   batch_size: 64
[config]   seed: 42
[config]   model_path: /gpfs/research/fangroup/ug25b/BIOS/BIOS_v2/STAD/results/subtyping_results/BIOS/v2_biodim0_seed42_600ep_2026-09-28/checkpoint
Head type    : linear
Cancer       : STAD | bio_dim: 0 | lambda_bio: 0.1
Bio anchor   : /gpfs/research/fangroup/ug25b/BIOS/BIOS_v2/STAD/anchors/bio_anchors_STAD_gsva_H40.csv
Cluster num  : 3
Epochs       : 600
[dataloader] Loaded bio-anchors from /gpfs/research/fangroup/ug25b/BIOS/BIOS_v2/STAD/anchors/bio_anchors_STAD_gsva_H40.csv: torch.Size([407, 40])
Device       : cpu
Model params : 73,946,443
Epoch [0/600] Step [0/7] Loss: 6.5337 Bio: 0.8812 GateEnt: nan GateDiv: nan
Epoch [0/600] Total Loss: 44.7070
Epoch [1/600] Step [0/7] Loss: 6.5443 Bio: 0.9693 GateEnt: nan GateDiv: nan
Epoch [1/600] Total Loss: 44.7206
Epoch [2/600] Step [0/7] Loss: 6.5405 Bio: 0.9490 GateEnt: nan GateDiv: nan
Epoch [2/600] Total Loss: 44.5988
Epoch [3/600] Step [0/7] Loss: 6.4691 Bio: 0.8683 GateEnt: nan GateDiv: nan
Epoch [3/600] Total Loss: 44.1744
Epoch [4/600] Step [0/7] Loss: 6.3670 Bio: 0.9589 GateEnt: nan GateDiv: nan
Epoch [4/600] Total Loss: 43.0212
Epoch [5/600] Step [0/7] Loss: 6.1475 Bio: 0.9366 GateEnt: nan GateDiv: nan
Epoch [5/600] Total Loss: 42.0236
Epoch [6/600] Step [0/7] Loss: 6.3115 Bio: 1.0481 GateEnt: nan GateDiv: nan
Epoch [6/600] Total Loss: 42.5384
Epoch [7/600] Step [0/7] Loss: 6.0499 Bio: 0.8947 GateEnt: nan GateDiv: nan
Epoch [7/600] Total Loss: 41.1557
Epoch [8/600] Step [0/7] Loss: 5.8549 Bio: 0.9051 GateEnt: nan GateDiv: nan
Epoch [8/600] Total Loss: 39.8457
Epoch [9/600] Step [0/7] Loss: 5.7725 Bio: 0.9440 GateEnt: nan GateDiv: nan
Epoch [9/600] Total Loss: 38.7961
Epoch [10/600] Step [0/7] Loss: 5.8673 Bio: 0.8356 GateEnt: nan GateDiv: nan
Epoch [10/600] Total Loss: 37.7332
Epoch [11/600] Step [0/7] Loss: 5.5092 Bio: 0.7951 GateEnt: nan GateDiv: nan
Epoch [11/600] Total Loss: 37.2434
Epoch [12/600] Step [0/7] Loss: 5.6823 Bio: 1.1251 GateEnt: nan GateDiv: nan
Epoch [12/600] Total Loss: 38.2118
Epoch [13/600] Step [0/7] Loss: 5.5992 Bio: 0.9020 GateEnt: nan GateDiv: nan
Epoch [13/600] Total Loss: 38.2785
Epoch [14/600] Step [0/7] Loss: 5.4775 Bio: 0.8878 GateEnt: nan GateDiv: nan
Epoch [14/600] Total Loss: 37.4433
Epoch [15/600] Step [0/7] Loss: 5.6414 Bio: 0.9402 GateEnt: nan GateDiv: nan
Epoch [15/600] Total Loss: 37.5485
Epoch [16/600] Step [0/7] Loss: 5.4582 Bio: 0.8888 GateEnt: nan GateDiv: nan
Epoch [16/600] Total Loss: 36.7444
Epoch [17/600] Step [0/7] Loss: 5.5031 Bio: 0.9120 GateEnt: nan GateDiv: nan
Epoch [17/600] Total Loss: 36.4847
Epoch [18/600] Step [0/7] Loss: 5.5354 Bio: 0.8989 GateEnt: nan GateDiv: nan
Epoch [18/600] Total Loss: 37.0664
Epoch [19/600] Step [0/7] Loss: 5.3223 Bio: 0.7862 GateEnt: nan GateDiv: nan
Epoch [19/600] Total Loss: 36.3369
Epoch [20/600] Step [0/7] Loss: 5.1683 Bio: 0.8986 GateEnt: nan GateDiv: nan
Epoch [20/600] Total Loss: 36.5627
Epoch [21/600] Step [0/7] Loss: 5.2955 Bio: 0.8960 GateEnt: nan GateDiv: nan
Epoch [21/600] Total Loss: 36.4348
Epoch [22/600] Step [0/7] Loss: 5.5106 Bio: 0.7850 GateEnt: nan GateDiv: nan
Epoch [22/600] Total Loss: 36.9865
Epoch [23/600] Step [0/7] Loss: 5.4616 Bio: 0.7998 GateEnt: nan GateDiv: nan
Epoch [23/600] Total Loss: 36.1669
Epoch [24/600] Step [0/7] Loss: 5.3574 Bio: 0.8976 GateEnt: nan GateDiv: nan
Epoch [24/600] Total Loss: 36.1016
Epoch [25/600] Step [0/7] Loss: 5.5337 Bio: 0.9376 GateEnt: nan GateDiv: nan
Epoch [25/600] Total Loss: 36.3306
Epoch [26/600] Step [0/7] Loss: 5.2599 Bio: 0.9932 GateEnt: nan GateDiv: nan
Epoch [26/600] Total Loss: 36.7592
Epoch [27/600] Step [0/7] Loss: 5.2454 Bio: 0.9458 GateEnt: nan GateDiv: nan
Epoch [27/600] Total Loss: 36.6267
Epoch [28/600] Step [0/7] Loss: 5.2354 Bio: 0.8497 GateEnt: nan GateDiv: nan
Epoch [28/600] Total Loss: 35.8612
Epoch [29/600] Step [0/7] Loss: 5.4755 Bio: 0.8098 GateEnt: nan GateDiv: nan
Epoch [29/600] Total Loss: 35.9861
Epoch [30/600] Step [0/7] Loss: 5.2559 Bio: 0.8646 GateEnt: nan GateDiv: nan
Epoch [30/600] Total Loss: 35.8674
Epoch [31/600] Step [0/7] Loss: 5.4551 Bio: 0.8501 GateEnt: nan GateDiv: nan
Epoch [31/600] Total Loss: 35.4262
Epoch [32/600] Step [0/7] Loss: 5.5665 Bio: 0.9753 GateEnt: nan GateDiv: nan
Epoch [32/600] Total Loss: 36.4274
Epoch [33/600] Step [0/7] Loss: 5.3718 Bio: 0.9688 GateEnt: nan GateDiv: nan
Epoch [33/600] Total Loss: 36.1362
Epoch [34/600] Step [0/7] Loss: 5.3724 Bio: 0.8780 GateEnt: nan GateDiv: nan
Epoch [34/600] Total Loss: 36.1304
Epoch [35/600] Step [0/7] Loss: 5.3412 Bio: 0.8937 GateEnt: nan GateDiv: nan
Epoch [35/600] Total Loss: 35.9244
Epoch [36/600] Step [0/7] Loss: 5.3146 Bio: 0.9360 GateEnt: nan GateDiv: nan
Epoch [36/600] Total Loss: 36.3652
Epoch [37/600] Step [0/7] Loss: 5.1054 Bio: 0.8045 GateEnt: nan GateDiv: nan
Epoch [37/600] Total Loss: 36.3851
Epoch [38/600] Step [0/7] Loss: 5.1022 Bio: 0.9564 GateEnt: nan GateDiv: nan
Epoch [38/600] Total Loss: 35.1831
Epoch [39/600] Step [0/7] Loss: 5.1231 Bio: 1.0747 GateEnt: nan GateDiv: nan
Epoch [39/600] Total Loss: 35.6665
Epoch [40/600] Step [0/7] Loss: 5.2044 Bio: 0.8490 GateEnt: nan GateDiv: nan
Epoch [40/600] Total Loss: 35.0257
Epoch [41/600] Step [0/7] Loss: 5.2703 Bio: 0.9503 GateEnt: nan GateDiv: nan
Epoch [41/600] Total Loss: 35.2768
Epoch [42/600] Step [0/7] Loss: 5.1169 Bio: 0.9663 GateEnt: nan GateDiv: nan
Epoch [42/600] Total Loss: 35.2732
Epoch [43/600] Step [0/7] Loss: 5.0440 Bio: 0.9353 GateEnt: nan GateDiv: nan
Epoch [43/600] Total Loss: 35.1181
Epoch [44/600] Step [0/7] Loss: 5.1891 Bio: 0.9494 GateEnt: nan GateDiv: nan
Epoch [44/600] Total Loss: 35.0256
Epoch [45/600] Step [0/7] Loss: 4.9849 Bio: 0.9655 GateEnt: nan GateDiv: nan
Epoch [45/600] Total Loss: 35.2879
Epoch [46/600] Step [0/7] Loss: 5.1613 Bio: 0.8534 GateEnt: nan GateDiv: nan
Epoch [46/600] Total Loss: 34.7999
Epoch [47/600] Step [0/7] Loss: 5.2567 Bio: 0.8955 GateEnt: nan GateDiv: nan
Epoch [47/600] Total Loss: 35.1561
Epoch [48/600] Step [0/7] Loss: 5.1203 Bio: 0.9724 GateEnt: nan GateDiv: nan
Epoch [48/600] Total Loss: 34.5272
Epoch [49/600] Step [0/7] Loss: 5.2130 Bio: 0.8852 GateEnt: nan GateDiv: nan
Epoch [49/600] Total Loss: 34.7627
Epoch [50/600] Step [0/7] Loss: 5.1274 Bio: 0.9266 GateEnt: nan GateDiv: nan
Epoch [50/600] Total Loss: 35.1242
Epoch [51/600] Step [0/7] Loss: 5.1973 Bio: 0.9228 GateEnt: nan GateDiv: nan
Epoch [51/600] Total Loss: 35.0773
Epoch [52/600] Step [0/7] Loss: 5.0093 Bio: 1.0418 GateEnt: nan GateDiv: nan
Epoch [52/600] Total Loss: 35.1474
Epoch [53/600] Step [0/7] Loss: 5.0539 Bio: 0.9843 GateEnt: nan GateDiv: nan
Epoch [53/600] Total Loss: 34.5455
Epoch [54/600] Step [0/7] Loss: 4.9755 Bio: 0.9332 GateEnt: nan GateDiv: nan
Epoch [54/600] Total Loss: 35.3093
Epoch [55/600] Step [0/7] Loss: 5.0635 Bio: 0.9561 GateEnt: nan GateDiv: nan
Epoch [55/600] Total Loss: 34.5334
Epoch [56/600] Step [0/7] Loss: 4.9870 Bio: 0.8617 GateEnt: nan GateDiv: nan
Epoch [56/600] Total Loss: 35.1496
Epoch [57/600] Step [0/7] Loss: 5.0711 Bio: 0.7754 GateEnt: nan GateDiv: nan
Epoch [57/600] Total Loss: 35.1197
Epoch [58/600] Step [0/7] Loss: 5.1325 Bio: 0.9683 GateEnt: nan GateDiv: nan
Epoch [58/600] Total Loss: 35.1644
Epoch [59/600] Step [0/7] Loss: 5.0924 Bio: 0.8431 GateEnt: nan GateDiv: nan
Epoch [59/600] Total Loss: 34.4938
Epoch [60/600] Step [0/7] Loss: 5.1779 Bio: 0.9065 GateEnt: nan GateDiv: nan
Epoch [60/600] Total Loss: 34.8968
Epoch [61/600] Step [0/7] Loss: 5.0061 Bio: 0.8159 GateEnt: nan GateDiv: nan
Epoch [61/600] Total Loss: 34.1065
Epoch [62/600] Step [0/7] Loss: 4.9607 Bio: 0.8373 GateEnt: nan GateDiv: nan
Epoch [62/600] Total Loss: 34.3990
Epoch [63/600] Step [0/7] Loss: 5.1795 Bio: 0.8036 GateEnt: nan GateDiv: nan
Epoch [63/600] Total Loss: 34.5048
Epoch [64/600] Step [0/7] Loss: 5.2071 Bio: 0.8822 GateEnt: nan GateDiv: nan
Epoch [64/600] Total Loss: 34.7990
Epoch [65/600] Step [0/7] Loss: 5.0417 Bio: 0.9132 GateEnt: nan GateDiv: nan
Epoch [65/600] Total Loss: 33.9310
Epoch [66/600] Step [0/7] Loss: 4.9982 Bio: 0.9548 GateEnt: nan GateDiv: nan
Epoch [66/600] Total Loss: 34.4203
Epoch [67/600] Step [0/7] Loss: 4.9785 Bio: 0.9521 GateEnt: nan GateDiv: nan
Epoch [67/600] Total Loss: 34.3225
Epoch [68/600] Step [0/7] Loss: 5.0373 Bio: 0.7777 GateEnt: nan GateDiv: nan
Epoch [68/600] Total Loss: 34.2241
Epoch [69/600] Step [0/7] Loss: 5.0507 Bio: 0.9247 GateEnt: nan GateDiv: nan
Epoch [69/600] Total Loss: 34.7912
Epoch [70/600] Step [0/7] Loss: 5.1709 Bio: 0.8217 GateEnt: nan GateDiv: nan
Epoch [70/600] Total Loss: 33.6473
Epoch [71/600] Step [0/7] Loss: 5.0152 Bio: 0.9386 GateEnt: nan GateDiv: nan
Epoch [71/600] Total Loss: 34.0610
Epoch [72/600] Step [0/7] Loss: 5.1186 Bio: 0.9082 GateEnt: nan GateDiv: nan
Epoch [72/600] Total Loss: 34.2427
Epoch [73/600] Step [0/7] Loss: 4.9809 Bio: 0.9722 GateEnt: nan GateDiv: nan
Epoch [73/600] Total Loss: 34.5375
Epoch [74/600] Step [0/7] Loss: 5.0663 Bio: 0.9968 GateEnt: nan GateDiv: nan
Epoch [74/600] Total Loss: 34.1147
Epoch [75/600] Step [0/7] Loss: 5.2910 Bio: 0.9913 GateEnt: nan GateDiv: nan
Epoch [75/600] Total Loss: 34.1903
Epoch [76/600] Step [0/7] Loss: 4.9355 Bio: 0.9226 GateEnt: nan GateDiv: nan
Epoch [76/600] Total Loss: 34.3053
Epoch [77/600] Step [0/7] Loss: 5.0648 Bio: 0.8852 GateEnt: nan GateDiv: nan
Epoch [77/600] Total Loss: 34.1895
Epoch [78/600] Step [0/7] Loss: 5.0086 Bio: 1.0085 GateEnt: nan GateDiv: nan
Epoch [78/600] Total Loss: 34.4776
Epoch [79/600] Step [0/7] Loss: 5.0542 Bio: 0.9082 GateEnt: nan GateDiv: nan
Epoch [79/600] Total Loss: 34.1325
Epoch [80/600] Step [0/7] Loss: 5.0397 Bio: 0.7982 GateEnt: nan GateDiv: nan
Epoch [80/600] Total Loss: 34.4041
Epoch [81/600] Step [0/7] Loss: 4.9960 Bio: 0.9498 GateEnt: nan GateDiv: nan
Epoch [81/600] Total Loss: 33.7877
Epoch [82/600] Step [0/7] Loss: 4.9666 Bio: 0.7991 GateEnt: nan GateDiv: nan
Epoch [82/600] Total Loss: 34.1270
Epoch [83/600] Step [0/7] Loss: 4.9214 Bio: 0.9012 GateEnt: nan GateDiv: nan
Epoch [83/600] Total Loss: 34.0187
Epoch [84/600] Step [0/7] Loss: 5.1002 Bio: 0.9534 GateEnt: nan GateDiv: nan
Epoch [84/600] Total Loss: 34.5857
Epoch [85/600] Step [0/7] Loss: 5.0636 Bio: 0.8908 GateEnt: nan GateDiv: nan
Epoch [85/600] Total Loss: 33.7823
Epoch [86/600] Step [0/7] Loss: 5.0281 Bio: 0.8815 GateEnt: nan GateDiv: nan
Epoch [86/600] Total Loss: 34.0945
Epoch [87/600] Step [0/7] Loss: 5.0367 Bio: 0.8173 GateEnt: nan GateDiv: nan
Epoch [87/600] Total Loss: 33.5482
Epoch [88/600] Step [0/7] Loss: 4.8139 Bio: 0.9996 GateEnt: nan GateDiv: nan
Epoch [88/600] Total Loss: 33.9309
Epoch [89/600] Step [0/7] Loss: 4.9403 Bio: 0.8829 GateEnt: nan GateDiv: nan
Epoch [89/600] Total Loss: 33.8953
Epoch [90/600] Step [0/7] Loss: 5.1067 Bio: 0.9228 GateEnt: nan GateDiv: nan
Epoch [90/600] Total Loss: 33.9059
Epoch [91/600] Step [0/7] Loss: 4.7472 Bio: 0.8340 GateEnt: nan GateDiv: nan
Epoch [91/600] Total Loss: 34.0203
Epoch [92/600] Step [0/7] Loss: 5.1088 Bio: 0.8880 GateEnt: nan GateDiv: nan
Epoch [92/600] Total Loss: 34.0396
Epoch [93/600] Step [0/7] Loss: 5.3125 Bio: 0.9241 GateEnt: nan GateDiv: nan
Epoch [93/600] Total Loss: 34.4508
Epoch [94/600] Step [0/7] Loss: 5.0342 Bio: 1.0171 GateEnt: nan GateDiv: nan
Epoch [94/600] Total Loss: 33.7947
Epoch [95/600] Step [0/7] Loss: 4.9523 Bio: 0.8145 GateEnt: nan GateDiv: nan
Epoch [95/600] Total Loss: 33.8162
Epoch [96/600] Step [0/7] Loss: 4.9851 Bio: 1.0139 GateEnt: nan GateDiv: nan
Epoch [96/600] Total Loss: 33.8176
Epoch [97/600] Step [0/7] Loss: 4.9412 Bio: 1.0457 GateEnt: nan GateDiv: nan
Epoch [97/600] Total Loss: 33.5200
Epoch [98/600] Step [0/7] Loss: 5.0775 Bio: 0.8959 GateEnt: nan GateDiv: nan
Epoch [98/600] Total Loss: 33.3380
Epoch [99/600] Step [0/7] Loss: 5.0398 Bio: 0.8238 GateEnt: nan GateDiv: nan
Epoch [99/600] Total Loss: 34.4009
Epoch [100/600] Step [0/7] Loss: 5.0629 Bio: 0.9569 GateEnt: nan GateDiv: nan
Epoch [100/600] Total Loss: 34.0387
Epoch [101/600] Step [0/7] Loss: 4.9734 Bio: 1.0307 GateEnt: nan GateDiv: nan
Epoch [101/600] Total Loss: 34.0715
Epoch [102/600] Step [0/7] Loss: 4.8189 Bio: 0.8562 GateEnt: nan GateDiv: nan
Epoch [102/600] Total Loss: 33.6402
Epoch [103/600] Step [0/7] Loss: 5.1326 Bio: 0.8519 GateEnt: nan GateDiv: nan
Epoch [103/600] Total Loss: 34.4754
Epoch [104/600] Step [0/7] Loss: 4.9705 Bio: 0.8846 GateEnt: nan GateDiv: nan
Epoch [104/600] Total Loss: 34.0985
Epoch [105/600] Step [0/7] Loss: 5.0052 Bio: 0.9572 GateEnt: nan GateDiv: nan
Epoch [105/600] Total Loss: 33.9663
Epoch [106/600] Step [0/7] Loss: 5.0333 Bio: 0.9949 GateEnt: nan GateDiv: nan
Epoch [106/600] Total Loss: 33.5230
Epoch [107/600] Step [0/7] Loss: 4.9800 Bio: 0.8971 GateEnt: nan GateDiv: nan
Epoch [107/600] Total Loss: 33.6572
Epoch [108/600] Step [0/7] Loss: 4.8680 Bio: 0.8772 GateEnt: nan GateDiv: nan
Epoch [108/600] Total Loss: 34.0420
Epoch [109/600] Step [0/7] Loss: 4.9911 Bio: 0.8850 GateEnt: nan GateDiv: nan
Epoch [109/600] Total Loss: 33.5595
Epoch [110/600] Step [0/7] Loss: 5.0046 Bio: 0.9764 GateEnt: nan GateDiv: nan
Epoch [110/600] Total Loss: 33.9504
Epoch [111/600] Step [0/7] Loss: 4.8632 Bio: 0.9081 GateEnt: nan GateDiv: nan
Epoch [111/600] Total Loss: 33.5911
Epoch [112/600] Step [0/7] Loss: 5.0946 Bio: 0.8979 GateEnt: nan GateDiv: nan
Epoch [112/600] Total Loss: 34.4173
Epoch [113/600] Step [0/7] Loss: 4.9057 Bio: 0.8797 GateEnt: nan GateDiv: nan
Epoch [113/600] Total Loss: 33.8310
Epoch [114/600] Step [0/7] Loss: 4.9075 Bio: 0.8948 GateEnt: nan GateDiv: nan
Epoch [114/600] Total Loss: 33.7513
Epoch [115/600] Step [0/7] Loss: 4.9575 Bio: 0.9443 GateEnt: nan GateDiv: nan
Epoch [115/600] Total Loss: 33.9943
Epoch [116/600] Step [0/7] Loss: 5.0223 Bio: 0.8674 GateEnt: nan GateDiv: nan
Epoch [116/600] Total Loss: 33.8103
Epoch [117/600] Step [0/7] Loss: 5.0792 Bio: 0.8902 GateEnt: nan GateDiv: nan
Epoch [117/600] Total Loss: 33.9159
Epoch [118/600] Step [0/7] Loss: 4.7932 Bio: 0.9380 GateEnt: nan GateDiv: nan
Epoch [118/600] Total Loss: 33.4029
Epoch [119/600] Step [0/7] Loss: 4.9619 Bio: 0.7845 GateEnt: nan GateDiv: nan
Epoch [119/600] Total Loss: 33.6412
Epoch [120/600] Step [0/7] Loss: 5.0134 Bio: 1.0627 GateEnt: nan GateDiv: nan
Epoch [120/600] Total Loss: 34.0534
Epoch [121/600] Step [0/7] Loss: 5.0685 Bio: 0.8313 GateEnt: nan GateDiv: nan
Epoch [121/600] Total Loss: 33.7940
Epoch [122/600] Step [0/7] Loss: 4.9979 Bio: 0.8954 GateEnt: nan GateDiv: nan
Epoch [122/600] Total Loss: 33.2632
Epoch [123/600] Step [0/7] Loss: 4.9053 Bio: 0.7988 GateEnt: nan GateDiv: nan
Epoch [123/600] Total Loss: 34.1635
Epoch [124/600] Step [0/7] Loss: 5.0853 Bio: 0.9154 GateEnt: nan GateDiv: nan
Epoch [124/600] Total Loss: 33.6730
Epoch [125/600] Step [0/7] Loss: 4.7257 Bio: 0.8784 GateEnt: nan GateDiv: nan
Epoch [125/600] Total Loss: 33.6903
Epoch [126/600] Step [0/7] Loss: 4.8631 Bio: 0.9318 GateEnt: nan GateDiv: nan
Epoch [126/600] Total Loss: 33.4410
Epoch [127/600] Step [0/7] Loss: 4.9557 Bio: 0.9844 GateEnt: nan GateDiv: nan
Epoch [127/600] Total Loss: 33.9750
Epoch [128/600] Step [0/7] Loss: 4.7638 Bio: 0.9525 GateEnt: nan GateDiv: nan
Epoch [128/600] Total Loss: 33.6658
Epoch [129/600] Step [0/7] Loss: 4.8168 Bio: 0.8060 GateEnt: nan GateDiv: nan
Epoch [129/600] Total Loss: 33.5711
Epoch [130/600] Step [0/7] Loss: 4.9221 Bio: 0.9130 GateEnt: nan GateDiv: nan
Epoch [130/600] Total Loss: 33.5568
Epoch [131/600] Step [0/7] Loss: 4.8836 Bio: 0.7475 GateEnt: nan GateDiv: nan
Epoch [131/600] Total Loss: 33.8318
Epoch [132/600] Step [0/7] Loss: 5.0699 Bio: 0.8854 GateEnt: nan GateDiv: nan
Epoch [132/600] Total Loss: 33.4541
Epoch [133/600] Step [0/7] Loss: 4.9495 Bio: 0.9488 GateEnt: nan GateDiv: nan
Epoch [133/600] Total Loss: 33.7377
Epoch [134/600] Step [0/7] Loss: 4.9009 Bio: 0.9676 GateEnt: nan GateDiv: nan
Epoch [134/600] Total Loss: 34.0202
Epoch [135/600] Step [0/7] Loss: 4.7047 Bio: 0.9469 GateEnt: nan GateDiv: nan
Epoch [135/600] Total Loss: 33.7352
Epoch [136/600] Step [0/7] Loss: 5.0316 Bio: 0.8181 GateEnt: nan GateDiv: nan
Epoch [136/600] Total Loss: 33.5440
Epoch [137/600] Step [0/7] Loss: 4.8454 Bio: 0.9320 GateEnt: nan GateDiv: nan
Epoch [137/600] Total Loss: 33.5154
Epoch [138/600] Step [0/7] Loss: 4.8674 Bio: 0.9335 GateEnt: nan GateDiv: nan
Epoch [138/600] Total Loss: 33.8940
Epoch [139/600] Step [0/7] Loss: 4.9824 Bio: 0.8379 GateEnt: nan GateDiv: nan
Epoch [139/600] Total Loss: 34.1002
Epoch [140/600] Step [0/7] Loss: 4.8044 Bio: 0.9013 GateEnt: nan GateDiv: nan
Epoch [140/600] Total Loss: 33.7515
Epoch [141/600] Step [0/7] Loss: 5.0473 Bio: 0.9877 GateEnt: nan GateDiv: nan
Epoch [141/600] Total Loss: 33.7602
Epoch [142/600] Step [0/7] Loss: 4.7749 Bio: 0.9319 GateEnt: nan GateDiv: nan
Epoch [142/600] Total Loss: 33.3376
Epoch [143/600] Step [0/7] Loss: 4.8176 Bio: 0.8792 GateEnt: nan GateDiv: nan
Epoch [143/600] Total Loss: 33.0719
Epoch [144/600] Step [0/7] Loss: 4.9536 Bio: 0.8572 GateEnt: nan GateDiv: nan
Epoch [144/600] Total Loss: 33.9457
Epoch [145/600] Step [0/7] Loss: 4.9813 Bio: 0.7536 GateEnt: nan GateDiv: nan
Epoch [145/600] Total Loss: 33.6344
Epoch [146/600] Step [0/7] Loss: 4.8954 Bio: 0.8663 GateEnt: nan GateDiv: nan
Epoch [146/600] Total Loss: 34.2301
Epoch [147/600] Step [0/7] Loss: 5.0044 Bio: 0.8796 GateEnt: nan GateDiv: nan
Epoch [147/600] Total Loss: 33.8922
Epoch [148/600] Step [0/7] Loss: 4.9132 Bio: 0.9019 GateEnt: nan GateDiv: nan
Epoch [148/600] Total Loss: 33.2750
Epoch [149/600] Step [0/7] Loss: 5.0281 Bio: 0.8592 GateEnt: nan GateDiv: nan
Epoch [149/600] Total Loss: 33.6154
Epoch [150/600] Step [0/7] Loss: 5.0270 Bio: 0.9342 GateEnt: nan GateDiv: nan
Epoch [150/600] Total Loss: 33.8315
Epoch [151/600] Step [0/7] Loss: 4.9344 Bio: 0.7986 GateEnt: nan GateDiv: nan
Epoch [151/600] Total Loss: 33.4675
Epoch [152/600] Step [0/7] Loss: 4.9886 Bio: 0.8242 GateEnt: nan GateDiv: nan
Epoch [152/600] Total Loss: 33.5452
Epoch [153/600] Step [0/7] Loss: 4.7733 Bio: 0.9846 GateEnt: nan GateDiv: nan
Epoch [153/600] Total Loss: 33.3689
Epoch [154/600] Step [0/7] Loss: 4.9024 Bio: 0.8121 GateEnt: nan GateDiv: nan
Epoch [154/600] Total Loss: 33.2664
Epoch [155/600] Step [0/7] Loss: 4.9602 Bio: 0.8288 GateEnt: nan GateDiv: nan
Epoch [155/600] Total Loss: 33.6840
Epoch [156/600] Step [0/7] Loss: 4.9278 Bio: 0.8527 GateEnt: nan GateDiv: nan
Epoch [156/600] Total Loss: 33.5761
Epoch [157/600] Step [0/7] Loss: 5.1358 Bio: 0.9263 GateEnt: nan GateDiv: nan
Epoch [157/600] Total Loss: 33.8668
Epoch [158/600] Step [0/7] Loss: 5.0194 Bio: 0.9107 GateEnt: nan GateDiv: nan
Epoch [158/600] Total Loss: 33.9347
Epoch [159/600] Step [0/7] Loss: 5.0208 Bio: 0.8750 GateEnt: nan GateDiv: nan
Epoch [159/600] Total Loss: 33.4884
Epoch [160/600] Step [0/7] Loss: 4.9881 Bio: 0.8545 GateEnt: nan GateDiv: nan
Epoch [160/600] Total Loss: 33.3002
Epoch [161/600] Step [0/7] Loss: 4.8110 Bio: 0.8991 GateEnt: nan GateDiv: nan
Epoch [161/600] Total Loss: 33.1963
Epoch [162/600] Step [0/7] Loss: 4.9579 Bio: 0.8884 GateEnt: nan GateDiv: nan
Epoch [162/600] Total Loss: 33.8633
Epoch [163/600] Step [0/7] Loss: 5.0513 Bio: 0.8988 GateEnt: nan GateDiv: nan
Epoch [163/600] Total Loss: 33.9827
Epoch [164/600] Step [0/7] Loss: 4.9146 Bio: 1.0158 GateEnt: nan GateDiv: nan
Epoch [164/600] Total Loss: 33.1761
Epoch [165/600] Step [0/7] Loss: 4.9398 Bio: 0.9584 GateEnt: nan GateDiv: nan
Epoch [165/600] Total Loss: 33.5978
Epoch [166/600] Step [0/7] Loss: 4.9425 Bio: 0.7512 GateEnt: nan GateDiv: nan
Epoch [166/600] Total Loss: 33.3514
Epoch [167/600] Step [0/7] Loss: 4.9371 Bio: 0.9184 GateEnt: nan GateDiv: nan
Epoch [167/600] Total Loss: 33.6754
Epoch [168/600] Step [0/7] Loss: 4.9973 Bio: 0.8349 GateEnt: nan GateDiv: nan
Epoch [168/600] Total Loss: 33.5172
Epoch [169/600] Step [0/7] Loss: 4.9786 Bio: 1.0021 GateEnt: nan GateDiv: nan
Epoch [169/600] Total Loss: 33.2445
Epoch [170/600] Step [0/7] Loss: 4.7998 Bio: 0.8944 GateEnt: nan GateDiv: nan
Epoch [170/600] Total Loss: 33.0439
Epoch [171/600] Step [0/7] Loss: 4.8628 Bio: 0.8699 GateEnt: nan GateDiv: nan
Epoch [171/600] Total Loss: 33.3908
Epoch [172/600] Step [0/7] Loss: 4.7304 Bio: 0.9744 GateEnt: nan GateDiv: nan
Epoch [172/600] Total Loss: 33.6092
Epoch [173/600] Step [0/7] Loss: 5.0897 Bio: 0.9092 GateEnt: nan GateDiv: nan
Epoch [173/600] Total Loss: 33.4588
Epoch [174/600] Step [0/7] Loss: 4.7930 Bio: 0.8313 GateEnt: nan GateDiv: nan
Epoch [174/600] Total Loss: 33.9647
Epoch [175/600] Step [0/7] Loss: 4.8555 Bio: 0.9331 GateEnt: nan GateDiv: nan
Epoch [175/600] Total Loss: 33.2285
Epoch [176/600] Step [0/7] Loss: 4.7791 Bio: 0.8452 GateEnt: nan GateDiv: nan
Epoch [176/600] Total Loss: 33.4132
Epoch [177/600] Step [0/7] Loss: 4.8678 Bio: 0.9292 GateEnt: nan GateDiv: nan
Epoch [177/600] Total Loss: 32.7572
Epoch [178/600] Step [0/7] Loss: 4.8223 Bio: 0.9752 GateEnt: nan GateDiv: nan
Epoch [178/600] Total Loss: 33.5102
Epoch [179/600] Step [0/7] Loss: 4.9346 Bio: 0.8342 GateEnt: nan GateDiv: nan
Epoch [179/600] Total Loss: 33.0721
Epoch [180/600] Step [0/7] Loss: 4.9408 Bio: 1.0372 GateEnt: nan GateDiv: nan
Epoch [180/600] Total Loss: 33.2514
Epoch [181/600] Step [0/7] Loss: 4.7723 Bio: 0.8670 GateEnt: nan GateDiv: nan
Epoch [181/600] Total Loss: 33.1545
Epoch [182/600] Step [0/7] Loss: 4.8262 Bio: 0.8617 GateEnt: nan GateDiv: nan
Epoch [182/600] Total Loss: 33.2150
Epoch [183/600] Step [0/7] Loss: 5.0487 Bio: 0.7548 GateEnt: nan GateDiv: nan
Epoch [183/600] Total Loss: 33.2689
Epoch [184/600] Step [0/7] Loss: 4.9006 Bio: 0.7985 GateEnt: nan GateDiv: nan
Epoch [184/600] Total Loss: 33.0073
Epoch [185/600] Step [0/7] Loss: 4.8805 Bio: 0.9877 GateEnt: nan GateDiv: nan
Epoch [185/600] Total Loss: 33.3955
Epoch [186/600] Step [0/7] Loss: 4.9019 Bio: 0.8894 GateEnt: nan GateDiv: nan
Epoch [186/600] Total Loss: 33.4047
Epoch [187/600] Step [0/7] Loss: 4.8278 Bio: 0.8545 GateEnt: nan GateDiv: nan
Epoch [187/600] Total Loss: 33.4018
Epoch [188/600] Step [0/7] Loss: 4.8313 Bio: 0.9558 GateEnt: nan GateDiv: nan
Epoch [188/600] Total Loss: 33.1375
Epoch [189/600] Step [0/7] Loss: 4.9052 Bio: 0.8502 GateEnt: nan GateDiv: nan
Epoch [189/600] Total Loss: 33.7163
Epoch [190/600] Step [0/7] Loss: 4.8665 Bio: 0.9410 GateEnt: nan GateDiv: nan
Epoch [190/600] Total Loss: 32.8059
Epoch [191/600] Step [0/7] Loss: 4.8687 Bio: 0.8654 GateEnt: nan GateDiv: nan
Epoch [191/600] Total Loss: 33.3263
Epoch [192/600] Step [0/7] Loss: 4.9070 Bio: 0.9030 GateEnt: nan GateDiv: nan
Epoch [192/600] Total Loss: 33.4879
Epoch [193/600] Step [0/7] Loss: 4.9477 Bio: 0.8318 GateEnt: nan GateDiv: nan
Epoch [193/600] Total Loss: 33.5038
Epoch [194/600] Step [0/7] Loss: 4.9112 Bio: 0.8730 GateEnt: nan GateDiv: nan
Epoch [194/600] Total Loss: 33.1371
Epoch [195/600] Step [0/7] Loss: 4.7933 Bio: 1.0659 GateEnt: nan GateDiv: nan
Epoch [195/600] Total Loss: 33.2695
Epoch [196/600] Step [0/7] Loss: 4.8982 Bio: 0.9040 GateEnt: nan GateDiv: nan
Epoch [196/600] Total Loss: 33.2084
Epoch [197/600] Step [0/7] Loss: 4.9705 Bio: 0.8454 GateEnt: nan GateDiv: nan
Epoch [197/600] Total Loss: 33.5118
Epoch [198/600] Step [0/7] Loss: 4.9342 Bio: 0.9460 GateEnt: nan GateDiv: nan
Epoch [198/600] Total Loss: 32.9115
Epoch [199/600] Step [0/7] Loss: 4.8881 Bio: 0.9596 GateEnt: nan GateDiv: nan
Epoch [199/600] Total Loss: 32.9240
Epoch [200/600] Step [0/7] Loss: 4.8502 Bio: 0.9034 GateEnt: nan GateDiv: nan
Epoch [200/600] Total Loss: 33.0562
Epoch [201/600] Step [0/7] Loss: 5.0381 Bio: 0.8028 GateEnt: nan GateDiv: nan
Epoch [201/600] Total Loss: 32.9414
Epoch [202/600] Step [0/7] Loss: 4.7780 Bio: 0.9250 GateEnt: nan GateDiv: nan
Epoch [202/600] Total Loss: 33.0741
Epoch [203/600] Step [0/7] Loss: 4.7099 Bio: 0.9097 GateEnt: nan GateDiv: nan
Epoch [203/600] Total Loss: 32.8983
Epoch [204/600] Step [0/7] Loss: 4.9328 Bio: 0.9521 GateEnt: nan GateDiv: nan
Epoch [204/600] Total Loss: 33.7060
Epoch [205/600] Step [0/7] Loss: 4.8239 Bio: 0.8632 GateEnt: nan GateDiv: nan
Epoch [205/600] Total Loss: 32.9178
Epoch [206/600] Step [0/7] Loss: 4.8636 Bio: 0.9383 GateEnt: nan GateDiv: nan
Epoch [206/600] Total Loss: 32.6565
Epoch [207/600] Step [0/7] Loss: 4.9083 Bio: 0.8851 GateEnt: nan GateDiv: nan
Epoch [207/600] Total Loss: 33.8403
Epoch [208/600] Step [0/7] Loss: 4.8809 Bio: 0.9420 GateEnt: nan GateDiv: nan
Epoch [208/600] Total Loss: 33.2191
Epoch [209/600] Step [0/7] Loss: 4.7702 Bio: 0.8667 GateEnt: nan GateDiv: nan
Epoch [209/600] Total Loss: 33.2157
Epoch [210/600] Step [0/7] Loss: 4.9639 Bio: 0.9930 GateEnt: nan GateDiv: nan
Epoch [210/600] Total Loss: 33.3100
Epoch [211/600] Step [0/7] Loss: 4.8693 Bio: 0.9010 GateEnt: nan GateDiv: nan
Epoch [211/600] Total Loss: 33.5373
Epoch [212/600] Step [0/7] Loss: 4.9316 Bio: 0.9350 GateEnt: nan GateDiv: nan
Epoch [212/600] Total Loss: 33.1276
Epoch [213/600] Step [0/7] Loss: 4.8654 Bio: 0.8884 GateEnt: nan GateDiv: nan
Epoch [213/600] Total Loss: 33.0811
Epoch [214/600] Step [0/7] Loss: 4.8683 Bio: 0.9313 GateEnt: nan GateDiv: nan
Epoch [214/600] Total Loss: 33.1767
Epoch [215/600] Step [0/7] Loss: 4.8912 Bio: 0.8375 GateEnt: nan GateDiv: nan
Epoch [215/600] Total Loss: 33.2213
Epoch [216/600] Step [0/7] Loss: 4.8562 Bio: 0.8779 GateEnt: nan GateDiv: nan
Epoch [216/600] Total Loss: 33.1984
Epoch [217/600] Step [0/7] Loss: 4.7992 Bio: 0.8739 GateEnt: nan GateDiv: nan
Epoch [217/600] Total Loss: 32.9529
Epoch [218/600] Step [0/7] Loss: 5.0040 Bio: 0.9899 GateEnt: nan GateDiv: nan
Epoch [218/600] Total Loss: 33.5157
Epoch [219/600] Step [0/7] Loss: 4.6615 Bio: 0.9226 GateEnt: nan GateDiv: nan
Epoch [219/600] Total Loss: 32.9850
Epoch [220/600] Step [0/7] Loss: 4.9618 Bio: 1.0024 GateEnt: nan GateDiv: nan
Epoch [220/600] Total Loss: 33.2976
Epoch [221/600] Step [0/7] Loss: 4.7784 Bio: 1.0184 GateEnt: nan GateDiv: nan
Epoch [221/600] Total Loss: 33.1455
Epoch [222/600] Step [0/7] Loss: 5.0668 Bio: 0.9794 GateEnt: nan GateDiv: nan
Epoch [222/600] Total Loss: 33.0570
Epoch [223/600] Step [0/7] Loss: 4.8239 Bio: 0.8587 GateEnt: nan GateDiv: nan
Epoch [223/600] Total Loss: 32.9669
Epoch [224/600] Step [0/7] Loss: 4.9170 Bio: 0.8830 GateEnt: nan GateDiv: nan
Epoch [224/600] Total Loss: 33.2727
Epoch [225/600] Step [0/7] Loss: 4.8283 Bio: 0.8645 GateEnt: nan GateDiv: nan
Epoch [225/600] Total Loss: 33.2746
Epoch [226/600] Step [0/7] Loss: 5.0028 Bio: 0.9902 GateEnt: nan GateDiv: nan
Epoch [226/600] Total Loss: 33.2674
Epoch [227/600] Step [0/7] Loss: 4.9121 Bio: 0.9410 GateEnt: nan GateDiv: nan
Epoch [227/600] Total Loss: 33.2272
Epoch [228/600] Step [0/7] Loss: 4.8898 Bio: 0.7842 GateEnt: nan GateDiv: nan
Epoch [228/600] Total Loss: 33.0574
Epoch [229/600] Step [0/7] Loss: 4.8841 Bio: 0.9115 GateEnt: nan GateDiv: nan
Epoch [229/600] Total Loss: 33.5835
Epoch [230/600] Step [0/7] Loss: 4.9732 Bio: 0.9360 GateEnt: nan GateDiv: nan
Epoch [230/600] Total Loss: 33.1893
Epoch [231/600] Step [0/7] Loss: 4.8534 Bio: 0.8052 GateEnt: nan GateDiv: nan
Epoch [231/600] Total Loss: 33.2307
Epoch [232/600] Step [0/7] Loss: 4.8679 Bio: 0.9801 GateEnt: nan GateDiv: nan
Epoch [232/600] Total Loss: 33.4179
Epoch [233/600] Step [0/7] Loss: 4.9122 Bio: 0.8305 GateEnt: nan GateDiv: nan
Epoch [233/600] Total Loss: 32.8929
Epoch [234/600] Step [0/7] Loss: 4.9292 Bio: 0.9497 GateEnt: nan GateDiv: nan
Epoch [234/600] Total Loss: 33.1668
Epoch [235/600] Step [0/7] Loss: 4.8376 Bio: 0.9129 GateEnt: nan GateDiv: nan
Epoch [235/600] Total Loss: 32.9129
Epoch [236/600] Step [0/7] Loss: 5.1656 Bio: 1.0280 GateEnt: nan GateDiv: nan
Epoch [236/600] Total Loss: 33.3109
Epoch [237/600] Step [0/7] Loss: 4.8709 Bio: 0.8696 GateEnt: nan GateDiv: nan
Epoch [237/600] Total Loss: 32.6722
Epoch [238/600] Step [0/7] Loss: 4.8577 Bio: 0.9125 GateEnt: nan GateDiv: nan
Epoch [238/600] Total Loss: 33.0157
Epoch [239/600] Step [0/7] Loss: 4.7418 Bio: 0.8811 GateEnt: nan GateDiv: nan
Epoch [239/600] Total Loss: 33.2967
Epoch [240/600] Step [0/7] Loss: 4.9374 Bio: 0.8664 GateEnt: nan GateDiv: nan
Epoch [240/600] Total Loss: 33.3613
Epoch [241/600] Step [0/7] Loss: 4.7161 Bio: 0.7731 GateEnt: nan GateDiv: nan
Epoch [241/600] Total Loss: 32.9235
Epoch [242/600] Step [0/7] Loss: 4.8325 Bio: 0.8539 GateEnt: nan GateDiv: nan
Epoch [242/600] Total Loss: 32.5897
Epoch [243/600] Step [0/7] Loss: 5.0735 Bio: 0.9578 GateEnt: nan GateDiv: nan
Epoch [243/600] Total Loss: 33.2073
Epoch [244/600] Step [0/7] Loss: 4.8518 Bio: 0.8631 GateEnt: nan GateDiv: nan
Epoch [244/600] Total Loss: 32.7249
Epoch [245/600] Step [0/7] Loss: 4.8562 Bio: 0.9580 GateEnt: nan GateDiv: nan
Epoch [245/600] Total Loss: 33.4357
Epoch [246/600] Step [0/7] Loss: 4.9357 Bio: 0.9589 GateEnt: nan GateDiv: nan
Epoch [246/600] Total Loss: 32.7783
Epoch [247/600] Step [0/7] Loss: 4.6910 Bio: 1.0372 GateEnt: nan GateDiv: nan
Epoch [247/600] Total Loss: 33.1805
Epoch [248/600] Step [0/7] Loss: 4.8849 Bio: 0.9068 GateEnt: nan GateDiv: nan
Epoch [248/600] Total Loss: 33.5414
Epoch [249/600] Step [0/7] Loss: 4.8343 Bio: 0.9144 GateEnt: nan GateDiv: nan
Epoch [249/600] Total Loss: 32.9663
Epoch [250/600] Step [0/7] Loss: 4.9278 Bio: 1.0409 GateEnt: nan GateDiv: nan
Epoch [250/600] Total Loss: 33.2164
Epoch [251/600] Step [0/7] Loss: 5.0231 Bio: 0.8737 GateEnt: nan GateDiv: nan
Epoch [251/600] Total Loss: 33.3496
Epoch [252/600] Step [0/7] Loss: 5.1111 Bio: 0.8716 GateEnt: nan GateDiv: nan
Epoch [252/600] Total Loss: 33.0514
Epoch [253/600] Step [0/7] Loss: 4.7877 Bio: 0.7570 GateEnt: nan GateDiv: nan
Epoch [253/600] Total Loss: 32.7654
Epoch [254/600] Step [0/7] Loss: 4.8092 Bio: 0.8255 GateEnt: nan GateDiv: nan
Epoch [254/600] Total Loss: 32.8378
Epoch [255/600] Step [0/7] Loss: 4.9491 Bio: 0.9932 GateEnt: nan GateDiv: nan
Epoch [255/600] Total Loss: 33.2031
Epoch [256/600] Step [0/7] Loss: 4.8470 Bio: 0.8614 GateEnt: nan GateDiv: nan
Epoch [256/600] Total Loss: 32.7754
Epoch [257/600] Step [0/7] Loss: 4.8951 Bio: 0.9380 GateEnt: nan GateDiv: nan
Epoch [257/600] Total Loss: 32.9143
Epoch [258/600] Step [0/7] Loss: 4.9522 Bio: 0.8122 GateEnt: nan GateDiv: nan
Epoch [258/600] Total Loss: 33.0838
Epoch [259/600] Step [0/7] Loss: 4.8266 Bio: 0.9528 GateEnt: nan GateDiv: nan
Epoch [259/600] Total Loss: 33.1164
Epoch [260/600] Step [0/7] Loss: 4.8137 Bio: 0.9218 GateEnt: nan GateDiv: nan
Epoch [260/600] Total Loss: 33.1943
Epoch [261/600] Step [0/7] Loss: 4.9993 Bio: 0.8149 GateEnt: nan GateDiv: nan
Epoch [261/600] Total Loss: 33.0712
Epoch [262/600] Step [0/7] Loss: 5.0314 Bio: 0.9481 GateEnt: nan GateDiv: nan
Epoch [262/600] Total Loss: 33.2328
Epoch [263/600] Step [0/7] Loss: 4.9614 Bio: 0.8957 GateEnt: nan GateDiv: nan
Epoch [263/600] Total Loss: 32.4722
Epoch [264/600] Step [0/7] Loss: 4.8105 Bio: 0.9402 GateEnt: nan GateDiv: nan
Epoch [264/600] Total Loss: 33.2910
Epoch [265/600] Step [0/7] Loss: 4.9183 Bio: 1.0066 GateEnt: nan GateDiv: nan
Epoch [265/600] Total Loss: 32.9061
Epoch [266/600] Step [0/7] Loss: 4.7911 Bio: 0.8857 GateEnt: nan GateDiv: nan
Epoch [266/600] Total Loss: 32.7332
Epoch [267/600] Step [0/7] Loss: 4.6708 Bio: 1.0085 GateEnt: nan GateDiv: nan
Epoch [267/600] Total Loss: 32.9129
Epoch [268/600] Step [0/7] Loss: 5.0329 Bio: 0.7794 GateEnt: nan GateDiv: nan
Epoch [268/600] Total Loss: 33.4921
Epoch [269/600] Step [0/7] Loss: 4.9577 Bio: 0.9635 GateEnt: nan GateDiv: nan
Epoch [269/600] Total Loss: 33.4709
Epoch [270/600] Step [0/7] Loss: 4.7797 Bio: 0.8254 GateEnt: nan GateDiv: nan
Epoch [270/600] Total Loss: 32.9582
Epoch [271/600] Step [0/7] Loss: 4.8665 Bio: 0.9550 GateEnt: nan GateDiv: nan
Epoch [271/600] Total Loss: 32.9889
Epoch [272/600] Step [0/7] Loss: 4.7776 Bio: 0.9442 GateEnt: nan GateDiv: nan
Epoch [272/600] Total Loss: 32.9575
Epoch [273/600] Step [0/7] Loss: 4.9491 Bio: 0.9801 GateEnt: nan GateDiv: nan
Epoch [273/600] Total Loss: 33.0233
Epoch [274/600] Step [0/7] Loss: 4.7193 Bio: 0.9112 GateEnt: nan GateDiv: nan
Epoch [274/600] Total Loss: 32.8510
Epoch [275/600] Step [0/7] Loss: 4.9305 Bio: 0.9521 GateEnt: nan GateDiv: nan
Epoch [275/600] Total Loss: 32.9156
Epoch [276/600] Step [0/7] Loss: 4.8075 Bio: 0.9299 GateEnt: nan GateDiv: nan
Epoch [276/600] Total Loss: 32.9138
Epoch [277/600] Step [0/7] Loss: 4.7556 Bio: 1.0265 GateEnt: nan GateDiv: nan
Epoch [277/600] Total Loss: 32.7320
Epoch [278/600] Step [0/7] Loss: 4.9243 Bio: 0.8515 GateEnt: nan GateDiv: nan
Epoch [278/600] Total Loss: 33.0130
Epoch [279/600] Step [0/7] Loss: 4.9303 Bio: 0.9181 GateEnt: nan GateDiv: nan
Epoch [279/600] Total Loss: 33.2416
Epoch [280/600] Step [0/7] Loss: 4.8001 Bio: 0.9617 GateEnt: nan GateDiv: nan
Epoch [280/600] Total Loss: 32.9377
Epoch [281/600] Step [0/7] Loss: 5.0769 Bio: 1.0032 GateEnt: nan GateDiv: nan
Epoch [281/600] Total Loss: 32.9770
Epoch [282/600] Step [0/7] Loss: 4.8544 Bio: 0.9974 GateEnt: nan GateDiv: nan
Epoch [282/600] Total Loss: 32.8167
Epoch [283/600] Step [0/7] Loss: 4.7771 Bio: 0.9924 GateEnt: nan GateDiv: nan
Epoch [283/600] Total Loss: 32.7526
Epoch [284/600] Step [0/7] Loss: 4.8236 Bio: 0.9240 GateEnt: nan GateDiv: nan
Epoch [284/600] Total Loss: 32.7357
Epoch [285/600] Step [0/7] Loss: 4.8483 Bio: 0.8982 GateEnt: nan GateDiv: nan
Epoch [285/600] Total Loss: 33.0608
Epoch [286/600] Step [0/7] Loss: 4.8729 Bio: 0.9637 GateEnt: nan GateDiv: nan
Epoch [286/600] Total Loss: 32.6542
Epoch [287/600] Step [0/7] Loss: 4.8162 Bio: 0.8361 GateEnt: nan GateDiv: nan
Epoch [287/600] Total Loss: 32.4836
Epoch [288/600] Step [0/7] Loss: 4.9377 Bio: 0.9732 GateEnt: nan GateDiv: nan
Epoch [288/600] Total Loss: 33.2173
Epoch [289/600] Step [0/7] Loss: 4.8643 Bio: 0.9498 GateEnt: nan GateDiv: nan
Epoch [289/600] Total Loss: 33.2375
Epoch [290/600] Step [0/7] Loss: 5.0214 Bio: 0.7909 GateEnt: nan GateDiv: nan
Epoch [290/600] Total Loss: 32.8589
Epoch [291/600] Step [0/7] Loss: 4.8665 Bio: 0.7962 GateEnt: nan GateDiv: nan
Epoch [291/600] Total Loss: 33.3435
Epoch [292/600] Step [0/7] Loss: 4.9188 Bio: 0.8384 GateEnt: nan GateDiv: nan
Epoch [292/600] Total Loss: 32.5071
Epoch [293/600] Step [0/7] Loss: 4.9532 Bio: 0.8620 GateEnt: nan GateDiv: nan
Epoch [293/600] Total Loss: 33.1457
Epoch [294/600] Step [0/7] Loss: 4.6898 Bio: 1.0332 GateEnt: nan GateDiv: nan
Epoch [294/600] Total Loss: 32.7223
Epoch [295/600] Step [0/7] Loss: 4.9871 Bio: 0.9139 GateEnt: nan GateDiv: nan
Epoch [295/600] Total Loss: 33.4182
Epoch [296/600] Step [0/7] Loss: 4.9345 Bio: 0.9420 GateEnt: nan GateDiv: nan
Epoch [296/600] Total Loss: 32.8089
Epoch [297/600] Step [0/7] Loss: 4.9063 Bio: 0.9261 GateEnt: nan GateDiv: nan
Epoch [297/600] Total Loss: 33.2489
Epoch [298/600] Step [0/7] Loss: 4.9399 Bio: 0.8829 GateEnt: nan GateDiv: nan
Epoch [298/600] Total Loss: 32.7096
Epoch [299/600] Step [0/7] Loss: 4.9168 Bio: 0.9841 GateEnt: nan GateDiv: nan
Epoch [299/600] Total Loss: 33.2244
Epoch [300/600] Step [0/7] Loss: 4.8135 Bio: 0.9568 GateEnt: nan GateDiv: nan
Epoch [300/600] Total Loss: 33.4931
Epoch [301/600] Step [0/7] Loss: 4.9124 Bio: 0.8668 GateEnt: nan GateDiv: nan
Epoch [301/600] Total Loss: 33.0982
Epoch [302/600] Step [0/7] Loss: 5.0172 Bio: 0.9262 GateEnt: nan GateDiv: nan
Epoch [302/600] Total Loss: 33.1757
Epoch [303/600] Step [0/7] Loss: 4.9071 Bio: 0.8233 GateEnt: nan GateDiv: nan
Epoch [303/600] Total Loss: 33.0230
Epoch [304/600] Step [0/7] Loss: 5.1313 Bio: 0.9459 GateEnt: nan GateDiv: nan
Epoch [304/600] Total Loss: 33.7905
Epoch [305/600] Step [0/7] Loss: 4.7228 Bio: 0.8719 GateEnt: nan GateDiv: nan
Epoch [305/600] Total Loss: 32.7319
Epoch [306/600] Step [0/7] Loss: 4.8562 Bio: 0.7911 GateEnt: nan GateDiv: nan
Epoch [306/600] Total Loss: 32.9419
Epoch [307/600] Step [0/7] Loss: 4.9974 Bio: 0.8436 GateEnt: nan GateDiv: nan
Epoch [307/600] Total Loss: 33.3712
Epoch [308/600] Step [0/7] Loss: 5.0594 Bio: 0.7925 GateEnt: nan GateDiv: nan
Epoch [308/600] Total Loss: 32.8459
Epoch [309/600] Step [0/7] Loss: 4.8502 Bio: 0.8467 GateEnt: nan GateDiv: nan
Epoch [309/600] Total Loss: 33.1462
Epoch [310/600] Step [0/7] Loss: 4.8123 Bio: 0.9998 GateEnt: nan GateDiv: nan
Epoch [310/600] Total Loss: 32.7551
Epoch [311/600] Step [0/7] Loss: 4.9355 Bio: 0.8185 GateEnt: nan GateDiv: nan
Epoch [311/600] Total Loss: 32.9398
Epoch [312/600] Step [0/7] Loss: 4.7915 Bio: 0.9216 GateEnt: nan GateDiv: nan
Epoch [312/600] Total Loss: 33.4959
Epoch [313/600] Step [0/7] Loss: 4.7083 Bio: 0.7940 GateEnt: nan GateDiv: nan
Epoch [313/600] Total Loss: 33.0004
Epoch [314/600] Step [0/7] Loss: 4.8269 Bio: 1.0191 GateEnt: nan GateDiv: nan
Epoch [314/600] Total Loss: 32.9711
Epoch [315/600] Step [0/7] Loss: 4.7118 Bio: 0.7266 GateEnt: nan GateDiv: nan
Epoch [315/600] Total Loss: 32.4419
Epoch [316/600] Step [0/7] Loss: 4.9672 Bio: 0.8436 GateEnt: nan GateDiv: nan
Epoch [316/600] Total Loss: 33.0737
Epoch [317/600] Step [0/7] Loss: 4.7685 Bio: 1.0300 GateEnt: nan GateDiv: nan
Epoch [317/600] Total Loss: 32.4647
Epoch [318/600] Step [0/7] Loss: 4.8988 Bio: 0.9041 GateEnt: nan GateDiv: nan
Epoch [318/600] Total Loss: 33.2762
Epoch [319/600] Step [0/7] Loss: 4.9412 Bio: 0.8779 GateEnt: nan GateDiv: nan
Epoch [319/600] Total Loss: 32.9520
Epoch [320/600] Step [0/7] Loss: 4.7758 Bio: 1.0004 GateEnt: nan GateDiv: nan
Epoch [320/600] Total Loss: 33.6019
Epoch [321/600] Step [0/7] Loss: 4.7666 Bio: 0.8289 GateEnt: nan GateDiv: nan
Epoch [321/600] Total Loss: 33.2074
Epoch [322/600] Step [0/7] Loss: 4.8275 Bio: 0.9108 GateEnt: nan GateDiv: nan
Epoch [322/600] Total Loss: 33.2283
Epoch [323/600] Step [0/7] Loss: 4.8077 Bio: 0.8836 GateEnt: nan GateDiv: nan
Epoch [323/600] Total Loss: 33.0484
Epoch [324/600] Step [0/7] Loss: 4.8296 Bio: 1.0273 GateEnt: nan GateDiv: nan
Epoch [324/600] Total Loss: 32.8305
Epoch [325/600] Step [0/7] Loss: 4.7844 Bio: 0.9004 GateEnt: nan GateDiv: nan
Epoch [325/600] Total Loss: 32.2203
Epoch [326/600] Step [0/7] Loss: 4.7880 Bio: 0.9381 GateEnt: nan GateDiv: nan
Epoch [326/600] Total Loss: 32.5562
Epoch [327/600] Step [0/7] Loss: 5.0075 Bio: 0.8993 GateEnt: nan GateDiv: nan
Epoch [327/600] Total Loss: 32.9677
Epoch [328/600] Step [0/7] Loss: 4.9144 Bio: 0.8873 GateEnt: nan GateDiv: nan
Epoch [328/600] Total Loss: 32.7637
Epoch [329/600] Step [0/7] Loss: 5.1281 Bio: 0.8351 GateEnt: nan GateDiv: nan
Epoch [329/600] Total Loss: 32.5966
Epoch [330/600] Step [0/7] Loss: 4.6791 Bio: 0.8645 GateEnt: nan GateDiv: nan
Epoch [330/600] Total Loss: 32.5907
Epoch [331/600] Step [0/7] Loss: 4.9013 Bio: 0.8044 GateEnt: nan GateDiv: nan
Epoch [331/600] Total Loss: 32.5785
Epoch [332/600] Step [0/7] Loss: 4.7755 Bio: 0.8560 GateEnt: nan GateDiv: nan
Epoch [332/600] Total Loss: 33.1423
Epoch [333/600] Step [0/7] Loss: 4.9110 Bio: 0.9423 GateEnt: nan GateDiv: nan
Epoch [333/600] Total Loss: 32.7918
Epoch [334/600] Step [0/7] Loss: 5.0498 Bio: 0.9084 GateEnt: nan GateDiv: nan
Epoch [334/600] Total Loss: 33.1147
Epoch [335/600] Step [0/7] Loss: 4.7419 Bio: 0.8898 GateEnt: nan GateDiv: nan
Epoch [335/600] Total Loss: 32.7974
Epoch [336/600] Step [0/7] Loss: 4.9014 Bio: 0.9908 GateEnt: nan GateDiv: nan
Epoch [336/600] Total Loss: 33.1586
Epoch [337/600] Step [0/7] Loss: 4.7988 Bio: 0.8633 GateEnt: nan GateDiv: nan
Epoch [337/600] Total Loss: 33.1180
Epoch [338/600] Step [0/7] Loss: 4.9870 Bio: 0.9542 GateEnt: nan GateDiv: nan
Epoch [338/600] Total Loss: 33.4129
Epoch [339/600] Step [0/7] Loss: 4.8532 Bio: 0.8067 GateEnt: nan GateDiv: nan
Epoch [339/600] Total Loss: 33.1095
Epoch [340/600] Step [0/7] Loss: 4.8687 Bio: 1.0876 GateEnt: nan GateDiv: nan
Epoch [340/600] Total Loss: 32.7122
Epoch [341/600] Step [0/7] Loss: 4.8704 Bio: 0.8097 GateEnt: nan GateDiv: nan
Epoch [341/600] Total Loss: 33.0024
Epoch [342/600] Step [0/7] Loss: 4.7982 Bio: 1.0383 GateEnt: nan GateDiv: nan
Epoch [342/600] Total Loss: 33.2176
Epoch [343/600] Step [0/7] Loss: 4.6943 Bio: 0.7843 GateEnt: nan GateDiv: nan
Epoch [343/600] Total Loss: 32.6550
Epoch [344/600] Step [0/7] Loss: 5.0395 Bio: 0.9575 GateEnt: nan GateDiv: nan
Epoch [344/600] Total Loss: 33.3536
Epoch [345/600] Step [0/7] Loss: 4.9492 Bio: 0.9437 GateEnt: nan GateDiv: nan
Epoch [345/600] Total Loss: 33.1653
Epoch [346/600] Step [0/7] Loss: 4.9766 Bio: 1.0059 GateEnt: nan GateDiv: nan
Epoch [346/600] Total Loss: 32.9171
Epoch [347/600] Step [0/7] Loss: 4.8911 Bio: 0.9088 GateEnt: nan GateDiv: nan
Epoch [347/600] Total Loss: 32.7720
Epoch [348/600] Step [0/7] Loss: 4.7079 Bio: 0.8414 GateEnt: nan GateDiv: nan
Epoch [348/600] Total Loss: 33.0211
Epoch [349/600] Step [0/7] Loss: 5.0384 Bio: 0.7885 GateEnt: nan GateDiv: nan
Epoch [349/600] Total Loss: 32.7811
Epoch [350/600] Step [0/7] Loss: 4.8261 Bio: 0.9622 GateEnt: nan GateDiv: nan
Epoch [350/600] Total Loss: 33.1812
Epoch [351/600] Step [0/7] Loss: 4.7749 Bio: 0.9950 GateEnt: nan GateDiv: nan
Epoch [351/600] Total Loss: 32.6004
Epoch [352/600] Step [0/7] Loss: 4.7208 Bio: 1.0443 GateEnt: nan GateDiv: nan
Epoch [352/600] Total Loss: 32.7291
Epoch [353/600] Step [0/7] Loss: 4.9080 Bio: 1.0578 GateEnt: nan GateDiv: nan
Epoch [353/600] Total Loss: 32.8255
Epoch [354/600] Step [0/7] Loss: 4.7056 Bio: 0.8834 GateEnt: nan GateDiv: nan
Epoch [354/600] Total Loss: 32.4972
Epoch [355/600] Step [0/7] Loss: 4.9482 Bio: 1.0200 GateEnt: nan GateDiv: nan
Epoch [355/600] Total Loss: 32.7181
Epoch [356/600] Step [0/7] Loss: 4.8739 Bio: 0.9697 GateEnt: nan GateDiv: nan
Epoch [356/600] Total Loss: 32.4464
Epoch [357/600] Step [0/7] Loss: 4.8621 Bio: 0.8302 GateEnt: nan GateDiv: nan
Epoch [357/600] Total Loss: 32.6572
Epoch [358/600] Step [0/7] Loss: 4.7704 Bio: 0.9100 GateEnt: nan GateDiv: nan
Epoch [358/600] Total Loss: 32.7360
Epoch [359/600] Step [0/7] Loss: 4.8741 Bio: 0.9611 GateEnt: nan GateDiv: nan
Epoch [359/600] Total Loss: 33.3091
Epoch [360/600] Step [0/7] Loss: 4.9345 Bio: 0.9945 GateEnt: nan GateDiv: nan
Epoch [360/600] Total Loss: 32.9111
Epoch [361/600] Step [0/7] Loss: 4.7657 Bio: 1.0724 GateEnt: nan GateDiv: nan
Epoch [361/600] Total Loss: 33.0245
Epoch [362/600] Step [0/7] Loss: 4.8296 Bio: 0.8347 GateEnt: nan GateDiv: nan
Epoch [362/600] Total Loss: 32.7701
Epoch [363/600] Step [0/7] Loss: 4.7730 Bio: 0.8526 GateEnt: nan GateDiv: nan
Epoch [363/600] Total Loss: 32.6616
Epoch [364/600] Step [0/7] Loss: 4.8010 Bio: 0.8797 GateEnt: nan GateDiv: nan
Epoch [364/600] Total Loss: 32.6177
Epoch [365/600] Step [0/7] Loss: 4.6557 Bio: 0.9798 GateEnt: nan GateDiv: nan
Epoch [365/600] Total Loss: 33.1357
Epoch [366/600] Step [0/7] Loss: 4.9674 Bio: 0.7436 GateEnt: nan GateDiv: nan
Epoch [366/600] Total Loss: 33.3245
Epoch [367/600] Step [0/7] Loss: 4.8718 Bio: 0.8568 GateEnt: nan GateDiv: nan
Epoch [367/600] Total Loss: 33.1501
Epoch [368/600] Step [0/7] Loss: 4.8262 Bio: 0.9965 GateEnt: nan GateDiv: nan
Epoch [368/600] Total Loss: 33.2033
Epoch [369/600] Step [0/7] Loss: 4.8179 Bio: 0.8948 GateEnt: nan GateDiv: nan
Epoch [369/600] Total Loss: 32.8894
Epoch [370/600] Step [0/7] Loss: 4.7469 Bio: 1.0299 GateEnt: nan GateDiv: nan
Epoch [370/600] Total Loss: 33.2395
Epoch [371/600] Step [0/7] Loss: 4.7930 Bio: 0.9125 GateEnt: nan GateDiv: nan
Epoch [371/600] Total Loss: 32.6588
Epoch [372/600] Step [0/7] Loss: 4.8264 Bio: 0.9210 GateEnt: nan GateDiv: nan
Epoch [372/600] Total Loss: 32.8152
Epoch [373/600] Step [0/7] Loss: 4.8965 Bio: 0.8146 GateEnt: nan GateDiv: nan
Epoch [373/600] Total Loss: 32.8247
Epoch [374/600] Step [0/7] Loss: 4.7286 Bio: 0.9437 GateEnt: nan GateDiv: nan
Epoch [374/600] Total Loss: 32.7610
Epoch [375/600] Step [0/7] Loss: 4.8116 Bio: 0.8338 GateEnt: nan GateDiv: nan
Epoch [375/600] Total Loss: 32.2557
Epoch [376/600] Step [0/7] Loss: 4.7021 Bio: 0.8450 GateEnt: nan GateDiv: nan
Epoch [376/600] Total Loss: 32.6899
Epoch [377/600] Step [0/7] Loss: 5.0647 Bio: 0.8773 GateEnt: nan GateDiv: nan
Epoch [377/600] Total Loss: 33.1437
Epoch [378/600] Step [0/7] Loss: 4.7513 Bio: 0.9146 GateEnt: nan GateDiv: nan
Epoch [378/600] Total Loss: 32.7705
Epoch [379/600] Step [0/7] Loss: 4.8120 Bio: 0.8450 GateEnt: nan GateDiv: nan
Epoch [379/600] Total Loss: 33.5118
Epoch [380/600] Step [0/7] Loss: 4.7869 Bio: 0.9367 GateEnt: nan GateDiv: nan
Epoch [380/600] Total Loss: 32.5479
Epoch [381/600] Step [0/7] Loss: 4.6610 Bio: 0.9186 GateEnt: nan GateDiv: nan
Epoch [381/600] Total Loss: 32.7769
Epoch [382/600] Step [0/7] Loss: 4.7498 Bio: 0.8766 GateEnt: nan GateDiv: nan
Epoch [382/600] Total Loss: 32.3963
Epoch [383/600] Step [0/7] Loss: 4.7109 Bio: 0.8761 GateEnt: nan GateDiv: nan
Epoch [383/600] Total Loss: 32.3336
Epoch [384/600] Step [0/7] Loss: 4.8832 Bio: 0.9338 GateEnt: nan GateDiv: nan
Epoch [384/600] Total Loss: 33.2616
Epoch [385/600] Step [0/7] Loss: 4.6789 Bio: 0.8840 GateEnt: nan GateDiv: nan
Epoch [385/600] Total Loss: 32.5540
Epoch [386/600] Step [0/7] Loss: 4.8286 Bio: 1.0011 GateEnt: nan GateDiv: nan
Epoch [386/600] Total Loss: 33.2538
Epoch [387/600] Step [0/7] Loss: 4.7032 Bio: 0.8704 GateEnt: nan GateDiv: nan
Epoch [387/600] Total Loss: 32.8705
Epoch [388/600] Step [0/7] Loss: 4.7022 Bio: 0.8750 GateEnt: nan GateDiv: nan
Epoch [388/600] Total Loss: 32.5317
Epoch [389/600] Step [0/7] Loss: 4.7138 Bio: 0.9320 GateEnt: nan GateDiv: nan
Epoch [389/600] Total Loss: 32.7585
Epoch [390/600] Step [0/7] Loss: 4.8497 Bio: 0.9319 GateEnt: nan GateDiv: nan
Epoch [390/600] Total Loss: 32.4285
Epoch [391/600] Step [0/7] Loss: 4.7185 Bio: 0.8378 GateEnt: nan GateDiv: nan
Epoch [391/600] Total Loss: 32.8431
Epoch [392/600] Step [0/7] Loss: 4.7595 Bio: 0.8825 GateEnt: nan GateDiv: nan
Epoch [392/600] Total Loss: 32.6557
Epoch [393/600] Step [0/7] Loss: 4.7791 Bio: 0.9590 GateEnt: nan GateDiv: nan
Epoch [393/600] Total Loss: 32.6822
Epoch [394/600] Step [0/7] Loss: 4.7585 Bio: 0.8392 GateEnt: nan GateDiv: nan
Epoch [394/600] Total Loss: 32.6598
Epoch [395/600] Step [0/7] Loss: 4.6547 Bio: 1.0443 GateEnt: nan GateDiv: nan
Epoch [395/600] Total Loss: 33.2817
Epoch [396/600] Step [0/7] Loss: 4.7221 Bio: 1.0723 GateEnt: nan GateDiv: nan
Epoch [396/600] Total Loss: 32.5586
Epoch [397/600] Step [0/7] Loss: 4.7987 Bio: 0.7912 GateEnt: nan GateDiv: nan
Epoch [397/600] Total Loss: 32.4689
Epoch [398/600] Step [0/7] Loss: 4.7821 Bio: 0.8882 GateEnt: nan GateDiv: nan
Epoch [398/600] Total Loss: 32.6419
Epoch [399/600] Step [0/7] Loss: 4.7272 Bio: 0.9182 GateEnt: nan GateDiv: nan
Epoch [399/600] Total Loss: 32.4463
Epoch [400/600] Step [0/7] Loss: 4.8613 Bio: 0.9510 GateEnt: nan GateDiv: nan
Epoch [400/600] Total Loss: 32.7281
Epoch [401/600] Step [0/7] Loss: 4.6267 Bio: 0.8660 GateEnt: nan GateDiv: nan
Epoch [401/600] Total Loss: 33.0221
Epoch [402/600] Step [0/7] Loss: 4.7621 Bio: 0.9298 GateEnt: nan GateDiv: nan
Epoch [402/600] Total Loss: 32.9031
Epoch [403/600] Step [0/7] Loss: 4.8929 Bio: 0.9328 GateEnt: nan GateDiv: nan
Epoch [403/600] Total Loss: 32.6499
Epoch [404/600] Step [0/7] Loss: 4.8329 Bio: 0.8594 GateEnt: nan GateDiv: nan
Epoch [404/600] Total Loss: 32.8113
Epoch [405/600] Step [0/7] Loss: 4.8165 Bio: 0.8652 GateEnt: nan GateDiv: nan
Epoch [405/600] Total Loss: 32.3132
Epoch [406/600] Step [0/7] Loss: 4.9335 Bio: 0.8373 GateEnt: nan GateDiv: nan
Epoch [406/600] Total Loss: 32.4147
Epoch [407/600] Step [0/7] Loss: 4.8966 Bio: 0.8799 GateEnt: nan GateDiv: nan
Epoch [407/600] Total Loss: 32.2893
Epoch [408/600] Step [0/7] Loss: 4.8124 Bio: 0.9392 GateEnt: nan GateDiv: nan
Epoch [408/600] Total Loss: 32.5642
Epoch [409/600] Step [0/7] Loss: 4.8829 Bio: 0.9849 GateEnt: nan GateDiv: nan
Epoch [409/600] Total Loss: 32.7043
Epoch [410/600] Step [0/7] Loss: 4.7937 Bio: 0.9507 GateEnt: nan GateDiv: nan
Epoch [410/600] Total Loss: 32.3215
Epoch [411/600] Step [0/7] Loss: 4.6954 Bio: 0.9384 GateEnt: nan GateDiv: nan
Epoch [411/600] Total Loss: 32.5771
Epoch [412/600] Step [0/7] Loss: 4.7791 Bio: 0.9429 GateEnt: nan GateDiv: nan
Epoch [412/600] Total Loss: 32.2190
Epoch [413/600] Step [0/7] Loss: 4.9453 Bio: 0.8385 GateEnt: nan GateDiv: nan
Epoch [413/600] Total Loss: 32.7833
Epoch [414/600] Step [0/7] Loss: 4.6379 Bio: 0.9272 GateEnt: nan GateDiv: nan
Epoch [414/600] Total Loss: 32.5642
Epoch [415/600] Step [0/7] Loss: 4.8678 Bio: 0.7673 GateEnt: nan GateDiv: nan
Epoch [415/600] Total Loss: 32.5158
Epoch [416/600] Step [0/7] Loss: 4.8524 Bio: 0.9568 GateEnt: nan GateDiv: nan
Epoch [416/600] Total Loss: 32.8453
Epoch [417/600] Step [0/7] Loss: 4.6048 Bio: 0.9545 GateEnt: nan GateDiv: nan
Epoch [417/600] Total Loss: 32.4804
Epoch [418/600] Step [0/7] Loss: 4.6606 Bio: 0.9137 GateEnt: nan GateDiv: nan
Epoch [418/600] Total Loss: 32.1400
Epoch [419/600] Step [0/7] Loss: 4.9300 Bio: 0.9419 GateEnt: nan GateDiv: nan
Epoch [419/600] Total Loss: 33.0597
Epoch [420/600] Step [0/7] Loss: 4.7470 Bio: 0.9287 GateEnt: nan GateDiv: nan
Epoch [420/600] Total Loss: 33.1408
Epoch [421/600] Step [0/7] Loss: 4.6428 Bio: 1.1107 GateEnt: nan GateDiv: nan
Epoch [421/600] Total Loss: 32.3914
Epoch [422/600] Step [0/7] Loss: 4.6648 Bio: 0.8867 GateEnt: nan GateDiv: nan
Epoch [422/600] Total Loss: 32.5525
Epoch [423/600] Step [0/7] Loss: 4.8919 Bio: 0.9143 GateEnt: nan GateDiv: nan
Epoch [423/600] Total Loss: 32.7076
Epoch [424/600] Step [0/7] Loss: 4.9365 Bio: 0.9358 GateEnt: nan GateDiv: nan
Epoch [424/600] Total Loss: 32.6220
Epoch [425/600] Step [0/7] Loss: 4.7499 Bio: 0.8774 GateEnt: nan GateDiv: nan
Epoch [425/600] Total Loss: 32.3025
Epoch [426/600] Step [0/7] Loss: 4.7422 Bio: 0.9551 GateEnt: nan GateDiv: nan
Epoch [426/600] Total Loss: 32.2169
Epoch [427/600] Step [0/7] Loss: 4.7802 Bio: 0.9129 GateEnt: nan GateDiv: nan
Epoch [427/600] Total Loss: 32.4342
Epoch [428/600] Step [0/7] Loss: 4.7835 Bio: 0.9597 GateEnt: nan GateDiv: nan
Epoch [428/600] Total Loss: 32.9704
Epoch [429/600] Step [0/7] Loss: 4.7009 Bio: 0.8991 GateEnt: nan GateDiv: nan
Epoch [429/600] Total Loss: 32.9000
Epoch [430/600] Step [0/7] Loss: 4.8571 Bio: 0.9254 GateEnt: nan GateDiv: nan
Epoch [430/600] Total Loss: 33.3057
Epoch [431/600] Step [0/7] Loss: 4.7710 Bio: 0.9613 GateEnt: nan GateDiv: nan
Epoch [431/600] Total Loss: 32.4493
Epoch [432/600] Step [0/7] Loss: 4.7201 Bio: 0.9027 GateEnt: nan GateDiv: nan
Epoch [432/600] Total Loss: 32.8037
Epoch [433/600] Step [0/7] Loss: 4.7551 Bio: 0.9889 GateEnt: nan GateDiv: nan
Epoch [433/600] Total Loss: 33.2363
Epoch [434/600] Step [0/7] Loss: 4.7776 Bio: 0.8055 GateEnt: nan GateDiv: nan
Epoch [434/600] Total Loss: 32.7446
Epoch [435/600] Step [0/7] Loss: 4.9126 Bio: 0.8362 GateEnt: nan GateDiv: nan
Epoch [435/600] Total Loss: 32.8129
Epoch [436/600] Step [0/7] Loss: 4.6218 Bio: 0.9837 GateEnt: nan GateDiv: nan
Epoch [436/600] Total Loss: 32.2243
Epoch [437/600] Step [0/7] Loss: 4.8688 Bio: 0.9864 GateEnt: nan GateDiv: nan
Epoch [437/600] Total Loss: 32.6521
Epoch [438/600] Step [0/7] Loss: 4.6407 Bio: 1.0484 GateEnt: nan GateDiv: nan
Epoch [438/600] Total Loss: 32.2277
Epoch [439/600] Step [0/7] Loss: 4.9072 Bio: 0.8286 GateEnt: nan GateDiv: nan
Epoch [439/600] Total Loss: 32.6627
Epoch [440/600] Step [0/7] Loss: 4.7816 Bio: 0.9368 GateEnt: nan GateDiv: nan
Epoch [440/600] Total Loss: 32.6209
Epoch [441/600] Step [0/7] Loss: 4.5975 Bio: 0.9432 GateEnt: nan GateDiv: nan
Epoch [441/600] Total Loss: 32.1090
Epoch [442/600] Step [0/7] Loss: 4.8269 Bio: 0.9823 GateEnt: nan GateDiv: nan
Epoch [442/600] Total Loss: 32.9360
Epoch [443/600] Step [0/7] Loss: 4.8982 Bio: 0.9121 GateEnt: nan GateDiv: nan
Epoch [443/600] Total Loss: 33.1011
Epoch [444/600] Step [0/7] Loss: 4.6432 Bio: 0.9182 GateEnt: nan GateDiv: nan
Epoch [444/600] Total Loss: 32.4969
Epoch [445/600] Step [0/7] Loss: 4.9458 Bio: 0.8946 GateEnt: nan GateDiv: nan
Epoch [445/600] Total Loss: 32.9246
Epoch [446/600] Step [0/7] Loss: 4.7665 Bio: 0.9080 GateEnt: nan GateDiv: nan
Epoch [446/600] Total Loss: 32.3370
Epoch [447/600] Step [0/7] Loss: 4.8117 Bio: 0.9917 GateEnt: nan GateDiv: nan
Epoch [447/600] Total Loss: 32.8529
Epoch [448/600] Step [0/7] Loss: 4.9525 Bio: 0.8613 GateEnt: nan GateDiv: nan
Epoch [448/600] Total Loss: 32.7613
Epoch [449/600] Step [0/7] Loss: 5.0524 Bio: 0.9790 GateEnt: nan GateDiv: nan
Epoch [449/600] Total Loss: 32.4716
Epoch [450/600] Step [0/7] Loss: 4.8303 Bio: 0.8712 GateEnt: nan GateDiv: nan
Epoch [450/600] Total Loss: 32.6697
Epoch [451/600] Step [0/7] Loss: 4.7361 Bio: 0.9526 GateEnt: nan GateDiv: nan
Epoch [451/600] Total Loss: 32.2789
Epoch [452/600] Step [0/7] Loss: 4.8495 Bio: 0.8794 GateEnt: nan GateDiv: nan
Epoch [452/600] Total Loss: 32.2065
Epoch [453/600] Step [0/7] Loss: 4.8266 Bio: 0.8999 GateEnt: nan GateDiv: nan
Epoch [453/600] Total Loss: 32.5643
Epoch [454/600] Step [0/7] Loss: 4.8780 Bio: 0.8646 GateEnt: nan GateDiv: nan
Epoch [454/600] Total Loss: 32.6191
Epoch [455/600] Step [0/7] Loss: 4.8252 Bio: 0.8249 GateEnt: nan GateDiv: nan
Epoch [455/600] Total Loss: 32.8014
Epoch [456/600] Step [0/7] Loss: 4.9235 Bio: 0.8326 GateEnt: nan GateDiv: nan
Epoch [456/600] Total Loss: 32.6129
Epoch [457/600] Step [0/7] Loss: 4.8922 Bio: 0.9285 GateEnt: nan GateDiv: nan
Epoch [457/600] Total Loss: 32.4247
Epoch [458/600] Step [0/7] Loss: 4.7409 Bio: 0.9153 GateEnt: nan GateDiv: nan
Epoch [458/600] Total Loss: 32.6033
Epoch [459/600] Step [0/7] Loss: 4.6617 Bio: 0.8724 GateEnt: nan GateDiv: nan
Epoch [459/600] Total Loss: 32.4898
Epoch [460/600] Step [0/7] Loss: 4.8292 Bio: 1.0175 GateEnt: nan GateDiv: nan
Epoch [460/600] Total Loss: 32.6685
Epoch [461/600] Step [0/7] Loss: 4.7337 Bio: 0.8360 GateEnt: nan GateDiv: nan
Epoch [461/600] Total Loss: 32.4584
Epoch [462/600] Step [0/7] Loss: 4.8340 Bio: 0.9744 GateEnt: nan GateDiv: nan
Epoch [462/600] Total Loss: 32.7180
Epoch [463/600] Step [0/7] Loss: 4.8287 Bio: 0.8929 GateEnt: nan GateDiv: nan
Epoch [463/600] Total Loss: 32.8875
Epoch [464/600] Step [0/7] Loss: 4.9513 Bio: 0.8531 GateEnt: nan GateDiv: nan
Epoch [464/600] Total Loss: 32.5101
Epoch [465/600] Step [0/7] Loss: 4.7237 Bio: 0.7630 GateEnt: nan GateDiv: nan
Epoch [465/600] Total Loss: 32.3637
Epoch [466/600] Step [0/7] Loss: 4.6804 Bio: 1.0309 GateEnt: nan GateDiv: nan
Epoch [466/600] Total Loss: 32.1909
Epoch [467/600] Step [0/7] Loss: 4.7429 Bio: 0.8624 GateEnt: nan GateDiv: nan
Epoch [467/600] Total Loss: 32.3095
Epoch [468/600] Step [0/7] Loss: 4.7317 Bio: 0.8163 GateEnt: nan GateDiv: nan
Epoch [468/600] Total Loss: 32.1620
Epoch [469/600] Step [0/7] Loss: 4.8287 Bio: 0.8979 GateEnt: nan GateDiv: nan
Epoch [469/600] Total Loss: 32.7028
Epoch [470/600] Step [0/7] Loss: 4.7171 Bio: 0.8805 GateEnt: nan GateDiv: nan
Epoch [470/600] Total Loss: 32.3915
Epoch [471/600] Step [0/7] Loss: 4.8619 Bio: 0.9227 GateEnt: nan GateDiv: nan
Epoch [471/600] Total Loss: 32.9109
Epoch [472/600] Step [0/7] Loss: 4.7426 Bio: 0.9445 GateEnt: nan GateDiv: nan
Epoch [472/600] Total Loss: 32.3375
Epoch [473/600] Step [0/7] Loss: 4.7997 Bio: 0.8622 GateEnt: nan GateDiv: nan
Epoch [473/600] Total Loss: 33.1974
Epoch [474/600] Step [0/7] Loss: 4.6801 Bio: 0.9258 GateEnt: nan GateDiv: nan
Epoch [474/600] Total Loss: 32.4237
Epoch [475/600] Step [0/7] Loss: 5.1628 Bio: 0.8831 GateEnt: nan GateDiv: nan
Epoch [475/600] Total Loss: 32.6296
Epoch [476/600] Step [0/7] Loss: 4.6888 Bio: 0.9336 GateEnt: nan GateDiv: nan
Epoch [476/600] Total Loss: 32.4008
Epoch [477/600] Step [0/7] Loss: 4.7604 Bio: 1.0130 GateEnt: nan GateDiv: nan
Epoch [477/600] Total Loss: 32.7038
Epoch [478/600] Step [0/7] Loss: 4.6665 Bio: 0.9605 GateEnt: nan GateDiv: nan
Epoch [478/600] Total Loss: 32.5778
Epoch [479/600] Step [0/7] Loss: 4.6601 Bio: 0.9121 GateEnt: nan GateDiv: nan
Epoch [479/600] Total Loss: 32.5760
Epoch [480/600] Step [0/7] Loss: 4.6840 Bio: 0.9712 GateEnt: nan GateDiv: nan
Epoch [480/600] Total Loss: 32.2935
Epoch [481/600] Step [0/7] Loss: 4.7382 Bio: 0.8898 GateEnt: nan GateDiv: nan
Epoch [481/600] Total Loss: 32.1395
Epoch [482/600] Step [0/7] Loss: 4.7779 Bio: 0.9148 GateEnt: nan GateDiv: nan
Epoch [482/600] Total Loss: 32.2349
Epoch [483/600] Step [0/7] Loss: 4.6616 Bio: 0.8797 GateEnt: nan GateDiv: nan
Epoch [483/600] Total Loss: 32.2589
Epoch [484/600] Step [0/7] Loss: 4.9212 Bio: 0.9150 GateEnt: nan GateDiv: nan
Epoch [484/600] Total Loss: 32.3038
Epoch [485/600] Step [0/7] Loss: 4.6737 Bio: 0.9460 GateEnt: nan GateDiv: nan
Epoch [485/600] Total Loss: 33.0387
Epoch [486/600] Step [0/7] Loss: 4.7691 Bio: 0.8565 GateEnt: nan GateDiv: nan
Epoch [486/600] Total Loss: 32.1110
Epoch [487/600] Step [0/7] Loss: 4.6616 Bio: 1.0319 GateEnt: nan GateDiv: nan
Epoch [487/600] Total Loss: 31.8583
Epoch [488/600] Step [0/7] Loss: 4.8102 Bio: 1.0463 GateEnt: nan GateDiv: nan
Epoch [488/600] Total Loss: 32.4011
Epoch [489/600] Step [0/7] Loss: 4.7512 Bio: 1.0051 GateEnt: nan GateDiv: nan
Epoch [489/600] Total Loss: 32.1502
Epoch [490/600] Step [0/7] Loss: 4.7317 Bio: 0.9649 GateEnt: nan GateDiv: nan
Epoch [490/600] Total Loss: 31.9441
Epoch [491/600] Step [0/7] Loss: 4.7278 Bio: 0.8368 GateEnt: nan GateDiv: nan
Epoch [491/600] Total Loss: 32.2446
Epoch [492/600] Step [0/7] Loss: 4.6309 Bio: 0.9039 GateEnt: nan GateDiv: nan
Epoch [492/600] Total Loss: 32.7138
Epoch [493/600] Step [0/7] Loss: 4.8070 Bio: 0.9248 GateEnt: nan GateDiv: nan
Epoch [493/600] Total Loss: 32.3417
Epoch [494/600] Step [0/7] Loss: 4.6656 Bio: 0.9246 GateEnt: nan GateDiv: nan
Epoch [494/600] Total Loss: 32.7037
Epoch [495/600] Step [0/7] Loss: 4.8110 Bio: 0.8885 GateEnt: nan GateDiv: nan
Epoch [495/600] Total Loss: 32.6921
Epoch [496/600] Step [0/7] Loss: 4.7510 Bio: 0.9035 GateEnt: nan GateDiv: nan
Epoch [496/600] Total Loss: 32.1803
Epoch [497/600] Step [0/7] Loss: 4.8035 Bio: 0.8787 GateEnt: nan GateDiv: nan
Epoch [497/600] Total Loss: 32.2933
Epoch [498/600] Step [0/7] Loss: 4.7986 Bio: 0.8584 GateEnt: nan GateDiv: nan
Epoch [498/600] Total Loss: 32.3567
Epoch [499/600] Step [0/7] Loss: 4.6342 Bio: 0.8384 GateEnt: nan GateDiv: nan
Epoch [499/600] Total Loss: 32.3112
Epoch [500/600] Step [0/7] Loss: 4.8190 Bio: 0.9089 GateEnt: nan GateDiv: nan
Epoch [500/600] Total Loss: 32.5727
Epoch [501/600] Step [0/7] Loss: 4.9583 Bio: 0.9272 GateEnt: nan GateDiv: nan
Epoch [501/600] Total Loss: 32.8513
Epoch [502/600] Step [0/7] Loss: 4.6193 Bio: 0.9309 GateEnt: nan GateDiv: nan
Epoch [502/600] Total Loss: 31.9177
Epoch [503/600] Step [0/7] Loss: 4.8969 Bio: 0.9406 GateEnt: nan GateDiv: nan
Epoch [503/600] Total Loss: 32.5409
Epoch [504/600] Step [0/7] Loss: 4.7578 Bio: 0.9214 GateEnt: nan GateDiv: nan
Epoch [504/600] Total Loss: 32.5604
Epoch [505/600] Step [0/7] Loss: 4.6940 Bio: 0.9669 GateEnt: nan GateDiv: nan
Epoch [505/600] Total Loss: 32.5578
Epoch [506/600] Step [0/7] Loss: 4.7190 Bio: 0.9245 GateEnt: nan GateDiv: nan
Epoch [506/600] Total Loss: 33.2211
Epoch [507/600] Step [0/7] Loss: 4.6728 Bio: 0.9015 GateEnt: nan GateDiv: nan
Epoch [507/600] Total Loss: 32.5518
Epoch [508/600] Step [0/7] Loss: 4.8656 Bio: 0.9411 GateEnt: nan GateDiv: nan
Epoch [508/600] Total Loss: 32.8442
Epoch [509/600] Step [0/7] Loss: 4.8264 Bio: 0.9573 GateEnt: nan GateDiv: nan
Epoch [509/600] Total Loss: 32.5738
Epoch [510/600] Step [0/7] Loss: 4.6389 Bio: 0.8546 GateEnt: nan GateDiv: nan
Epoch [510/600] Total Loss: 32.3755
Epoch [511/600] Step [0/7] Loss: 4.9073 Bio: 0.9576 GateEnt: nan GateDiv: nan
Epoch [511/600] Total Loss: 32.7037
Epoch [512/600] Step [0/7] Loss: 4.9998 Bio: 0.8133 GateEnt: nan GateDiv: nan
Epoch [512/600] Total Loss: 32.3767
Epoch [513/600] Step [0/7] Loss: 4.7184 Bio: 1.0210 GateEnt: nan GateDiv: nan
Epoch [513/600] Total Loss: 32.7844
Epoch [514/600] Step [0/7] Loss: 4.7419 Bio: 1.0225 GateEnt: nan GateDiv: nan
Epoch [514/600] Total Loss: 32.7704
Epoch [515/600] Step [0/7] Loss: 4.9382 Bio: 0.8860 GateEnt: nan GateDiv: nan
Epoch [515/600] Total Loss: 32.3221
Epoch [516/600] Step [0/7] Loss: 4.8819 Bio: 0.8731 GateEnt: nan GateDiv: nan
Epoch [516/600] Total Loss: 32.6964
Epoch [517/600] Step [0/7] Loss: 4.6593 Bio: 1.0987 GateEnt: nan GateDiv: nan
Epoch [517/600] Total Loss: 32.6064
Epoch [518/600] Step [0/7] Loss: 4.7862 Bio: 0.9550 GateEnt: nan GateDiv: nan
Epoch [518/600] Total Loss: 32.3645
Epoch [519/600] Step [0/7] Loss: 4.8147 Bio: 0.8665 GateEnt: nan GateDiv: nan
Epoch [519/600] Total Loss: 32.5418
Epoch [520/600] Step [0/7] Loss: 4.8522 Bio: 0.9058 GateEnt: nan GateDiv: nan
Epoch [520/600] Total Loss: 32.6273
Epoch [521/600] Step [0/7] Loss: 4.7966 Bio: 0.8131 GateEnt: nan GateDiv: nan
Epoch [521/600] Total Loss: 32.7728
Epoch [522/600] Step [0/7] Loss: 4.5937 Bio: 0.9479 GateEnt: nan GateDiv: nan
Epoch [522/600] Total Loss: 32.5506
Epoch [523/600] Step [0/7] Loss: 4.9320 Bio: 0.9379 GateEnt: nan GateDiv: nan
Epoch [523/600] Total Loss: 32.6441
Epoch [524/600] Step [0/7] Loss: 4.7450 Bio: 0.9308 GateEnt: nan GateDiv: nan
Epoch [524/600] Total Loss: 31.9713
Epoch [525/600] Step [0/7] Loss: 4.8373 Bio: 0.9047 GateEnt: nan GateDiv: nan
Epoch [525/600] Total Loss: 32.7142
Epoch [526/600] Step [0/7] Loss: 4.6599 Bio: 1.0785 GateEnt: nan GateDiv: nan
Epoch [526/600] Total Loss: 32.0686
Epoch [527/600] Step [0/7] Loss: 4.7447 Bio: 0.9280 GateEnt: nan GateDiv: nan
Epoch [527/600] Total Loss: 32.3926
Epoch [528/600] Step [0/7] Loss: 4.7866 Bio: 0.9271 GateEnt: nan GateDiv: nan
Epoch [528/600] Total Loss: 32.6588
Epoch [529/600] Step [0/7] Loss: 4.8980 Bio: 0.8593 GateEnt: nan GateDiv: nan
Epoch [529/600] Total Loss: 33.0249
Epoch [530/600] Step [0/7] Loss: 4.7037 Bio: 0.9272 GateEnt: nan GateDiv: nan
Epoch [530/600] Total Loss: 32.3257
Epoch [531/600] Step [0/7] Loss: 4.7806 Bio: 1.0067 GateEnt: nan GateDiv: nan
Epoch [531/600] Total Loss: 32.4343
Epoch [532/600] Step [0/7] Loss: 4.8185 Bio: 0.9200 GateEnt: nan GateDiv: nan
Epoch [532/600] Total Loss: 32.4814
Epoch [533/600] Step [0/7] Loss: 4.7406 Bio: 0.8991 GateEnt: nan GateDiv: nan
Epoch [533/600] Total Loss: 32.6793
Epoch [534/600] Step [0/7] Loss: 4.7829 Bio: 0.7632 GateEnt: nan GateDiv: nan
Epoch [534/600] Total Loss: 32.3164
Epoch [535/600] Step [0/7] Loss: 4.8055 Bio: 0.8695 GateEnt: nan GateDiv: nan
Epoch [535/600] Total Loss: 32.1611
Epoch [536/600] Step [0/7] Loss: 4.8933 Bio: 0.8759 GateEnt: nan GateDiv: nan
Epoch [536/600] Total Loss: 32.4247
Epoch [537/600] Step [0/7] Loss: 4.8066 Bio: 0.8978 GateEnt: nan GateDiv: nan
Epoch [537/600] Total Loss: 32.3203
Epoch [538/600] Step [0/7] Loss: 4.7254 Bio: 0.9325 GateEnt: nan GateDiv: nan
Epoch [538/600] Total Loss: 32.5937
Epoch [539/600] Step [0/7] Loss: 4.7819 Bio: 0.9440 GateEnt: nan GateDiv: nan
Epoch [539/600] Total Loss: 32.1723
Epoch [540/600] Step [0/7] Loss: 4.6454 Bio: 0.8271 GateEnt: nan GateDiv: nan
Epoch [540/600] Total Loss: 32.3347
Epoch [541/600] Step [0/7] Loss: 4.6876 Bio: 0.9398 GateEnt: nan GateDiv: nan
Epoch [541/600] Total Loss: 31.8072
Epoch [542/600] Step [0/7] Loss: 4.8287 Bio: 0.9489 GateEnt: nan GateDiv: nan
Epoch [542/600] Total Loss: 32.0795
Epoch [543/600] Step [0/7] Loss: 4.7572 Bio: 0.9488 GateEnt: nan GateDiv: nan
Epoch [543/600] Total Loss: 32.4423
Epoch [544/600] Step [0/7] Loss: 4.8273 Bio: 0.8659 GateEnt: nan GateDiv: nan
Epoch [544/600] Total Loss: 32.7016
Epoch [545/600] Step [0/7] Loss: 4.7101 Bio: 0.8485 GateEnt: nan GateDiv: nan
Epoch [545/600] Total Loss: 32.2442
Epoch [546/600] Step [0/7] Loss: 4.7324 Bio: 0.8415 GateEnt: nan GateDiv: nan
Epoch [546/600] Total Loss: 32.5208
Epoch [547/600] Step [0/7] Loss: 4.8432 Bio: 0.8846 GateEnt: nan GateDiv: nan
Epoch [547/600] Total Loss: 32.0724
Epoch [548/600] Step [0/7] Loss: 4.6950 Bio: 0.9125 GateEnt: nan GateDiv: nan
Epoch [548/600] Total Loss: 31.7102
Epoch [549/600] Step [0/7] Loss: 4.7164 Bio: 0.9193 GateEnt: nan GateDiv: nan
Epoch [549/600] Total Loss: 32.5703
Epoch [550/600] Step [0/7] Loss: 4.6127 Bio: 0.8877 GateEnt: nan GateDiv: nan
Epoch [550/600] Total Loss: 32.7752
Epoch [551/600] Step [0/7] Loss: 4.6781 Bio: 0.9601 GateEnt: nan GateDiv: nan
Epoch [551/600] Total Loss: 32.0170
Epoch [552/600] Step [0/7] Loss: 4.8386 Bio: 0.8148 GateEnt: nan GateDiv: nan
Epoch [552/600] Total Loss: 32.4118
Epoch [553/600] Step [0/7] Loss: 4.7636 Bio: 1.0057 GateEnt: nan GateDiv: nan
Epoch [553/600] Total Loss: 32.4014
Epoch [554/600] Step [0/7] Loss: 4.7173 Bio: 0.9414 GateEnt: nan GateDiv: nan
Epoch [554/600] Total Loss: 32.2452
Epoch [555/600] Step [0/7] Loss: 4.8040 Bio: 1.0448 GateEnt: nan GateDiv: nan
Epoch [555/600] Total Loss: 32.1009
Epoch [556/600] Step [0/7] Loss: 4.6126 Bio: 1.0339 GateEnt: nan GateDiv: nan
Epoch [556/600] Total Loss: 32.1895
Epoch [557/600] Step [0/7] Loss: 4.7158 Bio: 0.8959 GateEnt: nan GateDiv: nan
Epoch [557/600] Total Loss: 32.1734
Epoch [558/600] Step [0/7] Loss: 4.8189 Bio: 0.9364 GateEnt: nan GateDiv: nan
Epoch [558/600] Total Loss: 33.1385
Epoch [559/600] Step [0/7] Loss: 4.7053 Bio: 0.8381 GateEnt: nan GateDiv: nan
Epoch [559/600] Total Loss: 32.1649
Epoch [560/600] Step [0/7] Loss: 4.5624 Bio: 0.8689 GateEnt: nan GateDiv: nan
Epoch [560/600] Total Loss: 32.1006
Epoch [561/600] Step [0/7] Loss: 4.7538 Bio: 0.9931 GateEnt: nan GateDiv: nan
Epoch [561/600] Total Loss: 32.1236
Epoch [562/600] Step [0/7] Loss: 4.7747 Bio: 0.9017 GateEnt: nan GateDiv: nan
Epoch [562/600] Total Loss: 32.0747
Epoch [563/600] Step [0/7] Loss: 4.7040 Bio: 1.0371 GateEnt: nan GateDiv: nan
Epoch [563/600] Total Loss: 32.5384
Epoch [564/600] Step [0/7] Loss: 4.6701 Bio: 0.9935 GateEnt: nan GateDiv: nan
Epoch [564/600] Total Loss: 32.5577
Epoch [565/600] Step [0/7] Loss: 4.6931 Bio: 0.8846 GateEnt: nan GateDiv: nan
Epoch [565/600] Total Loss: 32.4992
Epoch [566/600] Step [0/7] Loss: 4.8156 Bio: 0.9673 GateEnt: nan GateDiv: nan
Epoch [566/600] Total Loss: 33.0830
Epoch [567/600] Step [0/7] Loss: 4.9025 Bio: 0.8530 GateEnt: nan GateDiv: nan
Epoch [567/600] Total Loss: 32.8585
Epoch [568/600] Step [0/7] Loss: 4.8447 Bio: 0.8470 GateEnt: nan GateDiv: nan
Epoch [568/600] Total Loss: 32.2146
Epoch [569/600] Step [0/7] Loss: 4.7143 Bio: 0.9013 GateEnt: nan GateDiv: nan
Epoch [569/600] Total Loss: 32.8857
Epoch [570/600] Step [0/7] Loss: 4.6784 Bio: 0.9185 GateEnt: nan GateDiv: nan
Epoch [570/600] Total Loss: 32.4016
Epoch [571/600] Step [0/7] Loss: 4.9080 Bio: 0.9058 GateEnt: nan GateDiv: nan
Epoch [571/600] Total Loss: 32.3958
Epoch [572/600] Step [0/7] Loss: 4.6983 Bio: 0.8947 GateEnt: nan GateDiv: nan
Epoch [572/600] Total Loss: 32.8480
Epoch [573/600] Step [0/7] Loss: 4.7757 Bio: 0.8229 GateEnt: nan GateDiv: nan
Epoch [573/600] Total Loss: 32.5365
Epoch [574/600] Step [0/7] Loss: 4.7647 Bio: 0.8749 GateEnt: nan GateDiv: nan
Epoch [574/600] Total Loss: 32.7364
Epoch [575/600] Step [0/7] Loss: 4.6465 Bio: 0.8885 GateEnt: nan GateDiv: nan
Epoch [575/600] Total Loss: 32.6176
Epoch [576/600] Step [0/7] Loss: 4.6063 Bio: 0.8117 GateEnt: nan GateDiv: nan
Epoch [576/600] Total Loss: 32.4914
Epoch [577/600] Step [0/7] Loss: 4.6577 Bio: 1.1036 GateEnt: nan GateDiv: nan
Epoch [577/600] Total Loss: 32.3806
Epoch [578/600] Step [0/7] Loss: 4.7690 Bio: 0.9118 GateEnt: nan GateDiv: nan
Epoch [578/600] Total Loss: 32.7424
Epoch [579/600] Step [0/7] Loss: 4.7296 Bio: 0.7862 GateEnt: nan GateDiv: nan
Epoch [579/600] Total Loss: 32.7699
Epoch [580/600] Step [0/7] Loss: 4.6580 Bio: 0.9169 GateEnt: nan GateDiv: nan
Epoch [580/600] Total Loss: 31.7455
Epoch [581/600] Step [0/7] Loss: 4.6849 Bio: 0.9353 GateEnt: nan GateDiv: nan
Epoch [581/600] Total Loss: 32.2834
Epoch [582/600] Step [0/7] Loss: 4.8385 Bio: 0.8735 GateEnt: nan GateDiv: nan
Epoch [582/600] Total Loss: 32.3570
Epoch [583/600] Step [0/7] Loss: 4.9142 Bio: 0.8007 GateEnt: nan GateDiv: nan
Epoch [583/600] Total Loss: 32.2018
Epoch [584/600] Step [0/7] Loss: 4.9089 Bio: 0.8612 GateEnt: nan GateDiv: nan
Epoch [584/600] Total Loss: 32.1574
Epoch [585/600] Step [0/7] Loss: 4.7049 Bio: 0.9448 GateEnt: nan GateDiv: nan
Epoch [585/600] Total Loss: 32.0664
Epoch [586/600] Step [0/7] Loss: 4.9078 Bio: 0.9581 GateEnt: nan GateDiv: nan
Epoch [586/600] Total Loss: 32.4185
Epoch [587/600] Step [0/7] Loss: 4.7582 Bio: 0.7426 GateEnt: nan GateDiv: nan
Epoch [587/600] Total Loss: 32.3291
Epoch [588/600] Step [0/7] Loss: 4.8604 Bio: 1.0352 GateEnt: nan GateDiv: nan
Epoch [588/600] Total Loss: 32.0634
Epoch [589/600] Step [0/7] Loss: 4.8573 Bio: 0.9713 GateEnt: nan GateDiv: nan
Epoch [589/600] Total Loss: 32.2655
Epoch [590/600] Step [0/7] Loss: 4.8086 Bio: 0.9639 GateEnt: nan GateDiv: nan
Epoch [590/600] Total Loss: 32.2570
Epoch [591/600] Step [0/7] Loss: 4.7256 Bio: 0.9977 GateEnt: nan GateDiv: nan
Epoch [591/600] Total Loss: 32.3966
Epoch [592/600] Step [0/7] Loss: 4.5749 Bio: 0.8761 GateEnt: nan GateDiv: nan
Epoch [592/600] Total Loss: 31.7529
Epoch [593/600] Step [0/7] Loss: 4.7014 Bio: 0.8940 GateEnt: nan GateDiv: nan
Epoch [593/600] Total Loss: 32.4462
Epoch [594/600] Step [0/7] Loss: 4.8518 Bio: 0.8891 GateEnt: nan GateDiv: nan
Epoch [594/600] Total Loss: 32.3688
Epoch [595/600] Step [0/7] Loss: 4.6642 Bio: 0.9108 GateEnt: nan GateDiv: nan
Epoch [595/600] Total Loss: 31.9212
Epoch [596/600] Step [0/7] Loss: 4.7189 Bio: 0.9497 GateEnt: nan GateDiv: nan
Epoch [596/600] Total Loss: 32.4069
Epoch [597/600] Step [0/7] Loss: 4.7170 Bio: 0.9165 GateEnt: nan GateDiv: nan
Epoch [597/600] Total Loss: 32.3017
Epoch [598/600] Step [0/7] Loss: 4.7947 Bio: 0.8742 GateEnt: nan GateDiv: nan
Epoch [598/600] Total Loss: 32.4244
Epoch [599/600] Step [0/7] Loss: 4.6630 Bio: 0.9443 GateEnt: nan GateDiv: nan
Epoch [599/600] Total Loss: 31.9589

=== Loss Summary ===
  Epoch   1: 44.7070
  Epoch 151: 33.8315
  Epoch 301: 33.4931
  Epoch 451: 32.6697
  Epoch 600: 31.9589
  Delta (last 25% = 150 ep): -0.7108
  If delta > -1.0, model has converged
linear training complete.
=== extract clusters: Mon Sep 28 02:56:21 EDT 2026 ===
[dataloader] Loaded bio-anchors from /gpfs/research/fangroup/ug25b/BIOS/BIOS_v2/STAD/anchors/bio_anchors_STAD_gsva_H40.csv: torch.Size([407, 40])
saved /gpfs/research/fangroup/ug25b/BIOS/BIOS_v2/STAD/results/subtyping_results/BIOS/v2_biodim0_seed42_600ep_2026-09-28/clusters.csv  (407 patients, 3 clusters, sizes {0: 149, 1: 144, 2: 114})
=== DONE Mon Sep 28 02:56:26 EDT 2026 ===
